[0.074s] DEBUG:colcon:Command line arguments: ['/usr/bin/colcon', 'build']
[0.074s] DEBUG:colcon:Parsed command line arguments: Namespace(log_base=None, log_level=None, verb_name='build', build_base='build', install_base='install', merge_install=False, symlink_install=False, test_result_base=None, continue_on_error=False, executor='parallel', parallel_workers=32, event_handlers=None, ignore_user_meta=False, metas=['./colcon.meta'], base_paths=['.'], packages_ignore=None, packages_ignore_regex=None, paths=None, packages_up_to=None, packages_up_to_regex=None, packages_above=None, packages_above_and_dependencies=None, packages_above_depth=None, packages_select_by_dep=None, packages_skip_by_dep=None, packages_skip_up_to=None, packages_select_build_failed=False, packages_skip_build_finished=False, packages_select_test_failures=False, packages_skip_test_passed=False, packages_select=None, packages_skip=None, packages_select_regex=None, packages_skip_regex=None, packages_start=None, packages_end=None, allow_overriding=[], cmake_args=None, cmake_target=None, cmake_target_skip_unavailable=False, cmake_clean_cache=False, cmake_clean_first=False, cmake_force_configure=False, ament_cmake_args=None, catkin_cmake_args=None, catkin_skip_building_tests=False, mixin_files=None, mixin=None, verb_parser=<colcon_mixin.mixin.mixin_argument.MixinArgumentDecorator object at 0x7bccd6998fa0>, verb_extension=<colcon_core.verb.build.BuildVerb object at 0x7bccd6998a30>, main=<bound method BuildVerb.main of <colcon_core.verb.build.BuildVerb object at 0x7bccd6998a30>>, mixin_verb=('build',))
[0.167s] Level 1:colcon.colcon_core.package_discovery:discover_packages(colcon_meta) check parameters
[0.167s] Level 1:colcon.colcon_core.package_discovery:discover_packages(recursive) check parameters
[0.167s] Level 1:colcon.colcon_core.package_discovery:discover_packages(ignore) check parameters
[0.167s] Level 1:colcon.colcon_core.package_discovery:discover_packages(path) check parameters
[0.167s] Level 1:colcon.colcon_core.package_discovery:discover_packages(colcon_meta) discover
[0.167s] Level 1:colcon.colcon_core.package_discovery:discover_packages(recursive) discover
[0.167s] INFO:colcon.colcon_core.package_discovery:Crawling recursively for packages in '/home/dronelab/vikram/slam-project'
[0.167s] Level 1:colcon.colcon_core.package_identification:_identify(.) by extensions ['ignore', 'ignore_ament_install']
[0.167s] Level 1:colcon.colcon_core.package_identification:_identify(.) by extension 'ignore'
[0.167s] Level 1:colcon.colcon_core.package_identification:_identify(.) by extension 'ignore_ament_install'
[0.167s] Level 1:colcon.colcon_core.package_identification:_identify(.) by extensions ['colcon_pkg']
[0.167s] Level 1:colcon.colcon_core.package_identification:_identify(.) by extension 'colcon_pkg'
[0.167s] Level 1:colcon.colcon_core.package_identification:_identify(.) by extensions ['colcon_meta']
[0.167s] Level 1:colcon.colcon_core.package_identification:_identify(.) by extension 'colcon_meta'
[0.167s] Level 1:colcon.colcon_core.package_identification:_identify(.) by extensions ['ros']
[0.167s] Level 1:colcon.colcon_core.package_identification:_identify(.) by extension 'ros'
[0.179s] Level 1:colcon.colcon_core.package_identification:_identify(.) by extensions ['cmake', 'python']
[0.179s] Level 1:colcon.colcon_core.package_identification:_identify(.) by extension 'cmake'
[0.179s] Level 1:colcon.colcon_core.package_identification:_identify(.) by extension 'python'
[0.179s] Level 1:colcon.colcon_core.package_identification:_identify(.) by extensions ['python_setup_py']
[0.179s] Level 1:colcon.colcon_core.package_identification:_identify(.) by extension 'python_setup_py'
[0.179s] Level 1:colcon.colcon_core.package_identification:_identify(build) by extensions ['ignore', 'ignore_ament_install']
[0.179s] Level 1:colcon.colcon_core.package_identification:_identify(build) by extension 'ignore'
[0.179s] Level 1:colcon.colcon_core.package_identification:_identify(build) ignored
[0.179s] Level 1:colcon.colcon_core.package_identification:_identify(depthai-ros) by extensions ['ignore', 'ignore_ament_install']
[0.179s] Level 1:colcon.colcon_core.package_identification:_identify(depthai-ros) by extension 'ignore'
[0.179s] Level 1:colcon.colcon_core.package_identification:_identify(depthai-ros) by extension 'ignore_ament_install'
[0.179s] Level 1:colcon.colcon_core.package_identification:_identify(depthai-ros) by extensions ['colcon_pkg']
[0.179s] Level 1:colcon.colcon_core.package_identification:_identify(depthai-ros) by extension 'colcon_pkg'
[0.179s] Level 1:colcon.colcon_core.package_identification:_identify(depthai-ros) by extensions ['colcon_meta']
[0.179s] Level 1:colcon.colcon_core.package_identification:_identify(depthai-ros) by extension 'colcon_meta'
[0.179s] Level 1:colcon.colcon_core.package_identification:_identify(depthai-ros) by extensions ['ros']
[0.179s] Level 1:colcon.colcon_core.package_identification:_identify(depthai-ros) by extension 'ros'
[0.179s] Level 1:colcon.colcon_core.package_identification:_identify(depthai-ros) by extensions ['cmake', 'python']
[0.179s] Level 1:colcon.colcon_core.package_identification:_identify(depthai-ros) by extension 'cmake'
[0.179s] Level 1:colcon.colcon_core.package_identification:_identify(depthai-ros) by extension 'python'
[0.179s] Level 1:colcon.colcon_core.package_identification:_identify(depthai-ros) by extensions ['python_setup_py']
[0.179s] Level 1:colcon.colcon_core.package_identification:_identify(depthai-ros) by extension 'python_setup_py'
[0.179s] Level 1:colcon.colcon_core.package_identification:_identify(install) by extensions ['ignore', 'ignore_ament_install']
[0.179s] Level 1:colcon.colcon_core.package_identification:_identify(install) by extension 'ignore'
[0.179s] Level 1:colcon.colcon_core.package_identification:_identify(install) ignored
[0.179s] Level 1:colcon.colcon_core.package_identification:_identify(log) by extensions ['ignore', 'ignore_ament_install']
[0.179s] Level 1:colcon.colcon_core.package_identification:_identify(log) by extension 'ignore'
[0.179s] Level 1:colcon.colcon_core.package_identification:_identify(log) ignored
[0.180s] Level 1:colcon.colcon_core.package_identification:_identify(src) by extensions ['ignore', 'ignore_ament_install']
[0.180s] Level 1:colcon.colcon_core.package_identification:_identify(src) by extension 'ignore'
[0.180s] Level 1:colcon.colcon_core.package_identification:_identify(src) by extension 'ignore_ament_install'
[0.180s] Level 1:colcon.colcon_core.package_identification:_identify(src) by extensions ['colcon_pkg']
[0.180s] Level 1:colcon.colcon_core.package_identification:_identify(src) by extension 'colcon_pkg'
[0.180s] Level 1:colcon.colcon_core.package_identification:_identify(src) by extensions ['colcon_meta']
[0.180s] Level 1:colcon.colcon_core.package_identification:_identify(src) by extension 'colcon_meta'
[0.180s] Level 1:colcon.colcon_core.package_identification:_identify(src) by extensions ['ros']
[0.180s] Level 1:colcon.colcon_core.package_identification:_identify(src) by extension 'ros'
[0.180s] Level 1:colcon.colcon_core.package_identification:_identify(src) by extensions ['cmake', 'python']
[0.180s] Level 1:colcon.colcon_core.package_identification:_identify(src) by extension 'cmake'
[0.180s] Level 1:colcon.colcon_core.package_identification:_identify(src) by extension 'python'
[0.180s] Level 1:colcon.colcon_core.package_identification:_identify(src) by extensions ['python_setup_py']
[0.180s] Level 1:colcon.colcon_core.package_identification:_identify(src) by extension 'python_setup_py'
[0.180s] Level 1:colcon.colcon_core.package_identification:_identify(src/build) by extensions ['ignore', 'ignore_ament_install']
[0.180s] Level 1:colcon.colcon_core.package_identification:_identify(src/build) by extension 'ignore'
[0.180s] Level 1:colcon.colcon_core.package_identification:_identify(src/build) ignored
[0.180s] Level 1:colcon.colcon_core.package_identification:_identify(src/depthai-ros) by extensions ['ignore', 'ignore_ament_install']
[0.180s] Level 1:colcon.colcon_core.package_identification:_identify(src/depthai-ros) by extension 'ignore'
[0.180s] Level 1:colcon.colcon_core.package_identification:_identify(src/depthai-ros) by extension 'ignore_ament_install'
[0.180s] Level 1:colcon.colcon_core.package_identification:_identify(src/depthai-ros) by extensions ['colcon_pkg']
[0.180s] Level 1:colcon.colcon_core.package_identification:_identify(src/depthai-ros) by extension 'colcon_pkg'
[0.180s] Level 1:colcon.colcon_core.package_identification:_identify(src/depthai-ros) by extensions ['colcon_meta']
[0.180s] Level 1:colcon.colcon_core.package_identification:_identify(src/depthai-ros) by extension 'colcon_meta'
[0.180s] Level 1:colcon.colcon_core.package_identification:_identify(src/depthai-ros) by extensions ['ros']
[0.180s] Level 1:colcon.colcon_core.package_identification:_identify(src/depthai-ros) by extension 'ros'
[0.182s] DEBUG:colcon.colcon_core.package_identification:Package 'src/depthai-ros' with type 'ros.ament_cmake' and name 'depthai-ros'
[0.182s] Level 1:colcon.colcon_core.package_identification:_identify(src/depthai_bridge) by extensions ['ignore', 'ignore_ament_install']
[0.182s] Level 1:colcon.colcon_core.package_identification:_identify(src/depthai_bridge) by extension 'ignore'
[0.182s] Level 1:colcon.colcon_core.package_identification:_identify(src/depthai_bridge) by extension 'ignore_ament_install'
[0.182s] Level 1:colcon.colcon_core.package_identification:_identify(src/depthai_bridge) by extensions ['colcon_pkg']
[0.182s] Level 1:colcon.colcon_core.package_identification:_identify(src/depthai_bridge) by extension 'colcon_pkg'
[0.182s] Level 1:colcon.colcon_core.package_identification:_identify(src/depthai_bridge) by extensions ['colcon_meta']
[0.182s] Level 1:colcon.colcon_core.package_identification:_identify(src/depthai_bridge) by extension 'colcon_meta'
[0.182s] Level 1:colcon.colcon_core.package_identification:_identify(src/depthai_bridge) by extensions ['ros']
[0.182s] Level 1:colcon.colcon_core.package_identification:_identify(src/depthai_bridge) by extension 'ros'
[0.183s] DEBUG:colcon.colcon_core.package_identification:Package 'src/depthai_bridge' with type 'ros.ament_cmake' and name 'depthai_bridge'
[0.183s] Level 1:colcon.colcon_core.package_identification:_identify(src/depthai_descriptions) by extensions ['ignore', 'ignore_ament_install']
[0.183s] Level 1:colcon.colcon_core.package_identification:_identify(src/depthai_descriptions) by extension 'ignore'
[0.183s] Level 1:colcon.colcon_core.package_identification:_identify(src/depthai_descriptions) by extension 'ignore_ament_install'
[0.183s] Level 1:colcon.colcon_core.package_identification:_identify(src/depthai_descriptions) by extensions ['colcon_pkg']
[0.183s] Level 1:colcon.colcon_core.package_identification:_identify(src/depthai_descriptions) by extension 'colcon_pkg'
[0.183s] Level 1:colcon.colcon_core.package_identification:_identify(src/depthai_descriptions) by extensions ['colcon_meta']
[0.183s] Level 1:colcon.colcon_core.package_identification:_identify(src/depthai_descriptions) by extension 'colcon_meta'
[0.183s] Level 1:colcon.colcon_core.package_identification:_identify(src/depthai_descriptions) by extensions ['ros']
[0.184s] Level 1:colcon.colcon_core.package_identification:_identify(src/depthai_descriptions) by extension 'ros'
[0.184s] DEBUG:colcon.colcon_core.package_identification:Package 'src/depthai_descriptions' with type 'ros.ament_cmake' and name 'depthai_descriptions'
[0.184s] Level 1:colcon.colcon_core.package_identification:_identify(src/depthai_examples) by extensions ['ignore', 'ignore_ament_install']
[0.184s] Level 1:colcon.colcon_core.package_identification:_identify(src/depthai_examples) by extension 'ignore'
[0.184s] Level 1:colcon.colcon_core.package_identification:_identify(src/depthai_examples) by extension 'ignore_ament_install'
[0.184s] Level 1:colcon.colcon_core.package_identification:_identify(src/depthai_examples) by extensions ['colcon_pkg']
[0.184s] Level 1:colcon.colcon_core.package_identification:_identify(src/depthai_examples) by extension 'colcon_pkg'
[0.184s] Level 1:colcon.colcon_core.package_identification:_identify(src/depthai_examples) by extensions ['colcon_meta']
[0.184s] Level 1:colcon.colcon_core.package_identification:_identify(src/depthai_examples) by extension 'colcon_meta'
[0.184s] Level 1:colcon.colcon_core.package_identification:_identify(src/depthai_examples) by extensions ['ros']
[0.184s] Level 1:colcon.colcon_core.package_identification:_identify(src/depthai_examples) by extension 'ros'
[0.185s] DEBUG:colcon.colcon_core.package_identification:Package 'src/depthai_examples' with type 'ros.ament_cmake' and name 'depthai_examples'
[0.185s] Level 1:colcon.colcon_core.package_identification:_identify(src/depthai_filters) by extensions ['ignore', 'ignore_ament_install']
[0.185s] Level 1:colcon.colcon_core.package_identification:_identify(src/depthai_filters) by extension 'ignore'
[0.185s] Level 1:colcon.colcon_core.package_identification:_identify(src/depthai_filters) by extension 'ignore_ament_install'
[0.185s] Level 1:colcon.colcon_core.package_identification:_identify(src/depthai_filters) by extensions ['colcon_pkg']
[0.185s] Level 1:colcon.colcon_core.package_identification:_identify(src/depthai_filters) by extension 'colcon_pkg'
[0.185s] Level 1:colcon.colcon_core.package_identification:_identify(src/depthai_filters) by extensions ['colcon_meta']
[0.185s] Level 1:colcon.colcon_core.package_identification:_identify(src/depthai_filters) by extension 'colcon_meta'
[0.185s] Level 1:colcon.colcon_core.package_identification:_identify(src/depthai_filters) by extensions ['ros']
[0.185s] Level 1:colcon.colcon_core.package_identification:_identify(src/depthai_filters) by extension 'ros'
[0.186s] DEBUG:colcon.colcon_core.package_identification:Package 'src/depthai_filters' with type 'ros.ament_cmake' and name 'depthai_filters'
[0.186s] Level 1:colcon.colcon_core.package_identification:_identify(src/depthai_ros_driver) by extensions ['ignore', 'ignore_ament_install']
[0.186s] Level 1:colcon.colcon_core.package_identification:_identify(src/depthai_ros_driver) by extension 'ignore'
[0.186s] Level 1:colcon.colcon_core.package_identification:_identify(src/depthai_ros_driver) by extension 'ignore_ament_install'
[0.186s] Level 1:colcon.colcon_core.package_identification:_identify(src/depthai_ros_driver) by extensions ['colcon_pkg']
[0.186s] Level 1:colcon.colcon_core.package_identification:_identify(src/depthai_ros_driver) by extension 'colcon_pkg'
[0.186s] Level 1:colcon.colcon_core.package_identification:_identify(src/depthai_ros_driver) by extensions ['colcon_meta']
[0.186s] Level 1:colcon.colcon_core.package_identification:_identify(src/depthai_ros_driver) by extension 'colcon_meta'
[0.186s] Level 1:colcon.colcon_core.package_identification:_identify(src/depthai_ros_driver) by extensions ['ros']
[0.186s] Level 1:colcon.colcon_core.package_identification:_identify(src/depthai_ros_driver) by extension 'ros'
[0.188s] DEBUG:colcon.colcon_core.package_identification:Package 'src/depthai_ros_driver' with type 'ros.ament_cmake' and name 'depthai_ros_driver'
[0.188s] Level 1:colcon.colcon_core.package_identification:_identify(src/depthai_ros_msgs) by extensions ['ignore', 'ignore_ament_install']
[0.188s] Level 1:colcon.colcon_core.package_identification:_identify(src/depthai_ros_msgs) by extension 'ignore'
[0.188s] Level 1:colcon.colcon_core.package_identification:_identify(src/depthai_ros_msgs) by extension 'ignore_ament_install'
[0.188s] Level 1:colcon.colcon_core.package_identification:_identify(src/depthai_ros_msgs) by extensions ['colcon_pkg']
[0.188s] Level 1:colcon.colcon_core.package_identification:_identify(src/depthai_ros_msgs) by extension 'colcon_pkg'
[0.188s] Level 1:colcon.colcon_core.package_identification:_identify(src/depthai_ros_msgs) by extensions ['colcon_meta']
[0.188s] Level 1:colcon.colcon_core.package_identification:_identify(src/depthai_ros_msgs) by extension 'colcon_meta'
[0.188s] Level 1:colcon.colcon_core.package_identification:_identify(src/depthai_ros_msgs) by extensions ['ros']
[0.188s] Level 1:colcon.colcon_core.package_identification:_identify(src/depthai_ros_msgs) by extension 'ros'
[0.188s] DEBUG:colcon.colcon_core.package_identification:Package 'src/depthai_ros_msgs' with type 'ros.ament_cmake' and name 'depthai_ros_msgs'
[0.188s] Level 1:colcon.colcon_core.package_identification:_identify(src/ffmpeg_image_transport_msgs) by extensions ['ignore', 'ignore_ament_install']
[0.188s] Level 1:colcon.colcon_core.package_identification:_identify(src/ffmpeg_image_transport_msgs) by extension 'ignore'
[0.189s] Level 1:colcon.colcon_core.package_identification:_identify(src/ffmpeg_image_transport_msgs) by extension 'ignore_ament_install'
[0.189s] Level 1:colcon.colcon_core.package_identification:_identify(src/ffmpeg_image_transport_msgs) by extensions ['colcon_pkg']
[0.189s] Level 1:colcon.colcon_core.package_identification:_identify(src/ffmpeg_image_transport_msgs) by extension 'colcon_pkg'
[0.189s] Level 1:colcon.colcon_core.package_identification:_identify(src/ffmpeg_image_transport_msgs) by extensions ['colcon_meta']
[0.189s] Level 1:colcon.colcon_core.package_identification:_identify(src/ffmpeg_image_transport_msgs) by extension 'colcon_meta'
[0.189s] Level 1:colcon.colcon_core.package_identification:_identify(src/ffmpeg_image_transport_msgs) by extensions ['ros']
[0.189s] Level 1:colcon.colcon_core.package_identification:_identify(src/ffmpeg_image_transport_msgs) by extension 'ros'
[0.189s] DEBUG:colcon.colcon_core.package_identification:Package 'src/ffmpeg_image_transport_msgs' with type 'ros.ament_cmake' and name 'ffmpeg_image_transport_msgs'
[0.189s] Level 1:colcon.colcon_core.package_identification:_identify(src/install) by extensions ['ignore', 'ignore_ament_install']
[0.189s] Level 1:colcon.colcon_core.package_identification:_identify(src/install) by extension 'ignore'
[0.189s] Level 1:colcon.colcon_core.package_identification:_identify(src/install) ignored
[0.189s] Level 1:colcon.colcon_core.package_identification:_identify(src/log) by extensions ['ignore', 'ignore_ament_install']
[0.189s] Level 1:colcon.colcon_core.package_identification:_identify(src/log) by extension 'ignore'
[0.189s] Level 1:colcon.colcon_core.package_identification:_identify(src/log) ignored
[0.189s] Level 1:colcon.colcon_core.package_identification:_identify(src/ros2-humble-backward-ros) by extensions ['ignore', 'ignore_ament_install']
[0.189s] Level 1:colcon.colcon_core.package_identification:_identify(src/ros2-humble-backward-ros) by extension 'ignore'
[0.189s] Level 1:colcon.colcon_core.package_identification:_identify(src/ros2-humble-backward-ros) by extension 'ignore_ament_install'
[0.189s] Level 1:colcon.colcon_core.package_identification:_identify(src/ros2-humble-backward-ros) by extensions ['colcon_pkg']
[0.189s] Level 1:colcon.colcon_core.package_identification:_identify(src/ros2-humble-backward-ros) by extension 'colcon_pkg'
[0.189s] Level 1:colcon.colcon_core.package_identification:_identify(src/ros2-humble-backward-ros) by extensions ['colcon_meta']
[0.189s] Level 1:colcon.colcon_core.package_identification:_identify(src/ros2-humble-backward-ros) by extension 'colcon_meta'
[0.189s] Level 1:colcon.colcon_core.package_identification:_identify(src/ros2-humble-backward-ros) by extensions ['ros']
[0.189s] Level 1:colcon.colcon_core.package_identification:_identify(src/ros2-humble-backward-ros) by extension 'ros'
[0.189s] Level 1:colcon.colcon_core.package_identification:_identify(src/ros2-humble-backward-ros) by extensions ['cmake', 'python']
[0.189s] Level 1:colcon.colcon_core.package_identification:_identify(src/ros2-humble-backward-ros) by extension 'cmake'
[0.189s] Level 1:colcon.colcon_core.package_identification:_identify(src/ros2-humble-backward-ros) by extension 'python'
[0.190s] Level 1:colcon.colcon_core.package_identification:_identify(src/ros2-humble-backward-ros) by extensions ['python_setup_py']
[0.190s] Level 1:colcon.colcon_core.package_identification:_identify(src/ros2-humble-backward-ros) by extension 'python_setup_py'
[0.190s] Level 1:colcon.colcon_core.package_discovery:discover_packages(recursive) using defaults
[0.190s] Level 1:colcon.colcon_core.package_discovery:discover_packages(ignore) discover
[0.190s] Level 1:colcon.colcon_core.package_discovery:discover_packages(ignore) using defaults
[0.190s] Level 1:colcon.colcon_core.package_discovery:discover_packages(path) discover
[0.190s] Level 1:colcon.colcon_core.package_discovery:discover_packages(path) using defaults
[0.203s] Level 1:colcon.colcon_core.package_discovery:discover_packages(prefix_path) check parameters
[0.203s] Level 1:colcon.colcon_core.package_discovery:discover_packages(prefix_path) discover
[0.204s] DEBUG:colcon.colcon_installed_package_information.package_discovery:Found 364 installed packages in /opt/ros/humble
[0.205s] Level 1:colcon.colcon_core.package_discovery:discover_packages(prefix_path) using defaults
[0.229s] Level 5:colcon.colcon_core.verb:set package 'depthai_descriptions' build argument 'cmake_args' from command line to 'None'
[0.229s] Level 5:colcon.colcon_core.verb:set package 'depthai_descriptions' build argument 'cmake_target' from command line to 'None'
[0.229s] Level 5:colcon.colcon_core.verb:set package 'depthai_descriptions' build argument 'cmake_target_skip_unavailable' from command line to 'False'
[0.229s] Level 5:colcon.colcon_core.verb:set package 'depthai_descriptions' build argument 'cmake_clean_cache' from command line to 'False'
[0.229s] Level 5:colcon.colcon_core.verb:set package 'depthai_descriptions' build argument 'cmake_clean_first' from command line to 'False'
[0.229s] Level 5:colcon.colcon_core.verb:set package 'depthai_descriptions' build argument 'cmake_force_configure' from command line to 'False'
[0.229s] Level 5:colcon.colcon_core.verb:set package 'depthai_descriptions' build argument 'ament_cmake_args' from command line to 'None'
[0.229s] Level 5:colcon.colcon_core.verb:set package 'depthai_descriptions' build argument 'catkin_cmake_args' from command line to 'None'
[0.229s] Level 5:colcon.colcon_core.verb:set package 'depthai_descriptions' build argument 'catkin_skip_building_tests' from command line to 'False'
[0.229s] DEBUG:colcon.colcon_core.verb:Building package 'depthai_descriptions' with the following arguments: {'ament_cmake_args': None, 'build_base': '/home/dronelab/vikram/slam-project/build/depthai_descriptions', 'catkin_cmake_args': None, 'catkin_skip_building_tests': False, 'cmake_args': None, 'cmake_clean_cache': False, 'cmake_clean_first': False, 'cmake_force_configure': False, 'cmake_target': None, 'cmake_target_skip_unavailable': False, 'install_base': '/home/dronelab/vikram/slam-project/install/depthai_descriptions', 'merge_install': False, 'path': '/home/dronelab/vikram/slam-project/src/depthai_descriptions', 'symlink_install': False, 'test_result_base': None}
[0.229s] Level 5:colcon.colcon_core.verb:set package 'depthai_ros_msgs' build argument 'cmake_args' from command line to 'None'
[0.229s] Level 5:colcon.colcon_core.verb:set package 'depthai_ros_msgs' build argument 'cmake_target' from command line to 'None'
[0.229s] Level 5:colcon.colcon_core.verb:set package 'depthai_ros_msgs' build argument 'cmake_target_skip_unavailable' from command line to 'False'
[0.229s] Level 5:colcon.colcon_core.verb:set package 'depthai_ros_msgs' build argument 'cmake_clean_cache' from command line to 'False'
[0.229s] Level 5:colcon.colcon_core.verb:set package 'depthai_ros_msgs' build argument 'cmake_clean_first' from command line to 'False'
[0.229s] Level 5:colcon.colcon_core.verb:set package 'depthai_ros_msgs' build argument 'cmake_force_configure' from command line to 'False'
[0.229s] Level 5:colcon.colcon_core.verb:set package 'depthai_ros_msgs' build argument 'ament_cmake_args' from command line to 'None'
[0.229s] Level 5:colcon.colcon_core.verb:set package 'depthai_ros_msgs' build argument 'catkin_cmake_args' from command line to 'None'
[0.229s] Level 5:colcon.colcon_core.verb:set package 'depthai_ros_msgs' build argument 'catkin_skip_building_tests' from command line to 'False'
[0.229s] DEBUG:colcon.colcon_core.verb:Building package 'depthai_ros_msgs' with the following arguments: {'ament_cmake_args': None, 'build_base': '/home/dronelab/vikram/slam-project/build/depthai_ros_msgs', 'catkin_cmake_args': None, 'catkin_skip_building_tests': False, 'cmake_args': None, 'cmake_clean_cache': False, 'cmake_clean_first': False, 'cmake_force_configure': False, 'cmake_target': None, 'cmake_target_skip_unavailable': False, 'install_base': '/home/dronelab/vikram/slam-project/install/depthai_ros_msgs', 'merge_install': False, 'path': '/home/dronelab/vikram/slam-project/src/depthai_ros_msgs', 'symlink_install': False, 'test_result_base': None}
[0.229s] Level 5:colcon.colcon_core.verb:set package 'ffmpeg_image_transport_msgs' build argument 'cmake_args' from command line to 'None'
[0.230s] Level 5:colcon.colcon_core.verb:set package 'ffmpeg_image_transport_msgs' build argument 'cmake_target' from command line to 'None'
[0.230s] Level 5:colcon.colcon_core.verb:set package 'ffmpeg_image_transport_msgs' build argument 'cmake_target_skip_unavailable' from command line to 'False'
[0.230s] Level 5:colcon.colcon_core.verb:set package 'ffmpeg_image_transport_msgs' build argument 'cmake_clean_cache' from command line to 'False'
[0.230s] Level 5:colcon.colcon_core.verb:set package 'ffmpeg_image_transport_msgs' build argument 'cmake_clean_first' from command line to 'False'
[0.230s] Level 5:colcon.colcon_core.verb:set package 'ffmpeg_image_transport_msgs' build argument 'cmake_force_configure' from command line to 'False'
[0.230s] Level 5:colcon.colcon_core.verb:set package 'ffmpeg_image_transport_msgs' build argument 'ament_cmake_args' from command line to 'None'
[0.230s] Level 5:colcon.colcon_core.verb:set package 'ffmpeg_image_transport_msgs' build argument 'catkin_cmake_args' from command line to 'None'
[0.230s] Level 5:colcon.colcon_core.verb:set package 'ffmpeg_image_transport_msgs' build argument 'catkin_skip_building_tests' from command line to 'False'
[0.230s] DEBUG:colcon.colcon_core.verb:Building package 'ffmpeg_image_transport_msgs' with the following arguments: {'ament_cmake_args': None, 'build_base': '/home/dronelab/vikram/slam-project/build/ffmpeg_image_transport_msgs', 'catkin_cmake_args': None, 'catkin_skip_building_tests': False, 'cmake_args': None, 'cmake_clean_cache': False, 'cmake_clean_first': False, 'cmake_force_configure': False, 'cmake_target': None, 'cmake_target_skip_unavailable': False, 'install_base': '/home/dronelab/vikram/slam-project/install/ffmpeg_image_transport_msgs', 'merge_install': False, 'path': '/home/dronelab/vikram/slam-project/src/ffmpeg_image_transport_msgs', 'symlink_install': False, 'test_result_base': None}
[0.230s] Level 5:colcon.colcon_core.verb:set package 'depthai_bridge' build argument 'cmake_args' from command line to 'None'
[0.230s] Level 5:colcon.colcon_core.verb:set package 'depthai_bridge' build argument 'cmake_target' from command line to 'None'
[0.230s] Level 5:colcon.colcon_core.verb:set package 'depthai_bridge' build argument 'cmake_target_skip_unavailable' from command line to 'False'
[0.230s] Level 5:colcon.colcon_core.verb:set package 'depthai_bridge' build argument 'cmake_clean_cache' from command line to 'False'
[0.230s] Level 5:colcon.colcon_core.verb:set package 'depthai_bridge' build argument 'cmake_clean_first' from command line to 'False'
[0.230s] Level 5:colcon.colcon_core.verb:set package 'depthai_bridge' build argument 'cmake_force_configure' from command line to 'False'
[0.230s] Level 5:colcon.colcon_core.verb:set package 'depthai_bridge' build argument 'ament_cmake_args' from command line to 'None'
[0.230s] Level 5:colcon.colcon_core.verb:set package 'depthai_bridge' build argument 'catkin_cmake_args' from command line to 'None'
[0.230s] Level 5:colcon.colcon_core.verb:set package 'depthai_bridge' build argument 'catkin_skip_building_tests' from command line to 'False'
[0.230s] DEBUG:colcon.colcon_core.verb:Building package 'depthai_bridge' with the following arguments: {'ament_cmake_args': None, 'build_base': '/home/dronelab/vikram/slam-project/build/depthai_bridge', 'catkin_cmake_args': None, 'catkin_skip_building_tests': False, 'cmake_args': None, 'cmake_clean_cache': False, 'cmake_clean_first': False, 'cmake_force_configure': False, 'cmake_target': None, 'cmake_target_skip_unavailable': False, 'install_base': '/home/dronelab/vikram/slam-project/install/depthai_bridge', 'merge_install': False, 'path': '/home/dronelab/vikram/slam-project/src/depthai_bridge', 'symlink_install': False, 'test_result_base': None}
[0.230s] Level 5:colcon.colcon_core.verb:set package 'depthai_filters' build argument 'cmake_args' from command line to 'None'
[0.230s] Level 5:colcon.colcon_core.verb:set package 'depthai_filters' build argument 'cmake_target' from command line to 'None'
[0.230s] Level 5:colcon.colcon_core.verb:set package 'depthai_filters' build argument 'cmake_target_skip_unavailable' from command line to 'False'
[0.230s] Level 5:colcon.colcon_core.verb:set package 'depthai_filters' build argument 'cmake_clean_cache' from command line to 'False'
[0.230s] Level 5:colcon.colcon_core.verb:set package 'depthai_filters' build argument 'cmake_clean_first' from command line to 'False'
[0.230s] Level 5:colcon.colcon_core.verb:set package 'depthai_filters' build argument 'cmake_force_configure' from command line to 'False'
[0.230s] Level 5:colcon.colcon_core.verb:set package 'depthai_filters' build argument 'ament_cmake_args' from command line to 'None'
[0.230s] Level 5:colcon.colcon_core.verb:set package 'depthai_filters' build argument 'catkin_cmake_args' from command line to 'None'
[0.230s] Level 5:colcon.colcon_core.verb:set package 'depthai_filters' build argument 'catkin_skip_building_tests' from command line to 'False'
[0.230s] DEBUG:colcon.colcon_core.verb:Building package 'depthai_filters' with the following arguments: {'ament_cmake_args': None, 'build_base': '/home/dronelab/vikram/slam-project/build/depthai_filters', 'catkin_cmake_args': None, 'catkin_skip_building_tests': False, 'cmake_args': None, 'cmake_clean_cache': False, 'cmake_clean_first': False, 'cmake_force_configure': False, 'cmake_target': None, 'cmake_target_skip_unavailable': False, 'install_base': '/home/dronelab/vikram/slam-project/install/depthai_filters', 'merge_install': False, 'path': '/home/dronelab/vikram/slam-project/src/depthai_filters', 'symlink_install': False, 'test_result_base': None}
[0.230s] Level 5:colcon.colcon_core.verb:set package 'depthai_examples' build argument 'cmake_args' from command line to 'None'
[0.230s] Level 5:colcon.colcon_core.verb:set package 'depthai_examples' build argument 'cmake_target' from command line to 'None'
[0.230s] Level 5:colcon.colcon_core.verb:set package 'depthai_examples' build argument 'cmake_target_skip_unavailable' from command line to 'False'
[0.230s] Level 5:colcon.colcon_core.verb:set package 'depthai_examples' build argument 'cmake_clean_cache' from command line to 'False'
[0.230s] Level 5:colcon.colcon_core.verb:set package 'depthai_examples' build argument 'cmake_clean_first' from command line to 'False'
[0.230s] Level 5:colcon.colcon_core.verb:set package 'depthai_examples' build argument 'cmake_force_configure' from command line to 'False'
[0.230s] Level 5:colcon.colcon_core.verb:set package 'depthai_examples' build argument 'ament_cmake_args' from command line to 'None'
[0.230s] Level 5:colcon.colcon_core.verb:set package 'depthai_examples' build argument 'catkin_cmake_args' from command line to 'None'
[0.230s] Level 5:colcon.colcon_core.verb:set package 'depthai_examples' build argument 'catkin_skip_building_tests' from command line to 'False'
[0.230s] DEBUG:colcon.colcon_core.verb:Building package 'depthai_examples' with the following arguments: {'ament_cmake_args': None, 'build_base': '/home/dronelab/vikram/slam-project/build/depthai_examples', 'catkin_cmake_args': None, 'catkin_skip_building_tests': False, 'cmake_args': None, 'cmake_clean_cache': False, 'cmake_clean_first': False, 'cmake_force_configure': False, 'cmake_target': None, 'cmake_target_skip_unavailable': False, 'install_base': '/home/dronelab/vikram/slam-project/install/depthai_examples', 'merge_install': False, 'path': '/home/dronelab/vikram/slam-project/src/depthai_examples', 'symlink_install': False, 'test_result_base': None}
[0.231s] Level 5:colcon.colcon_core.verb:set package 'depthai_ros_driver' build argument 'cmake_args' from command line to 'None'
[0.231s] Level 5:colcon.colcon_core.verb:set package 'depthai_ros_driver' build argument 'cmake_target' from command line to 'None'
[0.231s] Level 5:colcon.colcon_core.verb:set package 'depthai_ros_driver' build argument 'cmake_target_skip_unavailable' from command line to 'False'
[0.231s] Level 5:colcon.colcon_core.verb:set package 'depthai_ros_driver' build argument 'cmake_clean_cache' from command line to 'False'
[0.231s] Level 5:colcon.colcon_core.verb:set package 'depthai_ros_driver' build argument 'cmake_clean_first' from command line to 'False'
[0.231s] Level 5:colcon.colcon_core.verb:set package 'depthai_ros_driver' build argument 'cmake_force_configure' from command line to 'False'
[0.231s] Level 5:colcon.colcon_core.verb:set package 'depthai_ros_driver' build argument 'ament_cmake_args' from command line to 'None'
[0.231s] Level 5:colcon.colcon_core.verb:set package 'depthai_ros_driver' build argument 'catkin_cmake_args' from command line to 'None'
[0.231s] Level 5:colcon.colcon_core.verb:set package 'depthai_ros_driver' build argument 'catkin_skip_building_tests' from command line to 'False'
[0.231s] DEBUG:colcon.colcon_core.verb:Building package 'depthai_ros_driver' with the following arguments: {'ament_cmake_args': None, 'build_base': '/home/dronelab/vikram/slam-project/build/depthai_ros_driver', 'catkin_cmake_args': None, 'catkin_skip_building_tests': False, 'cmake_args': None, 'cmake_clean_cache': False, 'cmake_clean_first': False, 'cmake_force_configure': False, 'cmake_target': None, 'cmake_target_skip_unavailable': False, 'install_base': '/home/dronelab/vikram/slam-project/install/depthai_ros_driver', 'merge_install': False, 'path': '/home/dronelab/vikram/slam-project/src/depthai_ros_driver', 'symlink_install': False, 'test_result_base': None}
[0.231s] Level 5:colcon.colcon_core.verb:set package 'depthai-ros' build argument 'cmake_args' from command line to 'None'
[0.231s] Level 5:colcon.colcon_core.verb:set package 'depthai-ros' build argument 'cmake_target' from command line to 'None'
[0.231s] Level 5:colcon.colcon_core.verb:set package 'depthai-ros' build argument 'cmake_target_skip_unavailable' from command line to 'False'
[0.231s] Level 5:colcon.colcon_core.verb:set package 'depthai-ros' build argument 'cmake_clean_cache' from command line to 'False'
[0.231s] Level 5:colcon.colcon_core.verb:set package 'depthai-ros' build argument 'cmake_clean_first' from command line to 'False'
[0.231s] Level 5:colcon.colcon_core.verb:set package 'depthai-ros' build argument 'cmake_force_configure' from command line to 'False'
[0.231s] Level 5:colcon.colcon_core.verb:set package 'depthai-ros' build argument 'ament_cmake_args' from command line to 'None'
[0.231s] Level 5:colcon.colcon_core.verb:set package 'depthai-ros' build argument 'catkin_cmake_args' from command line to 'None'
[0.231s] Level 5:colcon.colcon_core.verb:set package 'depthai-ros' build argument 'catkin_skip_building_tests' from command line to 'False'
[0.231s] DEBUG:colcon.colcon_core.verb:Building package 'depthai-ros' with the following arguments: {'ament_cmake_args': None, 'build_base': '/home/dronelab/vikram/slam-project/build/depthai-ros', 'catkin_cmake_args': None, 'catkin_skip_building_tests': False, 'cmake_args': None, 'cmake_clean_cache': False, 'cmake_clean_first': False, 'cmake_force_configure': False, 'cmake_target': None, 'cmake_target_skip_unavailable': False, 'install_base': '/home/dronelab/vikram/slam-project/install/depthai-ros', 'merge_install': False, 'path': '/home/dronelab/vikram/slam-project/src/depthai-ros', 'symlink_install': False, 'test_result_base': None}
[0.231s] INFO:colcon.colcon_core.executor:Executing jobs using 'parallel' executor
[0.232s] DEBUG:colcon.colcon_parallel_executor.executor.parallel:run_until_complete
[0.232s] INFO:colcon.colcon_ros.task.ament_cmake.build:Building ROS package in '/home/dronelab/vikram/slam-project/src/depthai_ros_msgs' with build type 'ament_cmake'
[0.232s] INFO:colcon.colcon_cmake.task.cmake.build:Building CMake package in '/home/dronelab/vikram/slam-project/src/depthai_ros_msgs'
[0.233s] INFO:colcon.colcon_core.plugin_system:Skipping extension 'colcon_core.shell.bat': Not used on non-Windows systems
[0.233s] INFO:colcon.colcon_core.shell:Skip shell extension 'powershell' for command environment: Not usable outside of PowerShell
[0.234s] DEBUG:colcon.colcon_core.shell:Skip shell extension 'dsv' for command environment
[0.235s] INFO:colcon.colcon_ros.task.ament_cmake.build:Building ROS package in '/home/dronelab/vikram/slam-project/src/ffmpeg_image_transport_msgs' with build type 'ament_cmake'
[0.235s] INFO:colcon.colcon_cmake.task.cmake.build:Building CMake package in '/home/dronelab/vikram/slam-project/src/ffmpeg_image_transport_msgs'
[0.236s] INFO:colcon.colcon_core.shell:Skip shell extension 'powershell' for command environment: Not usable outside of PowerShell
[0.236s] DEBUG:colcon.colcon_core.shell:Skip shell extension 'dsv' for command environment
[0.237s] INFO:colcon.colcon_ros.task.ament_cmake.build:Building ROS package in '/home/dronelab/vikram/slam-project/src/depthai_descriptions' with build type 'ament_cmake'
[0.237s] INFO:colcon.colcon_cmake.task.cmake.build:Building CMake package in '/home/dronelab/vikram/slam-project/src/depthai_descriptions'
[0.237s] INFO:colcon.colcon_core.shell:Skip shell extension 'powershell' for command environment: Not usable outside of PowerShell
[0.237s] DEBUG:colcon.colcon_core.shell:Skip shell extension 'dsv' for command environment
[0.241s] DEBUG:colcon.colcon_core.event_handler.log_command:Invoking command in '/home/dronelab/vikram/slam-project/build/depthai_ros_msgs': CMAKE_PREFIX_PATH=/opt/ros/humble /usr/bin/cmake /home/dronelab/vikram/slam-project/src/depthai_ros_msgs -DCMAKE_INSTALL_PREFIX=/home/dronelab/vikram/slam-project/install/depthai_ros_msgs
[0.243s] DEBUG:colcon.colcon_core.event_handler.log_command:Invoking command in '/home/dronelab/vikram/slam-project/build/ffmpeg_image_transport_msgs': CMAKE_PREFIX_PATH=/opt/ros/humble /usr/bin/cmake /home/dronelab/vikram/slam-project/src/ffmpeg_image_transport_msgs -DCMAKE_INSTALL_PREFIX=/home/dronelab/vikram/slam-project/install/ffmpeg_image_transport_msgs
[0.244s] DEBUG:colcon.colcon_core.event_handler.log_command:Invoking command in '/home/dronelab/vikram/slam-project/build/depthai_descriptions': CMAKE_PREFIX_PATH=/opt/ros/humble /usr/bin/cmake /home/dronelab/vikram/slam-project/src/depthai_descriptions -DCMAKE_INSTALL_PREFIX=/home/dronelab/vikram/slam-project/install/depthai_descriptions
[0.685s] DEBUG:colcon.colcon_core.event_handler.log_command:Invoked command in '/home/dronelab/vikram/slam-project/build/depthai_descriptions' returned '0': CMAKE_PREFIX_PATH=/opt/ros/humble /usr/bin/cmake /home/dronelab/vikram/slam-project/src/depthai_descriptions -DCMAKE_INSTALL_PREFIX=/home/dronelab/vikram/slam-project/install/depthai_descriptions
[0.685s] DEBUG:colcon.colcon_core.event_handler.log_command:Invoking command in '/home/dronelab/vikram/slam-project/build/depthai_descriptions': CMAKE_PREFIX_PATH=/opt/ros/humble /usr/bin/cmake --build /home/dronelab/vikram/slam-project/build/depthai_descriptions -- -j32 -l32
[0.711s] DEBUG:colcon.colcon_core.event_handler.log_command:Invoked command in '/home/dronelab/vikram/slam-project/build/depthai_descriptions' returned '0': CMAKE_PREFIX_PATH=/opt/ros/humble /usr/bin/cmake --build /home/dronelab/vikram/slam-project/build/depthai_descriptions -- -j32 -l32
[0.730s] DEBUG:colcon.colcon_core.event_handler.log_command:Invoking command in '/home/dronelab/vikram/slam-project/build/depthai_descriptions': CMAKE_PREFIX_PATH=/opt/ros/humble /usr/bin/cmake --install /home/dronelab/vikram/slam-project/build/depthai_descriptions
[0.810s] Level 1:colcon.colcon_core.environment:create_environment_scripts_only(depthai_descriptions)
[0.810s] DEBUG:colcon.colcon_core.event_handler.log_command:Invoked command in '/home/dronelab/vikram/slam-project/build/depthai_descriptions' returned '0': CMAKE_PREFIX_PATH=/opt/ros/humble /usr/bin/cmake --install /home/dronelab/vikram/slam-project/build/depthai_descriptions
[0.812s] Level 1:colcon.colcon_core.environment:checking '/home/dronelab/vikram/slam-project/install/depthai_descriptions' for CMake module files
[0.812s] Level 1:colcon.colcon_core.environment:checking '/home/dronelab/vikram/slam-project/install/depthai_descriptions' for CMake config files
[0.812s] Level 1:colcon.colcon_core.shell:create_environment_hook('depthai_descriptions', 'cmake_prefix_path')
[0.812s] INFO:colcon.colcon_core.shell:Creating environment hook '/home/dronelab/vikram/slam-project/install/depthai_descriptions/share/depthai_descriptions/hook/cmake_prefix_path.ps1'
[0.812s] INFO:colcon.colcon_core.shell:Creating environment descriptor '/home/dronelab/vikram/slam-project/install/depthai_descriptions/share/depthai_descriptions/hook/cmake_prefix_path.dsv'
[0.813s] INFO:colcon.colcon_core.shell:Creating environment hook '/home/dronelab/vikram/slam-project/install/depthai_descriptions/share/depthai_descriptions/hook/cmake_prefix_path.sh'
[0.813s] Level 1:colcon.colcon_core.environment:checking '/home/dronelab/vikram/slam-project/install/depthai_descriptions/bin'
[0.813s] Level 1:colcon.colcon_core.environment:checking '/home/dronelab/vikram/slam-project/install/depthai_descriptions/lib/pkgconfig/depthai_descriptions.pc'
[0.813s] Level 1:colcon.colcon_core.environment:checking '/home/dronelab/vikram/slam-project/install/depthai_descriptions/lib/python3.10/site-packages'
[0.813s] Level 1:colcon.colcon_core.environment:checking '/home/dronelab/vikram/slam-project/install/depthai_descriptions/bin'
[0.814s] INFO:colcon.colcon_core.shell:Creating package script '/home/dronelab/vikram/slam-project/install/depthai_descriptions/share/depthai_descriptions/package.ps1'
[0.814s] INFO:colcon.colcon_core.shell:Creating package descriptor '/home/dronelab/vikram/slam-project/install/depthai_descriptions/share/depthai_descriptions/package.dsv'
[0.814s] INFO:colcon.colcon_core.shell:Creating package script '/home/dronelab/vikram/slam-project/install/depthai_descriptions/share/depthai_descriptions/package.sh'
[0.815s] INFO:colcon.colcon_core.shell:Creating package script '/home/dronelab/vikram/slam-project/install/depthai_descriptions/share/depthai_descriptions/package.bash'
[0.815s] INFO:colcon.colcon_core.shell:Creating package script '/home/dronelab/vikram/slam-project/install/depthai_descriptions/share/depthai_descriptions/package.zsh'
[0.815s] Level 1:colcon.colcon_core.environment:create_file_with_runtime_dependencies(/home/dronelab/vikram/slam-project/install/depthai_descriptions/share/colcon-core/packages/depthai_descriptions)
[0.832s] Level 1:colcon.colcon_core.environment:create_environment_scripts_only(depthai_descriptions)
[0.832s] Level 1:colcon.colcon_core.environment:checking '/home/dronelab/vikram/slam-project/install/depthai_descriptions' for CMake module files
[0.833s] Level 1:colcon.colcon_core.environment:checking '/home/dronelab/vikram/slam-project/install/depthai_descriptions' for CMake config files
[0.833s] Level 1:colcon.colcon_core.shell:create_environment_hook('depthai_descriptions', 'cmake_prefix_path')
[0.833s] INFO:colcon.colcon_core.shell:Creating environment hook '/home/dronelab/vikram/slam-project/install/depthai_descriptions/share/depthai_descriptions/hook/cmake_prefix_path.ps1'
[0.833s] INFO:colcon.colcon_core.shell:Creating environment descriptor '/home/dronelab/vikram/slam-project/install/depthai_descriptions/share/depthai_descriptions/hook/cmake_prefix_path.dsv'
[0.833s] INFO:colcon.colcon_core.shell:Creating environment hook '/home/dronelab/vikram/slam-project/install/depthai_descriptions/share/depthai_descriptions/hook/cmake_prefix_path.sh'
[0.834s] Level 1:colcon.colcon_core.environment:checking '/home/dronelab/vikram/slam-project/install/depthai_descriptions/bin'
[0.834s] Level 1:colcon.colcon_core.environment:checking '/home/dronelab/vikram/slam-project/install/depthai_descriptions/lib/pkgconfig/depthai_descriptions.pc'
[0.834s] Level 1:colcon.colcon_core.environment:checking '/home/dronelab/vikram/slam-project/install/depthai_descriptions/lib/python3.10/site-packages'
[0.834s] Level 1:colcon.colcon_core.environment:checking '/home/dronelab/vikram/slam-project/install/depthai_descriptions/bin'
[0.834s] INFO:colcon.colcon_core.shell:Creating package script '/home/dronelab/vikram/slam-project/install/depthai_descriptions/share/depthai_descriptions/package.ps1'
[0.834s] INFO:colcon.colcon_core.shell:Creating package descriptor '/home/dronelab/vikram/slam-project/install/depthai_descriptions/share/depthai_descriptions/package.dsv'
[0.835s] INFO:colcon.colcon_core.shell:Creating package script '/home/dronelab/vikram/slam-project/install/depthai_descriptions/share/depthai_descriptions/package.sh'
[0.835s] INFO:colcon.colcon_core.shell:Creating package script '/home/dronelab/vikram/slam-project/install/depthai_descriptions/share/depthai_descriptions/package.bash'
[0.835s] INFO:colcon.colcon_core.shell:Creating package script '/home/dronelab/vikram/slam-project/install/depthai_descriptions/share/depthai_descriptions/package.zsh'
[0.835s] Level 1:colcon.colcon_core.environment:create_file_with_runtime_dependencies(/home/dronelab/vikram/slam-project/install/depthai_descriptions/share/colcon-core/packages/depthai_descriptions)
[1.332s] DEBUG:colcon.colcon_core.event_handler.log_command:Invoked command in '/home/dronelab/vikram/slam-project/build/ffmpeg_image_transport_msgs' returned '0': CMAKE_PREFIX_PATH=/opt/ros/humble /usr/bin/cmake /home/dronelab/vikram/slam-project/src/ffmpeg_image_transport_msgs -DCMAKE_INSTALL_PREFIX=/home/dronelab/vikram/slam-project/install/ffmpeg_image_transport_msgs
[1.333s] DEBUG:colcon.colcon_core.event_handler.log_command:Invoking command in '/home/dronelab/vikram/slam-project/build/ffmpeg_image_transport_msgs': CMAKE_PREFIX_PATH=/opt/ros/humble /usr/bin/cmake --build /home/dronelab/vikram/slam-project/build/ffmpeg_image_transport_msgs -- -j32 -l32
[1.703s] DEBUG:colcon.colcon_core.event_handler.log_command:Invoked command in '/home/dronelab/vikram/slam-project/build/depthai_ros_msgs' returned '0': CMAKE_PREFIX_PATH=/opt/ros/humble /usr/bin/cmake /home/dronelab/vikram/slam-project/src/depthai_ros_msgs -DCMAKE_INSTALL_PREFIX=/home/dronelab/vikram/slam-project/install/depthai_ros_msgs
[1.704s] DEBUG:colcon.colcon_core.event_handler.log_command:Invoking command in '/home/dronelab/vikram/slam-project/build/depthai_ros_msgs': CMAKE_PREFIX_PATH=/opt/ros/humble /usr/bin/cmake --build /home/dronelab/vikram/slam-project/build/depthai_ros_msgs -- -j32 -l32
[2.667s] DEBUG:colcon.colcon_core.event_handler.log_command:Invoked command in '/home/dronelab/vikram/slam-project/build/ffmpeg_image_transport_msgs' returned '0': CMAKE_PREFIX_PATH=/opt/ros/humble /usr/bin/cmake --build /home/dronelab/vikram/slam-project/build/ffmpeg_image_transport_msgs -- -j32 -l32
[2.714s] DEBUG:colcon.colcon_core.event_handler.log_command:Invoking command in '/home/dronelab/vikram/slam-project/build/ffmpeg_image_transport_msgs': CMAKE_PREFIX_PATH=/opt/ros/humble /usr/bin/cmake --install /home/dronelab/vikram/slam-project/build/ffmpeg_image_transport_msgs
[2.757s] Level 1:colcon.colcon_core.environment:create_environment_scripts_only(ffmpeg_image_transport_msgs)
[2.757s] Level 1:colcon.colcon_core.environment:checking '/home/dronelab/vikram/slam-project/install/ffmpeg_image_transport_msgs' for CMake module files
[2.758s] DEBUG:colcon.colcon_core.event_handler.log_command:Invoked command in '/home/dronelab/vikram/slam-project/build/ffmpeg_image_transport_msgs' returned '0': CMAKE_PREFIX_PATH=/opt/ros/humble /usr/bin/cmake --install /home/dronelab/vikram/slam-project/build/ffmpeg_image_transport_msgs
[2.758s] Level 1:colcon.colcon_core.environment:checking '/home/dronelab/vikram/slam-project/install/ffmpeg_image_transport_msgs' for CMake config files
[2.759s] Level 1:colcon.colcon_core.shell:create_environment_hook('ffmpeg_image_transport_msgs', 'cmake_prefix_path')
[2.759s] INFO:colcon.colcon_core.shell:Creating environment hook '/home/dronelab/vikram/slam-project/install/ffmpeg_image_transport_msgs/share/ffmpeg_image_transport_msgs/hook/cmake_prefix_path.ps1'
[2.759s] INFO:colcon.colcon_core.shell:Creating environment descriptor '/home/dronelab/vikram/slam-project/install/ffmpeg_image_transport_msgs/share/ffmpeg_image_transport_msgs/hook/cmake_prefix_path.dsv'
[2.759s] INFO:colcon.colcon_core.shell:Creating environment hook '/home/dronelab/vikram/slam-project/install/ffmpeg_image_transport_msgs/share/ffmpeg_image_transport_msgs/hook/cmake_prefix_path.sh'
[2.759s] Level 1:colcon.colcon_core.environment:checking '/home/dronelab/vikram/slam-project/install/ffmpeg_image_transport_msgs/lib'
[2.759s] Level 1:colcon.colcon_core.shell:create_environment_hook('ffmpeg_image_transport_msgs', 'ld_library_path_lib')
[2.760s] INFO:colcon.colcon_core.shell:Creating environment hook '/home/dronelab/vikram/slam-project/install/ffmpeg_image_transport_msgs/share/ffmpeg_image_transport_msgs/hook/ld_library_path_lib.ps1'
[2.760s] INFO:colcon.colcon_core.shell:Creating environment descriptor '/home/dronelab/vikram/slam-project/install/ffmpeg_image_transport_msgs/share/ffmpeg_image_transport_msgs/hook/ld_library_path_lib.dsv'
[2.760s] INFO:colcon.colcon_core.shell:Creating environment hook '/home/dronelab/vikram/slam-project/install/ffmpeg_image_transport_msgs/share/ffmpeg_image_transport_msgs/hook/ld_library_path_lib.sh'
[2.760s] Level 1:colcon.colcon_core.environment:checking '/home/dronelab/vikram/slam-project/install/ffmpeg_image_transport_msgs/bin'
[2.760s] Level 1:colcon.colcon_core.environment:checking '/home/dronelab/vikram/slam-project/install/ffmpeg_image_transport_msgs/lib/pkgconfig/ffmpeg_image_transport_msgs.pc'
[2.760s] Level 1:colcon.colcon_core.environment:checking '/home/dronelab/vikram/slam-project/install/ffmpeg_image_transport_msgs/lib/python3.10/site-packages'
[2.760s] Level 1:colcon.colcon_core.environment:checking '/home/dronelab/vikram/slam-project/install/ffmpeg_image_transport_msgs/bin'
[2.761s] INFO:colcon.colcon_core.shell:Creating package script '/home/dronelab/vikram/slam-project/install/ffmpeg_image_transport_msgs/share/ffmpeg_image_transport_msgs/package.ps1'
[2.761s] INFO:colcon.colcon_core.shell:Creating package descriptor '/home/dronelab/vikram/slam-project/install/ffmpeg_image_transport_msgs/share/ffmpeg_image_transport_msgs/package.dsv'
[2.761s] INFO:colcon.colcon_core.shell:Creating package script '/home/dronelab/vikram/slam-project/install/ffmpeg_image_transport_msgs/share/ffmpeg_image_transport_msgs/package.sh'
[2.761s] INFO:colcon.colcon_core.shell:Creating package script '/home/dronelab/vikram/slam-project/install/ffmpeg_image_transport_msgs/share/ffmpeg_image_transport_msgs/package.bash'
[2.761s] INFO:colcon.colcon_core.shell:Creating package script '/home/dronelab/vikram/slam-project/install/ffmpeg_image_transport_msgs/share/ffmpeg_image_transport_msgs/package.zsh'
[2.762s] Level 1:colcon.colcon_core.environment:create_file_with_runtime_dependencies(/home/dronelab/vikram/slam-project/install/ffmpeg_image_transport_msgs/share/colcon-core/packages/ffmpeg_image_transport_msgs)
[2.812s] Level 1:colcon.colcon_core.environment:create_environment_scripts_only(ffmpeg_image_transport_msgs)
[2.813s] Level 1:colcon.colcon_core.environment:checking '/home/dronelab/vikram/slam-project/install/ffmpeg_image_transport_msgs' for CMake module files
[2.813s] Level 1:colcon.colcon_core.environment:checking '/home/dronelab/vikram/slam-project/install/ffmpeg_image_transport_msgs' for CMake config files
[2.814s] Level 1:colcon.colcon_core.shell:create_environment_hook('ffmpeg_image_transport_msgs', 'cmake_prefix_path')
[2.814s] INFO:colcon.colcon_core.shell:Creating environment hook '/home/dronelab/vikram/slam-project/install/ffmpeg_image_transport_msgs/share/ffmpeg_image_transport_msgs/hook/cmake_prefix_path.ps1'
[2.814s] INFO:colcon.colcon_core.shell:Creating environment descriptor '/home/dronelab/vikram/slam-project/install/ffmpeg_image_transport_msgs/share/ffmpeg_image_transport_msgs/hook/cmake_prefix_path.dsv'
[2.815s] INFO:colcon.colcon_core.shell:Creating environment hook '/home/dronelab/vikram/slam-project/install/ffmpeg_image_transport_msgs/share/ffmpeg_image_transport_msgs/hook/cmake_prefix_path.sh'
[2.815s] Level 1:colcon.colcon_core.environment:checking '/home/dronelab/vikram/slam-project/install/ffmpeg_image_transport_msgs/lib'
[2.815s] Level 1:colcon.colcon_core.shell:create_environment_hook('ffmpeg_image_transport_msgs', 'ld_library_path_lib')
[2.816s] INFO:colcon.colcon_core.shell:Creating environment hook '/home/dronelab/vikram/slam-project/install/ffmpeg_image_transport_msgs/share/ffmpeg_image_transport_msgs/hook/ld_library_path_lib.ps1'
[2.816s] INFO:colcon.colcon_core.shell:Creating environment descriptor '/home/dronelab/vikram/slam-project/install/ffmpeg_image_transport_msgs/share/ffmpeg_image_transport_msgs/hook/ld_library_path_lib.dsv'
[2.816s] INFO:colcon.colcon_core.shell:Creating environment hook '/home/dronelab/vikram/slam-project/install/ffmpeg_image_transport_msgs/share/ffmpeg_image_transport_msgs/hook/ld_library_path_lib.sh'
[2.816s] Level 1:colcon.colcon_core.environment:checking '/home/dronelab/vikram/slam-project/install/ffmpeg_image_transport_msgs/bin'
[2.816s] Level 1:colcon.colcon_core.environment:checking '/home/dronelab/vikram/slam-project/install/ffmpeg_image_transport_msgs/lib/pkgconfig/ffmpeg_image_transport_msgs.pc'
[2.817s] Level 1:colcon.colcon_core.environment:checking '/home/dronelab/vikram/slam-project/install/ffmpeg_image_transport_msgs/lib/python3.10/site-packages'
[2.817s] Level 1:colcon.colcon_core.environment:checking '/home/dronelab/vikram/slam-project/install/ffmpeg_image_transport_msgs/bin'
[2.817s] INFO:colcon.colcon_core.shell:Creating package script '/home/dronelab/vikram/slam-project/install/ffmpeg_image_transport_msgs/share/ffmpeg_image_transport_msgs/package.ps1'
[2.818s] INFO:colcon.colcon_core.shell:Creating package descriptor '/home/dronelab/vikram/slam-project/install/ffmpeg_image_transport_msgs/share/ffmpeg_image_transport_msgs/package.dsv'
[2.818s] INFO:colcon.colcon_core.shell:Creating package script '/home/dronelab/vikram/slam-project/install/ffmpeg_image_transport_msgs/share/ffmpeg_image_transport_msgs/package.sh'
[2.819s] INFO:colcon.colcon_core.shell:Creating package script '/home/dronelab/vikram/slam-project/install/ffmpeg_image_transport_msgs/share/ffmpeg_image_transport_msgs/package.bash'
[2.819s] INFO:colcon.colcon_core.shell:Creating package script '/home/dronelab/vikram/slam-project/install/ffmpeg_image_transport_msgs/share/ffmpeg_image_transport_msgs/package.zsh'
[2.819s] Level 1:colcon.colcon_core.environment:create_file_with_runtime_dependencies(/home/dronelab/vikram/slam-project/install/ffmpeg_image_transport_msgs/share/colcon-core/packages/ffmpeg_image_transport_msgs)
[5.169s] DEBUG:colcon.colcon_core.event_handler.log_command:Invoked command in '/home/dronelab/vikram/slam-project/build/depthai_ros_msgs' returned '0': CMAKE_PREFIX_PATH=/opt/ros/humble /usr/bin/cmake --build /home/dronelab/vikram/slam-project/build/depthai_ros_msgs -- -j32 -l32
[5.585s] DEBUG:colcon.colcon_core.event_handler.log_command:Invoking command in '/home/dronelab/vikram/slam-project/build/depthai_ros_msgs': CMAKE_PREFIX_PATH=/opt/ros/humble /usr/bin/cmake --install /home/dronelab/vikram/slam-project/build/depthai_ros_msgs
[5.665s] Level 1:colcon.colcon_core.environment:create_environment_scripts_only(depthai_ros_msgs)
[5.666s] DEBUG:colcon.colcon_core.event_handler.log_command:Invoked command in '/home/dronelab/vikram/slam-project/build/depthai_ros_msgs' returned '0': CMAKE_PREFIX_PATH=/opt/ros/humble /usr/bin/cmake --install /home/dronelab/vikram/slam-project/build/depthai_ros_msgs
[5.666s] Level 1:colcon.colcon_core.environment:checking '/home/dronelab/vikram/slam-project/install/depthai_ros_msgs' for CMake module files
[5.666s] Level 1:colcon.colcon_core.environment:checking '/home/dronelab/vikram/slam-project/install/depthai_ros_msgs' for CMake config files
[5.666s] Level 1:colcon.colcon_core.shell:create_environment_hook('depthai_ros_msgs', 'cmake_prefix_path')
[5.666s] INFO:colcon.colcon_core.shell:Creating environment hook '/home/dronelab/vikram/slam-project/install/depthai_ros_msgs/share/depthai_ros_msgs/hook/cmake_prefix_path.ps1'
[5.667s] INFO:colcon.colcon_core.shell:Creating environment descriptor '/home/dronelab/vikram/slam-project/install/depthai_ros_msgs/share/depthai_ros_msgs/hook/cmake_prefix_path.dsv'
[5.667s] INFO:colcon.colcon_core.shell:Creating environment hook '/home/dronelab/vikram/slam-project/install/depthai_ros_msgs/share/depthai_ros_msgs/hook/cmake_prefix_path.sh'
[5.667s] Level 1:colcon.colcon_core.environment:checking '/home/dronelab/vikram/slam-project/install/depthai_ros_msgs/lib'
[5.667s] Level 1:colcon.colcon_core.shell:create_environment_hook('depthai_ros_msgs', 'ld_library_path_lib')
[5.667s] INFO:colcon.colcon_core.shell:Creating environment hook '/home/dronelab/vikram/slam-project/install/depthai_ros_msgs/share/depthai_ros_msgs/hook/ld_library_path_lib.ps1'
[5.667s] INFO:colcon.colcon_core.shell:Creating environment descriptor '/home/dronelab/vikram/slam-project/install/depthai_ros_msgs/share/depthai_ros_msgs/hook/ld_library_path_lib.dsv'
[5.667s] INFO:colcon.colcon_core.shell:Creating environment hook '/home/dronelab/vikram/slam-project/install/depthai_ros_msgs/share/depthai_ros_msgs/hook/ld_library_path_lib.sh'
[5.667s] Level 1:colcon.colcon_core.environment:checking '/home/dronelab/vikram/slam-project/install/depthai_ros_msgs/bin'
[5.668s] Level 1:colcon.colcon_core.environment:checking '/home/dronelab/vikram/slam-project/install/depthai_ros_msgs/lib/pkgconfig/depthai_ros_msgs.pc'
[5.668s] Level 1:colcon.colcon_core.environment:checking '/home/dronelab/vikram/slam-project/install/depthai_ros_msgs/lib/python3.10/site-packages'
[5.668s] Level 1:colcon.colcon_core.environment:checking '/home/dronelab/vikram/slam-project/install/depthai_ros_msgs/bin'
[5.668s] INFO:colcon.colcon_core.shell:Creating package script '/home/dronelab/vikram/slam-project/install/depthai_ros_msgs/share/depthai_ros_msgs/package.ps1'
[5.668s] INFO:colcon.colcon_core.shell:Creating package descriptor '/home/dronelab/vikram/slam-project/install/depthai_ros_msgs/share/depthai_ros_msgs/package.dsv'
[5.669s] INFO:colcon.colcon_core.shell:Creating package script '/home/dronelab/vikram/slam-project/install/depthai_ros_msgs/share/depthai_ros_msgs/package.sh'
[5.669s] INFO:colcon.colcon_core.shell:Creating package script '/home/dronelab/vikram/slam-project/install/depthai_ros_msgs/share/depthai_ros_msgs/package.bash'
[5.669s] INFO:colcon.colcon_core.shell:Creating package script '/home/dronelab/vikram/slam-project/install/depthai_ros_msgs/share/depthai_ros_msgs/package.zsh'
[5.669s] Level 1:colcon.colcon_core.environment:create_file_with_runtime_dependencies(/home/dronelab/vikram/slam-project/install/depthai_ros_msgs/share/colcon-core/packages/depthai_ros_msgs)
[6.102s] Level 1:colcon.colcon_core.environment:create_environment_scripts_only(depthai_ros_msgs)
[6.102s] Level 1:colcon.colcon_core.environment:checking '/home/dronelab/vikram/slam-project/install/depthai_ros_msgs' for CMake module files
[6.103s] Level 1:colcon.colcon_core.environment:checking '/home/dronelab/vikram/slam-project/install/depthai_ros_msgs' for CMake config files
[6.104s] Level 1:colcon.colcon_core.shell:create_environment_hook('depthai_ros_msgs', 'cmake_prefix_path')
[6.104s] INFO:colcon.colcon_core.shell:Creating environment hook '/home/dronelab/vikram/slam-project/install/depthai_ros_msgs/share/depthai_ros_msgs/hook/cmake_prefix_path.ps1'
[6.105s] INFO:colcon.colcon_core.shell:Creating environment descriptor '/home/dronelab/vikram/slam-project/install/depthai_ros_msgs/share/depthai_ros_msgs/hook/cmake_prefix_path.dsv'
[6.105s] INFO:colcon.colcon_core.shell:Creating environment hook '/home/dronelab/vikram/slam-project/install/depthai_ros_msgs/share/depthai_ros_msgs/hook/cmake_prefix_path.sh'
[6.106s] Level 1:colcon.colcon_core.environment:checking '/home/dronelab/vikram/slam-project/install/depthai_ros_msgs/lib'
[6.106s] Level 1:colcon.colcon_core.shell:create_environment_hook('depthai_ros_msgs', 'ld_library_path_lib')
[6.106s] INFO:colcon.colcon_core.shell:Creating environment hook '/home/dronelab/vikram/slam-project/install/depthai_ros_msgs/share/depthai_ros_msgs/hook/ld_library_path_lib.ps1'
[6.107s] INFO:colcon.colcon_core.shell:Creating environment descriptor '/home/dronelab/vikram/slam-project/install/depthai_ros_msgs/share/depthai_ros_msgs/hook/ld_library_path_lib.dsv'
[6.107s] INFO:colcon.colcon_core.shell:Creating environment hook '/home/dronelab/vikram/slam-project/install/depthai_ros_msgs/share/depthai_ros_msgs/hook/ld_library_path_lib.sh'
[6.107s] Level 1:colcon.colcon_core.environment:checking '/home/dronelab/vikram/slam-project/install/depthai_ros_msgs/bin'
[6.107s] Level 1:colcon.colcon_core.environment:checking '/home/dronelab/vikram/slam-project/install/depthai_ros_msgs/lib/pkgconfig/depthai_ros_msgs.pc'
[6.108s] Level 1:colcon.colcon_core.environment:checking '/home/dronelab/vikram/slam-project/install/depthai_ros_msgs/lib/python3.10/site-packages'
[6.108s] Level 1:colcon.colcon_core.environment:checking '/home/dronelab/vikram/slam-project/install/depthai_ros_msgs/bin'
[6.109s] INFO:colcon.colcon_core.shell:Creating package script '/home/dronelab/vikram/slam-project/install/depthai_ros_msgs/share/depthai_ros_msgs/package.ps1'
[6.109s] INFO:colcon.colcon_core.shell:Creating package descriptor '/home/dronelab/vikram/slam-project/install/depthai_ros_msgs/share/depthai_ros_msgs/package.dsv'
[6.110s] INFO:colcon.colcon_core.shell:Creating package script '/home/dronelab/vikram/slam-project/install/depthai_ros_msgs/share/depthai_ros_msgs/package.sh'
[6.110s] INFO:colcon.colcon_core.shell:Creating package script '/home/dronelab/vikram/slam-project/install/depthai_ros_msgs/share/depthai_ros_msgs/package.bash'
[6.111s] INFO:colcon.colcon_core.shell:Creating package script '/home/dronelab/vikram/slam-project/install/depthai_ros_msgs/share/depthai_ros_msgs/package.zsh'
[6.111s] Level 1:colcon.colcon_core.environment:create_file_with_runtime_dependencies(/home/dronelab/vikram/slam-project/install/depthai_ros_msgs/share/colcon-core/packages/depthai_ros_msgs)
[6.112s] INFO:colcon.colcon_ros.task.ament_cmake.build:Building ROS package in '/home/dronelab/vikram/slam-project/src/depthai_bridge' with build type 'ament_cmake'
[6.112s] INFO:colcon.colcon_cmake.task.cmake.build:Building CMake package in '/home/dronelab/vikram/slam-project/src/depthai_bridge'
[6.112s] INFO:colcon.colcon_core.shell:Skip shell extension 'powershell' for command environment: Not usable outside of PowerShell
[6.112s] DEBUG:colcon.colcon_core.shell:Skip shell extension 'dsv' for command environment
[6.117s] INFO:colcon.colcon_ros.task.ament_cmake.build:Building ROS package in '/home/dronelab/vikram/slam-project/src/depthai_filters' with build type 'ament_cmake'
[6.117s] INFO:colcon.colcon_cmake.task.cmake.build:Building CMake package in '/home/dronelab/vikram/slam-project/src/depthai_filters'
[6.117s] INFO:colcon.colcon_core.shell:Skip shell extension 'powershell' for command environment: Not usable outside of PowerShell
[6.117s] DEBUG:colcon.colcon_core.shell:Skip shell extension 'dsv' for command environment
[6.128s] DEBUG:colcon.colcon_core.event_handler.log_command:Invoking command in '/home/dronelab/vikram/slam-project/build/depthai_filters': AMENT_PREFIX_PATH=/home/dronelab/vikram/slam-project/install/depthai_ros_msgs:${AMENT_PREFIX_PATH} CMAKE_PREFIX_PATH=/home/dronelab/vikram/slam-project/install/depthai_ros_msgs:/opt/ros/humble LD_LIBRARY_PATH=/home/dronelab/vikram/slam-project/install/depthai_ros_msgs/lib:${LD_LIBRARY_PATH} PYTHONPATH=/home/dronelab/vikram/slam-project/install/depthai_ros_msgs/local/lib/python3.10/dist-packages:${PYTHONPATH} /usr/bin/cmake /home/dronelab/vikram/slam-project/src/depthai_filters -DCMAKE_INSTALL_PREFIX=/home/dronelab/vikram/slam-project/install/depthai_filters
[6.130s] DEBUG:colcon.colcon_core.event_handler.log_command:Invoking command in '/home/dronelab/vikram/slam-project/build/depthai_bridge': AMENT_PREFIX_PATH=/home/dronelab/vikram/slam-project/install/ffmpeg_image_transport_msgs:/home/dronelab/vikram/slam-project/install/depthai_ros_msgs:${AMENT_PREFIX_PATH} CMAKE_PREFIX_PATH=/home/dronelab/vikram/slam-project/install/ffmpeg_image_transport_msgs:/home/dronelab/vikram/slam-project/install/depthai_ros_msgs:/opt/ros/humble LD_LIBRARY_PATH=/home/dronelab/vikram/slam-project/install/ffmpeg_image_transport_msgs/lib:/home/dronelab/vikram/slam-project/install/depthai_ros_msgs/lib:${LD_LIBRARY_PATH} PYTHONPATH=/home/dronelab/vikram/slam-project/install/ffmpeg_image_transport_msgs/local/lib/python3.10/dist-packages:/home/dronelab/vikram/slam-project/install/depthai_ros_msgs/local/lib/python3.10/dist-packages:${PYTHONPATH} /usr/bin/cmake /home/dronelab/vikram/slam-project/src/depthai_bridge -DCMAKE_INSTALL_PREFIX=/home/dronelab/vikram/slam-project/install/depthai_bridge
[7.472s] DEBUG:colcon.colcon_core.event_handler.log_command:Invoked command in '/home/dronelab/vikram/slam-project/build/depthai_filters' returned '0': AMENT_PREFIX_PATH=/home/dronelab/vikram/slam-project/install/depthai_ros_msgs:${AMENT_PREFIX_PATH} CMAKE_PREFIX_PATH=/home/dronelab/vikram/slam-project/install/depthai_ros_msgs:/opt/ros/humble LD_LIBRARY_PATH=/home/dronelab/vikram/slam-project/install/depthai_ros_msgs/lib:${LD_LIBRARY_PATH} PYTHONPATH=/home/dronelab/vikram/slam-project/install/depthai_ros_msgs/local/lib/python3.10/dist-packages:${PYTHONPATH} /usr/bin/cmake /home/dronelab/vikram/slam-project/src/depthai_filters -DCMAKE_INSTALL_PREFIX=/home/dronelab/vikram/slam-project/install/depthai_filters
[7.473s] DEBUG:colcon.colcon_core.event_handler.log_command:Invoking command in '/home/dronelab/vikram/slam-project/build/depthai_filters': AMENT_PREFIX_PATH=/home/dronelab/vikram/slam-project/install/depthai_ros_msgs:${AMENT_PREFIX_PATH} CMAKE_PREFIX_PATH=/home/dronelab/vikram/slam-project/install/depthai_ros_msgs:/opt/ros/humble LD_LIBRARY_PATH=/home/dronelab/vikram/slam-project/install/depthai_ros_msgs/lib:${LD_LIBRARY_PATH} PYTHONPATH=/home/dronelab/vikram/slam-project/install/depthai_ros_msgs/local/lib/python3.10/dist-packages:${PYTHONPATH} /usr/bin/cmake --build /home/dronelab/vikram/slam-project/build/depthai_filters -- -j32 -l32
[7.673s] DEBUG:colcon.colcon_core.event_handler.log_command:Invoked command in '/home/dronelab/vikram/slam-project/build/depthai_filters' returned '2': AMENT_PREFIX_PATH=/home/dronelab/vikram/slam-project/install/depthai_ros_msgs:${AMENT_PREFIX_PATH} CMAKE_PREFIX_PATH=/home/dronelab/vikram/slam-project/install/depthai_ros_msgs:/opt/ros/humble LD_LIBRARY_PATH=/home/dronelab/vikram/slam-project/install/depthai_ros_msgs/lib:${LD_LIBRARY_PATH} PYTHONPATH=/home/dronelab/vikram/slam-project/install/depthai_ros_msgs/local/lib/python3.10/dist-packages:${PYTHONPATH} /usr/bin/cmake --build /home/dronelab/vikram/slam-project/build/depthai_filters -- -j32 -l32
[7.703s] Level 1:colcon.colcon_core.environment:create_environment_scripts_only(depthai_filters)
[7.703s] Level 1:colcon.colcon_core.environment:checking '/home/dronelab/vikram/slam-project/install/depthai_filters' for CMake module files
[7.703s] Level 1:colcon.colcon_core.environment:checking '/home/dronelab/vikram/slam-project/install/depthai_filters' for CMake config files
[7.703s] Level 1:colcon.colcon_core.environment:checking '/home/dronelab/vikram/slam-project/install/depthai_filters/bin'
[7.703s] Level 1:colcon.colcon_core.environment:checking '/home/dronelab/vikram/slam-project/install/depthai_filters/lib/pkgconfig/depthai_filters.pc'
[7.704s] Level 1:colcon.colcon_core.environment:checking '/home/dronelab/vikram/slam-project/install/depthai_filters/lib/python3.10/site-packages'
[7.704s] Level 1:colcon.colcon_core.environment:checking '/home/dronelab/vikram/slam-project/install/depthai_filters/bin'
[7.704s] INFO:colcon.colcon_core.shell:Creating package script '/home/dronelab/vikram/slam-project/install/depthai_filters/share/depthai_filters/package.ps1'
[7.704s] INFO:colcon.colcon_core.shell:Creating package descriptor '/home/dronelab/vikram/slam-project/install/depthai_filters/share/depthai_filters/package.dsv'
[7.705s] INFO:colcon.colcon_core.shell:Creating package script '/home/dronelab/vikram/slam-project/install/depthai_filters/share/depthai_filters/package.sh'
[7.705s] INFO:colcon.colcon_core.shell:Creating package script '/home/dronelab/vikram/slam-project/install/depthai_filters/share/depthai_filters/package.bash'
[7.705s] INFO:colcon.colcon_core.shell:Creating package script '/home/dronelab/vikram/slam-project/install/depthai_filters/share/depthai_filters/package.zsh'
[7.705s] Level 1:colcon.colcon_core.environment:create_file_with_runtime_dependencies(/home/dronelab/vikram/slam-project/install/depthai_filters/share/colcon-core/packages/depthai_filters)
[7.802s] DEBUG:colcon.colcon_parallel_executor.executor.parallel:closing loop
[7.802s] DEBUG:colcon.colcon_parallel_executor.executor.parallel:loop closed
[7.802s] DEBUG:colcon.colcon_parallel_executor.executor.parallel:run_until_complete finished with '2'
[7.802s] DEBUG:colcon.colcon_core.event_reactor:joining thread
[7.806s] INFO:colcon.colcon_core.plugin_system:Skipping extension 'colcon_notification.desktop_notification.terminal_notifier': Not used on non-Darwin systems
[7.806s] INFO:colcon.colcon_core.plugin_system:Skipping extension 'colcon_notification.desktop_notification.win32': Not used on non-Windows systems
[7.806s] INFO:colcon.colcon_notification.desktop_notification:Sending desktop notification using 'notify2'
[7.815s] DEBUG:colcon.colcon_core.event_reactor:joined thread
[7.815s] INFO:colcon.colcon_core.shell:Creating prefix script '/home/dronelab/vikram/slam-project/install/local_setup.ps1'
[7.816s] INFO:colcon.colcon_core.shell:Creating prefix util module '/home/dronelab/vikram/slam-project/install/_local_setup_util_ps1.py'
[7.818s] INFO:colcon.colcon_core.shell:Creating prefix chain script '/home/dronelab/vikram/slam-project/install/setup.ps1'
[7.819s] INFO:colcon.colcon_core.shell:Creating prefix script '/home/dronelab/vikram/slam-project/install/local_setup.sh'
[7.819s] INFO:colcon.colcon_core.shell:Creating prefix util module '/home/dronelab/vikram/slam-project/install/_local_setup_util_sh.py'
[7.820s] INFO:colcon.colcon_core.shell:Creating prefix chain script '/home/dronelab/vikram/slam-project/install/setup.sh'
[7.820s] INFO:colcon.colcon_core.shell:Creating prefix script '/home/dronelab/vikram/slam-project/install/local_setup.bash'
[7.821s] INFO:colcon.colcon_core.shell:Creating prefix chain script '/home/dronelab/vikram/slam-project/install/setup.bash'
[7.821s] INFO:colcon.colcon_core.shell:Creating prefix script '/home/dronelab/vikram/slam-project/install/local_setup.zsh'
[7.822s] INFO:colcon.colcon_core.shell:Creating prefix chain script '/home/dronelab/vikram/slam-project/install/setup.zsh'
