[0.007s] Invoking command in '/home/dronelab/vikram/slam-project/build/depthai_descriptions': CMAKE_PREFIX_PATH=/opt/ros/humble /usr/bin/cmake /home/dronelab/vikram/slam-project/src/depthai_descriptions -DCMAKE_INSTALL_PREFIX=/home/dronelab/vikram/slam-project/install/depthai_descriptions
[0.054s] -- The C compiler identification is GNU 11.4.0
[0.110s] -- The CXX compiler identification is GNU 11.4.0
[0.115s] -- Detecting C compiler ABI info
[0.164s] -- Detecting C compiler ABI info - done
[0.171s] -- Check for working C compiler: /usr/bin/cc - skipped
[0.171s] -- Detecting C compile features
[0.172s] -- Detecting C compile features - done
[0.174s] -- Detecting CXX compiler ABI info
[0.234s] -- Detecting CXX compiler ABI info - done
[0.239s] -- Check for working CXX compiler: /usr/bin/c++ - skipped
[0.239s] -- Detecting CXX compile features
[0.239s] -- Detecting CXX compile features - done
[0.241s] -- Found ament_cmake: 1.3.9 (/opt/ros/humble/share/ament_cmake/cmake)
[0.345s] -- Found Python3: /usr/bin/python3 (found version "3.10.12") found components: Interpreter 
[0.442s] -- Configuring done
[0.443s] -- Generating done
[0.443s] -- Build files have been written to: /home/dronelab/vikram/slam-project/build/depthai_descriptions
[0.447s] Invoked command in '/home/dronelab/vikram/slam-project/build/depthai_descriptions' returned '0': CMAKE_PREFIX_PATH=/opt/ros/humble /usr/bin/cmake /home/dronelab/vikram/slam-project/src/depthai_descriptions -DCMAKE_INSTALL_PREFIX=/home/dronelab/vikram/slam-project/install/depthai_descriptions
[0.447s] Invoking command in '/home/dronelab/vikram/slam-project/build/depthai_descriptions': CMAKE_PREFIX_PATH=/opt/ros/humble /usr/bin/cmake --build /home/dronelab/vikram/slam-project/build/depthai_descriptions -- -j32 -l32
[0.473s] Invoked command in '/home/dronelab/vikram/slam-project/build/depthai_descriptions' returned '0': CMAKE_PREFIX_PATH=/opt/ros/humble /usr/bin/cmake --build /home/dronelab/vikram/slam-project/build/depthai_descriptions -- -j32 -l32
[0.493s] Invoking command in '/home/dronelab/vikram/slam-project/build/depthai_descriptions': CMAKE_PREFIX_PATH=/opt/ros/humble /usr/bin/cmake --install /home/dronelab/vikram/slam-project/build/depthai_descriptions
[0.498s] -- Install configuration: ""
[0.498s] -- Installing: /home/dronelab/vikram/slam-project/install/depthai_descriptions/share/depthai_descriptions/launch
[0.498s] -- Installing: /home/dronelab/vikram/slam-project/install/depthai_descriptions/share/depthai_descriptions/launch/urdf_launch.py
[0.498s] -- Installing: /home/dronelab/vikram/slam-project/install/depthai_descriptions/share/depthai_descriptions/urdf
[0.498s] -- Installing: /home/dronelab/vikram/slam-project/install/depthai_descriptions/share/depthai_descriptions/urdf/depthai_descr.urdf.xacro
[0.498s] -- Installing: /home/dronelab/vikram/slam-project/install/depthai_descriptions/share/depthai_descriptions/urdf/include
[0.498s] -- Installing: /home/dronelab/vikram/slam-project/install/depthai_descriptions/share/depthai_descriptions/urdf/include/base_macro.urdf.xacro
[0.498s] -- Installing: /home/dronelab/vikram/slam-project/install/depthai_descriptions/share/depthai_descriptions/urdf/include/depthai_macro.urdf.xacro
[0.498s] -- Installing: /home/dronelab/vikram/slam-project/install/depthai_descriptions/share/depthai_descriptions/urdf/base_descr.urdf.xacro
[0.498s] -- Installing: /home/dronelab/vikram/slam-project/install/depthai_descriptions/share/depthai_descriptions/urdf/models
[0.498s] -- Installing: /home/dronelab/vikram/slam-project/install/depthai_descriptions/share/depthai_descriptions/urdf/models/OAK-T.stl
[0.502s] -- Installing: /home/dronelab/vikram/slam-project/install/depthai_descriptions/share/depthai_descriptions/urdf/models/OAK-D-S2-POE.stl
[0.508s] -- Installing: /home/dronelab/vikram/slam-project/install/depthai_descriptions/share/depthai_descriptions/urdf/models/OAK-D.stl
[0.510s] -- Installing: /home/dronelab/vikram/slam-project/install/depthai_descriptions/share/depthai_descriptions/urdf/models/OAK-D-SR.stl
[0.515s] -- Installing: /home/dronelab/vikram/slam-project/install/depthai_descriptions/share/depthai_descriptions/urdf/models/OAK-D-LITE.stl
[0.518s] -- Installing: /home/dronelab/vikram/slam-project/install/depthai_descriptions/share/depthai_descriptions/urdf/models/OAK-D-POE.stl
[0.522s] -- Installing: /home/dronelab/vikram/slam-project/install/depthai_descriptions/share/depthai_descriptions/urdf/models/OAK-D-CM4-POE.stl
[0.531s] -- Installing: /home/dronelab/vikram/slam-project/install/depthai_descriptions/share/depthai_descriptions/urdf/models/OAK-D-IOT-75.stl
[0.537s] -- Installing: /home/dronelab/vikram/slam-project/install/depthai_descriptions/share/depthai_descriptions/urdf/models/OAK-D-LR.stl
[0.540s] -- Installing: /home/dronelab/vikram/slam-project/install/depthai_descriptions/share/depthai_descriptions/urdf/models/OAK-D-PRO-W.stl
[0.546s] -- Installing: /home/dronelab/vikram/slam-project/install/depthai_descriptions/share/depthai_descriptions/urdf/models/OAK-D-S2.stl
[0.549s] -- Installing: /home/dronelab/vikram/slam-project/install/depthai_descriptions/share/depthai_descriptions/urdf/models/OAK-D-PRO.stl
[0.553s] -- Installing: /home/dronelab/vikram/slam-project/install/depthai_descriptions/share/depthai_descriptions/urdf/models/OAK4-D.stl
[0.560s] -- Installing: /home/dronelab/vikram/slam-project/install/depthai_descriptions/share/depthai_descriptions/urdf/models/OAK-D-SR-POE.stl
[0.562s] -- Installing: /home/dronelab/vikram/slam-project/install/depthai_descriptions/share/depthai_descriptions/urdf/models/OAK4-S.stl
[0.564s] -- Installing: /home/dronelab/vikram/slam-project/install/depthai_descriptions/share/depthai_descriptions/urdf/models/OAK-1.stl
[0.571s] -- Installing: /home/dronelab/vikram/slam-project/install/depthai_descriptions/share/depthai_descriptions/environment/depthai_descriptions.sh
[0.571s] -- Installing: /home/dronelab/vikram/slam-project/install/depthai_descriptions/share/depthai_descriptions/environment/depthai_descriptions.dsv
[0.571s] -- Installing: /home/dronelab/vikram/slam-project/install/depthai_descriptions/share/ament_index/resource_index/package_run_dependencies/depthai_descriptions
[0.571s] -- Installing: /home/dronelab/vikram/slam-project/install/depthai_descriptions/share/ament_index/resource_index/parent_prefix_path/depthai_descriptions
[0.571s] -- Installing: /home/dronelab/vikram/slam-project/install/depthai_descriptions/share/depthai_descriptions/environment/ament_prefix_path.sh
[0.571s] -- Installing: /home/dronelab/vikram/slam-project/install/depthai_descriptions/share/depthai_descriptions/environment/ament_prefix_path.dsv
[0.571s] -- Installing: /home/dronelab/vikram/slam-project/install/depthai_descriptions/share/depthai_descriptions/environment/path.sh
[0.571s] -- Installing: /home/dronelab/vikram/slam-project/install/depthai_descriptions/share/depthai_descriptions/environment/path.dsv
[0.571s] -- Installing: /home/dronelab/vikram/slam-project/install/depthai_descriptions/share/depthai_descriptions/local_setup.bash
[0.571s] -- Installing: /home/dronelab/vikram/slam-project/install/depthai_descriptions/share/depthai_descriptions/local_setup.sh
[0.571s] -- Installing: /home/dronelab/vikram/slam-project/install/depthai_descriptions/share/depthai_descriptions/local_setup.zsh
[0.572s] -- Installing: /home/dronelab/vikram/slam-project/install/depthai_descriptions/share/depthai_descriptions/local_setup.dsv
[0.572s] -- Installing: /home/dronelab/vikram/slam-project/install/depthai_descriptions/share/depthai_descriptions/package.dsv
[0.572s] -- Installing: /home/dronelab/vikram/slam-project/install/depthai_descriptions/share/ament_index/resource_index/packages/depthai_descriptions
[0.572s] -- Installing: /home/dronelab/vikram/slam-project/install/depthai_descriptions/share/depthai_descriptions/cmake/depthai_descriptionsConfig.cmake
[0.572s] -- Installing: /home/dronelab/vikram/slam-project/install/depthai_descriptions/share/depthai_descriptions/cmake/depthai_descriptionsConfig-version.cmake
[0.572s] -- Installing: /home/dronelab/vikram/slam-project/install/depthai_descriptions/share/depthai_descriptions/package.xml
[0.573s] Invoked command in '/home/dronelab/vikram/slam-project/build/depthai_descriptions' returned '0': CMAKE_PREFIX_PATH=/opt/ros/humble /usr/bin/cmake --install /home/dronelab/vikram/slam-project/build/depthai_descriptions
