[0.017s] Invoking command in '/home/dronelab/vikram/slam-project/build/depthai_bridge': AMENT_PREFIX_PATH=/home/dronelab/vikram/slam-project/install/ffmpeg_image_transport_msgs:/home/dronelab/vikram/slam-project/install/depthai_ros_msgs:${AMENT_PREFIX_PATH} CMAKE_PREFIX_PATH=/home/dronelab/vikram/slam-project/install/ffmpeg_image_transport_msgs:/home/dronelab/vikram/slam-project/install/depthai_ros_msgs:/opt/ros/humble LD_LIBRARY_PATH=/home/dronelab/vikram/slam-project/install/ffmpeg_image_transport_msgs/lib:/home/dronelab/vikram/slam-project/install/depthai_ros_msgs/lib:${LD_LIBRARY_PATH} PYTHONPATH=/home/dronelab/vikram/slam-project/install/ffmpeg_image_transport_msgs/local/lib/python3.10/dist-packages:/home/dronelab/vikram/slam-project/install/depthai_ros_msgs/local/lib/python3.10/dist-packages:${PYTHONPATH} /usr/bin/cmake /home/dronelab/vikram/slam-project/src/depthai_bridge -DCMAKE_INSTALL_PREFIX=/home/dronelab/vikram/slam-project/install/depthai_bridge
[0.087s] -- The CXX compiler identification is GNU 11.4.0
[0.124s] -- The C compiler identification is GNU 11.4.0
[0.130s] -- Detecting CXX compiler ABI info
[0.191s] -- Detecting CXX compiler ABI info - done
[0.196s] -- Check for working CXX compiler: /usr/bin/c++ - skipped
[0.196s] -- Detecting CXX compile features
[0.197s] -- Detecting CXX compile features - done
[0.199s] -- Detecting C compiler ABI info
[0.271s] -- Detecting C compiler ABI info - done
[0.276s] -- Check for working C compiler: /usr/bin/cc - skipped
[0.276s] -- Detecting C compile features
[0.276s] -- Detecting C compile features - done
[0.277s] -- Found ament_index_cpp: 1.4.0 (/opt/ros/humble/share/ament_index_cpp/cmake)
[0.279s] -- Found camera_info_manager: 3.1.9 (/opt/ros/humble/share/camera_info_manager/cmake)
[0.391s] -- Found Python3: /usr/bin/python3 (found version "3.10.12") found components: Interpreter 
[0.481s] -- Found rosidl_generator_c: 3.1.5 (/opt/ros/humble/share/rosidl_generator_c/cmake)
[0.484s] -- Found rosidl_adapter: 3.1.5 (/opt/ros/humble/share/rosidl_adapter/cmake)
[0.489s] -- Found rosidl_generator_cpp: 3.1.5 (/opt/ros/humble/share/rosidl_generator_cpp/cmake)
[0.497s] -- Using all available rosidl_typesupport_c: rosidl_typesupport_fastrtps_c;rosidl_typesupport_introspection_c
[0.509s] -- Using all available rosidl_typesupport_cpp: rosidl_typesupport_fastrtps_cpp;rosidl_typesupport_introspection_cpp
[0.552s] -- Found rmw_implementation_cmake: 6.1.2 (/opt/ros/humble/share/rmw_implementation_cmake/cmake)
[0.554s] -- Found rmw_fastrtps_cpp: 6.2.6 (/opt/ros/humble/share/rmw_fastrtps_cpp/cmake)
[0.619s] -- Found OpenSSL: /usr/lib/x86_64-linux-gnu/libcrypto.so (found version "3.0.2")  
[0.637s] -- Found FastRTPS: /opt/ros/humble/include  
[0.669s] -- Using RMW implementation 'rmw_fastrtps_cpp' as default
[0.676s] -- Looking for pthread.h
[0.727s] -- Looking for pthread.h - found
[0.727s] -- Performing Test CMAKE_HAVE_LIBC_PTHREAD
[0.784s] -- Performing Test CMAKE_HAVE_LIBC_PTHREAD - Success
[0.786s] -- Found Threads: TRUE  
[1.004s] -- Found cv_bridge: 3.2.1 (/opt/ros/humble/share/cv_bridge/cmake)
[1.014s] -- Found depthai_ros_msgs: 3.0.9 (/home/dronelab/vikram/slam-project/install/depthai_ros_msgs/share/depthai_ros_msgs/cmake)
[1.157s] -- Found image_transport: 3.1.9 (/opt/ros/humble/share/image_transport/cmake)
[1.186s] -- Found nav_msgs: 4.2.4 (/opt/ros/humble/share/nav_msgs/cmake)
[1.239s] -- Found stereo_msgs: 4.2.4 (/opt/ros/humble/share/stereo_msgs/cmake)
[1.293s] -- Found tf2_ros: 0.25.7 (/opt/ros/humble/share/tf2_ros/cmake)
[1.513s] -- Found tf2_geometry_msgs: 0.25.7 (/opt/ros/humble/share/tf2_geometry_msgs/cmake)
[1.522s] -- Found eigen3_cmake_module: 0.1.1 (/opt/ros/humble/share/eigen3_cmake_module/cmake)
[1.523s] -- Found Eigen3: TRUE (found version "3.4.0") 
[1.523s] -- Ensuring Eigen3 include directory is part of orocos-kdl CMake target
[1.529s] -- Found ffmpeg_image_transport_msgs: 1.0.1 (/home/dronelab/vikram/slam-project/install/ffmpeg_image_transport_msgs/share/ffmpeg_image_transport_msgs/cmake)
[1.557s] -- Found ament_cmake_gtest: 1.3.9 (/opt/ros/humble/share/ament_cmake_gtest/cmake)
[1.558s] -- Found gtest sources under '/opt/ros/humble/src/gtest_vendor': C++ tests using 'Google Test' will be built
[1.616s] -- Configuring done
[1.668s] -- Generating done
[1.669s] -- Build files have been written to: /home/dronelab/vikram/slam-project/build/depthai_bridge
