[0.009s] Invoking command in '/home/dronelab/vikram/slam-project/build/ffmpeg_image_transport_msgs': CMAKE_PREFIX_PATH=/opt/ros/humble /usr/bin/cmake --build /home/dronelab/vikram/slam-project/build/ffmpeg_image_transport_msgs -- -j32 -l32
[0.040s] [35m[1mConsolidate compiler generated dependencies of target ffmpeg_image_transport_msgs__rosidl_generator_c[0m
[0.049s] [  3%] Built target ffmpeg_image_transport_msgs__cpp
[0.050s] [ 12%] Built target ffmpeg_image_transport_msgs__rosidl_generator_c
[0.056s] [35m[1mConsolidate compiler generated dependencies of target ffmpeg_image_transport_msgs__rosidl_typesupport_fastrtps_cpp[0m
[0.057s] [ 12%] Built target ament_cmake_python_copy_ffmpeg_image_transport_msgs
[0.057s] [35m[1mConsolidate compiler generated dependencies of target ffmpeg_image_transport_msgs__rosidl_typesupport_c[0m
[0.060s] [35m[1mConsolidate compiler generated dependencies of target ffmpeg_image_transport_msgs__rosidl_typesupport_introspection_c[0m
[0.060s] [35m[1mConsolidate compiler generated dependencies of target ffmpeg_image_transport_msgs__rosidl_typesupport_cpp[0m
[0.061s] [35m[1mConsolidate compiler generated dependencies of target ffmpeg_image_transport_msgs__rosidl_typesupport_introspection_cpp[0m
[0.062s] [35m[1mConsolidate compiler generated dependencies of target ffmpeg_image_transport_msgs__rosidl_typesupport_fastrtps_c[0m
[0.067s] [ 22%] Built target ffmpeg_image_transport_msgs__rosidl_typesupport_c
[0.068s] [ 32%] Built target ffmpeg_image_transport_msgs__rosidl_typesupport_fastrtps_cpp
[0.071s] [ 41%] Built target ffmpeg_image_transport_msgs__rosidl_typesupport_introspection_c
[0.080s] [ 51%] Built target ffmpeg_image_transport_msgs__rosidl_typesupport_cpp
[0.080s] [ 61%] Built target ffmpeg_image_transport_msgs__rosidl_typesupport_fastrtps_c
[0.081s] [ 70%] Built target ffmpeg_image_transport_msgs__rosidl_typesupport_introspection_cpp
[0.097s] [ 70%] Built target ffmpeg_image_transport_msgs
[0.113s] [ 74%] Built target ffmpeg_image_transport_msgs__py
[0.121s] [35m[1mConsolidate compiler generated dependencies of target ffmpeg_image_transport_msgs__rosidl_generator_py[0m
[0.130s] [ 80%] Built target ffmpeg_image_transport_msgs__rosidl_generator_py
[0.137s] [35m[1mConsolidate compiler generated dependencies of target ffmpeg_image_transport_msgs__rosidl_typesupport_fastrtps_c__pyext[0m
[0.139s] [35m[1mConsolidate compiler generated dependencies of target ffmpeg_image_transport_msgs__rosidl_typesupport_c__pyext[0m
[0.139s] [35m[1mConsolidate compiler generated dependencies of target ffmpeg_image_transport_msgs__rosidl_typesupport_introspection_c__pyext[0m
[0.148s] [ 87%] Built target ffmpeg_image_transport_msgs__rosidl_typesupport_fastrtps_c__pyext
[0.149s] [ 93%] Built target ffmpeg_image_transport_msgs__rosidl_typesupport_c__pyext
[0.150s] [100%] Built target ffmpeg_image_transport_msgs__rosidl_typesupport_introspection_c__pyext
[0.218s] running egg_info
[0.219s] writing ffmpeg_image_transport_msgs.egg-info/PKG-INFO
[0.219s] writing dependency_links to ffmpeg_image_transport_msgs.egg-info/dependency_links.txt
[0.219s] writing top-level names to ffmpeg_image_transport_msgs.egg-info/top_level.txt
[0.220s] reading manifest file 'ffmpeg_image_transport_msgs.egg-info/SOURCES.txt'
[0.221s] writing manifest file 'ffmpeg_image_transport_msgs.egg-info/SOURCES.txt'
[0.239s] [100%] Built target ament_cmake_python_build_ffmpeg_image_transport_msgs_egg
[0.247s] Invoked command in '/home/dronelab/vikram/slam-project/build/ffmpeg_image_transport_msgs' returned '0': CMAKE_PREFIX_PATH=/opt/ros/humble /usr/bin/cmake --build /home/dronelab/vikram/slam-project/build/ffmpeg_image_transport_msgs -- -j32 -l32
[0.291s] Invoking command in '/home/dronelab/vikram/slam-project/build/ffmpeg_image_transport_msgs': CMAKE_PREFIX_PATH=/opt/ros/humble /usr/bin/cmake --install /home/dronelab/vikram/slam-project/build/ffmpeg_image_transport_msgs
[0.298s] -- Install configuration: ""
[0.298s] -- Up-to-date: /home/dronelab/vikram/slam-project/install/ffmpeg_image_transport_msgs/share/ament_index/resource_index/rosidl_interfaces/ffmpeg_image_transport_msgs
[0.298s] -- Up-to-date: /home/dronelab/vikram/slam-project/install/ffmpeg_image_transport_msgs/include/ffmpeg_image_transport_msgs/ffmpeg_image_transport_msgs
[0.298s] -- Up-to-date: /home/dronelab/vikram/slam-project/install/ffmpeg_image_transport_msgs/include/ffmpeg_image_transport_msgs/ffmpeg_image_transport_msgs/msg
[0.298s] -- Up-to-date: /home/dronelab/vikram/slam-project/install/ffmpeg_image_transport_msgs/include/ffmpeg_image_transport_msgs/ffmpeg_image_transport_msgs/msg/ffmpeg_packet.h
[0.298s] -- Up-to-date: /home/dronelab/vikram/slam-project/install/ffmpeg_image_transport_msgs/include/ffmpeg_image_transport_msgs/ffmpeg_image_transport_msgs/msg/detail
[0.298s] -- Up-to-date: /home/dronelab/vikram/slam-project/install/ffmpeg_image_transport_msgs/include/ffmpeg_image_transport_msgs/ffmpeg_image_transport_msgs/msg/detail/ffmpeg_packet__type_support.h
[0.299s] -- Up-to-date: /home/dronelab/vikram/slam-project/install/ffmpeg_image_transport_msgs/include/ffmpeg_image_transport_msgs/ffmpeg_image_transport_msgs/msg/detail/ffmpeg_packet__functions.h
[0.299s] -- Up-to-date: /home/dronelab/vikram/slam-project/install/ffmpeg_image_transport_msgs/include/ffmpeg_image_transport_msgs/ffmpeg_image_transport_msgs/msg/detail/ffmpeg_packet__struct.h
[0.299s] -- Up-to-date: /home/dronelab/vikram/slam-project/install/ffmpeg_image_transport_msgs/include/ffmpeg_image_transport_msgs/ffmpeg_image_transport_msgs/msg/detail/ffmpeg_packet__functions.c
[0.299s] -- Up-to-date: /home/dronelab/vikram/slam-project/install/ffmpeg_image_transport_msgs/include/ffmpeg_image_transport_msgs/ffmpeg_image_transport_msgs/msg/rosidl_generator_c__visibility_control.h
[0.299s] -- Up-to-date: /home/dronelab/vikram/slam-project/install/ffmpeg_image_transport_msgs/share/ffmpeg_image_transport_msgs/environment/library_path.sh
[0.299s] -- Up-to-date: /home/dronelab/vikram/slam-project/install/ffmpeg_image_transport_msgs/share/ffmpeg_image_transport_msgs/environment/library_path.dsv
[0.299s] -- Up-to-date: /home/dronelab/vikram/slam-project/install/ffmpeg_image_transport_msgs/lib/libffmpeg_image_transport_msgs__rosidl_generator_c.so
[0.299s] -- Up-to-date: /home/dronelab/vikram/slam-project/install/ffmpeg_image_transport_msgs/include/ffmpeg_image_transport_msgs/ffmpeg_image_transport_msgs
[0.299s] -- Up-to-date: /home/dronelab/vikram/slam-project/install/ffmpeg_image_transport_msgs/include/ffmpeg_image_transport_msgs/ffmpeg_image_transport_msgs/msg
[0.299s] -- Up-to-date: /home/dronelab/vikram/slam-project/install/ffmpeg_image_transport_msgs/include/ffmpeg_image_transport_msgs/ffmpeg_image_transport_msgs/msg/rosidl_typesupport_fastrtps_c__visibility_control.h
[0.299s] -- Up-to-date: /home/dronelab/vikram/slam-project/install/ffmpeg_image_transport_msgs/include/ffmpeg_image_transport_msgs/ffmpeg_image_transport_msgs/msg/detail
[0.299s] -- Up-to-date: /home/dronelab/vikram/slam-project/install/ffmpeg_image_transport_msgs/include/ffmpeg_image_transport_msgs/ffmpeg_image_transport_msgs/msg/detail/ffmpeg_packet__rosidl_typesupport_fastrtps_c.h
[0.299s] -- Up-to-date: /home/dronelab/vikram/slam-project/install/ffmpeg_image_transport_msgs/lib/libffmpeg_image_transport_msgs__rosidl_typesupport_fastrtps_c.so
[0.299s] -- Up-to-date: /home/dronelab/vikram/slam-project/install/ffmpeg_image_transport_msgs/include/ffmpeg_image_transport_msgs/ffmpeg_image_transport_msgs
[0.299s] -- Up-to-date: /home/dronelab/vikram/slam-project/install/ffmpeg_image_transport_msgs/include/ffmpeg_image_transport_msgs/ffmpeg_image_transport_msgs/msg
[0.299s] -- Up-to-date: /home/dronelab/vikram/slam-project/install/ffmpeg_image_transport_msgs/include/ffmpeg_image_transport_msgs/ffmpeg_image_transport_msgs/msg/ffmpeg_packet.hpp
[0.299s] -- Up-to-date: /home/dronelab/vikram/slam-project/install/ffmpeg_image_transport_msgs/include/ffmpeg_image_transport_msgs/ffmpeg_image_transport_msgs/msg/detail
[0.299s] -- Up-to-date: /home/dronelab/vikram/slam-project/install/ffmpeg_image_transport_msgs/include/ffmpeg_image_transport_msgs/ffmpeg_image_transport_msgs/msg/detail/ffmpeg_packet__traits.hpp
[0.299s] -- Up-to-date: /home/dronelab/vikram/slam-project/install/ffmpeg_image_transport_msgs/include/ffmpeg_image_transport_msgs/ffmpeg_image_transport_msgs/msg/detail/ffmpeg_packet__struct.hpp
[0.299s] -- Up-to-date: /home/dronelab/vikram/slam-project/install/ffmpeg_image_transport_msgs/include/ffmpeg_image_transport_msgs/ffmpeg_image_transport_msgs/msg/detail/ffmpeg_packet__builder.hpp
[0.299s] -- Up-to-date: /home/dronelab/vikram/slam-project/install/ffmpeg_image_transport_msgs/include/ffmpeg_image_transport_msgs/ffmpeg_image_transport_msgs
[0.299s] -- Up-to-date: /home/dronelab/vikram/slam-project/install/ffmpeg_image_transport_msgs/include/ffmpeg_image_transport_msgs/ffmpeg_image_transport_msgs/msg
[0.300s] -- Up-to-date: /home/dronelab/vikram/slam-project/install/ffmpeg_image_transport_msgs/include/ffmpeg_image_transport_msgs/ffmpeg_image_transport_msgs/msg/rosidl_typesupport_fastrtps_cpp__visibility_control.h
[0.300s] -- Up-to-date: /home/dronelab/vikram/slam-project/install/ffmpeg_image_transport_msgs/include/ffmpeg_image_transport_msgs/ffmpeg_image_transport_msgs/msg/detail
[0.300s] -- Up-to-date: /home/dronelab/vikram/slam-project/install/ffmpeg_image_transport_msgs/include/ffmpeg_image_transport_msgs/ffmpeg_image_transport_msgs/msg/detail/dds_fastrtps
[0.300s] -- Up-to-date: /home/dronelab/vikram/slam-project/install/ffmpeg_image_transport_msgs/include/ffmpeg_image_transport_msgs/ffmpeg_image_transport_msgs/msg/detail/ffmpeg_packet__rosidl_typesupport_fastrtps_cpp.hpp
[0.300s] -- Up-to-date: /home/dronelab/vikram/slam-project/install/ffmpeg_image_transport_msgs/lib/libffmpeg_image_transport_msgs__rosidl_typesupport_fastrtps_cpp.so
[0.300s] -- Up-to-date: /home/dronelab/vikram/slam-project/install/ffmpeg_image_transport_msgs/include/ffmpeg_image_transport_msgs/ffmpeg_image_transport_msgs
[0.300s] -- Up-to-date: /home/dronelab/vikram/slam-project/install/ffmpeg_image_transport_msgs/include/ffmpeg_image_transport_msgs/ffmpeg_image_transport_msgs/msg
[0.300s] -- Up-to-date: /home/dronelab/vikram/slam-project/install/ffmpeg_image_transport_msgs/include/ffmpeg_image_transport_msgs/ffmpeg_image_transport_msgs/msg/rosidl_typesupport_introspection_c__visibility_control.h
[0.300s] -- Up-to-date: /home/dronelab/vikram/slam-project/install/ffmpeg_image_transport_msgs/include/ffmpeg_image_transport_msgs/ffmpeg_image_transport_msgs/msg/detail
[0.300s] -- Up-to-date: /home/dronelab/vikram/slam-project/install/ffmpeg_image_transport_msgs/include/ffmpeg_image_transport_msgs/ffmpeg_image_transport_msgs/msg/detail/ffmpeg_packet__type_support.c
[0.300s] -- Up-to-date: /home/dronelab/vikram/slam-project/install/ffmpeg_image_transport_msgs/include/ffmpeg_image_transport_msgs/ffmpeg_image_transport_msgs/msg/detail/ffmpeg_packet__rosidl_typesupport_introspection_c.h
[0.300s] -- Up-to-date: /home/dronelab/vikram/slam-project/install/ffmpeg_image_transport_msgs/lib/libffmpeg_image_transport_msgs__rosidl_typesupport_introspection_c.so
[0.300s] -- Up-to-date: /home/dronelab/vikram/slam-project/install/ffmpeg_image_transport_msgs/lib/libffmpeg_image_transport_msgs__rosidl_typesupport_c.so
[0.301s] -- Up-to-date: /home/dronelab/vikram/slam-project/install/ffmpeg_image_transport_msgs/include/ffmpeg_image_transport_msgs/ffmpeg_image_transport_msgs
[0.301s] -- Up-to-date: /home/dronelab/vikram/slam-project/install/ffmpeg_image_transport_msgs/include/ffmpeg_image_transport_msgs/ffmpeg_image_transport_msgs/msg
[0.301s] -- Up-to-date: /home/dronelab/vikram/slam-project/install/ffmpeg_image_transport_msgs/include/ffmpeg_image_transport_msgs/ffmpeg_image_transport_msgs/msg/detail
[0.301s] -- Up-to-date: /home/dronelab/vikram/slam-project/install/ffmpeg_image_transport_msgs/include/ffmpeg_image_transport_msgs/ffmpeg_image_transport_msgs/msg/detail/ffmpeg_packet__rosidl_typesupport_introspection_cpp.hpp
[0.301s] -- Up-to-date: /home/dronelab/vikram/slam-project/install/ffmpeg_image_transport_msgs/include/ffmpeg_image_transport_msgs/ffmpeg_image_transport_msgs/msg/detail/ffmpeg_packet__type_support.cpp
[0.301s] -- Up-to-date: /home/dronelab/vikram/slam-project/install/ffmpeg_image_transport_msgs/lib/libffmpeg_image_transport_msgs__rosidl_typesupport_introspection_cpp.so
[0.301s] -- Up-to-date: /home/dronelab/vikram/slam-project/install/ffmpeg_image_transport_msgs/lib/libffmpeg_image_transport_msgs__rosidl_typesupport_cpp.so
[0.301s] -- Up-to-date: /home/dronelab/vikram/slam-project/install/ffmpeg_image_transport_msgs/share/ffmpeg_image_transport_msgs/environment/pythonpath.sh
[0.301s] -- Up-to-date: /home/dronelab/vikram/slam-project/install/ffmpeg_image_transport_msgs/share/ffmpeg_image_transport_msgs/environment/pythonpath.dsv
[0.301s] -- Up-to-date: /home/dronelab/vikram/slam-project/install/ffmpeg_image_transport_msgs/local/lib/python3.10/dist-packages/ffmpeg_image_transport_msgs-1.0.1-py3.10.egg-info
[0.301s] -- Installing: /home/dronelab/vikram/slam-project/install/ffmpeg_image_transport_msgs/local/lib/python3.10/dist-packages/ffmpeg_image_transport_msgs-1.0.1-py3.10.egg-info/PKG-INFO
[0.301s] -- Installing: /home/dronelab/vikram/slam-project/install/ffmpeg_image_transport_msgs/local/lib/python3.10/dist-packages/ffmpeg_image_transport_msgs-1.0.1-py3.10.egg-info/SOURCES.txt
[0.301s] -- Installing: /home/dronelab/vikram/slam-project/install/ffmpeg_image_transport_msgs/local/lib/python3.10/dist-packages/ffmpeg_image_transport_msgs-1.0.1-py3.10.egg-info/top_level.txt
[0.301s] -- Installing: /home/dronelab/vikram/slam-project/install/ffmpeg_image_transport_msgs/local/lib/python3.10/dist-packages/ffmpeg_image_transport_msgs-1.0.1-py3.10.egg-info/dependency_links.txt
[0.301s] -- Up-to-date: /home/dronelab/vikram/slam-project/install/ffmpeg_image_transport_msgs/local/lib/python3.10/dist-packages/ffmpeg_image_transport_msgs
[0.301s] -- Up-to-date: /home/dronelab/vikram/slam-project/install/ffmpeg_image_transport_msgs/local/lib/python3.10/dist-packages/ffmpeg_image_transport_msgs/libffmpeg_image_transport_msgs__rosidl_generator_py.so
[0.302s] -- Up-to-date: /home/dronelab/vikram/slam-project/install/ffmpeg_image_transport_msgs/local/lib/python3.10/dist-packages/ffmpeg_image_transport_msgs/ffmpeg_image_transport_msgs_s__rosidl_typesupport_fastrtps_c.cpython-310-x86_64-linux-gnu.so
[0.302s] -- Up-to-date: /home/dronelab/vikram/slam-project/install/ffmpeg_image_transport_msgs/local/lib/python3.10/dist-packages/ffmpeg_image_transport_msgs/_ffmpeg_image_transport_msgs_s.ep.rosidl_typesupport_introspection_c.c
[0.302s] -- Up-to-date: /home/dronelab/vikram/slam-project/install/ffmpeg_image_transport_msgs/local/lib/python3.10/dist-packages/ffmpeg_image_transport_msgs/_ffmpeg_image_transport_msgs_s.ep.rosidl_typesupport_fastrtps_c.c
[0.302s] -- Up-to-date: /home/dronelab/vikram/slam-project/install/ffmpeg_image_transport_msgs/local/lib/python3.10/dist-packages/ffmpeg_image_transport_msgs/ffmpeg_image_transport_msgs_s__rosidl_typesupport_c.cpython-310-x86_64-linux-gnu.so
[0.302s] -- Up-to-date: /home/dronelab/vikram/slam-project/install/ffmpeg_image_transport_msgs/local/lib/python3.10/dist-packages/ffmpeg_image_transport_msgs/msg
[0.302s] -- Up-to-date: /home/dronelab/vikram/slam-project/install/ffmpeg_image_transport_msgs/local/lib/python3.10/dist-packages/ffmpeg_image_transport_msgs/msg/_ffmpeg_packet.py
[0.302s] -- Up-to-date: /home/dronelab/vikram/slam-project/install/ffmpeg_image_transport_msgs/local/lib/python3.10/dist-packages/ffmpeg_image_transport_msgs/msg/_ffmpeg_packet_s.c
[0.302s] -- Up-to-date: /home/dronelab/vikram/slam-project/install/ffmpeg_image_transport_msgs/local/lib/python3.10/dist-packages/ffmpeg_image_transport_msgs/msg/__init__.py
[0.302s] -- Up-to-date: /home/dronelab/vikram/slam-project/install/ffmpeg_image_transport_msgs/local/lib/python3.10/dist-packages/ffmpeg_image_transport_msgs/__init__.py
[0.302s] -- Up-to-date: /home/dronelab/vikram/slam-project/install/ffmpeg_image_transport_msgs/local/lib/python3.10/dist-packages/ffmpeg_image_transport_msgs/ffmpeg_image_transport_msgs_s__rosidl_typesupport_introspection_c.cpython-310-x86_64-linux-gnu.so
[0.302s] -- Up-to-date: /home/dronelab/vikram/slam-project/install/ffmpeg_image_transport_msgs/local/lib/python3.10/dist-packages/ffmpeg_image_transport_msgs/_ffmpeg_image_transport_msgs_s.ep.rosidl_typesupport_c.c
[0.328s] Listing '/home/dronelab/vikram/slam-project/install/ffmpeg_image_transport_msgs/local/lib/python3.10/dist-packages/ffmpeg_image_transport_msgs'...
[0.328s] Listing '/home/dronelab/vikram/slam-project/install/ffmpeg_image_transport_msgs/local/lib/python3.10/dist-packages/ffmpeg_image_transport_msgs/msg'...
[0.331s] -- Up-to-date: /home/dronelab/vikram/slam-project/install/ffmpeg_image_transport_msgs/local/lib/python3.10/dist-packages/ffmpeg_image_transport_msgs/ffmpeg_image_transport_msgs_s__rosidl_typesupport_fastrtps_c.cpython-310-x86_64-linux-gnu.so
[0.331s] -- Up-to-date: /home/dronelab/vikram/slam-project/install/ffmpeg_image_transport_msgs/local/lib/python3.10/dist-packages/ffmpeg_image_transport_msgs/ffmpeg_image_transport_msgs_s__rosidl_typesupport_introspection_c.cpython-310-x86_64-linux-gnu.so
[0.331s] -- Up-to-date: /home/dronelab/vikram/slam-project/install/ffmpeg_image_transport_msgs/local/lib/python3.10/dist-packages/ffmpeg_image_transport_msgs/ffmpeg_image_transport_msgs_s__rosidl_typesupport_c.cpython-310-x86_64-linux-gnu.so
[0.331s] -- Up-to-date: /home/dronelab/vikram/slam-project/install/ffmpeg_image_transport_msgs/lib/libffmpeg_image_transport_msgs__rosidl_generator_py.so
[0.331s] -- Up-to-date: /home/dronelab/vikram/slam-project/install/ffmpeg_image_transport_msgs/share/ffmpeg_image_transport_msgs/msg/FFMPEGPacket.idl
[0.331s] -- Up-to-date: /home/dronelab/vikram/slam-project/install/ffmpeg_image_transport_msgs/share/ffmpeg_image_transport_msgs/msg/FFMPEGPacket.msg
[0.332s] -- Up-to-date: /home/dronelab/vikram/slam-project/install/ffmpeg_image_transport_msgs/share/ament_index/resource_index/package_run_dependencies/ffmpeg_image_transport_msgs
[0.332s] -- Up-to-date: /home/dronelab/vikram/slam-project/install/ffmpeg_image_transport_msgs/share/ament_index/resource_index/parent_prefix_path/ffmpeg_image_transport_msgs
[0.332s] -- Up-to-date: /home/dronelab/vikram/slam-project/install/ffmpeg_image_transport_msgs/share/ffmpeg_image_transport_msgs/environment/ament_prefix_path.sh
[0.332s] -- Up-to-date: /home/dronelab/vikram/slam-project/install/ffmpeg_image_transport_msgs/share/ffmpeg_image_transport_msgs/environment/ament_prefix_path.dsv
[0.332s] -- Up-to-date: /home/dronelab/vikram/slam-project/install/ffmpeg_image_transport_msgs/share/ffmpeg_image_transport_msgs/environment/path.sh
[0.332s] -- Up-to-date: /home/dronelab/vikram/slam-project/install/ffmpeg_image_transport_msgs/share/ffmpeg_image_transport_msgs/environment/path.dsv
[0.332s] -- Up-to-date: /home/dronelab/vikram/slam-project/install/ffmpeg_image_transport_msgs/share/ffmpeg_image_transport_msgs/local_setup.bash
[0.332s] -- Up-to-date: /home/dronelab/vikram/slam-project/install/ffmpeg_image_transport_msgs/share/ffmpeg_image_transport_msgs/local_setup.sh
[0.332s] -- Up-to-date: /home/dronelab/vikram/slam-project/install/ffmpeg_image_transport_msgs/share/ffmpeg_image_transport_msgs/local_setup.zsh
[0.332s] -- Up-to-date: /home/dronelab/vikram/slam-project/install/ffmpeg_image_transport_msgs/share/ffmpeg_image_transport_msgs/local_setup.dsv
[0.332s] -- Installing: /home/dronelab/vikram/slam-project/install/ffmpeg_image_transport_msgs/share/ffmpeg_image_transport_msgs/package.dsv
[0.332s] -- Up-to-date: /home/dronelab/vikram/slam-project/install/ffmpeg_image_transport_msgs/share/ament_index/resource_index/packages/ffmpeg_image_transport_msgs
[0.332s] -- Up-to-date: /home/dronelab/vikram/slam-project/install/ffmpeg_image_transport_msgs/share/ffmpeg_image_transport_msgs/cmake/export_ffmpeg_image_transport_msgs__rosidl_generator_cExport.cmake
[0.333s] -- Up-to-date: /home/dronelab/vikram/slam-project/install/ffmpeg_image_transport_msgs/share/ffmpeg_image_transport_msgs/cmake/export_ffmpeg_image_transport_msgs__rosidl_generator_cExport-noconfig.cmake
[0.333s] -- Up-to-date: /home/dronelab/vikram/slam-project/install/ffmpeg_image_transport_msgs/share/ffmpeg_image_transport_msgs/cmake/export_ffmpeg_image_transport_msgs__rosidl_typesupport_fastrtps_cExport.cmake
[0.333s] -- Up-to-date: /home/dronelab/vikram/slam-project/install/ffmpeg_image_transport_msgs/share/ffmpeg_image_transport_msgs/cmake/export_ffmpeg_image_transport_msgs__rosidl_typesupport_fastrtps_cExport-noconfig.cmake
[0.333s] -- Up-to-date: /home/dronelab/vikram/slam-project/install/ffmpeg_image_transport_msgs/share/ffmpeg_image_transport_msgs/cmake/export_ffmpeg_image_transport_msgs__rosidl_generator_cppExport.cmake
[0.333s] -- Up-to-date: /home/dronelab/vikram/slam-project/install/ffmpeg_image_transport_msgs/share/ffmpeg_image_transport_msgs/cmake/export_ffmpeg_image_transport_msgs__rosidl_typesupport_fastrtps_cppExport.cmake
[0.333s] -- Up-to-date: /home/dronelab/vikram/slam-project/install/ffmpeg_image_transport_msgs/share/ffmpeg_image_transport_msgs/cmake/export_ffmpeg_image_transport_msgs__rosidl_typesupport_fastrtps_cppExport-noconfig.cmake
[0.333s] -- Up-to-date: /home/dronelab/vikram/slam-project/install/ffmpeg_image_transport_msgs/share/ffmpeg_image_transport_msgs/cmake/ffmpeg_image_transport_msgs__rosidl_typesupport_introspection_cExport.cmake
[0.333s] -- Up-to-date: /home/dronelab/vikram/slam-project/install/ffmpeg_image_transport_msgs/share/ffmpeg_image_transport_msgs/cmake/ffmpeg_image_transport_msgs__rosidl_typesupport_introspection_cExport-noconfig.cmake
[0.333s] -- Up-to-date: /home/dronelab/vikram/slam-project/install/ffmpeg_image_transport_msgs/share/ffmpeg_image_transport_msgs/cmake/ffmpeg_image_transport_msgs__rosidl_typesupport_cExport.cmake
[0.333s] -- Up-to-date: /home/dronelab/vikram/slam-project/install/ffmpeg_image_transport_msgs/share/ffmpeg_image_transport_msgs/cmake/ffmpeg_image_transport_msgs__rosidl_typesupport_cExport-noconfig.cmake
[0.333s] -- Up-to-date: /home/dronelab/vikram/slam-project/install/ffmpeg_image_transport_msgs/share/ffmpeg_image_transport_msgs/cmake/ffmpeg_image_transport_msgs__rosidl_typesupport_introspection_cppExport.cmake
[0.334s] -- Up-to-date: /home/dronelab/vikram/slam-project/install/ffmpeg_image_transport_msgs/share/ffmpeg_image_transport_msgs/cmake/ffmpeg_image_transport_msgs__rosidl_typesupport_introspection_cppExport-noconfig.cmake
[0.334s] -- Up-to-date: /home/dronelab/vikram/slam-project/install/ffmpeg_image_transport_msgs/share/ffmpeg_image_transport_msgs/cmake/ffmpeg_image_transport_msgs__rosidl_typesupport_cppExport.cmake
[0.334s] -- Up-to-date: /home/dronelab/vikram/slam-project/install/ffmpeg_image_transport_msgs/share/ffmpeg_image_transport_msgs/cmake/ffmpeg_image_transport_msgs__rosidl_typesupport_cppExport-noconfig.cmake
[0.334s] -- Up-to-date: /home/dronelab/vikram/slam-project/install/ffmpeg_image_transport_msgs/share/ffmpeg_image_transport_msgs/cmake/export_ffmpeg_image_transport_msgs__rosidl_generator_pyExport.cmake
[0.334s] -- Up-to-date: /home/dronelab/vikram/slam-project/install/ffmpeg_image_transport_msgs/share/ffmpeg_image_transport_msgs/cmake/export_ffmpeg_image_transport_msgs__rosidl_generator_pyExport-noconfig.cmake
[0.334s] -- Up-to-date: /home/dronelab/vikram/slam-project/install/ffmpeg_image_transport_msgs/share/ffmpeg_image_transport_msgs/cmake/rosidl_cmake-extras.cmake
[0.334s] -- Up-to-date: /home/dronelab/vikram/slam-project/install/ffmpeg_image_transport_msgs/share/ffmpeg_image_transport_msgs/cmake/ament_cmake_export_dependencies-extras.cmake
[0.334s] -- Up-to-date: /home/dronelab/vikram/slam-project/install/ffmpeg_image_transport_msgs/share/ffmpeg_image_transport_msgs/cmake/ament_cmake_export_include_directories-extras.cmake
[0.334s] -- Up-to-date: /home/dronelab/vikram/slam-project/install/ffmpeg_image_transport_msgs/share/ffmpeg_image_transport_msgs/cmake/ament_cmake_export_libraries-extras.cmake
[0.334s] -- Up-to-date: /home/dronelab/vikram/slam-project/install/ffmpeg_image_transport_msgs/share/ffmpeg_image_transport_msgs/cmake/ament_cmake_export_targets-extras.cmake
[0.334s] -- Up-to-date: /home/dronelab/vikram/slam-project/install/ffmpeg_image_transport_msgs/share/ffmpeg_image_transport_msgs/cmake/rosidl_cmake_export_typesupport_targets-extras.cmake
[0.334s] -- Up-to-date: /home/dronelab/vikram/slam-project/install/ffmpeg_image_transport_msgs/share/ffmpeg_image_transport_msgs/cmake/rosidl_cmake_export_typesupport_libraries-extras.cmake
[0.334s] -- Up-to-date: /home/dronelab/vikram/slam-project/install/ffmpeg_image_transport_msgs/share/ffmpeg_image_transport_msgs/cmake/ffmpeg_image_transport_msgsConfig.cmake
[0.334s] -- Up-to-date: /home/dronelab/vikram/slam-project/install/ffmpeg_image_transport_msgs/share/ffmpeg_image_transport_msgs/cmake/ffmpeg_image_transport_msgsConfig-version.cmake
[0.334s] -- Up-to-date: /home/dronelab/vikram/slam-project/install/ffmpeg_image_transport_msgs/share/ffmpeg_image_transport_msgs/package.xml
[0.335s] Invoked command in '/home/dronelab/vikram/slam-project/build/ffmpeg_image_transport_msgs' returned '0': CMAKE_PREFIX_PATH=/opt/ros/humble /usr/bin/cmake --install /home/dronelab/vikram/slam-project/build/ffmpeg_image_transport_msgs
