[0.011s] Invoking command in '/home/dronelab/vikram/slam-project/build/depthai_bridge': AMENT_PREFIX_PATH=/home/dronelab/vikram/slam-project/install/depthai_ros_msgs:${AMENT_PREFIX_PATH} CMAKE_PREFIX_PATH=/home/dronelab/vikram/slam-project/install/depthai_ros_msgs:/opt/ros/humble LD_LIBRARY_PATH=/home/dronelab/vikram/slam-project/install/depthai_ros_msgs/lib:${LD_LIBRARY_PATH} PYTHONPATH=/home/dronelab/vikram/slam-project/install/depthai_ros_msgs/local/lib/python3.10/dist-packages:${PYTHONPATH} /usr/bin/cmake /home/dronelab/vikram/slam-project/src/depthai_bridge -DCMAKE_INSTALL_PREFIX=/home/dronelab/vikram/slam-project/install/depthai_bridge
[0.022s] -- Found ament_index_cpp: 1.4.0 (/opt/ros/humble/share/ament_index_cpp/cmake)
[0.022s] -- Found camera_info_manager: 3.1.9 (/opt/ros/humble/share/camera_info_manager/cmake)
[0.128s] -- Found rosidl_generator_c: 3.1.5 (/opt/ros/humble/share/rosidl_generator_c/cmake)
[0.129s] -- Found rosidl_adapter: 3.1.5 (/opt/ros/humble/share/rosidl_adapter/cmake)
[0.133s] -- Found rosidl_generator_cpp: 3.1.5 (/opt/ros/humble/share/rosidl_generator_cpp/cmake)
[0.139s] -- Using all available rosidl_typesupport_c: rosidl_typesupport_fastrtps_c;rosidl_typesupport_introspection_c
[0.149s] -- Using all available rosidl_typesupport_cpp: rosidl_typesupport_fastrtps_cpp;rosidl_typesupport_introspection_cpp
[0.185s] -- Found rmw_implementation_cmake: 6.1.2 (/opt/ros/humble/share/rmw_implementation_cmake/cmake)
[0.185s] -- Found rmw_fastrtps_cpp: 6.2.6 (/opt/ros/humble/share/rmw_fastrtps_cpp/cmake)
[0.271s] -- Using RMW implementation 'rmw_fastrtps_cpp' as default
[0.483s] -- Found cv_bridge: 3.2.1 (/opt/ros/humble/share/cv_bridge/cmake)
[0.492s] -- Found depthai_ros_msgs: 3.0.9 (/home/dronelab/vikram/slam-project/install/depthai_ros_msgs/share/depthai_ros_msgs/cmake)
[0.633s] -- Found image_transport: 3.1.9 (/opt/ros/humble/share/image_transport/cmake)
[0.655s] -- Found nav_msgs: 4.2.4 (/opt/ros/humble/share/nav_msgs/cmake)
[0.707s] -- Found stereo_msgs: 4.2.4 (/opt/ros/humble/share/stereo_msgs/cmake)
[0.760s] -- Found tf2_ros: 0.25.7 (/opt/ros/humble/share/tf2_ros/cmake)
[0.970s] -- Found tf2_geometry_msgs: 0.25.7 (/opt/ros/humble/share/tf2_geometry_msgs/cmake)
[0.972s] -- Found eigen3_cmake_module: 0.1.1 (/opt/ros/humble/share/eigen3_cmake_module/cmake)
[0.973s] -- Ensuring Eigen3 include directory is part of orocos-kdl CMake target
[0.985s] -- Configuring incomplete, errors occurred!
[0.985s] See also "/home/dronelab/vikram/slam-project/build/depthai_bridge/CMakeFiles/CMakeOutput.log".
[0.985s] [31mCMake Error at CMakeLists.txt:29 (find_package):
[0.985s]   By not providing "Findffmpeg_image_transport_msgs.cmake" in
[0.985s]   CMAKE_MODULE_PATH this project has asked CMake to find a package
[0.985s]   configuration file provided by "ffmpeg_image_transport_msgs", but CMake did
[0.985s]   not find one.
[0.985s] 
[0.985s]   Could not find a package configuration file provided by
[0.985s]   "ffmpeg_image_transport_msgs" with any of the following names:
[0.985s] 
[0.985s]     ffmpeg_image_transport_msgsConfig.cmake
[0.985s]     ffmpeg_image_transport_msgs-config.cmake
[0.985s] 
[0.985s]   Add the installation prefix of "ffmpeg_image_transport_msgs" to
[0.985s]   CMAKE_PREFIX_PATH or set "ffmpeg_image_transport_msgs_DIR" to a directory
[0.985s]   containing one of the above files.  If "ffmpeg_image_transport_msgs"
[0.985s]   provides a separate development package or SDK, be sure it has been
[0.985s]   installed.
[0.985s] 
[0.985s] [0m
