[0.006s] Invoking command in '/home/dronelab/vikram/slam-project/build/depthai_descriptions': CMAKE_PREFIX_PATH=/opt/ros/humble /usr/bin/cmake /home/dronelab/vikram/slam-project/src/depthai_descriptions -DCMAKE_INSTALL_PREFIX=/home/dronelab/vikram/slam-project/install/depthai_descriptions
[0.057s] -- The C compiler identification is GNU 11.4.0
[0.118s] -- The CXX compiler identification is GNU 11.4.0
[0.125s] -- Detecting C compiler ABI info
[0.196s] -- Detecting C compiler ABI info - done
[0.203s] -- Check for working C compiler: /usr/bin/cc - skipped
[0.203s] -- Detecting C compile features
[0.204s] -- Detecting C compile features - done
[0.206s] -- Detecting CXX compiler ABI info
[0.269s] -- Detecting CXX compiler ABI info - done
[0.276s] -- Check for working CXX compiler: /usr/bin/c++ - skipped
[0.276s] -- Detecting CXX compile features
[0.277s] -- Detecting CXX compile features - done
[0.279s] -- Found ament_cmake: 1.3.9 (/opt/ros/humble/share/ament_cmake/cmake)
[0.388s] -- Found Python3: /usr/bin/python3 (found version "3.10.12") found components: Interpreter 
[0.494s] -- Configuring done
[0.496s] -- Generating done
[0.496s] -- Build files have been written to: /home/dronelab/vikram/slam-project/build/depthai_descriptions
[0.499s] Invoked command in '/home/dronelab/vikram/slam-project/build/depthai_descriptions' returned '0': CMAKE_PREFIX_PATH=/opt/ros/humble /usr/bin/cmake /home/dronelab/vikram/slam-project/src/depthai_descriptions -DCMAKE_INSTALL_PREFIX=/home/dronelab/vikram/slam-project/install/depthai_descriptions
[0.500s] Invoking command in '/home/dronelab/vikram/slam-project/build/depthai_descriptions': CMAKE_PREFIX_PATH=/opt/ros/humble /usr/bin/cmake --build /home/dronelab/vikram/slam-project/build/depthai_descriptions -- -j32 -l32
[0.527s] Invoked command in '/home/dronelab/vikram/slam-project/build/depthai_descriptions' returned '0': CMAKE_PREFIX_PATH=/opt/ros/humble /usr/bin/cmake --build /home/dronelab/vikram/slam-project/build/depthai_descriptions -- -j32 -l32
[0.545s] Invoking command in '/home/dronelab/vikram/slam-project/build/depthai_descriptions': CMAKE_PREFIX_PATH=/opt/ros/humble /usr/bin/cmake --install /home/dronelab/vikram/slam-project/build/depthai_descriptions
[0.550s] -- Install configuration: ""
[0.550s] -- Installing: /home/dronelab/vikram/slam-project/install/depthai_descriptions/share/depthai_descriptions/launch
[0.550s] -- Installing: /home/dronelab/vikram/slam-project/install/depthai_descriptions/share/depthai_descriptions/launch/urdf_launch.py
[0.550s] -- Installing: /home/dronelab/vikram/slam-project/install/depthai_descriptions/share/depthai_descriptions/urdf
[0.550s] -- Installing: /home/dronelab/vikram/slam-project/install/depthai_descriptions/share/depthai_descriptions/urdf/depthai_descr.urdf.xacro
[0.550s] -- Installing: /home/dronelab/vikram/slam-project/install/depthai_descriptions/share/depthai_descriptions/urdf/include
[0.550s] -- Installing: /home/dronelab/vikram/slam-project/install/depthai_descriptions/share/depthai_descriptions/urdf/include/base_macro.urdf.xacro
[0.550s] -- Installing: /home/dronelab/vikram/slam-project/install/depthai_descriptions/share/depthai_descriptions/urdf/include/depthai_macro.urdf.xacro
[0.551s] -- Installing: /home/dronelab/vikram/slam-project/install/depthai_descriptions/share/depthai_descriptions/urdf/base_descr.urdf.xacro
[0.551s] -- Installing: /home/dronelab/vikram/slam-project/install/depthai_descriptions/share/depthai_descriptions/urdf/models
[0.551s] -- Installing: /home/dronelab/vikram/slam-project/install/depthai_descriptions/share/depthai_descriptions/urdf/models/OAK-T.stl
[0.554s] -- Installing: /home/dronelab/vikram/slam-project/install/depthai_descriptions/share/depthai_descriptions/urdf/models/OAK-D-S2-POE.stl
[0.561s] -- Installing: /home/dronelab/vikram/slam-project/install/depthai_descriptions/share/depthai_descriptions/urdf/models/OAK-D.stl
[0.563s] -- Installing: /home/dronelab/vikram/slam-project/install/depthai_descriptions/share/depthai_descriptions/urdf/models/OAK-D-SR.stl
[0.568s] -- Installing: /home/dronelab/vikram/slam-project/install/depthai_descriptions/share/depthai_descriptions/urdf/models/OAK-D-LITE.stl
[0.571s] -- Installing: /home/dronelab/vikram/slam-project/install/depthai_descriptions/share/depthai_descriptions/urdf/models/OAK-D-POE.stl
[0.575s] -- Installing: /home/dronelab/vikram/slam-project/install/depthai_descriptions/share/depthai_descriptions/urdf/models/OAK-D-CM4-POE.stl
[0.584s] -- Installing: /home/dronelab/vikram/slam-project/install/depthai_descriptions/share/depthai_descriptions/urdf/models/OAK-D-IOT-75.stl
[0.591s] -- Installing: /home/dronelab/vikram/slam-project/install/depthai_descriptions/share/depthai_descriptions/urdf/models/OAK-D-LR.stl
[0.593s] -- Installing: /home/dronelab/vikram/slam-project/install/depthai_descriptions/share/depthai_descriptions/urdf/models/OAK-D-PRO-W.stl
[0.599s] -- Installing: /home/dronelab/vikram/slam-project/install/depthai_descriptions/share/depthai_descriptions/urdf/models/OAK-D-S2.stl
[0.603s] -- Installing: /home/dronelab/vikram/slam-project/install/depthai_descriptions/share/depthai_descriptions/urdf/models/OAK-D-PRO.stl
[0.607s] -- Installing: /home/dronelab/vikram/slam-project/install/depthai_descriptions/share/depthai_descriptions/urdf/models/OAK4-D.stl
[0.617s] -- Installing: /home/dronelab/vikram/slam-project/install/depthai_descriptions/share/depthai_descriptions/urdf/models/OAK-D-SR-POE.stl
[0.618s] -- Installing: /home/dronelab/vikram/slam-project/install/depthai_descriptions/share/depthai_descriptions/urdf/models/OAK4-S.stl
[0.620s] -- Installing: /home/dronelab/vikram/slam-project/install/depthai_descriptions/share/depthai_descriptions/urdf/models/OAK-1.stl
[0.627s] -- Installing: /home/dronelab/vikram/slam-project/install/depthai_descriptions/share/depthai_descriptions/environment/depthai_descriptions.sh
[0.627s] -- Installing: /home/dronelab/vikram/slam-project/install/depthai_descriptions/share/depthai_descriptions/environment/depthai_descriptions.dsv
[0.627s] -- Installing: /home/dronelab/vikram/slam-project/install/depthai_descriptions/share/ament_index/resource_index/package_run_dependencies/depthai_descriptions
[0.627s] -- Installing: /home/dronelab/vikram/slam-project/install/depthai_descriptions/share/ament_index/resource_index/parent_prefix_path/depthai_descriptions
[0.628s] -- Installing: /home/dronelab/vikram/slam-project/install/depthai_descriptions/share/depthai_descriptions/environment/ament_prefix_path.sh
[0.628s] -- Installing: /home/dronelab/vikram/slam-project/install/depthai_descriptions/share/depthai_descriptions/environment/ament_prefix_path.dsv
[0.628s] -- Installing: /home/dronelab/vikram/slam-project/install/depthai_descriptions/share/depthai_descriptions/environment/path.sh
[0.628s] -- Installing: /home/dronelab/vikram/slam-project/install/depthai_descriptions/share/depthai_descriptions/environment/path.dsv
[0.628s] -- Installing: /home/dronelab/vikram/slam-project/install/depthai_descriptions/share/depthai_descriptions/local_setup.bash
[0.628s] -- Installing: /home/dronelab/vikram/slam-project/install/depthai_descriptions/share/depthai_descriptions/local_setup.sh
[0.628s] -- Installing: /home/dronelab/vikram/slam-project/install/depthai_descriptions/share/depthai_descriptions/local_setup.zsh
[0.628s] -- Installing: /home/dronelab/vikram/slam-project/install/depthai_descriptions/share/depthai_descriptions/local_setup.dsv
[0.628s] -- Installing: /home/dronelab/vikram/slam-project/install/depthai_descriptions/share/depthai_descriptions/package.dsv
[0.628s] -- Installing: /home/dronelab/vikram/slam-project/install/depthai_descriptions/share/ament_index/resource_index/packages/depthai_descriptions
[0.628s] -- Installing: /home/dronelab/vikram/slam-project/install/depthai_descriptions/share/depthai_descriptions/cmake/depthai_descriptionsConfig.cmake
[0.628s] -- Installing: /home/dronelab/vikram/slam-project/install/depthai_descriptions/share/depthai_descriptions/cmake/depthai_descriptionsConfig-version.cmake
[0.628s] -- Installing: /home/dronelab/vikram/slam-project/install/depthai_descriptions/share/depthai_descriptions/package.xml
[0.630s] Invoked command in '/home/dronelab/vikram/slam-project/build/depthai_descriptions' returned '0': CMAKE_PREFIX_PATH=/opt/ros/humble /usr/bin/cmake --install /home/dronelab/vikram/slam-project/build/depthai_descriptions
