[0.009s] Invoking command in '/home/dronelab/vikram/slam-project/build/ffmpeg_image_transport_msgs': CMAKE_PREFIX_PATH=/opt/ros/humble /usr/bin/cmake --build /home/dronelab/vikram/slam-project/build/ffmpeg_image_transport_msgs -- -j32 -l32
[0.048s] [  3%] Built target ffmpeg_image_transport_msgs__cpp
[0.051s] [ 12%] Built target ffmpeg_image_transport_msgs__rosidl_generator_c
[0.058s] [ 12%] Built target ament_cmake_python_copy_ffmpeg_image_transport_msgs
[0.067s] [ 22%] Built target ffmpeg_image_transport_msgs__rosidl_typesupport_introspection_c
[0.069s] [ 32%] Built target ffmpeg_image_transport_msgs__rosidl_typesupport_fastrtps_cpp
[0.070s] [ 41%] Built target ffmpeg_image_transport_msgs__rosidl_typesupport_c
[0.072s] [ 51%] Built target ffmpeg_image_transport_msgs__rosidl_typesupport_fastrtps_c
[0.073s] [ 61%] Built target ffmpeg_image_transport_msgs__rosidl_typesupport_introspection_cpp
[0.079s] [ 70%] Built target ffmpeg_image_transport_msgs__rosidl_typesupport_cpp
[0.088s] [ 70%] Built target ffmpeg_image_transport_msgs
[0.102s] [ 74%] Built target ffmpeg_image_transport_msgs__py
[0.119s] [ 80%] Built target ffmpeg_image_transport_msgs__rosidl_generator_py
[0.138s] [ 87%] Built target ffmpeg_image_transport_msgs__rosidl_typesupport_c__pyext
[0.139s] [ 93%] Built target ffmpeg_image_transport_msgs__rosidl_typesupport_introspection_c__pyext
[0.139s] [100%] Built target ffmpeg_image_transport_msgs__rosidl_typesupport_fastrtps_c__pyext
[0.209s] running egg_info
[0.210s] writing ffmpeg_image_transport_msgs.egg-info/PKG-INFO
[0.210s] writing dependency_links to ffmpeg_image_transport_msgs.egg-info/dependency_links.txt
[0.210s] writing top-level names to ffmpeg_image_transport_msgs.egg-info/top_level.txt
[0.212s] reading manifest file 'ffmpeg_image_transport_msgs.egg-info/SOURCES.txt'
[0.212s] writing manifest file 'ffmpeg_image_transport_msgs.egg-info/SOURCES.txt'
[0.229s] [100%] Built target ament_cmake_python_build_ffmpeg_image_transport_msgs_egg
[0.238s] Invoked command in '/home/dronelab/vikram/slam-project/build/ffmpeg_image_transport_msgs' returned '0': CMAKE_PREFIX_PATH=/opt/ros/humble /usr/bin/cmake --build /home/dronelab/vikram/slam-project/build/ffmpeg_image_transport_msgs -- -j32 -l32
[0.277s] Invoking command in '/home/dronelab/vikram/slam-project/build/ffmpeg_image_transport_msgs': CMAKE_PREFIX_PATH=/opt/ros/humble /usr/bin/cmake --install /home/dronelab/vikram/slam-project/build/ffmpeg_image_transport_msgs
[0.283s] -- Install configuration: ""
[0.283s] -- Up-to-date: /home/dronelab/vikram/slam-project/install/ffmpeg_image_transport_msgs/share/ament_index/resource_index/rosidl_interfaces/ffmpeg_image_transport_msgs
[0.283s] -- Up-to-date: /home/dronelab/vikram/slam-project/install/ffmpeg_image_transport_msgs/include/ffmpeg_image_transport_msgs/ffmpeg_image_transport_msgs
[0.283s] -- Up-to-date: /home/dronelab/vikram/slam-project/install/ffmpeg_image_transport_msgs/include/ffmpeg_image_transport_msgs/ffmpeg_image_transport_msgs/msg
[0.283s] -- Up-to-date: /home/dronelab/vikram/slam-project/install/ffmpeg_image_transport_msgs/include/ffmpeg_image_transport_msgs/ffmpeg_image_transport_msgs/msg/ffmpeg_packet.h
[0.283s] -- Up-to-date: /home/dronelab/vikram/slam-project/install/ffmpeg_image_transport_msgs/include/ffmpeg_image_transport_msgs/ffmpeg_image_transport_msgs/msg/detail
[0.283s] -- Up-to-date: /home/dronelab/vikram/slam-project/install/ffmpeg_image_transport_msgs/include/ffmpeg_image_transport_msgs/ffmpeg_image_transport_msgs/msg/detail/ffmpeg_packet__type_support.h
[0.283s] -- Up-to-date: /home/dronelab/vikram/slam-project/install/ffmpeg_image_transport_msgs/include/ffmpeg_image_transport_msgs/ffmpeg_image_transport_msgs/msg/detail/ffmpeg_packet__functions.h
[0.283s] -- Up-to-date: /home/dronelab/vikram/slam-project/install/ffmpeg_image_transport_msgs/include/ffmpeg_image_transport_msgs/ffmpeg_image_transport_msgs/msg/detail/ffmpeg_packet__struct.h
[0.283s] -- Up-to-date: /home/dronelab/vikram/slam-project/install/ffmpeg_image_transport_msgs/include/ffmpeg_image_transport_msgs/ffmpeg_image_transport_msgs/msg/detail/ffmpeg_packet__functions.c
[0.283s] -- Up-to-date: /home/dronelab/vikram/slam-project/install/ffmpeg_image_transport_msgs/include/ffmpeg_image_transport_msgs/ffmpeg_image_transport_msgs/msg/rosidl_generator_c__visibility_control.h
[0.283s] -- Up-to-date: /home/dronelab/vikram/slam-project/install/ffmpeg_image_transport_msgs/share/ffmpeg_image_transport_msgs/environment/library_path.sh
[0.283s] -- Up-to-date: /home/dronelab/vikram/slam-project/install/ffmpeg_image_transport_msgs/share/ffmpeg_image_transport_msgs/environment/library_path.dsv
[0.283s] -- Up-to-date: /home/dronelab/vikram/slam-project/install/ffmpeg_image_transport_msgs/lib/libffmpeg_image_transport_msgs__rosidl_generator_c.so
[0.283s] -- Up-to-date: /home/dronelab/vikram/slam-project/install/ffmpeg_image_transport_msgs/include/ffmpeg_image_transport_msgs/ffmpeg_image_transport_msgs
[0.283s] -- Up-to-date: /home/dronelab/vikram/slam-project/install/ffmpeg_image_transport_msgs/include/ffmpeg_image_transport_msgs/ffmpeg_image_transport_msgs/msg
[0.283s] -- Up-to-date: /home/dronelab/vikram/slam-project/install/ffmpeg_image_transport_msgs/include/ffmpeg_image_transport_msgs/ffmpeg_image_transport_msgs/msg/rosidl_typesupport_fastrtps_c__visibility_control.h
[0.283s] -- Up-to-date: /home/dronelab/vikram/slam-project/install/ffmpeg_image_transport_msgs/include/ffmpeg_image_transport_msgs/ffmpeg_image_transport_msgs/msg/detail
[0.283s] -- Up-to-date: /home/dronelab/vikram/slam-project/install/ffmpeg_image_transport_msgs/include/ffmpeg_image_transport_msgs/ffmpeg_image_transport_msgs/msg/detail/ffmpeg_packet__rosidl_typesupport_fastrtps_c.h
[0.284s] -- Up-to-date: /home/dronelab/vikram/slam-project/install/ffmpeg_image_transport_msgs/lib/libffmpeg_image_transport_msgs__rosidl_typesupport_fastrtps_c.so
[0.284s] -- Up-to-date: /home/dronelab/vikram/slam-project/install/ffmpeg_image_transport_msgs/include/ffmpeg_image_transport_msgs/ffmpeg_image_transport_msgs
[0.284s] -- Up-to-date: /home/dronelab/vikram/slam-project/install/ffmpeg_image_transport_msgs/include/ffmpeg_image_transport_msgs/ffmpeg_image_transport_msgs/msg
[0.284s] -- Up-to-date: /home/dronelab/vikram/slam-project/install/ffmpeg_image_transport_msgs/include/ffmpeg_image_transport_msgs/ffmpeg_image_transport_msgs/msg/ffmpeg_packet.hpp
[0.284s] -- Up-to-date: /home/dronelab/vikram/slam-project/install/ffmpeg_image_transport_msgs/include/ffmpeg_image_transport_msgs/ffmpeg_image_transport_msgs/msg/detail
[0.284s] -- Up-to-date: /home/dronelab/vikram/slam-project/install/ffmpeg_image_transport_msgs/include/ffmpeg_image_transport_msgs/ffmpeg_image_transport_msgs/msg/detail/ffmpeg_packet__traits.hpp
[0.284s] -- Up-to-date: /home/dronelab/vikram/slam-project/install/ffmpeg_image_transport_msgs/include/ffmpeg_image_transport_msgs/ffmpeg_image_transport_msgs/msg/detail/ffmpeg_packet__struct.hpp
[0.284s] -- Up-to-date: /home/dronelab/vikram/slam-project/install/ffmpeg_image_transport_msgs/include/ffmpeg_image_transport_msgs/ffmpeg_image_transport_msgs/msg/detail/ffmpeg_packet__builder.hpp
[0.284s] -- Up-to-date: /home/dronelab/vikram/slam-project/install/ffmpeg_image_transport_msgs/include/ffmpeg_image_transport_msgs/ffmpeg_image_transport_msgs
[0.284s] -- Up-to-date: /home/dronelab/vikram/slam-project/install/ffmpeg_image_transport_msgs/include/ffmpeg_image_transport_msgs/ffmpeg_image_transport_msgs/msg
[0.284s] -- Up-to-date: /home/dronelab/vikram/slam-project/install/ffmpeg_image_transport_msgs/include/ffmpeg_image_transport_msgs/ffmpeg_image_transport_msgs/msg/rosidl_typesupport_fastrtps_cpp__visibility_control.h
[0.284s] -- Up-to-date: /home/dronelab/vikram/slam-project/install/ffmpeg_image_transport_msgs/include/ffmpeg_image_transport_msgs/ffmpeg_image_transport_msgs/msg/detail
[0.284s] -- Up-to-date: /home/dronelab/vikram/slam-project/install/ffmpeg_image_transport_msgs/include/ffmpeg_image_transport_msgs/ffmpeg_image_transport_msgs/msg/detail/dds_fastrtps
[0.284s] -- Up-to-date: /home/dronelab/vikram/slam-project/install/ffmpeg_image_transport_msgs/include/ffmpeg_image_transport_msgs/ffmpeg_image_transport_msgs/msg/detail/ffmpeg_packet__rosidl_typesupport_fastrtps_cpp.hpp
[0.284s] -- Up-to-date: /home/dronelab/vikram/slam-project/install/ffmpeg_image_transport_msgs/lib/libffmpeg_image_transport_msgs__rosidl_typesupport_fastrtps_cpp.so
[0.284s] -- Up-to-date: /home/dronelab/vikram/slam-project/install/ffmpeg_image_transport_msgs/include/ffmpeg_image_transport_msgs/ffmpeg_image_transport_msgs
[0.284s] -- Up-to-date: /home/dronelab/vikram/slam-project/install/ffmpeg_image_transport_msgs/include/ffmpeg_image_transport_msgs/ffmpeg_image_transport_msgs/msg
[0.284s] -- Up-to-date: /home/dronelab/vikram/slam-project/install/ffmpeg_image_transport_msgs/include/ffmpeg_image_transport_msgs/ffmpeg_image_transport_msgs/msg/rosidl_typesupport_introspection_c__visibility_control.h
[0.284s] -- Up-to-date: /home/dronelab/vikram/slam-project/install/ffmpeg_image_transport_msgs/include/ffmpeg_image_transport_msgs/ffmpeg_image_transport_msgs/msg/detail
[0.284s] -- Up-to-date: /home/dronelab/vikram/slam-project/install/ffmpeg_image_transport_msgs/include/ffmpeg_image_transport_msgs/ffmpeg_image_transport_msgs/msg/detail/ffmpeg_packet__type_support.c
[0.284s] -- Up-to-date: /home/dronelab/vikram/slam-project/install/ffmpeg_image_transport_msgs/include/ffmpeg_image_transport_msgs/ffmpeg_image_transport_msgs/msg/detail/ffmpeg_packet__rosidl_typesupport_introspection_c.h
[0.284s] -- Up-to-date: /home/dronelab/vikram/slam-project/install/ffmpeg_image_transport_msgs/lib/libffmpeg_image_transport_msgs__rosidl_typesupport_introspection_c.so
[0.284s] -- Up-to-date: /home/dronelab/vikram/slam-project/install/ffmpeg_image_transport_msgs/lib/libffmpeg_image_transport_msgs__rosidl_typesupport_c.so
[0.284s] -- Up-to-date: /home/dronelab/vikram/slam-project/install/ffmpeg_image_transport_msgs/include/ffmpeg_image_transport_msgs/ffmpeg_image_transport_msgs
[0.284s] -- Up-to-date: /home/dronelab/vikram/slam-project/install/ffmpeg_image_transport_msgs/include/ffmpeg_image_transport_msgs/ffmpeg_image_transport_msgs/msg
[0.284s] -- Up-to-date: /home/dronelab/vikram/slam-project/install/ffmpeg_image_transport_msgs/include/ffmpeg_image_transport_msgs/ffmpeg_image_transport_msgs/msg/detail
[0.284s] -- Up-to-date: /home/dronelab/vikram/slam-project/install/ffmpeg_image_transport_msgs/include/ffmpeg_image_transport_msgs/ffmpeg_image_transport_msgs/msg/detail/ffmpeg_packet__rosidl_typesupport_introspection_cpp.hpp
[0.285s] -- Up-to-date: /home/dronelab/vikram/slam-project/install/ffmpeg_image_transport_msgs/include/ffmpeg_image_transport_msgs/ffmpeg_image_transport_msgs/msg/detail/ffmpeg_packet__type_support.cpp
[0.285s] -- Up-to-date: /home/dronelab/vikram/slam-project/install/ffmpeg_image_transport_msgs/lib/libffmpeg_image_transport_msgs__rosidl_typesupport_introspection_cpp.so
[0.285s] -- Up-to-date: /home/dronelab/vikram/slam-project/install/ffmpeg_image_transport_msgs/lib/libffmpeg_image_transport_msgs__rosidl_typesupport_cpp.so
[0.285s] -- Up-to-date: /home/dronelab/vikram/slam-project/install/ffmpeg_image_transport_msgs/share/ffmpeg_image_transport_msgs/environment/pythonpath.sh
[0.285s] -- Up-to-date: /home/dronelab/vikram/slam-project/install/ffmpeg_image_transport_msgs/share/ffmpeg_image_transport_msgs/environment/pythonpath.dsv
[0.285s] -- Up-to-date: /home/dronelab/vikram/slam-project/install/ffmpeg_image_transport_msgs/local/lib/python3.10/dist-packages/ffmpeg_image_transport_msgs-1.0.1-py3.10.egg-info
[0.285s] -- Installing: /home/dronelab/vikram/slam-project/install/ffmpeg_image_transport_msgs/local/lib/python3.10/dist-packages/ffmpeg_image_transport_msgs-1.0.1-py3.10.egg-info/PKG-INFO
[0.285s] -- Installing: /home/dronelab/vikram/slam-project/install/ffmpeg_image_transport_msgs/local/lib/python3.10/dist-packages/ffmpeg_image_transport_msgs-1.0.1-py3.10.egg-info/SOURCES.txt
[0.285s] -- Installing: /home/dronelab/vikram/slam-project/install/ffmpeg_image_transport_msgs/local/lib/python3.10/dist-packages/ffmpeg_image_transport_msgs-1.0.1-py3.10.egg-info/top_level.txt
[0.285s] -- Installing: /home/dronelab/vikram/slam-project/install/ffmpeg_image_transport_msgs/local/lib/python3.10/dist-packages/ffmpeg_image_transport_msgs-1.0.1-py3.10.egg-info/dependency_links.txt
[0.285s] -- Up-to-date: /home/dronelab/vikram/slam-project/install/ffmpeg_image_transport_msgs/local/lib/python3.10/dist-packages/ffmpeg_image_transport_msgs
[0.285s] -- Up-to-date: /home/dronelab/vikram/slam-project/install/ffmpeg_image_transport_msgs/local/lib/python3.10/dist-packages/ffmpeg_image_transport_msgs/libffmpeg_image_transport_msgs__rosidl_generator_py.so
[0.285s] -- Up-to-date: /home/dronelab/vikram/slam-project/install/ffmpeg_image_transport_msgs/local/lib/python3.10/dist-packages/ffmpeg_image_transport_msgs/ffmpeg_image_transport_msgs_s__rosidl_typesupport_fastrtps_c.cpython-310-x86_64-linux-gnu.so
[0.285s] -- Up-to-date: /home/dronelab/vikram/slam-project/install/ffmpeg_image_transport_msgs/local/lib/python3.10/dist-packages/ffmpeg_image_transport_msgs/_ffmpeg_image_transport_msgs_s.ep.rosidl_typesupport_introspection_c.c
[0.285s] -- Up-to-date: /home/dronelab/vikram/slam-project/install/ffmpeg_image_transport_msgs/local/lib/python3.10/dist-packages/ffmpeg_image_transport_msgs/_ffmpeg_image_transport_msgs_s.ep.rosidl_typesupport_fastrtps_c.c
[0.285s] -- Up-to-date: /home/dronelab/vikram/slam-project/install/ffmpeg_image_transport_msgs/local/lib/python3.10/dist-packages/ffmpeg_image_transport_msgs/ffmpeg_image_transport_msgs_s__rosidl_typesupport_c.cpython-310-x86_64-linux-gnu.so
[0.285s] -- Up-to-date: /home/dronelab/vikram/slam-project/install/ffmpeg_image_transport_msgs/local/lib/python3.10/dist-packages/ffmpeg_image_transport_msgs/msg
[0.285s] -- Up-to-date: /home/dronelab/vikram/slam-project/install/ffmpeg_image_transport_msgs/local/lib/python3.10/dist-packages/ffmpeg_image_transport_msgs/msg/_ffmpeg_packet.py
[0.285s] -- Up-to-date: /home/dronelab/vikram/slam-project/install/ffmpeg_image_transport_msgs/local/lib/python3.10/dist-packages/ffmpeg_image_transport_msgs/msg/_ffmpeg_packet_s.c
[0.285s] -- Up-to-date: /home/dronelab/vikram/slam-project/install/ffmpeg_image_transport_msgs/local/lib/python3.10/dist-packages/ffmpeg_image_transport_msgs/msg/__init__.py
[0.285s] -- Up-to-date: /home/dronelab/vikram/slam-project/install/ffmpeg_image_transport_msgs/local/lib/python3.10/dist-packages/ffmpeg_image_transport_msgs/__init__.py
[0.285s] -- Up-to-date: /home/dronelab/vikram/slam-project/install/ffmpeg_image_transport_msgs/local/lib/python3.10/dist-packages/ffmpeg_image_transport_msgs/ffmpeg_image_transport_msgs_s__rosidl_typesupport_introspection_c.cpython-310-x86_64-linux-gnu.so
[0.285s] -- Up-to-date: /home/dronelab/vikram/slam-project/install/ffmpeg_image_transport_msgs/local/lib/python3.10/dist-packages/ffmpeg_image_transport_msgs/_ffmpeg_image_transport_msgs_s.ep.rosidl_typesupport_c.c
[0.304s] Listing '/home/dronelab/vikram/slam-project/install/ffmpeg_image_transport_msgs/local/lib/python3.10/dist-packages/ffmpeg_image_transport_msgs'...
[0.304s] Listing '/home/dronelab/vikram/slam-project/install/ffmpeg_image_transport_msgs/local/lib/python3.10/dist-packages/ffmpeg_image_transport_msgs/msg'...
[0.307s] -- Up-to-date: /home/dronelab/vikram/slam-project/install/ffmpeg_image_transport_msgs/local/lib/python3.10/dist-packages/ffmpeg_image_transport_msgs/ffmpeg_image_transport_msgs_s__rosidl_typesupport_fastrtps_c.cpython-310-x86_64-linux-gnu.so
[0.307s] -- Up-to-date: /home/dronelab/vikram/slam-project/install/ffmpeg_image_transport_msgs/local/lib/python3.10/dist-packages/ffmpeg_image_transport_msgs/ffmpeg_image_transport_msgs_s__rosidl_typesupport_introspection_c.cpython-310-x86_64-linux-gnu.so
[0.307s] -- Up-to-date: /home/dronelab/vikram/slam-project/install/ffmpeg_image_transport_msgs/local/lib/python3.10/dist-packages/ffmpeg_image_transport_msgs/ffmpeg_image_transport_msgs_s__rosidl_typesupport_c.cpython-310-x86_64-linux-gnu.so
[0.307s] -- Up-to-date: /home/dronelab/vikram/slam-project/install/ffmpeg_image_transport_msgs/lib/libffmpeg_image_transport_msgs__rosidl_generator_py.so
[0.307s] -- Up-to-date: /home/dronelab/vikram/slam-project/install/ffmpeg_image_transport_msgs/share/ffmpeg_image_transport_msgs/msg/FFMPEGPacket.idl
[0.307s] -- Up-to-date: /home/dronelab/vikram/slam-project/install/ffmpeg_image_transport_msgs/share/ffmpeg_image_transport_msgs/msg/FFMPEGPacket.msg
[0.307s] -- Up-to-date: /home/dronelab/vikram/slam-project/install/ffmpeg_image_transport_msgs/share/ament_index/resource_index/package_run_dependencies/ffmpeg_image_transport_msgs
[0.307s] -- Up-to-date: /home/dronelab/vikram/slam-project/install/ffmpeg_image_transport_msgs/share/ament_index/resource_index/parent_prefix_path/ffmpeg_image_transport_msgs
[0.307s] -- Up-to-date: /home/dronelab/vikram/slam-project/install/ffmpeg_image_transport_msgs/share/ffmpeg_image_transport_msgs/environment/ament_prefix_path.sh
[0.307s] -- Up-to-date: /home/dronelab/vikram/slam-project/install/ffmpeg_image_transport_msgs/share/ffmpeg_image_transport_msgs/environment/ament_prefix_path.dsv
[0.307s] -- Up-to-date: /home/dronelab/vikram/slam-project/install/ffmpeg_image_transport_msgs/share/ffmpeg_image_transport_msgs/environment/path.sh
[0.307s] -- Up-to-date: /home/dronelab/vikram/slam-project/install/ffmpeg_image_transport_msgs/share/ffmpeg_image_transport_msgs/environment/path.dsv
[0.308s] -- Up-to-date: /home/dronelab/vikram/slam-project/install/ffmpeg_image_transport_msgs/share/ffmpeg_image_transport_msgs/local_setup.bash
[0.308s] -- Up-to-date: /home/dronelab/vikram/slam-project/install/ffmpeg_image_transport_msgs/share/ffmpeg_image_transport_msgs/local_setup.sh
[0.308s] -- Up-to-date: /home/dronelab/vikram/slam-project/install/ffmpeg_image_transport_msgs/share/ffmpeg_image_transport_msgs/local_setup.zsh
[0.308s] -- Up-to-date: /home/dronelab/vikram/slam-project/install/ffmpeg_image_transport_msgs/share/ffmpeg_image_transport_msgs/local_setup.dsv
[0.308s] -- Installing: /home/dronelab/vikram/slam-project/install/ffmpeg_image_transport_msgs/share/ffmpeg_image_transport_msgs/package.dsv
[0.308s] -- Up-to-date: /home/dronelab/vikram/slam-project/install/ffmpeg_image_transport_msgs/share/ament_index/resource_index/packages/ffmpeg_image_transport_msgs
[0.308s] -- Up-to-date: /home/dronelab/vikram/slam-project/install/ffmpeg_image_transport_msgs/share/ffmpeg_image_transport_msgs/cmake/export_ffmpeg_image_transport_msgs__rosidl_generator_cExport.cmake
[0.308s] -- Up-to-date: /home/dronelab/vikram/slam-project/install/ffmpeg_image_transport_msgs/share/ffmpeg_image_transport_msgs/cmake/export_ffmpeg_image_transport_msgs__rosidl_generator_cExport-noconfig.cmake
[0.308s] -- Up-to-date: /home/dronelab/vikram/slam-project/install/ffmpeg_image_transport_msgs/share/ffmpeg_image_transport_msgs/cmake/export_ffmpeg_image_transport_msgs__rosidl_typesupport_fastrtps_cExport.cmake
[0.308s] -- Up-to-date: /home/dronelab/vikram/slam-project/install/ffmpeg_image_transport_msgs/share/ffmpeg_image_transport_msgs/cmake/export_ffmpeg_image_transport_msgs__rosidl_typesupport_fastrtps_cExport-noconfig.cmake
[0.308s] -- Up-to-date: /home/dronelab/vikram/slam-project/install/ffmpeg_image_transport_msgs/share/ffmpeg_image_transport_msgs/cmake/export_ffmpeg_image_transport_msgs__rosidl_generator_cppExport.cmake
[0.309s] -- Up-to-date: /home/dronelab/vikram/slam-project/install/ffmpeg_image_transport_msgs/share/ffmpeg_image_transport_msgs/cmake/export_ffmpeg_image_transport_msgs__rosidl_typesupport_fastrtps_cppExport.cmake
[0.309s] -- Up-to-date: /home/dronelab/vikram/slam-project/install/ffmpeg_image_transport_msgs/share/ffmpeg_image_transport_msgs/cmake/export_ffmpeg_image_transport_msgs__rosidl_typesupport_fastrtps_cppExport-noconfig.cmake
[0.309s] -- Up-to-date: /home/dronelab/vikram/slam-project/install/ffmpeg_image_transport_msgs/share/ffmpeg_image_transport_msgs/cmake/ffmpeg_image_transport_msgs__rosidl_typesupport_introspection_cExport.cmake
[0.309s] -- Up-to-date: /home/dronelab/vikram/slam-project/install/ffmpeg_image_transport_msgs/share/ffmpeg_image_transport_msgs/cmake/ffmpeg_image_transport_msgs__rosidl_typesupport_introspection_cExport-noconfig.cmake
[0.309s] -- Up-to-date: /home/dronelab/vikram/slam-project/install/ffmpeg_image_transport_msgs/share/ffmpeg_image_transport_msgs/cmake/ffmpeg_image_transport_msgs__rosidl_typesupport_cExport.cmake
[0.309s] -- Up-to-date: /home/dronelab/vikram/slam-project/install/ffmpeg_image_transport_msgs/share/ffmpeg_image_transport_msgs/cmake/ffmpeg_image_transport_msgs__rosidl_typesupport_cExport-noconfig.cmake
[0.309s] -- Up-to-date: /home/dronelab/vikram/slam-project/install/ffmpeg_image_transport_msgs/share/ffmpeg_image_transport_msgs/cmake/ffmpeg_image_transport_msgs__rosidl_typesupport_introspection_cppExport.cmake
[0.309s] -- Up-to-date: /home/dronelab/vikram/slam-project/install/ffmpeg_image_transport_msgs/share/ffmpeg_image_transport_msgs/cmake/ffmpeg_image_transport_msgs__rosidl_typesupport_introspection_cppExport-noconfig.cmake
[0.309s] -- Up-to-date: /home/dronelab/vikram/slam-project/install/ffmpeg_image_transport_msgs/share/ffmpeg_image_transport_msgs/cmake/ffmpeg_image_transport_msgs__rosidl_typesupport_cppExport.cmake
[0.309s] -- Up-to-date: /home/dronelab/vikram/slam-project/install/ffmpeg_image_transport_msgs/share/ffmpeg_image_transport_msgs/cmake/ffmpeg_image_transport_msgs__rosidl_typesupport_cppExport-noconfig.cmake
[0.309s] -- Up-to-date: /home/dronelab/vikram/slam-project/install/ffmpeg_image_transport_msgs/share/ffmpeg_image_transport_msgs/cmake/export_ffmpeg_image_transport_msgs__rosidl_generator_pyExport.cmake
[0.309s] -- Up-to-date: /home/dronelab/vikram/slam-project/install/ffmpeg_image_transport_msgs/share/ffmpeg_image_transport_msgs/cmake/export_ffmpeg_image_transport_msgs__rosidl_generator_pyExport-noconfig.cmake
[0.309s] -- Up-to-date: /home/dronelab/vikram/slam-project/install/ffmpeg_image_transport_msgs/share/ffmpeg_image_transport_msgs/cmake/rosidl_cmake-extras.cmake
[0.310s] -- Up-to-date: /home/dronelab/vikram/slam-project/install/ffmpeg_image_transport_msgs/share/ffmpeg_image_transport_msgs/cmake/ament_cmake_export_dependencies-extras.cmake
[0.310s] -- Up-to-date: /home/dronelab/vikram/slam-project/install/ffmpeg_image_transport_msgs/share/ffmpeg_image_transport_msgs/cmake/ament_cmake_export_include_directories-extras.cmake
[0.310s] -- Up-to-date: /home/dronelab/vikram/slam-project/install/ffmpeg_image_transport_msgs/share/ffmpeg_image_transport_msgs/cmake/ament_cmake_export_libraries-extras.cmake
[0.310s] -- Up-to-date: /home/dronelab/vikram/slam-project/install/ffmpeg_image_transport_msgs/share/ffmpeg_image_transport_msgs/cmake/ament_cmake_export_targets-extras.cmake
[0.310s] -- Up-to-date: /home/dronelab/vikram/slam-project/install/ffmpeg_image_transport_msgs/share/ffmpeg_image_transport_msgs/cmake/rosidl_cmake_export_typesupport_targets-extras.cmake
[0.310s] -- Up-to-date: /home/dronelab/vikram/slam-project/install/ffmpeg_image_transport_msgs/share/ffmpeg_image_transport_msgs/cmake/rosidl_cmake_export_typesupport_libraries-extras.cmake
[0.311s] -- Up-to-date: /home/dronelab/vikram/slam-project/install/ffmpeg_image_transport_msgs/share/ffmpeg_image_transport_msgs/cmake/ffmpeg_image_transport_msgsConfig.cmake
[0.311s] -- Up-to-date: /home/dronelab/vikram/slam-project/install/ffmpeg_image_transport_msgs/share/ffmpeg_image_transport_msgs/cmake/ffmpeg_image_transport_msgsConfig-version.cmake
[0.311s] -- Up-to-date: /home/dronelab/vikram/slam-project/install/ffmpeg_image_transport_msgs/share/ffmpeg_image_transport_msgs/package.xml
[0.311s] Invoked command in '/home/dronelab/vikram/slam-project/build/ffmpeg_image_transport_msgs' returned '0': CMAKE_PREFIX_PATH=/opt/ros/humble /usr/bin/cmake --install /home/dronelab/vikram/slam-project/build/ffmpeg_image_transport_msgs
