[0.009s] Invoking command in '/home/dronelab/vikram/slam-project/build/depthai_ros_msgs': CMAKE_PREFIX_PATH=/opt/ros/humble /usr/bin/cmake /home/dronelab/vikram/slam-project/src/depthai_ros_msgs -DCMAKE_INSTALL_PREFIX=/home/dronelab/vikram/slam-project/install/depthai_ros_msgs
[0.052s] -- The C compiler identification is GNU 11.4.0
[0.106s] -- The CXX compiler identification is GNU 11.4.0
[0.111s] -- Detecting C compiler ABI info
[0.163s] -- Detecting C compiler ABI info - done
[0.170s] -- Check for working C compiler: /usr/bin/cc - skipped
[0.170s] -- Detecting C compile features
[0.171s] -- Detecting C compile features - done
[0.174s] -- Detecting CXX compiler ABI info
[0.237s] -- Detecting CXX compiler ABI info - done
[0.241s] -- Check for working CXX compiler: /usr/bin/c++ - skipped
[0.242s] -- Detecting CXX compile features
[0.242s] -- Detecting CXX compile features - done
[0.243s] -- Found ament_cmake: 1.3.9 (/opt/ros/humble/share/ament_cmake/cmake)
[0.341s] -- Found Python3: /usr/bin/python3 (found version "3.10.12") found components: Interpreter 
[0.394s] -- ------------------------------------------
[0.394s] -- Depthai ROS MSGS/INTERFACES is being built using AMENT.
[0.394s] -- ------------------------------------------
[0.395s] -- Found geometry_msgs: 4.2.4 (/opt/ros/humble/share/geometry_msgs/cmake)
[0.420s] -- Found rosidl_generator_c: 3.1.5 (/opt/ros/humble/share/rosidl_generator_c/cmake)
[0.423s] -- Found rosidl_adapter: 3.1.5 (/opt/ros/humble/share/rosidl_adapter/cmake)
[0.428s] -- Found rosidl_generator_cpp: 3.1.5 (/opt/ros/humble/share/rosidl_generator_cpp/cmake)
[0.436s] -- Using all available rosidl_typesupport_c: rosidl_typesupport_fastrtps_c;rosidl_typesupport_introspection_c
[0.448s] -- Using all available rosidl_typesupport_cpp: rosidl_typesupport_fastrtps_cpp;rosidl_typesupport_introspection_cpp
[0.522s] -- Found vision_msgs: 4.1.1 (/opt/ros/humble/share/vision_msgs/cmake)
[0.566s] -- Found sensor_msgs: 4.2.4 (/opt/ros/humble/share/sensor_msgs/cmake)
[0.620s] -- Found rosidl_default_generators: 1.2.0 (/opt/ros/humble/share/rosidl_default_generators/cmake)
[0.862s] -- Found ament_cmake_ros: 0.10.0 (/opt/ros/humble/share/ament_cmake_ros/cmake)
[1.189s] -- Using all available rosidl_typesupport_c: rosidl_typesupport_fastrtps_c;rosidl_typesupport_introspection_c
[1.313s] -- Using all available rosidl_typesupport_cpp: rosidl_typesupport_fastrtps_cpp;rosidl_typesupport_introspection_cpp
[1.328s] -- Found PythonInterp: /usr/bin/python3 (found suitable version "3.10.12", minimum required is "3.6") 
[1.329s] -- Found python_cmake_module: 0.10.0 (/opt/ros/humble/share/python_cmake_module/cmake)
[1.349s] -- Found PythonLibs: /usr/lib/x86_64-linux-gnu/libpython3.10.so (found suitable version "3.10.12", minimum required is "3.5") 
[1.349s] -- Using PYTHON_EXECUTABLE: /usr/bin/python3
[1.349s] -- Using PYTHON_INCLUDE_DIRS: /usr/include/python3.10
[1.349s] -- Using PYTHON_LIBRARIES: /usr/lib/x86_64-linux-gnu/libpython3.10.so
[1.363s] -- Found PythonExtra: .so  
[1.427s] -- Configuring done
[1.463s] -- Generating done
[1.464s] -- Build files have been written to: /home/dronelab/vikram/slam-project/build/depthai_ros_msgs
[1.470s] Invoked command in '/home/dronelab/vikram/slam-project/build/depthai_ros_msgs' returned '0': CMAKE_PREFIX_PATH=/opt/ros/humble /usr/bin/cmake /home/dronelab/vikram/slam-project/src/depthai_ros_msgs -DCMAKE_INSTALL_PREFIX=/home/dronelab/vikram/slam-project/install/depthai_ros_msgs
[1.471s] Invoking command in '/home/dronelab/vikram/slam-project/build/depthai_ros_msgs': CMAKE_PREFIX_PATH=/opt/ros/humble /usr/bin/cmake --build /home/dronelab/vikram/slam-project/build/depthai_ros_msgs -- -j32 -l32
[1.503s] [  1%] [34m[1mGenerating C code for ROS interfaces[0m
[1.511s] [  1%] [34m[1mGenerating C++ code for ROS interfaces[0m
[1.519s] [  1%] Built target ament_cmake_python_copy_depthai_ros_msgs
[1.667s] running egg_info
[1.667s] creating depthai_ros_msgs.egg-info
[1.667s] writing depthai_ros_msgs.egg-info/PKG-INFO
[1.668s] writing dependency_links to depthai_ros_msgs.egg-info/dependency_links.txt
[1.668s] writing top-level names to depthai_ros_msgs.egg-info/top_level.txt
[1.668s] writing manifest file 'depthai_ros_msgs.egg-info/SOURCES.txt'
[1.669s] reading manifest file 'depthai_ros_msgs.egg-info/SOURCES.txt'
[1.670s] writing manifest file 'depthai_ros_msgs.egg-info/SOURCES.txt'
[1.686s] [  1%] Built target ament_cmake_python_build_depthai_ros_msgs_egg
[2.107s] [  1%] Built target depthai_ros_msgs__cpp
[2.116s] [  2%] [34m[1mGenerating C++ type support dispatch for ROS interfaces[0m
[2.116s] [  3%] [34m[1mGenerating C++ type support for eProsima Fast-RTPS[0m
[2.117s] [  3%] [34m[1mGenerating C++ introspection for ROS interfaces[0m
[2.165s] [  4%] [32mBuilding C object CMakeFiles/depthai_ros_msgs__rosidl_generator_c.dir/rosidl_generator_c/depthai_ros_msgs/msg/detail/imu_with_magnetic_field__functions.c.o[0m
[2.165s] [  5%] [32mBuilding C object CMakeFiles/depthai_ros_msgs__rosidl_generator_c.dir/rosidl_generator_c/depthai_ros_msgs/msg/detail/tracked_features__functions.c.o[0m
[2.165s] [  5%] [32mBuilding C object CMakeFiles/depthai_ros_msgs__rosidl_generator_c.dir/rosidl_generator_c/depthai_ros_msgs/msg/detail/spatial_detection__functions.c.o[0m
[2.166s] [  6%] [32mBuilding C object CMakeFiles/depthai_ros_msgs__rosidl_generator_c.dir/rosidl_generator_c/depthai_ros_msgs/msg/detail/track_detection2_d_array__functions.c.o[0m
[2.166s] [  7%] [32mBuilding C object CMakeFiles/depthai_ros_msgs__rosidl_generator_c.dir/rosidl_generator_c/depthai_ros_msgs/msg/detail/auto_focus_ctrl__functions.c.o[0m
[2.166s] [  7%] [32mBuilding C object CMakeFiles/depthai_ros_msgs__rosidl_generator_c.dir/rosidl_generator_c/depthai_ros_msgs/msg/detail/hand_landmark__functions.c.o[0m
[2.167s] [  8%] [32mBuilding C object CMakeFiles/depthai_ros_msgs__rosidl_generator_c.dir/rosidl_generator_c/depthai_ros_msgs/msg/detail/track_detection2_d__functions.c.o[0m
[2.167s] [  9%] [32mBuilding C object CMakeFiles/depthai_ros_msgs__rosidl_generator_c.dir/rosidl_generator_c/depthai_ros_msgs/msg/detail/hand_landmark_array__functions.c.o[0m
[2.167s] [ 11%] [32mBuilding C object CMakeFiles/depthai_ros_msgs__rosidl_generator_c.dir/rosidl_generator_c/depthai_ros_msgs/msg/detail/spatial_detection_array__functions.c.o[0m
[2.167s] [ 11%] [32mBuilding C object CMakeFiles/depthai_ros_msgs__rosidl_generator_c.dir/rosidl_generator_c/depthai_ros_msgs/msg/detail/tracked_feature__functions.c.o[0m
[2.167s] [ 12%] [32mBuilding C object CMakeFiles/depthai_ros_msgs__rosidl_generator_c.dir/rosidl_generator_c/depthai_ros_msgs/srv/detail/normalized_image_crop__functions.c.o[0m
[2.168s] [ 12%] [32mBuilding C object CMakeFiles/depthai_ros_msgs__rosidl_generator_c.dir/rosidl_generator_c/depthai_ros_msgs/srv/detail/trigger_named__functions.c.o[0m
[2.168s] [ 13%] [32mBuilding C object CMakeFiles/depthai_ros_msgs__rosidl_generator_c.dir/rosidl_generator_c/depthai_ros_msgs/srv/detail/set_local_transform__functions.c.o[0m
[2.224s] [ 14%] [32m[1mLinking C shared library libdepthai_ros_msgs__rosidl_generator_c.so[0m
[2.255s] [ 14%] Built target depthai_ros_msgs__rosidl_generator_c
[2.263s] [ 15%] [34m[1mGenerating C type support for eProsima Fast-RTPS[0m
[2.264s] [ 16%] [34m[1mGenerating C type support dispatch for ROS interfaces[0m
[2.264s] [ 17%] [34m[1mGenerating C introspection for ROS interfaces[0m
[2.547s] [ 18%] [32mBuilding CXX object CMakeFiles/depthai_ros_msgs__rosidl_typesupport_cpp.dir/rosidl_typesupport_cpp/depthai_ros_msgs/msg/tracked_features__type_support.cpp.o[0m
[2.547s] [ 19%] [32mBuilding CXX object CMakeFiles/depthai_ros_msgs__rosidl_typesupport_cpp.dir/rosidl_typesupport_cpp/depthai_ros_msgs/msg/track_detection2_d__type_support.cpp.o[0m
[2.548s] [ 20%] [32mBuilding CXX object CMakeFiles/depthai_ros_msgs__rosidl_typesupport_cpp.dir/rosidl_typesupport_cpp/depthai_ros_msgs/srv/set_local_transform__type_support.cpp.o[0m
[2.548s] [ 21%] [32mBuilding CXX object CMakeFiles/depthai_ros_msgs__rosidl_typesupport_cpp.dir/rosidl_typesupport_cpp/depthai_ros_msgs/msg/auto_focus_ctrl__type_support.cpp.o[0m
[2.548s] [ 22%] [32mBuilding CXX object CMakeFiles/depthai_ros_msgs__rosidl_typesupport_cpp.dir/rosidl_typesupport_cpp/depthai_ros_msgs/msg/hand_landmark__type_support.cpp.o[0m
[2.548s] [ 23%] [32mBuilding CXX object CMakeFiles/depthai_ros_msgs__rosidl_typesupport_cpp.dir/rosidl_typesupport_cpp/depthai_ros_msgs/msg/hand_landmark_array__type_support.cpp.o[0m
[2.548s] [ 23%] [32mBuilding CXX object CMakeFiles/depthai_ros_msgs__rosidl_typesupport_cpp.dir/rosidl_typesupport_cpp/depthai_ros_msgs/msg/imu_with_magnetic_field__type_support.cpp.o[0m
[2.549s] [ 24%] [32mBuilding CXX object CMakeFiles/depthai_ros_msgs__rosidl_typesupport_cpp.dir/rosidl_typesupport_cpp/depthai_ros_msgs/msg/tracked_feature__type_support.cpp.o[0m
[2.549s] [ 25%] [32mBuilding CXX object CMakeFiles/depthai_ros_msgs__rosidl_typesupport_cpp.dir/rosidl_typesupport_cpp/depthai_ros_msgs/msg/spatial_detection_array__type_support.cpp.o[0m
[2.549s] [ 25%] [32mBuilding CXX object CMakeFiles/depthai_ros_msgs__rosidl_typesupport_cpp.dir/rosidl_typesupport_cpp/depthai_ros_msgs/msg/spatial_detection__type_support.cpp.o[0m
[2.550s] [ 26%] [32mBuilding CXX object CMakeFiles/depthai_ros_msgs__rosidl_typesupport_cpp.dir/rosidl_typesupport_cpp/depthai_ros_msgs/msg/track_detection2_d_array__type_support.cpp.o[0m
[2.550s] [ 27%] [32mBuilding CXX object CMakeFiles/depthai_ros_msgs__rosidl_typesupport_cpp.dir/rosidl_typesupport_cpp/depthai_ros_msgs/srv/trigger_named__type_support.cpp.o[0m
[2.551s] [ 27%] [32mBuilding CXX object CMakeFiles/depthai_ros_msgs__rosidl_typesupport_cpp.dir/rosidl_typesupport_cpp/depthai_ros_msgs/srv/normalized_image_crop__type_support.cpp.o[0m
[2.631s] [ 28%] [32mBuilding CXX object CMakeFiles/depthai_ros_msgs__rosidl_typesupport_introspection_cpp.dir/rosidl_typesupport_introspection_cpp/depthai_ros_msgs/msg/detail/auto_focus_ctrl__type_support.cpp.o[0m
[2.631s] [ 28%] [32mBuilding CXX object CMakeFiles/depthai_ros_msgs__rosidl_typesupport_introspection_cpp.dir/rosidl_typesupport_introspection_cpp/depthai_ros_msgs/msg/detail/tracked_feature__type_support.cpp.o[0m
[2.631s] [ 32%] [32mBuilding CXX object CMakeFiles/depthai_ros_msgs__rosidl_typesupport_introspection_cpp.dir/rosidl_typesupport_introspection_cpp/depthai_ros_msgs/msg/detail/hand_landmark__type_support.cpp.o[0m
[2.632s] [ 32%] [32mBuilding CXX object CMakeFiles/depthai_ros_msgs__rosidl_typesupport_introspection_cpp.dir/rosidl_typesupport_introspection_cpp/depthai_ros_msgs/msg/detail/hand_landmark_array__type_support.cpp.o[0m
[2.632s] [ 32%] [32mBuilding CXX object CMakeFiles/depthai_ros_msgs__rosidl_typesupport_introspection_cpp.dir/rosidl_typesupport_introspection_cpp/depthai_ros_msgs/msg/detail/imu_with_magnetic_field__type_support.cpp.o[0m
[2.632s] [ 32%] [32mBuilding CXX object CMakeFiles/depthai_ros_msgs__rosidl_typesupport_introspection_cpp.dir/rosidl_typesupport_introspection_cpp/depthai_ros_msgs/msg/detail/tracked_features__type_support.cpp.o[0m
[2.632s] [ 33%] [32mBuilding CXX object CMakeFiles/depthai_ros_msgs__rosidl_typesupport_introspection_cpp.dir/rosidl_typesupport_introspection_cpp/depthai_ros_msgs/msg/detail/spatial_detection__type_support.cpp.o[0m
[2.632s] [ 34%] [32mBuilding CXX object CMakeFiles/depthai_ros_msgs__rosidl_typesupport_introspection_cpp.dir/rosidl_typesupport_introspection_cpp/depthai_ros_msgs/msg/detail/spatial_detection_array__type_support.cpp.o[0m
[2.633s] [ 35%] [32mBuilding CXX object CMakeFiles/depthai_ros_msgs__rosidl_typesupport_introspection_cpp.dir/rosidl_typesupport_introspection_cpp/depthai_ros_msgs/srv/detail/set_local_transform__type_support.cpp.o[0m
[2.633s] [ 37%] [32mBuilding CXX object CMakeFiles/depthai_ros_msgs__rosidl_typesupport_introspection_cpp.dir/rosidl_typesupport_introspection_cpp/depthai_ros_msgs/msg/detail/track_detection2_d_array__type_support.cpp.o[0m
[2.633s] [ 37%] [32mBuilding CXX object CMakeFiles/depthai_ros_msgs__rosidl_typesupport_introspection_cpp.dir/rosidl_typesupport_introspection_cpp/depthai_ros_msgs/srv/detail/trigger_named__type_support.cpp.o[0m
[2.633s] [ 37%] [32mBuilding CXX object CMakeFiles/depthai_ros_msgs__rosidl_typesupport_introspection_cpp.dir/rosidl_typesupport_introspection_cpp/depthai_ros_msgs/msg/detail/track_detection2_d__type_support.cpp.o[0m
[2.634s] [ 38%] [32mBuilding CXX object CMakeFiles/depthai_ros_msgs__rosidl_typesupport_introspection_cpp.dir/rosidl_typesupport_introspection_cpp/depthai_ros_msgs/srv/detail/normalized_image_crop__type_support.cpp.o[0m
[2.777s] [ 38%] [32mBuilding CXX object CMakeFiles/depthai_ros_msgs__rosidl_typesupport_c.dir/rosidl_typesupport_c/depthai_ros_msgs/msg/auto_focus_ctrl__type_support.cpp.o[0m
[2.786s] [ 39%] [32mBuilding CXX object CMakeFiles/depthai_ros_msgs__rosidl_typesupport_c.dir/rosidl_typesupport_c/depthai_ros_msgs/msg/hand_landmark__type_support.cpp.o[0m
[2.786s] [ 40%] [32mBuilding CXX object CMakeFiles/depthai_ros_msgs__rosidl_typesupport_c.dir/rosidl_typesupport_c/depthai_ros_msgs/msg/hand_landmark_array__type_support.cpp.o[0m
[2.787s] [ 41%] [32mBuilding CXX object CMakeFiles/depthai_ros_msgs__rosidl_typesupport_c.dir/rosidl_typesupport_c/depthai_ros_msgs/msg/imu_with_magnetic_field__type_support.cpp.o[0m
[2.792s] [ 42%] [32mBuilding CXX object CMakeFiles/depthai_ros_msgs__rosidl_typesupport_c.dir/rosidl_typesupport_c/depthai_ros_msgs/msg/tracked_feature__type_support.cpp.o[0m
[2.799s] [ 42%] [32mBuilding CXX object CMakeFiles/depthai_ros_msgs__rosidl_typesupport_c.dir/rosidl_typesupport_c/depthai_ros_msgs/msg/tracked_features__type_support.cpp.o[0m
[2.811s] [ 43%] [32mBuilding CXX object CMakeFiles/depthai_ros_msgs__rosidl_typesupport_c.dir/rosidl_typesupport_c/depthai_ros_msgs/msg/spatial_detection__type_support.cpp.o[0m
[2.821s] [ 44%] [32mBuilding CXX object CMakeFiles/depthai_ros_msgs__rosidl_typesupport_c.dir/rosidl_typesupport_c/depthai_ros_msgs/msg/spatial_detection_array__type_support.cpp.o[0m
[2.821s] [ 45%] [32mBuilding CXX object CMakeFiles/depthai_ros_msgs__rosidl_typesupport_c.dir/rosidl_typesupport_c/depthai_ros_msgs/msg/track_detection2_d__type_support.cpp.o[0m
[2.826s] [ 46%] [32mBuilding CXX object CMakeFiles/depthai_ros_msgs__rosidl_typesupport_c.dir/rosidl_typesupport_c/depthai_ros_msgs/msg/track_detection2_d_array__type_support.cpp.o[0m
[2.827s] [ 46%] [32mBuilding CXX object CMakeFiles/depthai_ros_msgs__rosidl_typesupport_c.dir/rosidl_typesupport_c/depthai_ros_msgs/srv/set_local_transform__type_support.cpp.o[0m
[2.831s] [ 47%] [32mBuilding CXX object CMakeFiles/depthai_ros_msgs__rosidl_typesupport_c.dir/rosidl_typesupport_c/depthai_ros_msgs/srv/normalized_image_crop__type_support.cpp.o[0m
[2.832s] [ 48%] [32mBuilding CXX object CMakeFiles/depthai_ros_msgs__rosidl_typesupport_c.dir/rosidl_typesupport_c/depthai_ros_msgs/srv/trigger_named__type_support.cpp.o[0m
[2.846s] [ 49%] [32mBuilding CXX object CMakeFiles/depthai_ros_msgs__rosidl_typesupport_fastrtps_cpp.dir/rosidl_typesupport_fastrtps_cpp/depthai_ros_msgs/msg/detail/dds_fastrtps/auto_focus_ctrl__type_support.cpp.o[0m
[2.848s] [ 50%] [32mBuilding CXX object CMakeFiles/depthai_ros_msgs__rosidl_typesupport_fastrtps_cpp.dir/rosidl_typesupport_fastrtps_cpp/depthai_ros_msgs/msg/detail/dds_fastrtps/hand_landmark__type_support.cpp.o[0m
[2.848s] [ 51%] [32mBuilding CXX object CMakeFiles/depthai_ros_msgs__rosidl_typesupport_fastrtps_cpp.dir/rosidl_typesupport_fastrtps_cpp/depthai_ros_msgs/msg/detail/dds_fastrtps/hand_landmark_array__type_support.cpp.o[0m
[2.857s] [ 51%] [32mBuilding CXX object CMakeFiles/depthai_ros_msgs__rosidl_typesupport_fastrtps_cpp.dir/rosidl_typesupport_fastrtps_cpp/depthai_ros_msgs/msg/detail/dds_fastrtps/imu_with_magnetic_field__type_support.cpp.o[0m
[2.857s] [ 52%] [32mBuilding CXX object CMakeFiles/depthai_ros_msgs__rosidl_typesupport_fastrtps_cpp.dir/rosidl_typesupport_fastrtps_cpp/depthai_ros_msgs/msg/detail/dds_fastrtps/tracked_feature__type_support.cpp.o[0m
[2.857s] [ 53%] [32mBuilding CXX object CMakeFiles/depthai_ros_msgs__rosidl_typesupport_fastrtps_cpp.dir/rosidl_typesupport_fastrtps_cpp/depthai_ros_msgs/msg/detail/dds_fastrtps/tracked_features__type_support.cpp.o[0m
[2.857s] [ 54%] [32mBuilding CXX object CMakeFiles/depthai_ros_msgs__rosidl_typesupport_fastrtps_cpp.dir/rosidl_typesupport_fastrtps_cpp/depthai_ros_msgs/msg/detail/dds_fastrtps/spatial_detection_array__type_support.cpp.o[0m
[2.857s] [ 55%] [32mBuilding CXX object CMakeFiles/depthai_ros_msgs__rosidl_typesupport_fastrtps_cpp.dir/rosidl_typesupport_fastrtps_cpp/depthai_ros_msgs/msg/detail/dds_fastrtps/spatial_detection__type_support.cpp.o[0m
[2.858s] [ 57%] [32m[1mLinking CXX shared library libdepthai_ros_msgs__rosidl_typesupport_cpp.so[0m
[2.859s] [ 57%] [32mBuilding CXX object CMakeFiles/depthai_ros_msgs__rosidl_typesupport_fastrtps_cpp.dir/rosidl_typesupport_fastrtps_cpp/depthai_ros_msgs/msg/detail/dds_fastrtps/track_detection2_d_array__type_support.cpp.o[0m
[2.860s] [ 58%] [32mBuilding CXX object CMakeFiles/depthai_ros_msgs__rosidl_typesupport_fastrtps_cpp.dir/rosidl_typesupport_fastrtps_cpp/depthai_ros_msgs/srv/detail/dds_fastrtps/trigger_named__type_support.cpp.o[0m
[2.861s] [ 58%] [32mBuilding CXX object CMakeFiles/depthai_ros_msgs__rosidl_typesupport_fastrtps_cpp.dir/rosidl_typesupport_fastrtps_cpp/depthai_ros_msgs/msg/detail/dds_fastrtps/track_detection2_d__type_support.cpp.o[0m
[2.862s] [ 59%] [32mBuilding CXX object CMakeFiles/depthai_ros_msgs__rosidl_typesupport_fastrtps_cpp.dir/rosidl_typesupport_fastrtps_cpp/depthai_ros_msgs/srv/detail/dds_fastrtps/normalized_image_crop__type_support.cpp.o[0m
[2.863s] [ 60%] [32mBuilding CXX object CMakeFiles/depthai_ros_msgs__rosidl_typesupport_fastrtps_cpp.dir/rosidl_typesupport_fastrtps_cpp/depthai_ros_msgs/srv/detail/dds_fastrtps/set_local_transform__type_support.cpp.o[0m
[2.877s] [ 61%] [32m[1mLinking CXX shared library libdepthai_ros_msgs__rosidl_typesupport_c.so[0m
[2.908s] [ 61%] Built target depthai_ros_msgs__rosidl_typesupport_cpp
[2.931s] [ 61%] Built target depthai_ros_msgs__rosidl_typesupport_c
[2.976s] [ 62%] [32mBuilding C object CMakeFiles/depthai_ros_msgs__rosidl_typesupport_introspection_c.dir/rosidl_typesupport_introspection_c/depthai_ros_msgs/msg/detail/auto_focus_ctrl__type_support.c.o[0m
[2.976s] [ 65%] [32mBuilding C object CMakeFiles/depthai_ros_msgs__rosidl_typesupport_introspection_c.dir/rosidl_typesupport_introspection_c/depthai_ros_msgs/msg/detail/hand_landmark_array__type_support.c.o[0m
[2.976s] [ 65%] [32mBuilding C object CMakeFiles/depthai_ros_msgs__rosidl_typesupport_introspection_c.dir/rosidl_typesupport_introspection_c/depthai_ros_msgs/msg/detail/imu_with_magnetic_field__type_support.c.o[0m
[2.976s] [ 65%] [32mBuilding C object CMakeFiles/depthai_ros_msgs__rosidl_typesupport_introspection_c.dir/rosidl_typesupport_introspection_c/depthai_ros_msgs/msg/detail/tracked_feature__type_support.c.o[0m
[2.983s] [ 65%] [32mBuilding C object CMakeFiles/depthai_ros_msgs__rosidl_typesupport_introspection_c.dir/rosidl_typesupport_introspection_c/depthai_ros_msgs/msg/detail/hand_landmark__type_support.c.o[0m
[3.021s] [ 66%] [32mBuilding C object CMakeFiles/depthai_ros_msgs__rosidl_typesupport_introspection_c.dir/rosidl_typesupport_introspection_c/depthai_ros_msgs/msg/detail/tracked_features__type_support.c.o[0m
[3.024s] [ 67%] [32mBuilding C object CMakeFiles/depthai_ros_msgs__rosidl_typesupport_introspection_c.dir/rosidl_typesupport_introspection_c/depthai_ros_msgs/msg/detail/spatial_detection__type_support.c.o[0m
[3.024s] [ 67%] [32mBuilding C object CMakeFiles/depthai_ros_msgs__rosidl_typesupport_introspection_c.dir/rosidl_typesupport_introspection_c/depthai_ros_msgs/msg/detail/spatial_detection_array__type_support.c.o[0m
[3.024s] [ 68%] [32mBuilding C object CMakeFiles/depthai_ros_msgs__rosidl_typesupport_introspection_c.dir/rosidl_typesupport_introspection_c/depthai_ros_msgs/msg/detail/track_detection2_d__type_support.c.o[0m
[3.028s] [ 69%] [32mBuilding C object CMakeFiles/depthai_ros_msgs__rosidl_typesupport_introspection_c.dir/rosidl_typesupport_introspection_c/depthai_ros_msgs/msg/detail/track_detection2_d_array__type_support.c.o[0m
[3.037s] [ 70%] [32mBuilding C object CMakeFiles/depthai_ros_msgs__rosidl_typesupport_introspection_c.dir/rosidl_typesupport_introspection_c/depthai_ros_msgs/srv/detail/set_local_transform__type_support.c.o[0m
[3.066s] [ 71%] [32mBuilding C object CMakeFiles/depthai_ros_msgs__rosidl_typesupport_introspection_c.dir/rosidl_typesupport_introspection_c/depthai_ros_msgs/srv/detail/trigger_named__type_support.c.o[0m
[3.072s] [ 71%] [32mBuilding C object CMakeFiles/depthai_ros_msgs__rosidl_typesupport_introspection_c.dir/rosidl_typesupport_introspection_c/depthai_ros_msgs/srv/detail/normalized_image_crop__type_support.c.o[0m
[3.114s] [ 74%] [32mBuilding CXX object CMakeFiles/depthai_ros_msgs__rosidl_typesupport_fastrtps_c.dir/rosidl_typesupport_fastrtps_c/depthai_ros_msgs/msg/detail/hand_landmark_array__type_support_c.cpp.o[0m
[3.114s] [ 74%] [32mBuilding CXX object CMakeFiles/depthai_ros_msgs__rosidl_typesupport_fastrtps_c.dir/rosidl_typesupport_fastrtps_c/depthai_ros_msgs/msg/detail/tracked_feature__type_support_c.cpp.o[0m
[3.114s] [ 74%] [32mBuilding CXX object CMakeFiles/depthai_ros_msgs__rosidl_typesupport_fastrtps_c.dir/rosidl_typesupport_fastrtps_c/depthai_ros_msgs/msg/detail/hand_landmark__type_support_c.cpp.o[0m
[3.114s] [ 74%] [32mBuilding CXX object CMakeFiles/depthai_ros_msgs__rosidl_typesupport_fastrtps_c.dir/rosidl_typesupport_fastrtps_c/depthai_ros_msgs/msg/detail/auto_focus_ctrl__type_support_c.cpp.o[0m
[3.114s] [ 75%] [32mBuilding CXX object CMakeFiles/depthai_ros_msgs__rosidl_typesupport_fastrtps_c.dir/rosidl_typesupport_fastrtps_c/depthai_ros_msgs/msg/detail/imu_with_magnetic_field__type_support_c.cpp.o[0m
[3.114s] [ 77%] [32mBuilding CXX object CMakeFiles/depthai_ros_msgs__rosidl_typesupport_fastrtps_c.dir/rosidl_typesupport_fastrtps_c/depthai_ros_msgs/msg/detail/track_detection2_d__type_support_c.cpp.o[0m
[3.115s] [ 77%] [32mBuilding CXX object CMakeFiles/depthai_ros_msgs__rosidl_typesupport_fastrtps_c.dir/rosidl_typesupport_fastrtps_c/depthai_ros_msgs/msg/detail/tracked_features__type_support_c.cpp.o[0m
[3.115s] [ 77%] [32mBuilding CXX object CMakeFiles/depthai_ros_msgs__rosidl_typesupport_fastrtps_c.dir/rosidl_typesupport_fastrtps_c/depthai_ros_msgs/msg/detail/spatial_detection__type_support_c.cpp.o[0m
[3.115s] [ 78%] [32mBuilding CXX object CMakeFiles/depthai_ros_msgs__rosidl_typesupport_fastrtps_c.dir/rosidl_typesupport_fastrtps_c/depthai_ros_msgs/msg/detail/spatial_detection_array__type_support_c.cpp.o[0m
[3.115s] [ 80%] [32mBuilding CXX object CMakeFiles/depthai_ros_msgs__rosidl_typesupport_fastrtps_c.dir/rosidl_typesupport_fastrtps_c/depthai_ros_msgs/msg/detail/track_detection2_d_array__type_support_c.cpp.o[0m
[3.115s] [ 80%] [32mBuilding CXX object CMakeFiles/depthai_ros_msgs__rosidl_typesupport_fastrtps_c.dir/rosidl_typesupport_fastrtps_c/depthai_ros_msgs/srv/detail/set_local_transform__type_support_c.cpp.o[0m
[3.115s] [ 80%] [32mBuilding CXX object CMakeFiles/depthai_ros_msgs__rosidl_typesupport_fastrtps_c.dir/rosidl_typesupport_fastrtps_c/depthai_ros_msgs/srv/detail/trigger_named__type_support_c.cpp.o[0m
[3.115s] [ 81%] [32mBuilding CXX object CMakeFiles/depthai_ros_msgs__rosidl_typesupport_fastrtps_c.dir/rosidl_typesupport_fastrtps_c/depthai_ros_msgs/srv/detail/normalized_image_crop__type_support_c.cpp.o[0m
[3.119s] [ 82%] [32m[1mLinking C shared library libdepthai_ros_msgs__rosidl_typesupport_introspection_c.so[0m
[3.158s] [ 82%] Built target depthai_ros_msgs__rosidl_typesupport_introspection_c
[3.215s] [ 83%] [32m[1mLinking CXX shared library libdepthai_ros_msgs__rosidl_typesupport_introspection_cpp.so[0m
[3.316s] [ 83%] Built target depthai_ros_msgs__rosidl_typesupport_introspection_cpp
[3.393s] [ 83%] [32m[1mLinking CXX shared library libdepthai_ros_msgs__rosidl_typesupport_fastrtps_cpp.so[0m
[3.456s] [ 83%] Built target depthai_ros_msgs__rosidl_typesupport_fastrtps_cpp
[3.462s] [ 84%] [32m[1mLinking CXX shared library libdepthai_ros_msgs__rosidl_typesupport_fastrtps_c.so[0m
[3.524s] [ 84%] Built target depthai_ros_msgs__rosidl_typesupport_fastrtps_c
[3.541s] [ 84%] Built target depthai_ros_msgs
[3.571s] [ 85%] [34m[1mGenerating Python code for ROS interfaces[0m
[4.608s] [ 85%] Built target depthai_ros_msgs__py
[4.629s] [ 86%] [32mBuilding C object CMakeFiles/depthai_ros_msgs__rosidl_generator_py.dir/rosidl_generator_py/depthai_ros_msgs/msg/_auto_focus_ctrl_s.c.o[0m
[4.629s] [ 87%] [32mBuilding C object CMakeFiles/depthai_ros_msgs__rosidl_generator_py.dir/rosidl_generator_py/depthai_ros_msgs/msg/_track_detection2_d_s.c.o[0m
[4.630s] [ 87%] [32mBuilding C object CMakeFiles/depthai_ros_msgs__rosidl_generator_py.dir/rosidl_generator_py/depthai_ros_msgs/msg/_hand_landmark_s.c.o[0m
[4.630s] [ 88%] [32mBuilding C object CMakeFiles/depthai_ros_msgs__rosidl_generator_py.dir/rosidl_generator_py/depthai_ros_msgs/srv/_trigger_named_s.c.o[0m
[4.630s] [ 89%] [32mBuilding C object CMakeFiles/depthai_ros_msgs__rosidl_generator_py.dir/rosidl_generator_py/depthai_ros_msgs/srv/_normalized_image_crop_s.c.o[0m
[4.630s] [ 88%] [32mBuilding C object CMakeFiles/depthai_ros_msgs__rosidl_generator_py.dir/rosidl_generator_py/depthai_ros_msgs/msg/_imu_with_magnetic_field_s.c.o[0m
[4.630s] [ 90%] [32mBuilding C object CMakeFiles/depthai_ros_msgs__rosidl_generator_py.dir/rosidl_generator_py/depthai_ros_msgs/msg/_hand_landmark_array_s.c.o[0m
[4.630s] [ 91%] [32mBuilding C object CMakeFiles/depthai_ros_msgs__rosidl_generator_py.dir/rosidl_generator_py/depthai_ros_msgs/srv/_set_local_transform_s.c.o[0m
[4.631s] [ 92%] [32mBuilding C object CMakeFiles/depthai_ros_msgs__rosidl_generator_py.dir/rosidl_generator_py/depthai_ros_msgs/msg/_track_detection2_d_array_s.c.o[0m
[4.631s] [ 94%] [32mBuilding C object CMakeFiles/depthai_ros_msgs__rosidl_generator_py.dir/rosidl_generator_py/depthai_ros_msgs/msg/_tracked_features_s.c.o[0m
[4.631s] [ 94%] [32mBuilding C object CMakeFiles/depthai_ros_msgs__rosidl_generator_py.dir/rosidl_generator_py/depthai_ros_msgs/msg/_tracked_feature_s.c.o[0m
[4.631s] [ 94%] [32mBuilding C object CMakeFiles/depthai_ros_msgs__rosidl_generator_py.dir/rosidl_generator_py/depthai_ros_msgs/msg/_spatial_detection_s.c.o[0m
[4.631s] [ 95%] [32mBuilding C object CMakeFiles/depthai_ros_msgs__rosidl_generator_py.dir/rosidl_generator_py/depthai_ros_msgs/msg/_spatial_detection_array_s.c.o[0m
[4.742s] [ 96%] [32m[1mLinking C shared library rosidl_generator_py/depthai_ros_msgs/libdepthai_ros_msgs__rosidl_generator_py.so[0m
[4.787s] [ 96%] Built target depthai_ros_msgs__rosidl_generator_py
[4.802s] [ 97%] [32mBuilding C object CMakeFiles/depthai_ros_msgs__rosidl_typesupport_fastrtps_c__pyext.dir/rosidl_generator_py/depthai_ros_msgs/_depthai_ros_msgs_s.ep.rosidl_typesupport_fastrtps_c.c.o[0m
[4.804s] [ 98%] [32mBuilding C object CMakeFiles/depthai_ros_msgs__rosidl_typesupport_c__pyext.dir/rosidl_generator_py/depthai_ros_msgs/_depthai_ros_msgs_s.ep.rosidl_typesupport_c.c.o[0m
[4.805s] [ 99%] [32mBuilding C object CMakeFiles/depthai_ros_msgs__rosidl_typesupport_introspection_c__pyext.dir/rosidl_generator_py/depthai_ros_msgs/_depthai_ros_msgs_s.ep.rosidl_typesupport_introspection_c.c.o[0m
[4.892s] [100%] [32m[1mLinking C shared library rosidl_generator_py/depthai_ros_msgs/depthai_ros_msgs_s__rosidl_typesupport_fastrtps_c.cpython-310-x86_64-linux-gnu.so[0m
[4.892s] [100%] [32m[1mLinking C shared library rosidl_generator_py/depthai_ros_msgs/depthai_ros_msgs_s__rosidl_typesupport_introspection_c.cpython-310-x86_64-linux-gnu.so[0m
[4.892s] [100%] [32m[1mLinking C shared library rosidl_generator_py/depthai_ros_msgs/depthai_ros_msgs_s__rosidl_typesupport_c.cpython-310-x86_64-linux-gnu.so[0m
[4.923s] [100%] Built target depthai_ros_msgs__rosidl_typesupport_c__pyext
[4.926s] [100%] Built target depthai_ros_msgs__rosidl_typesupport_fastrtps_c__pyext
[4.927s] [100%] Built target depthai_ros_msgs__rosidl_typesupport_introspection_c__pyext
[4.936s] Invoked command in '/home/dronelab/vikram/slam-project/build/depthai_ros_msgs' returned '0': CMAKE_PREFIX_PATH=/opt/ros/humble /usr/bin/cmake --build /home/dronelab/vikram/slam-project/build/depthai_ros_msgs -- -j32 -l32
[5.352s] Invoking command in '/home/dronelab/vikram/slam-project/build/depthai_ros_msgs': CMAKE_PREFIX_PATH=/opt/ros/humble /usr/bin/cmake --install /home/dronelab/vikram/slam-project/build/depthai_ros_msgs
[5.364s] -- Install configuration: ""
[5.364s] -- Installing: /home/dronelab/vikram/slam-project/install/depthai_ros_msgs/share/ament_index/resource_index/rosidl_interfaces/depthai_ros_msgs
[5.364s] -- Installing: /home/dronelab/vikram/slam-project/install/depthai_ros_msgs/include/depthai_ros_msgs/depthai_ros_msgs
[5.364s] -- Installing: /home/dronelab/vikram/slam-project/install/depthai_ros_msgs/include/depthai_ros_msgs/depthai_ros_msgs/srv
[5.364s] -- Installing: /home/dronelab/vikram/slam-project/install/depthai_ros_msgs/include/depthai_ros_msgs/depthai_ros_msgs/srv/normalized_image_crop.h
[5.364s] -- Installing: /home/dronelab/vikram/slam-project/install/depthai_ros_msgs/include/depthai_ros_msgs/depthai_ros_msgs/srv/trigger_named.h
[5.365s] -- Installing: /home/dronelab/vikram/slam-project/install/depthai_ros_msgs/include/depthai_ros_msgs/depthai_ros_msgs/srv/set_local_transform.h
[5.365s] -- Installing: /home/dronelab/vikram/slam-project/install/depthai_ros_msgs/include/depthai_ros_msgs/depthai_ros_msgs/srv/detail
[5.365s] -- Installing: /home/dronelab/vikram/slam-project/install/depthai_ros_msgs/include/depthai_ros_msgs/depthai_ros_msgs/srv/detail/trigger_named__functions.c
[5.365s] -- Installing: /home/dronelab/vikram/slam-project/install/depthai_ros_msgs/include/depthai_ros_msgs/depthai_ros_msgs/srv/detail/normalized_image_crop__functions.h
[5.365s] -- Installing: /home/dronelab/vikram/slam-project/install/depthai_ros_msgs/include/depthai_ros_msgs/depthai_ros_msgs/srv/detail/set_local_transform__functions.c
[5.365s] -- Installing: /home/dronelab/vikram/slam-project/install/depthai_ros_msgs/include/depthai_ros_msgs/depthai_ros_msgs/srv/detail/trigger_named__struct.h
[5.365s] -- Installing: /home/dronelab/vikram/slam-project/install/depthai_ros_msgs/include/depthai_ros_msgs/depthai_ros_msgs/srv/detail/normalized_image_crop__type_support.h
[5.365s] -- Installing: /home/dronelab/vikram/slam-project/install/depthai_ros_msgs/include/depthai_ros_msgs/depthai_ros_msgs/srv/detail/set_local_transform__struct.h
[5.365s] -- Installing: /home/dronelab/vikram/slam-project/install/depthai_ros_msgs/include/depthai_ros_msgs/depthai_ros_msgs/srv/detail/set_local_transform__functions.h
[5.366s] -- Installing: /home/dronelab/vikram/slam-project/install/depthai_ros_msgs/include/depthai_ros_msgs/depthai_ros_msgs/srv/detail/set_local_transform__type_support.h
[5.366s] -- Installing: /home/dronelab/vikram/slam-project/install/depthai_ros_msgs/include/depthai_ros_msgs/depthai_ros_msgs/srv/detail/trigger_named__type_support.h
[5.366s] -- Installing: /home/dronelab/vikram/slam-project/install/depthai_ros_msgs/include/depthai_ros_msgs/depthai_ros_msgs/srv/detail/normalized_image_crop__struct.h
[5.366s] -- Installing: /home/dronelab/vikram/slam-project/install/depthai_ros_msgs/include/depthai_ros_msgs/depthai_ros_msgs/srv/detail/trigger_named__functions.h
[5.366s] -- Installing: /home/dronelab/vikram/slam-project/install/depthai_ros_msgs/include/depthai_ros_msgs/depthai_ros_msgs/srv/detail/normalized_image_crop__functions.c
[5.366s] -- Installing: /home/dronelab/vikram/slam-project/install/depthai_ros_msgs/include/depthai_ros_msgs/depthai_ros_msgs/msg
[5.366s] -- Installing: /home/dronelab/vikram/slam-project/install/depthai_ros_msgs/include/depthai_ros_msgs/depthai_ros_msgs/msg/spatial_detection.h
[5.366s] -- Installing: /home/dronelab/vikram/slam-project/install/depthai_ros_msgs/include/depthai_ros_msgs/depthai_ros_msgs/msg/tracked_feature.h
[5.366s] -- Installing: /home/dronelab/vikram/slam-project/install/depthai_ros_msgs/include/depthai_ros_msgs/depthai_ros_msgs/msg/spatial_detection_array.h
[5.366s] -- Installing: /home/dronelab/vikram/slam-project/install/depthai_ros_msgs/include/depthai_ros_msgs/depthai_ros_msgs/msg/tracked_features.h
[5.366s] -- Installing: /home/dronelab/vikram/slam-project/install/depthai_ros_msgs/include/depthai_ros_msgs/depthai_ros_msgs/msg/imu_with_magnetic_field.h
[5.366s] -- Installing: /home/dronelab/vikram/slam-project/install/depthai_ros_msgs/include/depthai_ros_msgs/depthai_ros_msgs/msg/track_detection2_d_array.h
[5.367s] -- Installing: /home/dronelab/vikram/slam-project/install/depthai_ros_msgs/include/depthai_ros_msgs/depthai_ros_msgs/msg/auto_focus_ctrl.h
[5.367s] -- Installing: /home/dronelab/vikram/slam-project/install/depthai_ros_msgs/include/depthai_ros_msgs/depthai_ros_msgs/msg/track_detection2_d.h
[5.367s] -- Installing: /home/dronelab/vikram/slam-project/install/depthai_ros_msgs/include/depthai_ros_msgs/depthai_ros_msgs/msg/hand_landmark.h
[5.367s] -- Installing: /home/dronelab/vikram/slam-project/install/depthai_ros_msgs/include/depthai_ros_msgs/depthai_ros_msgs/msg/detail
[5.367s] -- Installing: /home/dronelab/vikram/slam-project/install/depthai_ros_msgs/include/depthai_ros_msgs/depthai_ros_msgs/msg/detail/track_detection2_d__struct.h
[5.367s] -- Installing: /home/dronelab/vikram/slam-project/install/depthai_ros_msgs/include/depthai_ros_msgs/depthai_ros_msgs/msg/detail/spatial_detection_array__type_support.h
[5.367s] -- Installing: /home/dronelab/vikram/slam-project/install/depthai_ros_msgs/include/depthai_ros_msgs/depthai_ros_msgs/msg/detail/tracked_features__functions.c
[5.367s] -- Installing: /home/dronelab/vikram/slam-project/install/depthai_ros_msgs/include/depthai_ros_msgs/depthai_ros_msgs/msg/detail/track_detection2_d__type_support.h
[5.367s] -- Installing: /home/dronelab/vikram/slam-project/install/depthai_ros_msgs/include/depthai_ros_msgs/depthai_ros_msgs/msg/detail/tracked_feature__functions.h
[5.367s] -- Installing: /home/dronelab/vikram/slam-project/install/depthai_ros_msgs/include/depthai_ros_msgs/depthai_ros_msgs/msg/detail/tracked_features__functions.h
[5.367s] -- Installing: /home/dronelab/vikram/slam-project/install/depthai_ros_msgs/include/depthai_ros_msgs/depthai_ros_msgs/msg/detail/track_detection2_d_array__struct.h
[5.367s] -- Installing: /home/dronelab/vikram/slam-project/install/depthai_ros_msgs/include/depthai_ros_msgs/depthai_ros_msgs/msg/detail/tracked_features__type_support.h
[5.368s] -- Installing: /home/dronelab/vikram/slam-project/install/depthai_ros_msgs/include/depthai_ros_msgs/depthai_ros_msgs/msg/detail/hand_landmark__functions.c
[5.368s] -- Installing: /home/dronelab/vikram/slam-project/install/depthai_ros_msgs/include/depthai_ros_msgs/depthai_ros_msgs/msg/detail/hand_landmark_array__type_support.h
[5.368s] -- Installing: /home/dronelab/vikram/slam-project/install/depthai_ros_msgs/include/depthai_ros_msgs/depthai_ros_msgs/msg/detail/spatial_detection__functions.c
[5.368s] -- Installing: /home/dronelab/vikram/slam-project/install/depthai_ros_msgs/include/depthai_ros_msgs/depthai_ros_msgs/msg/detail/auto_focus_ctrl__functions.c
[5.368s] -- Installing: /home/dronelab/vikram/slam-project/install/depthai_ros_msgs/include/depthai_ros_msgs/depthai_ros_msgs/msg/detail/hand_landmark__struct.h
[5.368s] -- Installing: /home/dronelab/vikram/slam-project/install/depthai_ros_msgs/include/depthai_ros_msgs/depthai_ros_msgs/msg/detail/auto_focus_ctrl__type_support.h
[5.368s] -- Installing: /home/dronelab/vikram/slam-project/install/depthai_ros_msgs/include/depthai_ros_msgs/depthai_ros_msgs/msg/detail/track_detection2_d_array__functions.h
[5.368s] -- Installing: /home/dronelab/vikram/slam-project/install/depthai_ros_msgs/include/depthai_ros_msgs/depthai_ros_msgs/msg/detail/hand_landmark_array__functions.h
[5.368s] -- Installing: /home/dronelab/vikram/slam-project/install/depthai_ros_msgs/include/depthai_ros_msgs/depthai_ros_msgs/msg/detail/track_detection2_d__functions.h
[5.368s] -- Installing: /home/dronelab/vikram/slam-project/install/depthai_ros_msgs/include/depthai_ros_msgs/depthai_ros_msgs/msg/detail/track_detection2_d_array__functions.c
[5.368s] -- Installing: /home/dronelab/vikram/slam-project/install/depthai_ros_msgs/include/depthai_ros_msgs/depthai_ros_msgs/msg/detail/hand_landmark_array__functions.c
[5.368s] -- Installing: /home/dronelab/vikram/slam-project/install/depthai_ros_msgs/include/depthai_ros_msgs/depthai_ros_msgs/msg/detail/spatial_detection_array__struct.h
[5.369s] -- Installing: /home/dronelab/vikram/slam-project/install/depthai_ros_msgs/include/depthai_ros_msgs/depthai_ros_msgs/msg/detail/imu_with_magnetic_field__type_support.h
[5.369s] -- Installing: /home/dronelab/vikram/slam-project/install/depthai_ros_msgs/include/depthai_ros_msgs/depthai_ros_msgs/msg/detail/hand_landmark__functions.h
[5.369s] -- Installing: /home/dronelab/vikram/slam-project/install/depthai_ros_msgs/include/depthai_ros_msgs/depthai_ros_msgs/msg/detail/hand_landmark__type_support.h
[5.369s] -- Installing: /home/dronelab/vikram/slam-project/install/depthai_ros_msgs/include/depthai_ros_msgs/depthai_ros_msgs/msg/detail/tracked_feature__type_support.h
[5.369s] -- Installing: /home/dronelab/vikram/slam-project/install/depthai_ros_msgs/include/depthai_ros_msgs/depthai_ros_msgs/msg/detail/spatial_detection__type_support.h
[5.369s] -- Installing: /home/dronelab/vikram/slam-project/install/depthai_ros_msgs/include/depthai_ros_msgs/depthai_ros_msgs/msg/detail/imu_with_magnetic_field__functions.h
[5.369s] -- Installing: /home/dronelab/vikram/slam-project/install/depthai_ros_msgs/include/depthai_ros_msgs/depthai_ros_msgs/msg/detail/tracked_feature__struct.h
[5.369s] -- Installing: /home/dronelab/vikram/slam-project/install/depthai_ros_msgs/include/depthai_ros_msgs/depthai_ros_msgs/msg/detail/tracked_features__struct.h
[5.369s] -- Installing: /home/dronelab/vikram/slam-project/install/depthai_ros_msgs/include/depthai_ros_msgs/depthai_ros_msgs/msg/detail/spatial_detection_array__functions.h
[5.369s] -- Installing: /home/dronelab/vikram/slam-project/install/depthai_ros_msgs/include/depthai_ros_msgs/depthai_ros_msgs/msg/detail/imu_with_magnetic_field__functions.c
[5.369s] -- Installing: /home/dronelab/vikram/slam-project/install/depthai_ros_msgs/include/depthai_ros_msgs/depthai_ros_msgs/msg/detail/tracked_feature__functions.c
[5.369s] -- Installing: /home/dronelab/vikram/slam-project/install/depthai_ros_msgs/include/depthai_ros_msgs/depthai_ros_msgs/msg/detail/track_detection2_d_array__type_support.h
[5.369s] -- Installing: /home/dronelab/vikram/slam-project/install/depthai_ros_msgs/include/depthai_ros_msgs/depthai_ros_msgs/msg/detail/track_detection2_d__functions.c
[5.369s] -- Installing: /home/dronelab/vikram/slam-project/install/depthai_ros_msgs/include/depthai_ros_msgs/depthai_ros_msgs/msg/detail/spatial_detection__functions.h
[5.369s] -- Installing: /home/dronelab/vikram/slam-project/install/depthai_ros_msgs/include/depthai_ros_msgs/depthai_ros_msgs/msg/detail/spatial_detection__struct.h
[5.369s] -- Installing: /home/dronelab/vikram/slam-project/install/depthai_ros_msgs/include/depthai_ros_msgs/depthai_ros_msgs/msg/detail/hand_landmark_array__struct.h
[5.370s] -- Installing: /home/dronelab/vikram/slam-project/install/depthai_ros_msgs/include/depthai_ros_msgs/depthai_ros_msgs/msg/detail/auto_focus_ctrl__functions.h
[5.370s] -- Installing: /home/dronelab/vikram/slam-project/install/depthai_ros_msgs/include/depthai_ros_msgs/depthai_ros_msgs/msg/detail/auto_focus_ctrl__struct.h
[5.370s] -- Installing: /home/dronelab/vikram/slam-project/install/depthai_ros_msgs/include/depthai_ros_msgs/depthai_ros_msgs/msg/detail/spatial_detection_array__functions.c
[5.370s] -- Installing: /home/dronelab/vikram/slam-project/install/depthai_ros_msgs/include/depthai_ros_msgs/depthai_ros_msgs/msg/detail/imu_with_magnetic_field__struct.h
[5.370s] -- Installing: /home/dronelab/vikram/slam-project/install/depthai_ros_msgs/include/depthai_ros_msgs/depthai_ros_msgs/msg/hand_landmark_array.h
[5.370s] -- Installing: /home/dronelab/vikram/slam-project/install/depthai_ros_msgs/include/depthai_ros_msgs/depthai_ros_msgs/msg/rosidl_generator_c__visibility_control.h
[5.370s] -- Installing: /home/dronelab/vikram/slam-project/install/depthai_ros_msgs/share/depthai_ros_msgs/environment/library_path.sh
[5.370s] -- Installing: /home/dronelab/vikram/slam-project/install/depthai_ros_msgs/share/depthai_ros_msgs/environment/library_path.dsv
[5.370s] -- Installing: /home/dronelab/vikram/slam-project/install/depthai_ros_msgs/lib/libdepthai_ros_msgs__rosidl_generator_c.so
[5.371s] -- Set runtime path of "/home/dronelab/vikram/slam-project/install/depthai_ros_msgs/lib/libdepthai_ros_msgs__rosidl_generator_c.so" to ""
[5.371s] -- Up-to-date: /home/dronelab/vikram/slam-project/install/depthai_ros_msgs/include/depthai_ros_msgs/depthai_ros_msgs
[5.371s] -- Up-to-date: /home/dronelab/vikram/slam-project/install/depthai_ros_msgs/include/depthai_ros_msgs/depthai_ros_msgs/srv
[5.371s] -- Up-to-date: /home/dronelab/vikram/slam-project/install/depthai_ros_msgs/include/depthai_ros_msgs/depthai_ros_msgs/srv/detail
[5.371s] -- Installing: /home/dronelab/vikram/slam-project/install/depthai_ros_msgs/include/depthai_ros_msgs/depthai_ros_msgs/srv/detail/normalized_image_crop__rosidl_typesupport_fastrtps_c.h
[5.371s] -- Installing: /home/dronelab/vikram/slam-project/install/depthai_ros_msgs/include/depthai_ros_msgs/depthai_ros_msgs/srv/detail/set_local_transform__rosidl_typesupport_fastrtps_c.h
[5.371s] -- Installing: /home/dronelab/vikram/slam-project/install/depthai_ros_msgs/include/depthai_ros_msgs/depthai_ros_msgs/srv/detail/trigger_named__rosidl_typesupport_fastrtps_c.h
[5.371s] -- Up-to-date: /home/dronelab/vikram/slam-project/install/depthai_ros_msgs/include/depthai_ros_msgs/depthai_ros_msgs/msg
[5.371s] -- Installing: /home/dronelab/vikram/slam-project/install/depthai_ros_msgs/include/depthai_ros_msgs/depthai_ros_msgs/msg/rosidl_typesupport_fastrtps_c__visibility_control.h
[5.371s] -- Up-to-date: /home/dronelab/vikram/slam-project/install/depthai_ros_msgs/include/depthai_ros_msgs/depthai_ros_msgs/msg/detail
[5.371s] -- Installing: /home/dronelab/vikram/slam-project/install/depthai_ros_msgs/include/depthai_ros_msgs/depthai_ros_msgs/msg/detail/hand_landmark__rosidl_typesupport_fastrtps_c.h
[5.371s] -- Installing: /home/dronelab/vikram/slam-project/install/depthai_ros_msgs/include/depthai_ros_msgs/depthai_ros_msgs/msg/detail/track_detection2_d__rosidl_typesupport_fastrtps_c.h
[5.371s] -- Installing: /home/dronelab/vikram/slam-project/install/depthai_ros_msgs/include/depthai_ros_msgs/depthai_ros_msgs/msg/detail/imu_with_magnetic_field__rosidl_typesupport_fastrtps_c.h
[5.371s] -- Installing: /home/dronelab/vikram/slam-project/install/depthai_ros_msgs/include/depthai_ros_msgs/depthai_ros_msgs/msg/detail/tracked_feature__rosidl_typesupport_fastrtps_c.h
[5.371s] -- Installing: /home/dronelab/vikram/slam-project/install/depthai_ros_msgs/include/depthai_ros_msgs/depthai_ros_msgs/msg/detail/hand_landmark_array__rosidl_typesupport_fastrtps_c.h
[5.371s] -- Installing: /home/dronelab/vikram/slam-project/install/depthai_ros_msgs/include/depthai_ros_msgs/depthai_ros_msgs/msg/detail/tracked_features__rosidl_typesupport_fastrtps_c.h
[5.371s] -- Installing: /home/dronelab/vikram/slam-project/install/depthai_ros_msgs/include/depthai_ros_msgs/depthai_ros_msgs/msg/detail/track_detection2_d_array__rosidl_typesupport_fastrtps_c.h
[5.371s] -- Installing: /home/dronelab/vikram/slam-project/install/depthai_ros_msgs/include/depthai_ros_msgs/depthai_ros_msgs/msg/detail/auto_focus_ctrl__rosidl_typesupport_fastrtps_c.h
[5.371s] -- Installing: /home/dronelab/vikram/slam-project/install/depthai_ros_msgs/include/depthai_ros_msgs/depthai_ros_msgs/msg/detail/spatial_detection_array__rosidl_typesupport_fastrtps_c.h
[5.372s] -- Installing: /home/dronelab/vikram/slam-project/install/depthai_ros_msgs/include/depthai_ros_msgs/depthai_ros_msgs/msg/detail/spatial_detection__rosidl_typesupport_fastrtps_c.h
[5.372s] -- Installing: /home/dronelab/vikram/slam-project/install/depthai_ros_msgs/lib/libdepthai_ros_msgs__rosidl_typesupport_fastrtps_c.so
[5.372s] -- Set runtime path of "/home/dronelab/vikram/slam-project/install/depthai_ros_msgs/lib/libdepthai_ros_msgs__rosidl_typesupport_fastrtps_c.so" to ""
[5.372s] -- Up-to-date: /home/dronelab/vikram/slam-project/install/depthai_ros_msgs/include/depthai_ros_msgs/depthai_ros_msgs
[5.372s] -- Up-to-date: /home/dronelab/vikram/slam-project/install/depthai_ros_msgs/include/depthai_ros_msgs/depthai_ros_msgs/srv
[5.372s] -- Installing: /home/dronelab/vikram/slam-project/install/depthai_ros_msgs/include/depthai_ros_msgs/depthai_ros_msgs/srv/normalized_image_crop.hpp
[5.372s] -- Installing: /home/dronelab/vikram/slam-project/install/depthai_ros_msgs/include/depthai_ros_msgs/depthai_ros_msgs/srv/trigger_named.hpp
[5.372s] -- Installing: /home/dronelab/vikram/slam-project/install/depthai_ros_msgs/include/depthai_ros_msgs/depthai_ros_msgs/srv/set_local_transform.hpp
[5.372s] -- Up-to-date: /home/dronelab/vikram/slam-project/install/depthai_ros_msgs/include/depthai_ros_msgs/depthai_ros_msgs/srv/detail
[5.372s] -- Installing: /home/dronelab/vikram/slam-project/install/depthai_ros_msgs/include/depthai_ros_msgs/depthai_ros_msgs/srv/detail/set_local_transform__traits.hpp
[5.372s] -- Installing: /home/dronelab/vikram/slam-project/install/depthai_ros_msgs/include/depthai_ros_msgs/depthai_ros_msgs/srv/detail/set_local_transform__struct.hpp
[5.372s] -- Installing: /home/dronelab/vikram/slam-project/install/depthai_ros_msgs/include/depthai_ros_msgs/depthai_ros_msgs/srv/detail/normalized_image_crop__traits.hpp
[5.372s] -- Installing: /home/dronelab/vikram/slam-project/install/depthai_ros_msgs/include/depthai_ros_msgs/depthai_ros_msgs/srv/detail/normalized_image_crop__struct.hpp
[5.372s] -- Installing: /home/dronelab/vikram/slam-project/install/depthai_ros_msgs/include/depthai_ros_msgs/depthai_ros_msgs/srv/detail/trigger_named__struct.hpp
[5.372s] -- Installing: /home/dronelab/vikram/slam-project/install/depthai_ros_msgs/include/depthai_ros_msgs/depthai_ros_msgs/srv/detail/trigger_named__traits.hpp
[5.372s] -- Installing: /home/dronelab/vikram/slam-project/install/depthai_ros_msgs/include/depthai_ros_msgs/depthai_ros_msgs/srv/detail/trigger_named__builder.hpp
[5.372s] -- Installing: /home/dronelab/vikram/slam-project/install/depthai_ros_msgs/include/depthai_ros_msgs/depthai_ros_msgs/srv/detail/set_local_transform__builder.hpp
[5.372s] -- Installing: /home/dronelab/vikram/slam-project/install/depthai_ros_msgs/include/depthai_ros_msgs/depthai_ros_msgs/srv/detail/normalized_image_crop__builder.hpp
[5.372s] -- Up-to-date: /home/dronelab/vikram/slam-project/install/depthai_ros_msgs/include/depthai_ros_msgs/depthai_ros_msgs/msg
[5.373s] -- Installing: /home/dronelab/vikram/slam-project/install/depthai_ros_msgs/include/depthai_ros_msgs/depthai_ros_msgs/msg/auto_focus_ctrl.hpp
[5.373s] -- Installing: /home/dronelab/vikram/slam-project/install/depthai_ros_msgs/include/depthai_ros_msgs/depthai_ros_msgs/msg/spatial_detection.hpp
[5.373s] -- Installing: /home/dronelab/vikram/slam-project/install/depthai_ros_msgs/include/depthai_ros_msgs/depthai_ros_msgs/msg/spatial_detection_array.hpp
[5.373s] -- Installing: /home/dronelab/vikram/slam-project/install/depthai_ros_msgs/include/depthai_ros_msgs/depthai_ros_msgs/msg/track_detection2_d_array.hpp
[5.373s] -- Installing: /home/dronelab/vikram/slam-project/install/depthai_ros_msgs/include/depthai_ros_msgs/depthai_ros_msgs/msg/track_detection2_d.hpp
[5.373s] -- Installing: /home/dronelab/vikram/slam-project/install/depthai_ros_msgs/include/depthai_ros_msgs/depthai_ros_msgs/msg/hand_landmark_array.hpp
[5.373s] -- Installing: /home/dronelab/vikram/slam-project/install/depthai_ros_msgs/include/depthai_ros_msgs/depthai_ros_msgs/msg/hand_landmark.hpp
[5.373s] -- Up-to-date: /home/dronelab/vikram/slam-project/install/depthai_ros_msgs/include/depthai_ros_msgs/depthai_ros_msgs/msg/detail
[5.373s] -- Installing: /home/dronelab/vikram/slam-project/install/depthai_ros_msgs/include/depthai_ros_msgs/depthai_ros_msgs/msg/detail/track_detection2_d_array__traits.hpp
[5.373s] -- Installing: /home/dronelab/vikram/slam-project/install/depthai_ros_msgs/include/depthai_ros_msgs/depthai_ros_msgs/msg/detail/track_detection2_d_array__struct.hpp
[5.373s] -- Installing: /home/dronelab/vikram/slam-project/install/depthai_ros_msgs/include/depthai_ros_msgs/depthai_ros_msgs/msg/detail/tracked_feature__traits.hpp
[5.373s] -- Installing: /home/dronelab/vikram/slam-project/install/depthai_ros_msgs/include/depthai_ros_msgs/depthai_ros_msgs/msg/detail/track_detection2_d__traits.hpp
[5.373s] -- Installing: /home/dronelab/vikram/slam-project/install/depthai_ros_msgs/include/depthai_ros_msgs/depthai_ros_msgs/msg/detail/auto_focus_ctrl__builder.hpp
[5.373s] -- Installing: /home/dronelab/vikram/slam-project/install/depthai_ros_msgs/include/depthai_ros_msgs/depthai_ros_msgs/msg/detail/hand_landmark_array__builder.hpp
[5.373s] -- Installing: /home/dronelab/vikram/slam-project/install/depthai_ros_msgs/include/depthai_ros_msgs/depthai_ros_msgs/msg/detail/hand_landmark__traits.hpp
[5.373s] -- Installing: /home/dronelab/vikram/slam-project/install/depthai_ros_msgs/include/depthai_ros_msgs/depthai_ros_msgs/msg/detail/hand_landmark__builder.hpp
[5.373s] -- Installing: /home/dronelab/vikram/slam-project/install/depthai_ros_msgs/include/depthai_ros_msgs/depthai_ros_msgs/msg/detail/spatial_detection__builder.hpp
[5.373s] -- Installing: /home/dronelab/vikram/slam-project/install/depthai_ros_msgs/include/depthai_ros_msgs/depthai_ros_msgs/msg/detail/spatial_detection_array__builder.hpp
[5.373s] -- Installing: /home/dronelab/vikram/slam-project/install/depthai_ros_msgs/include/depthai_ros_msgs/depthai_ros_msgs/msg/detail/imu_with_magnetic_field__traits.hpp
[5.373s] -- Installing: /home/dronelab/vikram/slam-project/install/depthai_ros_msgs/include/depthai_ros_msgs/depthai_ros_msgs/msg/detail/auto_focus_ctrl__traits.hpp
[5.373s] -- Installing: /home/dronelab/vikram/slam-project/install/depthai_ros_msgs/include/depthai_ros_msgs/depthai_ros_msgs/msg/detail/auto_focus_ctrl__struct.hpp
[5.373s] -- Installing: /home/dronelab/vikram/slam-project/install/depthai_ros_msgs/include/depthai_ros_msgs/depthai_ros_msgs/msg/detail/tracked_features__builder.hpp
[5.374s] -- Installing: /home/dronelab/vikram/slam-project/install/depthai_ros_msgs/include/depthai_ros_msgs/depthai_ros_msgs/msg/detail/spatial_detection__struct.hpp
[5.374s] -- Installing: /home/dronelab/vikram/slam-project/install/depthai_ros_msgs/include/depthai_ros_msgs/depthai_ros_msgs/msg/detail/hand_landmark_array__struct.hpp
[5.374s] -- Installing: /home/dronelab/vikram/slam-project/install/depthai_ros_msgs/include/depthai_ros_msgs/depthai_ros_msgs/msg/detail/track_detection2_d__struct.hpp
[5.374s] -- Installing: /home/dronelab/vikram/slam-project/install/depthai_ros_msgs/include/depthai_ros_msgs/depthai_ros_msgs/msg/detail/tracked_feature__struct.hpp
[5.374s] -- Installing: /home/dronelab/vikram/slam-project/install/depthai_ros_msgs/include/depthai_ros_msgs/depthai_ros_msgs/msg/detail/spatial_detection__traits.hpp
[5.374s] -- Installing: /home/dronelab/vikram/slam-project/install/depthai_ros_msgs/include/depthai_ros_msgs/depthai_ros_msgs/msg/detail/imu_with_magnetic_field__struct.hpp
[5.374s] -- Installing: /home/dronelab/vikram/slam-project/install/depthai_ros_msgs/include/depthai_ros_msgs/depthai_ros_msgs/msg/detail/track_detection2_d__builder.hpp
[5.374s] -- Installing: /home/dronelab/vikram/slam-project/install/depthai_ros_msgs/include/depthai_ros_msgs/depthai_ros_msgs/msg/detail/hand_landmark_array__traits.hpp
[5.374s] -- Installing: /home/dronelab/vikram/slam-project/install/depthai_ros_msgs/include/depthai_ros_msgs/depthai_ros_msgs/msg/detail/spatial_detection_array__traits.hpp
[5.374s] -- Installing: /home/dronelab/vikram/slam-project/install/depthai_ros_msgs/include/depthai_ros_msgs/depthai_ros_msgs/msg/detail/tracked_features__traits.hpp
[5.374s] -- Installing: /home/dronelab/vikram/slam-project/install/depthai_ros_msgs/include/depthai_ros_msgs/depthai_ros_msgs/msg/detail/track_detection2_d_array__builder.hpp
[5.374s] -- Installing: /home/dronelab/vikram/slam-project/install/depthai_ros_msgs/include/depthai_ros_msgs/depthai_ros_msgs/msg/detail/tracked_feature__builder.hpp
[5.374s] -- Installing: /home/dronelab/vikram/slam-project/install/depthai_ros_msgs/include/depthai_ros_msgs/depthai_ros_msgs/msg/detail/imu_with_magnetic_field__builder.hpp
[5.374s] -- Installing: /home/dronelab/vikram/slam-project/install/depthai_ros_msgs/include/depthai_ros_msgs/depthai_ros_msgs/msg/detail/hand_landmark__struct.hpp
[5.374s] -- Installing: /home/dronelab/vikram/slam-project/install/depthai_ros_msgs/include/depthai_ros_msgs/depthai_ros_msgs/msg/detail/spatial_detection_array__struct.hpp
[5.374s] -- Installing: /home/dronelab/vikram/slam-project/install/depthai_ros_msgs/include/depthai_ros_msgs/depthai_ros_msgs/msg/detail/tracked_features__struct.hpp
[5.374s] -- Installing: /home/dronelab/vikram/slam-project/install/depthai_ros_msgs/include/depthai_ros_msgs/depthai_ros_msgs/msg/tracked_feature.hpp
[5.374s] -- Installing: /home/dronelab/vikram/slam-project/install/depthai_ros_msgs/include/depthai_ros_msgs/depthai_ros_msgs/msg/imu_with_magnetic_field.hpp
[5.374s] -- Installing: /home/dronelab/vikram/slam-project/install/depthai_ros_msgs/include/depthai_ros_msgs/depthai_ros_msgs/msg/tracked_features.hpp
[5.374s] -- Up-to-date: /home/dronelab/vikram/slam-project/install/depthai_ros_msgs/include/depthai_ros_msgs/depthai_ros_msgs
[5.375s] -- Up-to-date: /home/dronelab/vikram/slam-project/install/depthai_ros_msgs/include/depthai_ros_msgs/depthai_ros_msgs/srv
[5.375s] -- Up-to-date: /home/dronelab/vikram/slam-project/install/depthai_ros_msgs/include/depthai_ros_msgs/depthai_ros_msgs/srv/detail
[5.375s] -- Installing: /home/dronelab/vikram/slam-project/install/depthai_ros_msgs/include/depthai_ros_msgs/depthai_ros_msgs/srv/detail/set_local_transform__rosidl_typesupport_fastrtps_cpp.hpp
[5.375s] -- Installing: /home/dronelab/vikram/slam-project/install/depthai_ros_msgs/include/depthai_ros_msgs/depthai_ros_msgs/srv/detail/dds_fastrtps
[5.375s] -- Installing: /home/dronelab/vikram/slam-project/install/depthai_ros_msgs/include/depthai_ros_msgs/depthai_ros_msgs/srv/detail/trigger_named__rosidl_typesupport_fastrtps_cpp.hpp
[5.375s] -- Installing: /home/dronelab/vikram/slam-project/install/depthai_ros_msgs/include/depthai_ros_msgs/depthai_ros_msgs/srv/detail/normalized_image_crop__rosidl_typesupport_fastrtps_cpp.hpp
[5.375s] -- Up-to-date: /home/dronelab/vikram/slam-project/install/depthai_ros_msgs/include/depthai_ros_msgs/depthai_ros_msgs/msg
[5.375s] -- Installing: /home/dronelab/vikram/slam-project/install/depthai_ros_msgs/include/depthai_ros_msgs/depthai_ros_msgs/msg/rosidl_typesupport_fastrtps_cpp__visibility_control.h
[5.375s] -- Up-to-date: /home/dronelab/vikram/slam-project/install/depthai_ros_msgs/include/depthai_ros_msgs/depthai_ros_msgs/msg/detail
[5.375s] -- Installing: /home/dronelab/vikram/slam-project/install/depthai_ros_msgs/include/depthai_ros_msgs/depthai_ros_msgs/msg/detail/track_detection2_d_array__rosidl_typesupport_fastrtps_cpp.hpp
[5.375s] -- Installing: /home/dronelab/vikram/slam-project/install/depthai_ros_msgs/include/depthai_ros_msgs/depthai_ros_msgs/msg/detail/dds_fastrtps
[5.375s] -- Installing: /home/dronelab/vikram/slam-project/install/depthai_ros_msgs/include/depthai_ros_msgs/depthai_ros_msgs/msg/detail/tracked_feature__rosidl_typesupport_fastrtps_cpp.hpp
[5.375s] -- Installing: /home/dronelab/vikram/slam-project/install/depthai_ros_msgs/include/depthai_ros_msgs/depthai_ros_msgs/msg/detail/track_detection2_d__rosidl_typesupport_fastrtps_cpp.hpp
[5.375s] -- Installing: /home/dronelab/vikram/slam-project/install/depthai_ros_msgs/include/depthai_ros_msgs/depthai_ros_msgs/msg/detail/hand_landmark__rosidl_typesupport_fastrtps_cpp.hpp
[5.375s] -- Installing: /home/dronelab/vikram/slam-project/install/depthai_ros_msgs/include/depthai_ros_msgs/depthai_ros_msgs/msg/detail/imu_with_magnetic_field__rosidl_typesupport_fastrtps_cpp.hpp
[5.375s] -- Installing: /home/dronelab/vikram/slam-project/install/depthai_ros_msgs/include/depthai_ros_msgs/depthai_ros_msgs/msg/detail/auto_focus_ctrl__rosidl_typesupport_fastrtps_cpp.hpp
[5.375s] -- Installing: /home/dronelab/vikram/slam-project/install/depthai_ros_msgs/include/depthai_ros_msgs/depthai_ros_msgs/msg/detail/tracked_features__rosidl_typesupport_fastrtps_cpp.hpp
[5.375s] -- Installing: /home/dronelab/vikram/slam-project/install/depthai_ros_msgs/include/depthai_ros_msgs/depthai_ros_msgs/msg/detail/spatial_detection__rosidl_typesupport_fastrtps_cpp.hpp
[5.375s] -- Installing: /home/dronelab/vikram/slam-project/install/depthai_ros_msgs/include/depthai_ros_msgs/depthai_ros_msgs/msg/detail/hand_landmark_array__rosidl_typesupport_fastrtps_cpp.hpp
[5.375s] -- Installing: /home/dronelab/vikram/slam-project/install/depthai_ros_msgs/include/depthai_ros_msgs/depthai_ros_msgs/msg/detail/spatial_detection_array__rosidl_typesupport_fastrtps_cpp.hpp
[5.375s] -- Installing: /home/dronelab/vikram/slam-project/install/depthai_ros_msgs/lib/libdepthai_ros_msgs__rosidl_typesupport_fastrtps_cpp.so
[5.376s] -- Set runtime path of "/home/dronelab/vikram/slam-project/install/depthai_ros_msgs/lib/libdepthai_ros_msgs__rosidl_typesupport_fastrtps_cpp.so" to ""
[5.376s] -- Up-to-date: /home/dronelab/vikram/slam-project/install/depthai_ros_msgs/include/depthai_ros_msgs/depthai_ros_msgs
[5.376s] -- Up-to-date: /home/dronelab/vikram/slam-project/install/depthai_ros_msgs/include/depthai_ros_msgs/depthai_ros_msgs/srv
[5.376s] -- Up-to-date: /home/dronelab/vikram/slam-project/install/depthai_ros_msgs/include/depthai_ros_msgs/depthai_ros_msgs/srv/detail
[5.376s] -- Installing: /home/dronelab/vikram/slam-project/install/depthai_ros_msgs/include/depthai_ros_msgs/depthai_ros_msgs/srv/detail/set_local_transform__rosidl_typesupport_introspection_c.h
[5.376s] -- Installing: /home/dronelab/vikram/slam-project/install/depthai_ros_msgs/include/depthai_ros_msgs/depthai_ros_msgs/srv/detail/normalized_image_crop__type_support.c
[5.376s] -- Installing: /home/dronelab/vikram/slam-project/install/depthai_ros_msgs/include/depthai_ros_msgs/depthai_ros_msgs/srv/detail/normalized_image_crop__rosidl_typesupport_introspection_c.h
[5.376s] -- Installing: /home/dronelab/vikram/slam-project/install/depthai_ros_msgs/include/depthai_ros_msgs/depthai_ros_msgs/srv/detail/set_local_transform__type_support.c
[5.376s] -- Installing: /home/dronelab/vikram/slam-project/install/depthai_ros_msgs/include/depthai_ros_msgs/depthai_ros_msgs/srv/detail/trigger_named__type_support.c
[5.376s] -- Installing: /home/dronelab/vikram/slam-project/install/depthai_ros_msgs/include/depthai_ros_msgs/depthai_ros_msgs/srv/detail/trigger_named__rosidl_typesupport_introspection_c.h
[5.376s] -- Up-to-date: /home/dronelab/vikram/slam-project/install/depthai_ros_msgs/include/depthai_ros_msgs/depthai_ros_msgs/msg
[5.376s] -- Installing: /home/dronelab/vikram/slam-project/install/depthai_ros_msgs/include/depthai_ros_msgs/depthai_ros_msgs/msg/rosidl_typesupport_introspection_c__visibility_control.h
[5.376s] -- Up-to-date: /home/dronelab/vikram/slam-project/install/depthai_ros_msgs/include/depthai_ros_msgs/depthai_ros_msgs/msg/detail
[5.376s] -- Installing: /home/dronelab/vikram/slam-project/install/depthai_ros_msgs/include/depthai_ros_msgs/depthai_ros_msgs/msg/detail/tracked_features__type_support.c
[5.376s] -- Installing: /home/dronelab/vikram/slam-project/install/depthai_ros_msgs/include/depthai_ros_msgs/depthai_ros_msgs/msg/detail/imu_with_magnetic_field__type_support.c
[5.377s] -- Installing: /home/dronelab/vikram/slam-project/install/depthai_ros_msgs/include/depthai_ros_msgs/depthai_ros_msgs/msg/detail/hand_landmark_array__type_support.c
[5.377s] -- Installing: /home/dronelab/vikram/slam-project/install/depthai_ros_msgs/include/depthai_ros_msgs/depthai_ros_msgs/msg/detail/track_detection2_d__type_support.c
[5.377s] -- Installing: /home/dronelab/vikram/slam-project/install/depthai_ros_msgs/include/depthai_ros_msgs/depthai_ros_msgs/msg/detail/tracked_feature__rosidl_typesupport_introspection_c.h
[5.377s] -- Installing: /home/dronelab/vikram/slam-project/install/depthai_ros_msgs/include/depthai_ros_msgs/depthai_ros_msgs/msg/detail/tracked_features__rosidl_typesupport_introspection_c.h
[5.377s] -- Installing: /home/dronelab/vikram/slam-project/install/depthai_ros_msgs/include/depthai_ros_msgs/depthai_ros_msgs/msg/detail/hand_landmark__type_support.c
[5.377s] -- Installing: /home/dronelab/vikram/slam-project/install/depthai_ros_msgs/include/depthai_ros_msgs/depthai_ros_msgs/msg/detail/track_detection2_d_array__rosidl_typesupport_introspection_c.h
[5.377s] -- Installing: /home/dronelab/vikram/slam-project/install/depthai_ros_msgs/include/depthai_ros_msgs/depthai_ros_msgs/msg/detail/spatial_detection__rosidl_typesupport_introspection_c.h
[5.377s] -- Installing: /home/dronelab/vikram/slam-project/install/depthai_ros_msgs/include/depthai_ros_msgs/depthai_ros_msgs/msg/detail/auto_focus_ctrl__rosidl_typesupport_introspection_c.h
[5.377s] -- Installing: /home/dronelab/vikram/slam-project/install/depthai_ros_msgs/include/depthai_ros_msgs/depthai_ros_msgs/msg/detail/tracked_feature__type_support.c
[5.377s] -- Installing: /home/dronelab/vikram/slam-project/install/depthai_ros_msgs/include/depthai_ros_msgs/depthai_ros_msgs/msg/detail/spatial_detection__type_support.c
[5.377s] -- Installing: /home/dronelab/vikram/slam-project/install/depthai_ros_msgs/include/depthai_ros_msgs/depthai_ros_msgs/msg/detail/spatial_detection_array__rosidl_typesupport_introspection_c.h
[5.377s] -- Installing: /home/dronelab/vikram/slam-project/install/depthai_ros_msgs/include/depthai_ros_msgs/depthai_ros_msgs/msg/detail/hand_landmark__rosidl_typesupport_introspection_c.h
[5.377s] -- Installing: /home/dronelab/vikram/slam-project/install/depthai_ros_msgs/include/depthai_ros_msgs/depthai_ros_msgs/msg/detail/imu_with_magnetic_field__rosidl_typesupport_introspection_c.h
[5.377s] -- Installing: /home/dronelab/vikram/slam-project/install/depthai_ros_msgs/include/depthai_ros_msgs/depthai_ros_msgs/msg/detail/track_detection2_d__rosidl_typesupport_introspection_c.h
[5.377s] -- Installing: /home/dronelab/vikram/slam-project/install/depthai_ros_msgs/include/depthai_ros_msgs/depthai_ros_msgs/msg/detail/track_detection2_d_array__type_support.c
[5.377s] -- Installing: /home/dronelab/vikram/slam-project/install/depthai_ros_msgs/include/depthai_ros_msgs/depthai_ros_msgs/msg/detail/hand_landmark_array__rosidl_typesupport_introspection_c.h
[5.377s] -- Installing: /home/dronelab/vikram/slam-project/install/depthai_ros_msgs/include/depthai_ros_msgs/depthai_ros_msgs/msg/detail/spatial_detection_array__type_support.c
[5.377s] -- Installing: /home/dronelab/vikram/slam-project/install/depthai_ros_msgs/include/depthai_ros_msgs/depthai_ros_msgs/msg/detail/auto_focus_ctrl__type_support.c
[5.377s] -- Installing: /home/dronelab/vikram/slam-project/install/depthai_ros_msgs/lib/libdepthai_ros_msgs__rosidl_typesupport_introspection_c.so
[5.378s] -- Set runtime path of "/home/dronelab/vikram/slam-project/install/depthai_ros_msgs/lib/libdepthai_ros_msgs__rosidl_typesupport_introspection_c.so" to ""
[5.378s] -- Installing: /home/dronelab/vikram/slam-project/install/depthai_ros_msgs/lib/libdepthai_ros_msgs__rosidl_typesupport_c.so
[5.378s] -- Set runtime path of "/home/dronelab/vikram/slam-project/install/depthai_ros_msgs/lib/libdepthai_ros_msgs__rosidl_typesupport_c.so" to ""
[5.378s] -- Up-to-date: /home/dronelab/vikram/slam-project/install/depthai_ros_msgs/include/depthai_ros_msgs/depthai_ros_msgs
[5.378s] -- Up-to-date: /home/dronelab/vikram/slam-project/install/depthai_ros_msgs/include/depthai_ros_msgs/depthai_ros_msgs/srv
[5.378s] -- Up-to-date: /home/dronelab/vikram/slam-project/install/depthai_ros_msgs/include/depthai_ros_msgs/depthai_ros_msgs/srv/detail
[5.378s] -- Installing: /home/dronelab/vikram/slam-project/install/depthai_ros_msgs/include/depthai_ros_msgs/depthai_ros_msgs/srv/detail/set_local_transform__type_support.cpp
[5.378s] -- Installing: /home/dronelab/vikram/slam-project/install/depthai_ros_msgs/include/depthai_ros_msgs/depthai_ros_msgs/srv/detail/set_local_transform__rosidl_typesupport_introspection_cpp.hpp
[5.378s] -- Installing: /home/dronelab/vikram/slam-project/install/depthai_ros_msgs/include/depthai_ros_msgs/depthai_ros_msgs/srv/detail/trigger_named__rosidl_typesupport_introspection_cpp.hpp
[5.378s] -- Installing: /home/dronelab/vikram/slam-project/install/depthai_ros_msgs/include/depthai_ros_msgs/depthai_ros_msgs/srv/detail/normalized_image_crop__rosidl_typesupport_introspection_cpp.hpp
[5.378s] -- Installing: /home/dronelab/vikram/slam-project/install/depthai_ros_msgs/include/depthai_ros_msgs/depthai_ros_msgs/srv/detail/trigger_named__type_support.cpp
[5.378s] -- Installing: /home/dronelab/vikram/slam-project/install/depthai_ros_msgs/include/depthai_ros_msgs/depthai_ros_msgs/srv/detail/normalized_image_crop__type_support.cpp
[5.378s] -- Up-to-date: /home/dronelab/vikram/slam-project/install/depthai_ros_msgs/include/depthai_ros_msgs/depthai_ros_msgs/msg
[5.378s] -- Up-to-date: /home/dronelab/vikram/slam-project/install/depthai_ros_msgs/include/depthai_ros_msgs/depthai_ros_msgs/msg/detail
[5.378s] -- Installing: /home/dronelab/vikram/slam-project/install/depthai_ros_msgs/include/depthai_ros_msgs/depthai_ros_msgs/msg/detail/tracked_features__type_support.cpp
[5.378s] -- Installing: /home/dronelab/vikram/slam-project/install/depthai_ros_msgs/include/depthai_ros_msgs/depthai_ros_msgs/msg/detail/imu_with_magnetic_field__type_support.cpp
[5.379s] -- Installing: /home/dronelab/vikram/slam-project/install/depthai_ros_msgs/include/depthai_ros_msgs/depthai_ros_msgs/msg/detail/spatial_detection__rosidl_typesupport_introspection_cpp.hpp
[5.379s] -- Installing: /home/dronelab/vikram/slam-project/install/depthai_ros_msgs/include/depthai_ros_msgs/depthai_ros_msgs/msg/detail/tracked_feature__rosidl_typesupport_introspection_cpp.hpp
[5.379s] -- Installing: /home/dronelab/vikram/slam-project/install/depthai_ros_msgs/include/depthai_ros_msgs/depthai_ros_msgs/msg/detail/tracked_features__rosidl_typesupport_introspection_cpp.hpp
[5.379s] -- Installing: /home/dronelab/vikram/slam-project/install/depthai_ros_msgs/include/depthai_ros_msgs/depthai_ros_msgs/msg/detail/track_detection2_d_array__rosidl_typesupport_introspection_cpp.hpp
[5.379s] -- Installing: /home/dronelab/vikram/slam-project/install/depthai_ros_msgs/include/depthai_ros_msgs/depthai_ros_msgs/msg/detail/auto_focus_ctrl__rosidl_typesupport_introspection_cpp.hpp
[5.379s] -- Installing: /home/dronelab/vikram/slam-project/install/depthai_ros_msgs/include/depthai_ros_msgs/depthai_ros_msgs/msg/detail/spatial_detection_array__rosidl_typesupport_introspection_cpp.hpp
[5.379s] -- Installing: /home/dronelab/vikram/slam-project/install/depthai_ros_msgs/include/depthai_ros_msgs/depthai_ros_msgs/msg/detail/track_detection2_d__rosidl_typesupport_introspection_cpp.hpp
[5.379s] -- Installing: /home/dronelab/vikram/slam-project/install/depthai_ros_msgs/include/depthai_ros_msgs/depthai_ros_msgs/msg/detail/hand_landmark__rosidl_typesupport_introspection_cpp.hpp
[5.379s] -- Installing: /home/dronelab/vikram/slam-project/install/depthai_ros_msgs/include/depthai_ros_msgs/depthai_ros_msgs/msg/detail/spatial_detection_array__type_support.cpp
[5.379s] -- Installing: /home/dronelab/vikram/slam-project/install/depthai_ros_msgs/include/depthai_ros_msgs/depthai_ros_msgs/msg/detail/track_detection2_d__type_support.cpp
[5.379s] -- Installing: /home/dronelab/vikram/slam-project/install/depthai_ros_msgs/include/depthai_ros_msgs/depthai_ros_msgs/msg/detail/spatial_detection__type_support.cpp
[5.379s] -- Installing: /home/dronelab/vikram/slam-project/install/depthai_ros_msgs/include/depthai_ros_msgs/depthai_ros_msgs/msg/detail/imu_with_magnetic_field__rosidl_typesupport_introspection_cpp.hpp
[5.379s] -- Installing: /home/dronelab/vikram/slam-project/install/depthai_ros_msgs/include/depthai_ros_msgs/depthai_ros_msgs/msg/detail/hand_landmark__type_support.cpp
[5.379s] -- Installing: /home/dronelab/vikram/slam-project/install/depthai_ros_msgs/include/depthai_ros_msgs/depthai_ros_msgs/msg/detail/hand_landmark_array__type_support.cpp
[5.379s] -- Installing: /home/dronelab/vikram/slam-project/install/depthai_ros_msgs/include/depthai_ros_msgs/depthai_ros_msgs/msg/detail/hand_landmark_array__rosidl_typesupport_introspection_cpp.hpp
[5.379s] -- Installing: /home/dronelab/vikram/slam-project/install/depthai_ros_msgs/include/depthai_ros_msgs/depthai_ros_msgs/msg/detail/auto_focus_ctrl__type_support.cpp
[5.379s] -- Installing: /home/dronelab/vikram/slam-project/install/depthai_ros_msgs/include/depthai_ros_msgs/depthai_ros_msgs/msg/detail/tracked_feature__type_support.cpp
[5.380s] -- Installing: /home/dronelab/vikram/slam-project/install/depthai_ros_msgs/include/depthai_ros_msgs/depthai_ros_msgs/msg/detail/track_detection2_d_array__type_support.cpp
[5.380s] -- Installing: /home/dronelab/vikram/slam-project/install/depthai_ros_msgs/lib/libdepthai_ros_msgs__rosidl_typesupport_introspection_cpp.so
[5.380s] -- Set runtime path of "/home/dronelab/vikram/slam-project/install/depthai_ros_msgs/lib/libdepthai_ros_msgs__rosidl_typesupport_introspection_cpp.so" to ""
[5.380s] -- Installing: /home/dronelab/vikram/slam-project/install/depthai_ros_msgs/lib/libdepthai_ros_msgs__rosidl_typesupport_cpp.so
[5.380s] -- Set runtime path of "/home/dronelab/vikram/slam-project/install/depthai_ros_msgs/lib/libdepthai_ros_msgs__rosidl_typesupport_cpp.so" to ""
[5.380s] -- Installing: /home/dronelab/vikram/slam-project/install/depthai_ros_msgs/share/depthai_ros_msgs/environment/pythonpath.sh
[5.380s] -- Installing: /home/dronelab/vikram/slam-project/install/depthai_ros_msgs/share/depthai_ros_msgs/environment/pythonpath.dsv
[5.380s] -- Installing: /home/dronelab/vikram/slam-project/install/depthai_ros_msgs/local/lib/python3.10/dist-packages/depthai_ros_msgs-3.0.9-py3.10.egg-info
[5.381s] -- Installing: /home/dronelab/vikram/slam-project/install/depthai_ros_msgs/local/lib/python3.10/dist-packages/depthai_ros_msgs-3.0.9-py3.10.egg-info/PKG-INFO
[5.381s] -- Installing: /home/dronelab/vikram/slam-project/install/depthai_ros_msgs/local/lib/python3.10/dist-packages/depthai_ros_msgs-3.0.9-py3.10.egg-info/SOURCES.txt
[5.381s] -- Installing: /home/dronelab/vikram/slam-project/install/depthai_ros_msgs/local/lib/python3.10/dist-packages/depthai_ros_msgs-3.0.9-py3.10.egg-info/top_level.txt
[5.381s] -- Installing: /home/dronelab/vikram/slam-project/install/depthai_ros_msgs/local/lib/python3.10/dist-packages/depthai_ros_msgs-3.0.9-py3.10.egg-info/dependency_links.txt
[5.381s] -- Installing: /home/dronelab/vikram/slam-project/install/depthai_ros_msgs/local/lib/python3.10/dist-packages/depthai_ros_msgs
[5.381s] -- Installing: /home/dronelab/vikram/slam-project/install/depthai_ros_msgs/local/lib/python3.10/dist-packages/depthai_ros_msgs/_depthai_ros_msgs_s.ep.rosidl_typesupport_fastrtps_c.c
[5.381s] -- Installing: /home/dronelab/vikram/slam-project/install/depthai_ros_msgs/local/lib/python3.10/dist-packages/depthai_ros_msgs/srv
[5.381s] -- Installing: /home/dronelab/vikram/slam-project/install/depthai_ros_msgs/local/lib/python3.10/dist-packages/depthai_ros_msgs/srv/_set_local_transform_s.c
[5.381s] -- Installing: /home/dronelab/vikram/slam-project/install/depthai_ros_msgs/local/lib/python3.10/dist-packages/depthai_ros_msgs/srv/_set_local_transform.py
[5.381s] -- Installing: /home/dronelab/vikram/slam-project/install/depthai_ros_msgs/local/lib/python3.10/dist-packages/depthai_ros_msgs/srv/_normalized_image_crop.py
[5.381s] -- Installing: /home/dronelab/vikram/slam-project/install/depthai_ros_msgs/local/lib/python3.10/dist-packages/depthai_ros_msgs/srv/__init__.py
[5.381s] -- Installing: /home/dronelab/vikram/slam-project/install/depthai_ros_msgs/local/lib/python3.10/dist-packages/depthai_ros_msgs/srv/_normalized_image_crop_s.c
[5.381s] -- Installing: /home/dronelab/vikram/slam-project/install/depthai_ros_msgs/local/lib/python3.10/dist-packages/depthai_ros_msgs/srv/_trigger_named.py
[5.381s] -- Installing: /home/dronelab/vikram/slam-project/install/depthai_ros_msgs/local/lib/python3.10/dist-packages/depthai_ros_msgs/srv/_trigger_named_s.c
[5.381s] -- Installing: /home/dronelab/vikram/slam-project/install/depthai_ros_msgs/local/lib/python3.10/dist-packages/depthai_ros_msgs/depthai_ros_msgs_s__rosidl_typesupport_c.cpython-310-x86_64-linux-gnu.so
[5.382s] -- Installing: /home/dronelab/vikram/slam-project/install/depthai_ros_msgs/local/lib/python3.10/dist-packages/depthai_ros_msgs/depthai_ros_msgs_s__rosidl_typesupport_introspection_c.cpython-310-x86_64-linux-gnu.so
[5.382s] -- Installing: /home/dronelab/vikram/slam-project/install/depthai_ros_msgs/local/lib/python3.10/dist-packages/depthai_ros_msgs/depthai_ros_msgs_s__rosidl_typesupport_fastrtps_c.cpython-310-x86_64-linux-gnu.so
[5.382s] -- Installing: /home/dronelab/vikram/slam-project/install/depthai_ros_msgs/local/lib/python3.10/dist-packages/depthai_ros_msgs/_depthai_ros_msgs_s.ep.rosidl_typesupport_introspection_c.c
[5.382s] -- Installing: /home/dronelab/vikram/slam-project/install/depthai_ros_msgs/local/lib/python3.10/dist-packages/depthai_ros_msgs/msg
[5.382s] -- Installing: /home/dronelab/vikram/slam-project/install/depthai_ros_msgs/local/lib/python3.10/dist-packages/depthai_ros_msgs/msg/_auto_focus_ctrl.py
[5.382s] -- Installing: /home/dronelab/vikram/slam-project/install/depthai_ros_msgs/local/lib/python3.10/dist-packages/depthai_ros_msgs/msg/_spatial_detection_array.py
[5.382s] -- Installing: /home/dronelab/vikram/slam-project/install/depthai_ros_msgs/local/lib/python3.10/dist-packages/depthai_ros_msgs/msg/_track_detection2_d_s.c
[5.382s] -- Installing: /home/dronelab/vikram/slam-project/install/depthai_ros_msgs/local/lib/python3.10/dist-packages/depthai_ros_msgs/msg/_track_detection2_d_array.py
[5.382s] -- Installing: /home/dronelab/vikram/slam-project/install/depthai_ros_msgs/local/lib/python3.10/dist-packages/depthai_ros_msgs/msg/_spatial_detection_array_s.c
[5.382s] -- Installing: /home/dronelab/vikram/slam-project/install/depthai_ros_msgs/local/lib/python3.10/dist-packages/depthai_ros_msgs/msg/_track_detection2_d.py
[5.382s] -- Installing: /home/dronelab/vikram/slam-project/install/depthai_ros_msgs/local/lib/python3.10/dist-packages/depthai_ros_msgs/msg/_tracked_feature.py
[5.382s] -- Installing: /home/dronelab/vikram/slam-project/install/depthai_ros_msgs/local/lib/python3.10/dist-packages/depthai_ros_msgs/msg/_auto_focus_ctrl_s.c
[5.382s] -- Installing: /home/dronelab/vikram/slam-project/install/depthai_ros_msgs/local/lib/python3.10/dist-packages/depthai_ros_msgs/msg/_imu_with_magnetic_field.py
[5.382s] -- Installing: /home/dronelab/vikram/slam-project/install/depthai_ros_msgs/local/lib/python3.10/dist-packages/depthai_ros_msgs/msg/_track_detection2_d_array_s.c
[5.382s] -- Installing: /home/dronelab/vikram/slam-project/install/depthai_ros_msgs/local/lib/python3.10/dist-packages/depthai_ros_msgs/msg/_tracked_feature_s.c
[5.382s] -- Installing: /home/dronelab/vikram/slam-project/install/depthai_ros_msgs/local/lib/python3.10/dist-packages/depthai_ros_msgs/msg/_spatial_detection_s.c
[5.383s] -- Installing: /home/dronelab/vikram/slam-project/install/depthai_ros_msgs/local/lib/python3.10/dist-packages/depthai_ros_msgs/msg/_tracked_features.py
[5.383s] -- Installing: /home/dronelab/vikram/slam-project/install/depthai_ros_msgs/local/lib/python3.10/dist-packages/depthai_ros_msgs/msg/_hand_landmark_array_s.c
[5.383s] -- Installing: /home/dronelab/vikram/slam-project/install/depthai_ros_msgs/local/lib/python3.10/dist-packages/depthai_ros_msgs/msg/__init__.py
[5.383s] -- Installing: /home/dronelab/vikram/slam-project/install/depthai_ros_msgs/local/lib/python3.10/dist-packages/depthai_ros_msgs/msg/_spatial_detection.py
[5.383s] -- Installing: /home/dronelab/vikram/slam-project/install/depthai_ros_msgs/local/lib/python3.10/dist-packages/depthai_ros_msgs/msg/_hand_landmark_s.c
[5.383s] -- Installing: /home/dronelab/vikram/slam-project/install/depthai_ros_msgs/local/lib/python3.10/dist-packages/depthai_ros_msgs/msg/_tracked_features_s.c
[5.383s] -- Installing: /home/dronelab/vikram/slam-project/install/depthai_ros_msgs/local/lib/python3.10/dist-packages/depthai_ros_msgs/msg/_hand_landmark.py
[5.383s] -- Installing: /home/dronelab/vikram/slam-project/install/depthai_ros_msgs/local/lib/python3.10/dist-packages/depthai_ros_msgs/msg/_imu_with_magnetic_field_s.c
[5.383s] -- Installing: /home/dronelab/vikram/slam-project/install/depthai_ros_msgs/local/lib/python3.10/dist-packages/depthai_ros_msgs/msg/_hand_landmark_array.py
[5.383s] -- Installing: /home/dronelab/vikram/slam-project/install/depthai_ros_msgs/local/lib/python3.10/dist-packages/depthai_ros_msgs/__init__.py
[5.383s] -- Installing: /home/dronelab/vikram/slam-project/install/depthai_ros_msgs/local/lib/python3.10/dist-packages/depthai_ros_msgs/libdepthai_ros_msgs__rosidl_generator_py.so
[5.383s] -- Installing: /home/dronelab/vikram/slam-project/install/depthai_ros_msgs/local/lib/python3.10/dist-packages/depthai_ros_msgs/_depthai_ros_msgs_s.ep.rosidl_typesupport_c.c
[5.424s] Listing '/home/dronelab/vikram/slam-project/install/depthai_ros_msgs/local/lib/python3.10/dist-packages/depthai_ros_msgs'...
[5.424s] Compiling '/home/dronelab/vikram/slam-project/install/depthai_ros_msgs/local/lib/python3.10/dist-packages/depthai_ros_msgs/__init__.py'...
[5.424s] Listing '/home/dronelab/vikram/slam-project/install/depthai_ros_msgs/local/lib/python3.10/dist-packages/depthai_ros_msgs/msg'...
[5.424s] Compiling '/home/dronelab/vikram/slam-project/install/depthai_ros_msgs/local/lib/python3.10/dist-packages/depthai_ros_msgs/msg/__init__.py'...
[5.424s] Compiling '/home/dronelab/vikram/slam-project/install/depthai_ros_msgs/local/lib/python3.10/dist-packages/depthai_ros_msgs/msg/_auto_focus_ctrl.py'...
[5.424s] Compiling '/home/dronelab/vikram/slam-project/install/depthai_ros_msgs/local/lib/python3.10/dist-packages/depthai_ros_msgs/msg/_hand_landmark.py'...
[5.424s] Compiling '/home/dronelab/vikram/slam-project/install/depthai_ros_msgs/local/lib/python3.10/dist-packages/depthai_ros_msgs/msg/_hand_landmark_array.py'...
[5.424s] Compiling '/home/dronelab/vikram/slam-project/install/depthai_ros_msgs/local/lib/python3.10/dist-packages/depthai_ros_msgs/msg/_imu_with_magnetic_field.py'...
[5.424s] Compiling '/home/dronelab/vikram/slam-project/install/depthai_ros_msgs/local/lib/python3.10/dist-packages/depthai_ros_msgs/msg/_spatial_detection.py'...
[5.424s] Compiling '/home/dronelab/vikram/slam-project/install/depthai_ros_msgs/local/lib/python3.10/dist-packages/depthai_ros_msgs/msg/_spatial_detection_array.py'...
[5.424s] Compiling '/home/dronelab/vikram/slam-project/install/depthai_ros_msgs/local/lib/python3.10/dist-packages/depthai_ros_msgs/msg/_track_detection2_d.py'...
[5.424s] Compiling '/home/dronelab/vikram/slam-project/install/depthai_ros_msgs/local/lib/python3.10/dist-packages/depthai_ros_msgs/msg/_track_detection2_d_array.py'...
[5.424s] Compiling '/home/dronelab/vikram/slam-project/install/depthai_ros_msgs/local/lib/python3.10/dist-packages/depthai_ros_msgs/msg/_tracked_feature.py'...
[5.424s] Compiling '/home/dronelab/vikram/slam-project/install/depthai_ros_msgs/local/lib/python3.10/dist-packages/depthai_ros_msgs/msg/_tracked_features.py'...
[5.424s] Listing '/home/dronelab/vikram/slam-project/install/depthai_ros_msgs/local/lib/python3.10/dist-packages/depthai_ros_msgs/srv'...
[5.424s] Compiling '/home/dronelab/vikram/slam-project/install/depthai_ros_msgs/local/lib/python3.10/dist-packages/depthai_ros_msgs/srv/__init__.py'...
[5.424s] Compiling '/home/dronelab/vikram/slam-project/install/depthai_ros_msgs/local/lib/python3.10/dist-packages/depthai_ros_msgs/srv/_normalized_image_crop.py'...
[5.424s] Compiling '/home/dronelab/vikram/slam-project/install/depthai_ros_msgs/local/lib/python3.10/dist-packages/depthai_ros_msgs/srv/_set_local_transform.py'...
[5.424s] Compiling '/home/dronelab/vikram/slam-project/install/depthai_ros_msgs/local/lib/python3.10/dist-packages/depthai_ros_msgs/srv/_trigger_named.py'...
[5.427s] -- Installing: /home/dronelab/vikram/slam-project/install/depthai_ros_msgs/local/lib/python3.10/dist-packages/depthai_ros_msgs/depthai_ros_msgs_s__rosidl_typesupport_fastrtps_c.cpython-310-x86_64-linux-gnu.so
[5.427s] -- Set runtime path of "/home/dronelab/vikram/slam-project/install/depthai_ros_msgs/local/lib/python3.10/dist-packages/depthai_ros_msgs/depthai_ros_msgs_s__rosidl_typesupport_fastrtps_c.cpython-310-x86_64-linux-gnu.so" to ""
[5.427s] -- Installing: /home/dronelab/vikram/slam-project/install/depthai_ros_msgs/local/lib/python3.10/dist-packages/depthai_ros_msgs/depthai_ros_msgs_s__rosidl_typesupport_introspection_c.cpython-310-x86_64-linux-gnu.so
[5.427s] -- Set runtime path of "/home/dronelab/vikram/slam-project/install/depthai_ros_msgs/local/lib/python3.10/dist-packages/depthai_ros_msgs/depthai_ros_msgs_s__rosidl_typesupport_introspection_c.cpython-310-x86_64-linux-gnu.so" to ""
[5.427s] -- Installing: /home/dronelab/vikram/slam-project/install/depthai_ros_msgs/local/lib/python3.10/dist-packages/depthai_ros_msgs/depthai_ros_msgs_s__rosidl_typesupport_c.cpython-310-x86_64-linux-gnu.so
[5.427s] -- Set runtime path of "/home/dronelab/vikram/slam-project/install/depthai_ros_msgs/local/lib/python3.10/dist-packages/depthai_ros_msgs/depthai_ros_msgs_s__rosidl_typesupport_c.cpython-310-x86_64-linux-gnu.so" to ""
[5.427s] -- Installing: /home/dronelab/vikram/slam-project/install/depthai_ros_msgs/lib/libdepthai_ros_msgs__rosidl_generator_py.so
[5.428s] -- Set runtime path of "/home/dronelab/vikram/slam-project/install/depthai_ros_msgs/lib/libdepthai_ros_msgs__rosidl_generator_py.so" to ""
[5.428s] -- Installing: /home/dronelab/vikram/slam-project/install/depthai_ros_msgs/share/depthai_ros_msgs/msg/AutoFocusCtrl.idl
[5.428s] -- Installing: /home/dronelab/vikram/slam-project/install/depthai_ros_msgs/share/depthai_ros_msgs/msg/HandLandmark.idl
[5.428s] -- Installing: /home/dronelab/vikram/slam-project/install/depthai_ros_msgs/share/depthai_ros_msgs/msg/HandLandmarkArray.idl
[5.428s] -- Installing: /home/dronelab/vikram/slam-project/install/depthai_ros_msgs/share/depthai_ros_msgs/msg/ImuWithMagneticField.idl
[5.428s] -- Installing: /home/dronelab/vikram/slam-project/install/depthai_ros_msgs/share/depthai_ros_msgs/msg/TrackedFeature.idl
[5.428s] -- Installing: /home/dronelab/vikram/slam-project/install/depthai_ros_msgs/share/depthai_ros_msgs/msg/TrackedFeatures.idl
[5.428s] -- Installing: /home/dronelab/vikram/slam-project/install/depthai_ros_msgs/share/depthai_ros_msgs/msg/SpatialDetection.idl
[5.428s] -- Installing: /home/dronelab/vikram/slam-project/install/depthai_ros_msgs/share/depthai_ros_msgs/msg/SpatialDetectionArray.idl
[5.428s] -- Installing: /home/dronelab/vikram/slam-project/install/depthai_ros_msgs/share/depthai_ros_msgs/msg/TrackDetection2D.idl
[5.428s] -- Installing: /home/dronelab/vikram/slam-project/install/depthai_ros_msgs/share/depthai_ros_msgs/msg/TrackDetection2DArray.idl
[5.428s] -- Installing: /home/dronelab/vikram/slam-project/install/depthai_ros_msgs/share/depthai_ros_msgs/srv/SetLocalTransform.idl
[5.428s] -- Installing: /home/dronelab/vikram/slam-project/install/depthai_ros_msgs/share/depthai_ros_msgs/srv/TriggerNamed.idl
[5.428s] -- Installing: /home/dronelab/vikram/slam-project/install/depthai_ros_msgs/share/depthai_ros_msgs/srv/NormalizedImageCrop.idl
[5.428s] -- Installing: /home/dronelab/vikram/slam-project/install/depthai_ros_msgs/share/depthai_ros_msgs/msg/AutoFocusCtrl.msg
[5.428s] -- Installing: /home/dronelab/vikram/slam-project/install/depthai_ros_msgs/share/depthai_ros_msgs/msg/HandLandmark.msg
[5.428s] -- Installing: /home/dronelab/vikram/slam-project/install/depthai_ros_msgs/share/depthai_ros_msgs/msg/HandLandmarkArray.msg
[5.428s] -- Installing: /home/dronelab/vikram/slam-project/install/depthai_ros_msgs/share/depthai_ros_msgs/msg/ImuWithMagneticField.msg
[5.428s] -- Installing: /home/dronelab/vikram/slam-project/install/depthai_ros_msgs/share/depthai_ros_msgs/msg/TrackedFeature.msg
[5.429s] -- Installing: /home/dronelab/vikram/slam-project/install/depthai_ros_msgs/share/depthai_ros_msgs/msg/TrackedFeatures.msg
[5.429s] -- Installing: /home/dronelab/vikram/slam-project/install/depthai_ros_msgs/share/depthai_ros_msgs/msg/SpatialDetection.msg
[5.429s] -- Installing: /home/dronelab/vikram/slam-project/install/depthai_ros_msgs/share/depthai_ros_msgs/msg/SpatialDetectionArray.msg
[5.429s] -- Installing: /home/dronelab/vikram/slam-project/install/depthai_ros_msgs/share/depthai_ros_msgs/msg/TrackDetection2D.msg
[5.429s] -- Installing: /home/dronelab/vikram/slam-project/install/depthai_ros_msgs/share/depthai_ros_msgs/msg/TrackDetection2DArray.msg
[5.429s] -- Installing: /home/dronelab/vikram/slam-project/install/depthai_ros_msgs/share/depthai_ros_msgs/srv/SetLocalTransform.srv
[5.429s] -- Installing: /home/dronelab/vikram/slam-project/install/depthai_ros_msgs/share/depthai_ros_msgs/srv/SetLocalTransform_Request.msg
[5.429s] -- Installing: /home/dronelab/vikram/slam-project/install/depthai_ros_msgs/share/depthai_ros_msgs/srv/SetLocalTransform_Response.msg
[5.429s] -- Installing: /home/dronelab/vikram/slam-project/install/depthai_ros_msgs/share/depthai_ros_msgs/srv/TriggerNamed.srv
[5.429s] -- Installing: /home/dronelab/vikram/slam-project/install/depthai_ros_msgs/share/depthai_ros_msgs/srv/TriggerNamed_Request.msg
[5.429s] -- Installing: /home/dronelab/vikram/slam-project/install/depthai_ros_msgs/share/depthai_ros_msgs/srv/TriggerNamed_Response.msg
[5.429s] -- Installing: /home/dronelab/vikram/slam-project/install/depthai_ros_msgs/share/depthai_ros_msgs/srv/NormalizedImageCrop.srv
[5.429s] -- Installing: /home/dronelab/vikram/slam-project/install/depthai_ros_msgs/share/depthai_ros_msgs/srv/NormalizedImageCrop_Request.msg
[5.429s] -- Installing: /home/dronelab/vikram/slam-project/install/depthai_ros_msgs/share/depthai_ros_msgs/srv/NormalizedImageCrop_Response.msg
[5.429s] -- Installing: /home/dronelab/vikram/slam-project/install/depthai_ros_msgs/share/ament_index/resource_index/package_run_dependencies/depthai_ros_msgs
[5.429s] -- Installing: /home/dronelab/vikram/slam-project/install/depthai_ros_msgs/share/ament_index/resource_index/parent_prefix_path/depthai_ros_msgs
[5.429s] -- Installing: /home/dronelab/vikram/slam-project/install/depthai_ros_msgs/share/depthai_ros_msgs/environment/ament_prefix_path.sh
[5.430s] -- Installing: /home/dronelab/vikram/slam-project/install/depthai_ros_msgs/share/depthai_ros_msgs/environment/ament_prefix_path.dsv
[5.430s] -- Installing: /home/dronelab/vikram/slam-project/install/depthai_ros_msgs/share/depthai_ros_msgs/environment/path.sh
[5.430s] -- Installing: /home/dronelab/vikram/slam-project/install/depthai_ros_msgs/share/depthai_ros_msgs/environment/path.dsv
[5.430s] -- Installing: /home/dronelab/vikram/slam-project/install/depthai_ros_msgs/share/depthai_ros_msgs/local_setup.bash
[5.430s] -- Installing: /home/dronelab/vikram/slam-project/install/depthai_ros_msgs/share/depthai_ros_msgs/local_setup.sh
[5.430s] -- Installing: /home/dronelab/vikram/slam-project/install/depthai_ros_msgs/share/depthai_ros_msgs/local_setup.zsh
[5.430s] -- Installing: /home/dronelab/vikram/slam-project/install/depthai_ros_msgs/share/depthai_ros_msgs/local_setup.dsv
[5.430s] -- Installing: /home/dronelab/vikram/slam-project/install/depthai_ros_msgs/share/depthai_ros_msgs/package.dsv
[5.430s] -- Installing: /home/dronelab/vikram/slam-project/install/depthai_ros_msgs/share/ament_index/resource_index/packages/depthai_ros_msgs
[5.430s] -- Installing: /home/dronelab/vikram/slam-project/install/depthai_ros_msgs/share/depthai_ros_msgs/cmake/export_depthai_ros_msgs__rosidl_generator_cExport.cmake
[5.430s] -- Installing: /home/dronelab/vikram/slam-project/install/depthai_ros_msgs/share/depthai_ros_msgs/cmake/export_depthai_ros_msgs__rosidl_generator_cExport-noconfig.cmake
[5.430s] -- Installing: /home/dronelab/vikram/slam-project/install/depthai_ros_msgs/share/depthai_ros_msgs/cmake/export_depthai_ros_msgs__rosidl_typesupport_fastrtps_cExport.cmake
[5.430s] -- Installing: /home/dronelab/vikram/slam-project/install/depthai_ros_msgs/share/depthai_ros_msgs/cmake/export_depthai_ros_msgs__rosidl_typesupport_fastrtps_cExport-noconfig.cmake
[5.430s] -- Installing: /home/dronelab/vikram/slam-project/install/depthai_ros_msgs/share/depthai_ros_msgs/cmake/export_depthai_ros_msgs__rosidl_generator_cppExport.cmake
[5.430s] -- Installing: /home/dronelab/vikram/slam-project/install/depthai_ros_msgs/share/depthai_ros_msgs/cmake/export_depthai_ros_msgs__rosidl_typesupport_fastrtps_cppExport.cmake
[5.430s] -- Installing: /home/dronelab/vikram/slam-project/install/depthai_ros_msgs/share/depthai_ros_msgs/cmake/export_depthai_ros_msgs__rosidl_typesupport_fastrtps_cppExport-noconfig.cmake
[5.430s] -- Installing: /home/dronelab/vikram/slam-project/install/depthai_ros_msgs/share/depthai_ros_msgs/cmake/depthai_ros_msgs__rosidl_typesupport_introspection_cExport.cmake
[5.430s] -- Installing: /home/dronelab/vikram/slam-project/install/depthai_ros_msgs/share/depthai_ros_msgs/cmake/depthai_ros_msgs__rosidl_typesupport_introspection_cExport-noconfig.cmake
[5.431s] -- Installing: /home/dronelab/vikram/slam-project/install/depthai_ros_msgs/share/depthai_ros_msgs/cmake/depthai_ros_msgs__rosidl_typesupport_cExport.cmake
[5.431s] -- Installing: /home/dronelab/vikram/slam-project/install/depthai_ros_msgs/share/depthai_ros_msgs/cmake/depthai_ros_msgs__rosidl_typesupport_cExport-noconfig.cmake
[5.431s] -- Installing: /home/dronelab/vikram/slam-project/install/depthai_ros_msgs/share/depthai_ros_msgs/cmake/depthai_ros_msgs__rosidl_typesupport_introspection_cppExport.cmake
[5.431s] -- Installing: /home/dronelab/vikram/slam-project/install/depthai_ros_msgs/share/depthai_ros_msgs/cmake/depthai_ros_msgs__rosidl_typesupport_introspection_cppExport-noconfig.cmake
[5.431s] -- Installing: /home/dronelab/vikram/slam-project/install/depthai_ros_msgs/share/depthai_ros_msgs/cmake/depthai_ros_msgs__rosidl_typesupport_cppExport.cmake
[5.431s] -- Installing: /home/dronelab/vikram/slam-project/install/depthai_ros_msgs/share/depthai_ros_msgs/cmake/depthai_ros_msgs__rosidl_typesupport_cppExport-noconfig.cmake
[5.431s] -- Installing: /home/dronelab/vikram/slam-project/install/depthai_ros_msgs/share/depthai_ros_msgs/cmake/export_depthai_ros_msgs__rosidl_generator_pyExport.cmake
[5.431s] -- Installing: /home/dronelab/vikram/slam-project/install/depthai_ros_msgs/share/depthai_ros_msgs/cmake/export_depthai_ros_msgs__rosidl_generator_pyExport-noconfig.cmake
[5.431s] -- Installing: /home/dronelab/vikram/slam-project/install/depthai_ros_msgs/share/depthai_ros_msgs/cmake/rosidl_cmake-extras.cmake
[5.431s] -- Installing: /home/dronelab/vikram/slam-project/install/depthai_ros_msgs/share/depthai_ros_msgs/cmake/ament_cmake_export_dependencies-extras.cmake
[5.431s] -- Installing: /home/dronelab/vikram/slam-project/install/depthai_ros_msgs/share/depthai_ros_msgs/cmake/ament_cmake_export_include_directories-extras.cmake
[5.431s] -- Installing: /home/dronelab/vikram/slam-project/install/depthai_ros_msgs/share/depthai_ros_msgs/cmake/ament_cmake_export_libraries-extras.cmake
[5.431s] -- Installing: /home/dronelab/vikram/slam-project/install/depthai_ros_msgs/share/depthai_ros_msgs/cmake/ament_cmake_export_targets-extras.cmake
[5.431s] -- Installing: /home/dronelab/vikram/slam-project/install/depthai_ros_msgs/share/depthai_ros_msgs/cmake/rosidl_cmake_export_typesupport_targets-extras.cmake
[5.431s] -- Installing: /home/dronelab/vikram/slam-project/install/depthai_ros_msgs/share/depthai_ros_msgs/cmake/rosidl_cmake_export_typesupport_libraries-extras.cmake
[5.431s] -- Installing: /home/dronelab/vikram/slam-project/install/depthai_ros_msgs/share/depthai_ros_msgs/cmake/depthai_ros_msgsConfig.cmake
[5.431s] -- Installing: /home/dronelab/vikram/slam-project/install/depthai_ros_msgs/share/depthai_ros_msgs/cmake/depthai_ros_msgsConfig-version.cmake
[5.432s] -- Installing: /home/dronelab/vikram/slam-project/install/depthai_ros_msgs/share/depthai_ros_msgs/package.xml
[5.433s] Invoked command in '/home/dronelab/vikram/slam-project/build/depthai_ros_msgs' returned '0': CMAKE_PREFIX_PATH=/opt/ros/humble /usr/bin/cmake --install /home/dronelab/vikram/slam-project/build/depthai_ros_msgs
