[0.008s] Invoking command in '/home/dronelab/vikram/slam-project/build/depthai_filters': AMENT_PREFIX_PATH=/home/dronelab/vikram/slam-project/install/depthai_ros_msgs:${AMENT_PREFIX_PATH} CMAKE_PREFIX_PATH=/home/dronelab/vikram/slam-project/install/depthai_ros_msgs:/opt/ros/humble LD_LIBRARY_PATH=/home/dronelab/vikram/slam-project/install/depthai_ros_msgs/lib:${LD_LIBRARY_PATH} PYTHONPATH=/home/dronelab/vikram/slam-project/install/depthai_ros_msgs/local/lib/python3.10/dist-packages:${PYTHONPATH} /usr/bin/cmake /home/dronelab/vikram/slam-project/src/depthai_filters -DCMAKE_INSTALL_PREFIX=/home/dronelab/vikram/slam-project/install/depthai_filters
[0.075s] -- The CXX compiler identification is GNU 11.4.0
[0.109s] -- The C compiler identification is GNU 11.4.0
[0.117s] -- Detecting CXX compiler ABI info
[0.199s] -- Detecting CXX compiler ABI info - done
[0.205s] -- Check for working CXX compiler: /usr/bin/c++ - skipped
[0.205s] -- Detecting CXX compile features
[0.206s] -- Detecting CXX compile features - done
[0.209s] -- Detecting C compiler ABI info
[0.291s] -- Detecting C compiler ABI info - done
[0.299s] -- Check for working C compiler: /usr/bin/cc - skipped
[0.300s] -- Detecting C compile features
[0.300s] -- Detecting C compile features - done
[0.301s] -- Found ament_cmake_auto: 1.3.9 (/opt/ros/humble/share/ament_cmake_auto/cmake)
[0.411s] -- Found Python3: /usr/bin/python3 (found version "3.10.12") found components: Interpreter 
[0.531s] -- Found rosidl_generator_c: 3.1.5 (/opt/ros/humble/share/rosidl_generator_c/cmake)
[0.534s] -- Found rosidl_adapter: 3.1.5 (/opt/ros/humble/share/rosidl_adapter/cmake)
[0.539s] -- Found rosidl_generator_cpp: 3.1.5 (/opt/ros/humble/share/rosidl_generator_cpp/cmake)
[0.547s] -- Using all available rosidl_typesupport_c: rosidl_typesupport_fastrtps_c;rosidl_typesupport_introspection_c
[0.559s] -- Using all available rosidl_typesupport_cpp: rosidl_typesupport_fastrtps_cpp;rosidl_typesupport_introspection_cpp
[0.729s] -- Found rmw_implementation_cmake: 6.1.2 (/opt/ros/humble/share/rmw_implementation_cmake/cmake)
[0.731s] -- Found rmw_fastrtps_cpp: 6.2.6 (/opt/ros/humble/share/rmw_fastrtps_cpp/cmake)
[0.807s] -- Found OpenSSL: /usr/lib/x86_64-linux-gnu/libcrypto.so (found version "3.0.2")  
[0.825s] -- Found FastRTPS: /opt/ros/humble/include  
[0.858s] -- Using RMW implementation 'rmw_fastrtps_cpp' as default
[0.864s] -- Looking for pthread.h
[0.915s] -- Looking for pthread.h - found
[0.915s] -- Performing Test CMAKE_HAVE_LIBC_PTHREAD
[0.963s] -- Performing Test CMAKE_HAVE_LIBC_PTHREAD - Success
[0.964s] -- Found Threads: TRUE  
[1.346s] -- Configuring done
[1.355s] -- Generating done
[1.356s] -- Build files have been written to: /home/dronelab/vikram/slam-project/build/depthai_filters
[1.363s] Invoked command in '/home/dronelab/vikram/slam-project/build/depthai_filters' returned '0': AMENT_PREFIX_PATH=/home/dronelab/vikram/slam-project/install/depthai_ros_msgs:${AMENT_PREFIX_PATH} CMAKE_PREFIX_PATH=/home/dronelab/vikram/slam-project/install/depthai_ros_msgs:/opt/ros/humble LD_LIBRARY_PATH=/home/dronelab/vikram/slam-project/install/depthai_ros_msgs/lib:${LD_LIBRARY_PATH} PYTHONPATH=/home/dronelab/vikram/slam-project/install/depthai_ros_msgs/local/lib/python3.10/dist-packages:${PYTHONPATH} /usr/bin/cmake /home/dronelab/vikram/slam-project/src/depthai_filters -DCMAKE_INSTALL_PREFIX=/home/dronelab/vikram/slam-project/install/depthai_filters
[1.364s] Invoking command in '/home/dronelab/vikram/slam-project/build/depthai_filters': AMENT_PREFIX_PATH=/home/dronelab/vikram/slam-project/install/depthai_ros_msgs:${AMENT_PREFIX_PATH} CMAKE_PREFIX_PATH=/home/dronelab/vikram/slam-project/install/depthai_ros_msgs:/opt/ros/humble LD_LIBRARY_PATH=/home/dronelab/vikram/slam-project/install/depthai_ros_msgs/lib:${LD_LIBRARY_PATH} PYTHONPATH=/home/dronelab/vikram/slam-project/install/depthai_ros_msgs/local/lib/python3.10/dist-packages:${PYTHONPATH} /usr/bin/cmake --build /home/dronelab/vikram/slam-project/build/depthai_filters -- -j32 -l32
[1.401s] [ 11%] [32mBuilding CXX object CMakeFiles/depthai_filters.dir/src/wls_filter.cpp.o[0m
[1.402s] [ 22%] [32mBuilding CXX object CMakeFiles/depthai_filters.dir/src/detection2d_overlay.cpp.o[0m
[1.402s] [ 44%] [32mBuilding CXX object CMakeFiles/depthai_filters.dir/src/segmentation_overlay.cpp.o[0m
[1.402s] [ 44%] [32mBuilding CXX object CMakeFiles/depthai_filters.dir/src/spatial_bb.cpp.o[0m
[1.403s] [ 66%] [32mBuilding CXX object CMakeFiles/depthai_filters.dir/src/feature_tracker_overlay.cpp.o[0m
[1.403s] [ 66%] [32mBuilding CXX object CMakeFiles/depthai_filters.dir/src/thermal_temp.cpp.o[0m
[1.403s] [ 77%] [32mBuilding CXX object CMakeFiles/depthai_filters.dir/src/features_3d.cpp.o[0m
[1.403s] [ 88%] [32mBuilding CXX object CMakeFiles/depthai_filters.dir/src/utils.cpp.o[0m
[1.410s] In file included from [01m[K/home/dronelab/vikram/slam-project/src/depthai_filters/src/feature_tracker_overlay.cpp:1[m[K:
[1.410s] [01m[K/home/dronelab/vikram/slam-project/src/depthai_filters/include/depthai_filters/feature_tracker_overlay.hpp:3:10:[m[K [01;31m[Kfatal error: [m[Kcv_bridge/cv_bridge.hpp: No such file or directory
[1.410s]     3 | #include [01;31m[K"cv_bridge/cv_bridge.hpp"[m[K
[1.410s]       |          [01;31m[K^~~~~~~~~~~~~~~~~~~~~~~~~[m[K
[1.410s] compilation terminated.
[1.410s] gmake[2]: *** [CMakeFiles/depthai_filters.dir/build.make:132: CMakeFiles/depthai_filters.dir/src/feature_tracker_overlay.cpp.o] Error 1
[1.410s] gmake[2]: *** Waiting for unfinished jobs....
[1.512s] [01m[K/home/dronelab/vikram/slam-project/src/depthai_filters/src/utils.cpp:3:10:[m[K [01;31m[Kfatal error: [m[Kcv_bridge/cv_bridge.hpp: No such file or directory
[1.512s]     3 | #include [01;31m[K"cv_bridge/cv_bridge.hpp"[m[K
[1.512s]       |          [01;31m[K^~~~~~~~~~~~~~~~~~~~~~~~~[m[K
[1.512s] compilation terminated.
[1.514s] gmake[2]: *** [CMakeFiles/depthai_filters.dir/build.make:174: CMakeFiles/depthai_filters.dir/src/utils.cpp.o] Error 1
[1.537s] [01m[K/home/dronelab/vikram/slam-project/src/depthai_filters/src/thermal_temp.cpp:3:10:[m[K [01;31m[Kfatal error: [m[Kcv_bridge/cv_bridge.hpp: No such file or directory
[1.537s]     3 | #include [01;31m[K"cv_bridge/cv_bridge.hpp"[m[K
[1.537s]       |          [01;31m[K^~~~~~~~~~~~~~~~~~~~~~~~~[m[K
[1.537s] compilation terminated.
[1.538s] [01m[K/home/dronelab/vikram/slam-project/src/depthai_filters/src/detection2d_overlay.cpp:3:10:[m[K [01;31m[Kfatal error: [m[Kcv_bridge/cv_bridge.hpp: No such file or directory
[1.538s]     3 | #include [01;31m[K"cv_bridge/cv_bridge.hpp"[m[K
[1.538s]       |          [01;31m[K^~~~~~~~~~~~~~~~~~~~~~~~~[m[K
[1.538s] compilation terminated.
[1.538s] [01m[K/home/dronelab/vikram/slam-project/src/depthai_filters/src/features_3d.cpp:3:10:[m[K [01;31m[Kfatal error: [m[Kcv_bridge/cv_bridge.hpp: No such file or directory
[1.538s]     3 | #include [01;31m[K"cv_bridge/cv_bridge.hpp"[m[K
[1.538s]       |          [01;31m[K^~~~~~~~~~~~~~~~~~~~~~~~~[m[K
[1.538s] compilation terminated.
[1.539s] gmake[2]: *** [CMakeFiles/depthai_filters.dir/build.make:160: CMakeFiles/depthai_filters.dir/src/thermal_temp.cpp.o] Error 1
[1.539s] [01m[K/home/dronelab/vikram/slam-project/src/depthai_filters/src/segmentation_overlay.cpp:3:10:[m[K [01;31m[Kfatal error: [m[Kcv_bridge/cv_bridge.hpp: No such file or directory
[1.539s]     3 | #include [01;31m[K"cv_bridge/cv_bridge.hpp"[m[K
[1.540s]       |          [01;31m[K^~~~~~~~~~~~~~~~~~~~~~~~~[m[K
[1.540s] compilation terminated.
[1.540s] gmake[2]: *** [CMakeFiles/depthai_filters.dir/build.make:76: CMakeFiles/depthai_filters.dir/src/detection2d_overlay.cpp.o] Error 1
[1.540s] gmake[2]: *** [CMakeFiles/depthai_filters.dir/build.make:146: CMakeFiles/depthai_filters.dir/src/features_3d.cpp.o] Error 1
[1.541s] gmake[2]: *** [CMakeFiles/depthai_filters.dir/build.make:90: CMakeFiles/depthai_filters.dir/src/segmentation_overlay.cpp.o] Error 1
[1.543s] In file included from [01m[K/home/dronelab/vikram/slam-project/src/depthai_filters/src/spatial_bb.cpp:1[m[K:
[1.543s] [01m[K/home/dronelab/vikram/slam-project/src/depthai_filters/include/depthai_filters/spatial_bb.hpp:5:10:[m[K [01;31m[Kfatal error: [m[Kmessage_filters/sync_policies/latest_time.hpp: No such file or directory
[1.543s]     5 | #include [01;31m[K"message_filters/sync_policies/latest_time.hpp"[m[K
[1.543s]       |          [01;31m[K^~~~~~~~~~~~~~~~~~~~~~~~~~~~~~~~~~~~~~~~~~~~~~~[m[K
[1.543s] compilation terminated.
[1.545s] gmake[2]: *** [CMakeFiles/depthai_filters.dir/build.make:104: CMakeFiles/depthai_filters.dir/src/spatial_bb.cpp.o] Error 1
[1.562s] [01m[K/home/dronelab/vikram/slam-project/src/depthai_filters/src/wls_filter.cpp:5:10:[m[K [01;31m[Kfatal error: [m[Kcv_bridge/cv_bridge.hpp: No such file or directory
[1.562s]     5 | #include [01;31m[K"cv_bridge/cv_bridge.hpp"[m[K
[1.562s]       |          [01;31m[K^~~~~~~~~~~~~~~~~~~~~~~~~[m[K
[1.562s] compilation terminated.
[1.563s] gmake[2]: *** [CMakeFiles/depthai_filters.dir/build.make:118: CMakeFiles/depthai_filters.dir/src/wls_filter.cpp.o] Error 1
[1.564s] gmake[1]: *** [CMakeFiles/Makefile2:137: CMakeFiles/depthai_filters.dir/all] Error 2
[1.564s] gmake: *** [Makefile:146: all] Error 2
