[0.008s] Invoking command in '/home/dronelab/vikram/slam-project/build/depthai_filters': AMENT_PREFIX_PATH=/home/dronelab/vikram/slam-project/install/depthai_ros_msgs:${AMENT_PREFIX_PATH} CMAKE_PREFIX_PATH=/home/dronelab/vikram/slam-project/install/depthai_ros_msgs:/opt/ros/humble LD_LIBRARY_PATH=/home/dronelab/vikram/slam-project/install/depthai_ros_msgs/lib:${LD_LIBRARY_PATH} PYTHONPATH=/home/dronelab/vikram/slam-project/install/depthai_ros_msgs/local/lib/python3.10/dist-packages:${PYTHONPATH} /usr/bin/cmake /home/dronelab/vikram/slam-project/src/depthai_filters -DCMAKE_INSTALL_PREFIX=/home/dronelab/vikram/slam-project/install/depthai_filters
[0.055s] -- The CXX compiler identification is GNU 11.4.0
[0.094s] -- The C compiler identification is GNU 11.4.0
[0.099s] -- Detecting CXX compiler ABI info
[0.186s] -- Detecting CXX compiler ABI info - done
[0.191s] -- Check for working CXX compiler: /usr/bin/c++ - skipped
[0.191s] -- Detecting CXX compile features
[0.192s] -- Detecting CXX compile features - done
[0.194s] -- Detecting C compiler ABI info
[0.278s] -- Detecting C compiler ABI info - done
[0.286s] -- Check for working C compiler: /usr/bin/cc - skipped
[0.287s] -- Detecting C compile features
[0.287s] -- Detecting C compile features - done
[0.290s] -- Found ament_cmake_auto: 1.3.9 (/opt/ros/humble/share/ament_cmake_auto/cmake)
[0.421s] -- Found Python3: /usr/bin/python3 (found version "3.10.12") found components: Interpreter 
[0.481s] -- Found cv_bridge: 3.2.1 (/opt/ros/humble/share/cv_bridge/cmake)
[0.517s] -- Found rosidl_generator_c: 3.1.5 (/opt/ros/humble/share/rosidl_generator_c/cmake)
[0.520s] -- Found rosidl_adapter: 3.1.5 (/opt/ros/humble/share/rosidl_adapter/cmake)
[0.525s] -- Found rosidl_generator_cpp: 3.1.5 (/opt/ros/humble/share/rosidl_generator_cpp/cmake)
[0.534s] -- Using all available rosidl_typesupport_c: rosidl_typesupport_fastrtps_c;rosidl_typesupport_introspection_c
[0.545s] -- Using all available rosidl_typesupport_cpp: rosidl_typesupport_fastrtps_cpp;rosidl_typesupport_introspection_cpp
[0.685s] -- Found message_filters: 4.3.4 (/opt/ros/humble/share/message_filters/cmake)
[0.723s] -- Found rmw_implementation_cmake: 6.1.2 (/opt/ros/humble/share/rmw_implementation_cmake/cmake)
[0.725s] -- Found rmw_fastrtps_cpp: 6.2.6 (/opt/ros/humble/share/rmw_fastrtps_cpp/cmake)
[0.809s] -- Found OpenSSL: /usr/lib/x86_64-linux-gnu/libcrypto.so (found version "3.0.2")  
[0.832s] -- Found FastRTPS: /opt/ros/humble/include  
[0.869s] -- Using RMW implementation 'rmw_fastrtps_cpp' as default
[0.875s] -- Looking for pthread.h
[0.933s] -- Looking for pthread.h - found
[0.934s] -- Performing Test CMAKE_HAVE_LIBC_PTHREAD
[1.037s] -- Performing Test CMAKE_HAVE_LIBC_PTHREAD - Success
[1.039s] -- Found Threads: TRUE  
[1.461s] -- Configuring done
[1.470s] -- Generating done
[1.471s] -- Build files have been written to: /home/dronelab/vikram/slam-project/build/depthai_filters
[1.477s] Invoked command in '/home/dronelab/vikram/slam-project/build/depthai_filters' returned '0': AMENT_PREFIX_PATH=/home/dronelab/vikram/slam-project/install/depthai_ros_msgs:${AMENT_PREFIX_PATH} CMAKE_PREFIX_PATH=/home/dronelab/vikram/slam-project/install/depthai_ros_msgs:/opt/ros/humble LD_LIBRARY_PATH=/home/dronelab/vikram/slam-project/install/depthai_ros_msgs/lib:${LD_LIBRARY_PATH} PYTHONPATH=/home/dronelab/vikram/slam-project/install/depthai_ros_msgs/local/lib/python3.10/dist-packages:${PYTHONPATH} /usr/bin/cmake /home/dronelab/vikram/slam-project/src/depthai_filters -DCMAKE_INSTALL_PREFIX=/home/dronelab/vikram/slam-project/install/depthai_filters
[1.478s] Invoking command in '/home/dronelab/vikram/slam-project/build/depthai_filters': AMENT_PREFIX_PATH=/home/dronelab/vikram/slam-project/install/depthai_ros_msgs:${AMENT_PREFIX_PATH} CMAKE_PREFIX_PATH=/home/dronelab/vikram/slam-project/install/depthai_ros_msgs:/opt/ros/humble LD_LIBRARY_PATH=/home/dronelab/vikram/slam-project/install/depthai_ros_msgs/lib:${LD_LIBRARY_PATH} PYTHONPATH=/home/dronelab/vikram/slam-project/install/depthai_ros_msgs/local/lib/python3.10/dist-packages:${PYTHONPATH} /usr/bin/cmake --build /home/dronelab/vikram/slam-project/build/depthai_filters -- -j32 -l32
[1.525s] [ 11%] [32mBuilding CXX object CMakeFiles/depthai_filters.dir/src/segmentation_overlay.cpp.o[0m
[1.526s] [ 22%] [32mBuilding CXX object CMakeFiles/depthai_filters.dir/src/detection2d_overlay.cpp.o[0m
[1.527s] [ 33%] [32mBuilding CXX object CMakeFiles/depthai_filters.dir/src/spatial_bb.cpp.o[0m
[1.527s] [ 44%] [32mBuilding CXX object CMakeFiles/depthai_filters.dir/src/wls_filter.cpp.o[0m
[1.527s] [ 55%] [32mBuilding CXX object CMakeFiles/depthai_filters.dir/src/feature_tracker_overlay.cpp.o[0m
[1.527s] [ 77%] [32mBuilding CXX object CMakeFiles/depthai_filters.dir/src/thermal_temp.cpp.o[0m
[1.527s] [ 77%] [32mBuilding CXX object CMakeFiles/depthai_filters.dir/src/features_3d.cpp.o[0m
[1.528s] [ 88%] [32mBuilding CXX object CMakeFiles/depthai_filters.dir/src/utils.cpp.o[0m
[1.535s] In file included from [01m[K/home/dronelab/vikram/slam-project/src/depthai_filters/src/feature_tracker_overlay.cpp:1[m[K:
[1.535s] [01m[K/home/dronelab/vikram/slam-project/src/depthai_filters/include/depthai_filters/feature_tracker_overlay.hpp:3:10:[m[K [01;31m[Kfatal error: [m[Kcv_bridge/cv_bridge.hpp: No such file or directory
[1.535s]     3 | #include [01;31m[K"cv_bridge/cv_bridge.hpp"[m[K
[1.535s]       |          [01;31m[K^~~~~~~~~~~~~~~~~~~~~~~~~[m[K
[1.535s] compilation terminated.
[1.536s] gmake[2]: *** [CMakeFiles/depthai_filters.dir/build.make:132: CMakeFiles/depthai_filters.dir/src/feature_tracker_overlay.cpp.o] Error 1
[1.536s] gmake[2]: *** Waiting for unfinished jobs....
[1.618s] [01m[K/home/dronelab/vikram/slam-project/src/depthai_filters/src/utils.cpp:3:10:[m[K [01;31m[Kfatal error: [m[Kcv_bridge/cv_bridge.hpp: No such file or directory
[1.618s]     3 | #include [01;31m[K"cv_bridge/cv_bridge.hpp"[m[K
[1.619s]       |          [01;31m[K^~~~~~~~~~~~~~~~~~~~~~~~~[m[K
[1.619s] compilation terminated.
[1.620s] gmake[2]: *** [CMakeFiles/depthai_filters.dir/build.make:174: CMakeFiles/depthai_filters.dir/src/utils.cpp.o] Error 1
[1.657s] [01m[K/home/dronelab/vikram/slam-project/src/depthai_filters/src/thermal_temp.cpp:3:10:[m[K [01;31m[Kfatal error: [m[Kcv_bridge/cv_bridge.hpp: No such file or directory
[1.657s]     3 | #include [01;31m[K"cv_bridge/cv_bridge.hpp"[m[K
[1.657s]       |          [01;31m[K^~~~~~~~~~~~~~~~~~~~~~~~~[m[K
[1.657s] compilation terminated.
[1.659s] gmake[2]: *** [CMakeFiles/depthai_filters.dir/build.make:160: CMakeFiles/depthai_filters.dir/src/thermal_temp.cpp.o] Error 1
[1.659s] In file included from [01m[K/home/dronelab/vikram/slam-project/src/depthai_filters/src/spatial_bb.cpp:1[m[K:
[1.660s] [01m[K/home/dronelab/vikram/slam-project/src/depthai_filters/include/depthai_filters/spatial_bb.hpp:5:10:[m[K [01;31m[Kfatal error: [m[Kmessage_filters/sync_policies/latest_time.hpp: No such file or directory
[1.660s]     5 | #include [01;31m[K"message_filters/sync_policies/latest_time.hpp"[m[K
[1.660s]       |          [01;31m[K^~~~~~~~~~~~~~~~~~~~~~~~~~~~~~~~~~~~~~~~~~~~~~~[m[K
[1.660s] compilation terminated.
[1.660s] [01m[K/home/dronelab/vikram/slam-project/src/depthai_filters/src/segmentation_overlay.cpp:3:10:[m[K [01;31m[Kfatal error: [m[Kcv_bridge/cv_bridge.hpp: No such file or directory
[1.660s]     3 | #include [01;31m[K"cv_bridge/cv_bridge.hpp"[m[K
[1.660s]       |          [01;31m[K^~~~~~~~~~~~~~~~~~~~~~~~~[m[K
[1.660s] compilation terminated.
[1.661s] gmake[2]: *** [CMakeFiles/depthai_filters.dir/build.make:104: CMakeFiles/depthai_filters.dir/src/spatial_bb.cpp.o] Error 1
[1.662s] gmake[2]: *** [CMakeFiles/depthai_filters.dir/build.make:90: CMakeFiles/depthai_filters.dir/src/segmentation_overlay.cpp.o] Error 1
[1.667s] [01m[K/home/dronelab/vikram/slam-project/src/depthai_filters/src/detection2d_overlay.cpp:3:10:[m[K [01;31m[Kfatal error: [m[Kcv_bridge/cv_bridge.hpp: No such file or directory
[1.667s]     3 | #include [01;31m[K"cv_bridge/cv_bridge.hpp"[m[K
[1.667s]       |          [01;31m[K^~~~~~~~~~~~~~~~~~~~~~~~~[m[K
[1.667s] compilation terminated.
[1.669s] gmake[2]: *** [CMakeFiles/depthai_filters.dir/build.make:76: CMakeFiles/depthai_filters.dir/src/detection2d_overlay.cpp.o] Error 1
[1.669s] [01m[K/home/dronelab/vikram/slam-project/src/depthai_filters/src/features_3d.cpp:3:10:[m[K [01;31m[Kfatal error: [m[Kcv_bridge/cv_bridge.hpp: No such file or directory
[1.669s]     3 | #include [01;31m[K"cv_bridge/cv_bridge.hpp"[m[K
[1.669s]       |          [01;31m[K^~~~~~~~~~~~~~~~~~~~~~~~~[m[K
[1.669s] compilation terminated.
[1.671s] gmake[2]: *** [CMakeFiles/depthai_filters.dir/build.make:146: CMakeFiles/depthai_filters.dir/src/features_3d.cpp.o] Error 1
[1.683s] [01m[K/home/dronelab/vikram/slam-project/src/depthai_filters/src/wls_filter.cpp:5:10:[m[K [01;31m[Kfatal error: [m[Kcv_bridge/cv_bridge.hpp: No such file or directory
[1.683s]     5 | #include [01;31m[K"cv_bridge/cv_bridge.hpp"[m[K
[1.683s]       |          [01;31m[K^~~~~~~~~~~~~~~~~~~~~~~~~[m[K
[1.683s] compilation terminated.
[1.685s] gmake[2]: *** [CMakeFiles/depthai_filters.dir/build.make:118: CMakeFiles/depthai_filters.dir/src/wls_filter.cpp.o] Error 1
[1.685s] gmake[1]: *** [CMakeFiles/Makefile2:137: CMakeFiles/depthai_filters.dir/all] Error 2
[1.685s] gmake: *** [Makefile:146: all] Error 2
[1.687s] Invoked command in '/home/dronelab/vikram/slam-project/build/depthai_filters' returned '2': AMENT_PREFIX_PATH=/home/dronelab/vikram/slam-project/install/depthai_ros_msgs:${AMENT_PREFIX_PATH} CMAKE_PREFIX_PATH=/home/dronelab/vikram/slam-project/install/depthai_ros_msgs:/opt/ros/humble LD_LIBRARY_PATH=/home/dronelab/vikram/slam-project/install/depthai_ros_msgs/lib:${LD_LIBRARY_PATH} PYTHONPATH=/home/dronelab/vikram/slam-project/install/depthai_ros_msgs/local/lib/python3.10/dist-packages:${PYTHONPATH} /usr/bin/cmake --build /home/dronelab/vikram/slam-project/build/depthai_filters -- -j32 -l32
