[  3%] [34m[1mGenerating C code for ROS interfaces[0m
[  6%] [34m[1mGenerating C++ code for ROS interfaces[0m
[  6%] Built target ament_cmake_python_copy_ffmpeg_image_transport_msgs
running egg_info
creating ffmpeg_image_transport_msgs.egg-info
writing ffmpeg_image_transport_msgs.egg-info/PKG-INFO
writing dependency_links to ffmpeg_image_transport_msgs.egg-info/dependency_links.txt
writing top-level names to ffmpeg_image_transport_msgs.egg-info/top_level.txt
writing manifest file 'ffmpeg_image_transport_msgs.egg-info/SOURCES.txt'
reading manifest file 'ffmpeg_image_transport_msgs.egg-info/SOURCES.txt'
writing manifest file 'ffmpeg_image_transport_msgs.egg-info/SOURCES.txt'
[  6%] Built target ament_cmake_python_build_ffmpeg_image_transport_msgs_egg
[  9%] [32mBuilding C object CMakeFiles/ffmpeg_image_transport_msgs__rosidl_generator_c.dir/rosidl_generator_c/ffmpeg_image_transport_msgs/msg/detail/ffmpeg_packet__functions.c.o[0m
[  9%] Built target ffmpeg_image_transport_msgs__cpp
[ 12%] [34m[1mGenerating C++ type support dispatch for ROS interfaces[0m
[ 16%] [34m[1mGenerating C++ introspection for ROS interfaces[0m
[ 19%] [34m[1mGenerating C++ type support for eProsima Fast-RTPS[0m
[ 22%] [32m[1mLinking C shared library libffmpeg_image_transport_msgs__rosidl_generator_c.so[0m
[ 22%] Built target ffmpeg_image_transport_msgs__rosidl_generator_c
[ 25%] [34m[1mGenerating C type support for eProsima Fast-RTPS[0m
[ 32%] [34m[1mGenerating C introspection for ROS interfaces[0m
[ 32%] [34m[1mGenerating C type support dispatch for ROS interfaces[0m
[ 35%] [32mBuilding CXX object CMakeFiles/ffmpeg_image_transport_msgs__rosidl_typesupport_cpp.dir/rosidl_typesupport_cpp/ffmpeg_image_transport_msgs/msg/ffmpeg_packet__type_support.cpp.o[0m
[ 38%] [32mBuilding CXX object CMakeFiles/ffmpeg_image_transport_msgs__rosidl_typesupport_introspection_cpp.dir/rosidl_typesupport_introspection_cpp/ffmpeg_image_transport_msgs/msg/detail/ffmpeg_packet__type_support.cpp.o[0m
[ 41%] [32mBuilding CXX object CMakeFiles/ffmpeg_image_transport_msgs__rosidl_typesupport_fastrtps_cpp.dir/rosidl_typesupport_fastrtps_cpp/ffmpeg_image_transport_msgs/msg/detail/dds_fastrtps/ffmpeg_packet__type_support.cpp.o[0m
[ 45%] [32mBuilding C object CMakeFiles/ffmpeg_image_transport_msgs__rosidl_typesupport_introspection_c.dir/rosidl_typesupport_introspection_c/ffmpeg_image_transport_msgs/msg/detail/ffmpeg_packet__type_support.c.o[0m
[ 48%] [32mBuilding CXX object CMakeFiles/ffmpeg_image_transport_msgs__rosidl_typesupport_fastrtps_c.dir/rosidl_typesupport_fastrtps_c/ffmpeg_image_transport_msgs/msg/detail/ffmpeg_packet__type_support_c.cpp.o[0m
[ 51%] [32mBuilding CXX object CMakeFiles/ffmpeg_image_transport_msgs__rosidl_typesupport_c.dir/rosidl_typesupport_c/ffmpeg_image_transport_msgs/msg/ffmpeg_packet__type_support.cpp.o[0m
[ 54%] [32m[1mLinking C shared library libffmpeg_image_transport_msgs__rosidl_typesupport_introspection_c.so[0m
[ 58%] [32m[1mLinking CXX shared library libffmpeg_image_transport_msgs__rosidl_typesupport_c.so[0m
[ 58%] Built target ffmpeg_image_transport_msgs__rosidl_typesupport_introspection_c
[ 58%] Built target ffmpeg_image_transport_msgs__rosidl_typesupport_c
[ 61%] [32m[1mLinking CXX shared library libffmpeg_image_transport_msgs__rosidl_typesupport_cpp.so[0m
[ 61%] Built target ffmpeg_image_transport_msgs__rosidl_typesupport_cpp
[ 64%] [32m[1mLinking CXX shared library libffmpeg_image_transport_msgs__rosidl_typesupport_introspection_cpp.so[0m
[ 67%] [32m[1mLinking CXX shared library libffmpeg_image_transport_msgs__rosidl_typesupport_fastrtps_cpp.so[0m
[ 70%] [32m[1mLinking CXX shared library libffmpeg_image_transport_msgs__rosidl_typesupport_fastrtps_c.so[0m
[ 70%] Built target ffmpeg_image_transport_msgs__rosidl_typesupport_introspection_cpp
[ 70%] Built target ffmpeg_image_transport_msgs__rosidl_typesupport_fastrtps_cpp
[ 70%] Built target ffmpeg_image_transport_msgs__rosidl_typesupport_fastrtps_c
[ 70%] Built target ffmpeg_image_transport_msgs
[ 74%] [34m[1mGenerating Python code for ROS interfaces[0m
[ 74%] Built target ffmpeg_image_transport_msgs__py
[ 77%] [32mBuilding C object CMakeFiles/ffmpeg_image_transport_msgs__rosidl_generator_py.dir/rosidl_generator_py/ffmpeg_image_transport_msgs/msg/_ffmpeg_packet_s.c.o[0m
[ 80%] [32m[1mLinking C shared library rosidl_generator_py/ffmpeg_image_transport_msgs/libffmpeg_image_transport_msgs__rosidl_generator_py.so[0m
[ 80%] Built target ffmpeg_image_transport_msgs__rosidl_generator_py
[ 83%] [32mBuilding C object CMakeFiles/ffmpeg_image_transport_msgs__rosidl_typesupport_introspection_c__pyext.dir/rosidl_generator_py/ffmpeg_image_transport_msgs/_ffmpeg_image_transport_msgs_s.ep.rosidl_typesupport_introspection_c.c.o[0m
[ 87%] [32mBuilding C object CMakeFiles/ffmpeg_image_transport_msgs__rosidl_typesupport_fastrtps_c__pyext.dir/rosidl_generator_py/ffmpeg_image_transport_msgs/_ffmpeg_image_transport_msgs_s.ep.rosidl_typesupport_fastrtps_c.c.o[0m
[ 90%] [32mBuilding C object CMakeFiles/ffmpeg_image_transport_msgs__rosidl_typesupport_c__pyext.dir/rosidl_generator_py/ffmpeg_image_transport_msgs/_ffmpeg_image_transport_msgs_s.ep.rosidl_typesupport_c.c.o[0m
[ 93%] [32m[1mLinking C shared library rosidl_generator_py/ffmpeg_image_transport_msgs/ffmpeg_image_transport_msgs_s__rosidl_typesupport_fastrtps_c.cpython-310-x86_64-linux-gnu.so[0m
[ 96%] [32m[1mLinking C shared library rosidl_generator_py/ffmpeg_image_transport_msgs/ffmpeg_image_transport_msgs_s__rosidl_typesupport_c.cpython-310-x86_64-linux-gnu.so[0m
[100%] [32m[1mLinking C shared library rosidl_generator_py/ffmpeg_image_transport_msgs/ffmpeg_image_transport_msgs_s__rosidl_typesupport_introspection_c.cpython-310-x86_64-linux-gnu.so[0m
[100%] Built target ffmpeg_image_transport_msgs__rosidl_typesupport_fastrtps_c__pyext
[100%] Built target ffmpeg_image_transport_msgs__rosidl_typesupport_c__pyext
[100%] Built target ffmpeg_image_transport_msgs__rosidl_typesupport_introspection_c__pyext
-- Install configuration: ""
-- Installing: /home/dronelab/vikram/slam-project/install/ffmpeg_image_transport_msgs/share/ament_index/resource_index/rosidl_interfaces/ffmpeg_image_transport_msgs
-- Installing: /home/dronelab/vikram/slam-project/install/ffmpeg_image_transport_msgs/include/ffmpeg_image_transport_msgs/ffmpeg_image_transport_msgs
-- Installing: /home/dronelab/vikram/slam-project/install/ffmpeg_image_transport_msgs/include/ffmpeg_image_transport_msgs/ffmpeg_image_transport_msgs/msg
-- Installing: /home/dronelab/vikram/slam-project/install/ffmpeg_image_transport_msgs/include/ffmpeg_image_transport_msgs/ffmpeg_image_transport_msgs/msg/ffmpeg_packet.h
-- Installing: /home/dronelab/vikram/slam-project/install/ffmpeg_image_transport_msgs/include/ffmpeg_image_transport_msgs/ffmpeg_image_transport_msgs/msg/detail
-- Installing: /home/dronelab/vikram/slam-project/install/ffmpeg_image_transport_msgs/include/ffmpeg_image_transport_msgs/ffmpeg_image_transport_msgs/msg/detail/ffmpeg_packet__type_support.h
-- Installing: /home/dronelab/vikram/slam-project/install/ffmpeg_image_transport_msgs/include/ffmpeg_image_transport_msgs/ffmpeg_image_transport_msgs/msg/detail/ffmpeg_packet__functions.h
-- Installing: /home/dronelab/vikram/slam-project/install/ffmpeg_image_transport_msgs/include/ffmpeg_image_transport_msgs/ffmpeg_image_transport_msgs/msg/detail/ffmpeg_packet__struct.h
-- Installing: /home/dronelab/vikram/slam-project/install/ffmpeg_image_transport_msgs/include/ffmpeg_image_transport_msgs/ffmpeg_image_transport_msgs/msg/detail/ffmpeg_packet__functions.c
-- Installing: /home/dronelab/vikram/slam-project/install/ffmpeg_image_transport_msgs/include/ffmpeg_image_transport_msgs/ffmpeg_image_transport_msgs/msg/rosidl_generator_c__visibility_control.h
-- Installing: /home/dronelab/vikram/slam-project/install/ffmpeg_image_transport_msgs/share/ffmpeg_image_transport_msgs/environment/library_path.sh
-- Installing: /home/dronelab/vikram/slam-project/install/ffmpeg_image_transport_msgs/share/ffmpeg_image_transport_msgs/environment/library_path.dsv
-- Installing: /home/dronelab/vikram/slam-project/install/ffmpeg_image_transport_msgs/lib/libffmpeg_image_transport_msgs__rosidl_generator_c.so
-- Set runtime path of "/home/dronelab/vikram/slam-project/install/ffmpeg_image_transport_msgs/lib/libffmpeg_image_transport_msgs__rosidl_generator_c.so" to ""
-- Up-to-date: /home/dronelab/vikram/slam-project/install/ffmpeg_image_transport_msgs/include/ffmpeg_image_transport_msgs/ffmpeg_image_transport_msgs
-- Up-to-date: /home/dronelab/vikram/slam-project/install/ffmpeg_image_transport_msgs/include/ffmpeg_image_transport_msgs/ffmpeg_image_transport_msgs/msg
-- Installing: /home/dronelab/vikram/slam-project/install/ffmpeg_image_transport_msgs/include/ffmpeg_image_transport_msgs/ffmpeg_image_transport_msgs/msg/rosidl_typesupport_fastrtps_c__visibility_control.h
-- Up-to-date: /home/dronelab/vikram/slam-project/install/ffmpeg_image_transport_msgs/include/ffmpeg_image_transport_msgs/ffmpeg_image_transport_msgs/msg/detail
-- Installing: /home/dronelab/vikram/slam-project/install/ffmpeg_image_transport_msgs/include/ffmpeg_image_transport_msgs/ffmpeg_image_transport_msgs/msg/detail/ffmpeg_packet__rosidl_typesupport_fastrtps_c.h
-- Installing: /home/dronelab/vikram/slam-project/install/ffmpeg_image_transport_msgs/lib/libffmpeg_image_transport_msgs__rosidl_typesupport_fastrtps_c.so
-- Set runtime path of "/home/dronelab/vikram/slam-project/install/ffmpeg_image_transport_msgs/lib/libffmpeg_image_transport_msgs__rosidl_typesupport_fastrtps_c.so" to ""
-- Up-to-date: /home/dronelab/vikram/slam-project/install/ffmpeg_image_transport_msgs/include/ffmpeg_image_transport_msgs/ffmpeg_image_transport_msgs
-- Up-to-date: /home/dronelab/vikram/slam-project/install/ffmpeg_image_transport_msgs/include/ffmpeg_image_transport_msgs/ffmpeg_image_transport_msgs/msg
-- Installing: /home/dronelab/vikram/slam-project/install/ffmpeg_image_transport_msgs/include/ffmpeg_image_transport_msgs/ffmpeg_image_transport_msgs/msg/ffmpeg_packet.hpp
-- Up-to-date: /home/dronelab/vikram/slam-project/install/ffmpeg_image_transport_msgs/include/ffmpeg_image_transport_msgs/ffmpeg_image_transport_msgs/msg/detail
-- Installing: /home/dronelab/vikram/slam-project/install/ffmpeg_image_transport_msgs/include/ffmpeg_image_transport_msgs/ffmpeg_image_transport_msgs/msg/detail/ffmpeg_packet__traits.hpp
-- Installing: /home/dronelab/vikram/slam-project/install/ffmpeg_image_transport_msgs/include/ffmpeg_image_transport_msgs/ffmpeg_image_transport_msgs/msg/detail/ffmpeg_packet__struct.hpp
-- Installing: /home/dronelab/vikram/slam-project/install/ffmpeg_image_transport_msgs/include/ffmpeg_image_transport_msgs/ffmpeg_image_transport_msgs/msg/detail/ffmpeg_packet__builder.hpp
-- Up-to-date: /home/dronelab/vikram/slam-project/install/ffmpeg_image_transport_msgs/include/ffmpeg_image_transport_msgs/ffmpeg_image_transport_msgs
-- Up-to-date: /home/dronelab/vikram/slam-project/install/ffmpeg_image_transport_msgs/include/ffmpeg_image_transport_msgs/ffmpeg_image_transport_msgs/msg
-- Installing: /home/dronelab/vikram/slam-project/install/ffmpeg_image_transport_msgs/include/ffmpeg_image_transport_msgs/ffmpeg_image_transport_msgs/msg/rosidl_typesupport_fastrtps_cpp__visibility_control.h
-- Up-to-date: /home/dronelab/vikram/slam-project/install/ffmpeg_image_transport_msgs/include/ffmpeg_image_transport_msgs/ffmpeg_image_transport_msgs/msg/detail
-- Installing: /home/dronelab/vikram/slam-project/install/ffmpeg_image_transport_msgs/include/ffmpeg_image_transport_msgs/ffmpeg_image_transport_msgs/msg/detail/dds_fastrtps
-- Installing: /home/dronelab/vikram/slam-project/install/ffmpeg_image_transport_msgs/include/ffmpeg_image_transport_msgs/ffmpeg_image_transport_msgs/msg/detail/ffmpeg_packet__rosidl_typesupport_fastrtps_cpp.hpp
-- Installing: /home/dronelab/vikram/slam-project/install/ffmpeg_image_transport_msgs/lib/libffmpeg_image_transport_msgs__rosidl_typesupport_fastrtps_cpp.so
-- Set runtime path of "/home/dronelab/vikram/slam-project/install/ffmpeg_image_transport_msgs/lib/libffmpeg_image_transport_msgs__rosidl_typesupport_fastrtps_cpp.so" to ""
-- Up-to-date: /home/dronelab/vikram/slam-project/install/ffmpeg_image_transport_msgs/include/ffmpeg_image_transport_msgs/ffmpeg_image_transport_msgs
-- Up-to-date: /home/dronelab/vikram/slam-project/install/ffmpeg_image_transport_msgs/include/ffmpeg_image_transport_msgs/ffmpeg_image_transport_msgs/msg
-- Installing: /home/dronelab/vikram/slam-project/install/ffmpeg_image_transport_msgs/include/ffmpeg_image_transport_msgs/ffmpeg_image_transport_msgs/msg/rosidl_typesupport_introspection_c__visibility_control.h
-- Up-to-date: /home/dronelab/vikram/slam-project/install/ffmpeg_image_transport_msgs/include/ffmpeg_image_transport_msgs/ffmpeg_image_transport_msgs/msg/detail
-- Installing: /home/dronelab/vikram/slam-project/install/ffmpeg_image_transport_msgs/include/ffmpeg_image_transport_msgs/ffmpeg_image_transport_msgs/msg/detail/ffmpeg_packet__type_support.c
-- Installing: /home/dronelab/vikram/slam-project/install/ffmpeg_image_transport_msgs/include/ffmpeg_image_transport_msgs/ffmpeg_image_transport_msgs/msg/detail/ffmpeg_packet__rosidl_typesupport_introspection_c.h
-- Installing: /home/dronelab/vikram/slam-project/install/ffmpeg_image_transport_msgs/lib/libffmpeg_image_transport_msgs__rosidl_typesupport_introspection_c.so
-- Set runtime path of "/home/dronelab/vikram/slam-project/install/ffmpeg_image_transport_msgs/lib/libffmpeg_image_transport_msgs__rosidl_typesupport_introspection_c.so" to ""
-- Installing: /home/dronelab/vikram/slam-project/install/ffmpeg_image_transport_msgs/lib/libffmpeg_image_transport_msgs__rosidl_typesupport_c.so
-- Set runtime path of "/home/dronelab/vikram/slam-project/install/ffmpeg_image_transport_msgs/lib/libffmpeg_image_transport_msgs__rosidl_typesupport_c.so" to ""
-- Up-to-date: /home/dronelab/vikram/slam-project/install/ffmpeg_image_transport_msgs/include/ffmpeg_image_transport_msgs/ffmpeg_image_transport_msgs
-- Up-to-date: /home/dronelab/vikram/slam-project/install/ffmpeg_image_transport_msgs/include/ffmpeg_image_transport_msgs/ffmpeg_image_transport_msgs/msg
-- Up-to-date: /home/dronelab/vikram/slam-project/install/ffmpeg_image_transport_msgs/include/ffmpeg_image_transport_msgs/ffmpeg_image_transport_msgs/msg/detail
-- Installing: /home/dronelab/vikram/slam-project/install/ffmpeg_image_transport_msgs/include/ffmpeg_image_transport_msgs/ffmpeg_image_transport_msgs/msg/detail/ffmpeg_packet__rosidl_typesupport_introspection_cpp.hpp
-- Installing: /home/dronelab/vikram/slam-project/install/ffmpeg_image_transport_msgs/include/ffmpeg_image_transport_msgs/ffmpeg_image_transport_msgs/msg/detail/ffmpeg_packet__type_support.cpp
-- Installing: /home/dronelab/vikram/slam-project/install/ffmpeg_image_transport_msgs/lib/libffmpeg_image_transport_msgs__rosidl_typesupport_introspection_cpp.so
-- Set runtime path of "/home/dronelab/vikram/slam-project/install/ffmpeg_image_transport_msgs/lib/libffmpeg_image_transport_msgs__rosidl_typesupport_introspection_cpp.so" to ""
-- Installing: /home/dronelab/vikram/slam-project/install/ffmpeg_image_transport_msgs/lib/libffmpeg_image_transport_msgs__rosidl_typesupport_cpp.so
-- Set runtime path of "/home/dronelab/vikram/slam-project/install/ffmpeg_image_transport_msgs/lib/libffmpeg_image_transport_msgs__rosidl_typesupport_cpp.so" to ""
-- Installing: /home/dronelab/vikram/slam-project/install/ffmpeg_image_transport_msgs/share/ffmpeg_image_transport_msgs/environment/pythonpath.sh
-- Installing: /home/dronelab/vikram/slam-project/install/ffmpeg_image_transport_msgs/share/ffmpeg_image_transport_msgs/environment/pythonpath.dsv
-- Installing: /home/dronelab/vikram/slam-project/install/ffmpeg_image_transport_msgs/local/lib/python3.10/dist-packages/ffmpeg_image_transport_msgs-1.0.1-py3.10.egg-info
-- Installing: /home/dronelab/vikram/slam-project/install/ffmpeg_image_transport_msgs/local/lib/python3.10/dist-packages/ffmpeg_image_transport_msgs-1.0.1-py3.10.egg-info/PKG-INFO
-- Installing: /home/dronelab/vikram/slam-project/install/ffmpeg_image_transport_msgs/local/lib/python3.10/dist-packages/ffmpeg_image_transport_msgs-1.0.1-py3.10.egg-info/SOURCES.txt
-- Installing: /home/dronelab/vikram/slam-project/install/ffmpeg_image_transport_msgs/local/lib/python3.10/dist-packages/ffmpeg_image_transport_msgs-1.0.1-py3.10.egg-info/top_level.txt
-- Installing: /home/dronelab/vikram/slam-project/install/ffmpeg_image_transport_msgs/local/lib/python3.10/dist-packages/ffmpeg_image_transport_msgs-1.0.1-py3.10.egg-info/dependency_links.txt
-- Installing: /home/dronelab/vikram/slam-project/install/ffmpeg_image_transport_msgs/local/lib/python3.10/dist-packages/ffmpeg_image_transport_msgs
-- Installing: /home/dronelab/vikram/slam-project/install/ffmpeg_image_transport_msgs/local/lib/python3.10/dist-packages/ffmpeg_image_transport_msgs/libffmpeg_image_transport_msgs__rosidl_generator_py.so
-- Installing: /home/dronelab/vikram/slam-project/install/ffmpeg_image_transport_msgs/local/lib/python3.10/dist-packages/ffmpeg_image_transport_msgs/ffmpeg_image_transport_msgs_s__rosidl_typesupport_fastrtps_c.cpython-310-x86_64-linux-gnu.so
-- Installing: /home/dronelab/vikram/slam-project/install/ffmpeg_image_transport_msgs/local/lib/python3.10/dist-packages/ffmpeg_image_transport_msgs/_ffmpeg_image_transport_msgs_s.ep.rosidl_typesupport_introspection_c.c
-- Installing: /home/dronelab/vikram/slam-project/install/ffmpeg_image_transport_msgs/local/lib/python3.10/dist-packages/ffmpeg_image_transport_msgs/_ffmpeg_image_transport_msgs_s.ep.rosidl_typesupport_fastrtps_c.c
-- Installing: /home/dronelab/vikram/slam-project/install/ffmpeg_image_transport_msgs/local/lib/python3.10/dist-packages/ffmpeg_image_transport_msgs/ffmpeg_image_transport_msgs_s__rosidl_typesupport_c.cpython-310-x86_64-linux-gnu.so
-- Installing: /home/dronelab/vikram/slam-project/install/ffmpeg_image_transport_msgs/local/lib/python3.10/dist-packages/ffmpeg_image_transport_msgs/msg
-- Installing: /home/dronelab/vikram/slam-project/install/ffmpeg_image_transport_msgs/local/lib/python3.10/dist-packages/ffmpeg_image_transport_msgs/msg/_ffmpeg_packet.py
-- Installing: /home/dronelab/vikram/slam-project/install/ffmpeg_image_transport_msgs/local/lib/python3.10/dist-packages/ffmpeg_image_transport_msgs/msg/_ffmpeg_packet_s.c
-- Installing: /home/dronelab/vikram/slam-project/install/ffmpeg_image_transport_msgs/local/lib/python3.10/dist-packages/ffmpeg_image_transport_msgs/msg/__init__.py
-- Installing: /home/dronelab/vikram/slam-project/install/ffmpeg_image_transport_msgs/local/lib/python3.10/dist-packages/ffmpeg_image_transport_msgs/__init__.py
-- Installing: /home/dronelab/vikram/slam-project/install/ffmpeg_image_transport_msgs/local/lib/python3.10/dist-packages/ffmpeg_image_transport_msgs/ffmpeg_image_transport_msgs_s__rosidl_typesupport_introspection_c.cpython-310-x86_64-linux-gnu.so
-- Installing: /home/dronelab/vikram/slam-project/install/ffmpeg_image_transport_msgs/local/lib/python3.10/dist-packages/ffmpeg_image_transport_msgs/_ffmpeg_image_transport_msgs_s.ep.rosidl_typesupport_c.c
Listing '/home/dronelab/vikram/slam-project/install/ffmpeg_image_transport_msgs/local/lib/python3.10/dist-packages/ffmpeg_image_transport_msgs'...
Compiling '/home/dronelab/vikram/slam-project/install/ffmpeg_image_transport_msgs/local/lib/python3.10/dist-packages/ffmpeg_image_transport_msgs/__init__.py'...
Listing '/home/dronelab/vikram/slam-project/install/ffmpeg_image_transport_msgs/local/lib/python3.10/dist-packages/ffmpeg_image_transport_msgs/msg'...
Compiling '/home/dronelab/vikram/slam-project/install/ffmpeg_image_transport_msgs/local/lib/python3.10/dist-packages/ffmpeg_image_transport_msgs/msg/__init__.py'...
Compiling '/home/dronelab/vikram/slam-project/install/ffmpeg_image_transport_msgs/local/lib/python3.10/dist-packages/ffmpeg_image_transport_msgs/msg/_ffmpeg_packet.py'...
-- Installing: /home/dronelab/vikram/slam-project/install/ffmpeg_image_transport_msgs/local/lib/python3.10/dist-packages/ffmpeg_image_transport_msgs/ffmpeg_image_transport_msgs_s__rosidl_typesupport_fastrtps_c.cpython-310-x86_64-linux-gnu.so
-- Set runtime path of "/home/dronelab/vikram/slam-project/install/ffmpeg_image_transport_msgs/local/lib/python3.10/dist-packages/ffmpeg_image_transport_msgs/ffmpeg_image_transport_msgs_s__rosidl_typesupport_fastrtps_c.cpython-310-x86_64-linux-gnu.so" to ""
-- Installing: /home/dronelab/vikram/slam-project/install/ffmpeg_image_transport_msgs/local/lib/python3.10/dist-packages/ffmpeg_image_transport_msgs/ffmpeg_image_transport_msgs_s__rosidl_typesupport_introspection_c.cpython-310-x86_64-linux-gnu.so
-- Set runtime path of "/home/dronelab/vikram/slam-project/install/ffmpeg_image_transport_msgs/local/lib/python3.10/dist-packages/ffmpeg_image_transport_msgs/ffmpeg_image_transport_msgs_s__rosidl_typesupport_introspection_c.cpython-310-x86_64-linux-gnu.so" to ""
-- Installing: /home/dronelab/vikram/slam-project/install/ffmpeg_image_transport_msgs/local/lib/python3.10/dist-packages/ffmpeg_image_transport_msgs/ffmpeg_image_transport_msgs_s__rosidl_typesupport_c.cpython-310-x86_64-linux-gnu.so
-- Set runtime path of "/home/dronelab/vikram/slam-project/install/ffmpeg_image_transport_msgs/local/lib/python3.10/dist-packages/ffmpeg_image_transport_msgs/ffmpeg_image_transport_msgs_s__rosidl_typesupport_c.cpython-310-x86_64-linux-gnu.so" to ""
-- Installing: /home/dronelab/vikram/slam-project/install/ffmpeg_image_transport_msgs/lib/libffmpeg_image_transport_msgs__rosidl_generator_py.so
-- Set runtime path of "/home/dronelab/vikram/slam-project/install/ffmpeg_image_transport_msgs/lib/libffmpeg_image_transport_msgs__rosidl_generator_py.so" to ""
-- Installing: /home/dronelab/vikram/slam-project/install/ffmpeg_image_transport_msgs/share/ffmpeg_image_transport_msgs/msg/FFMPEGPacket.idl
-- Installing: /home/dronelab/vikram/slam-project/install/ffmpeg_image_transport_msgs/share/ffmpeg_image_transport_msgs/msg/FFMPEGPacket.msg
-- Installing: /home/dronelab/vikram/slam-project/install/ffmpeg_image_transport_msgs/share/ament_index/resource_index/package_run_dependencies/ffmpeg_image_transport_msgs
-- Installing: /home/dronelab/vikram/slam-project/install/ffmpeg_image_transport_msgs/share/ament_index/resource_index/parent_prefix_path/ffmpeg_image_transport_msgs
-- Installing: /home/dronelab/vikram/slam-project/install/ffmpeg_image_transport_msgs/share/ffmpeg_image_transport_msgs/environment/ament_prefix_path.sh
-- Installing: /home/dronelab/vikram/slam-project/install/ffmpeg_image_transport_msgs/share/ffmpeg_image_transport_msgs/environment/ament_prefix_path.dsv
-- Installing: /home/dronelab/vikram/slam-project/install/ffmpeg_image_transport_msgs/share/ffmpeg_image_transport_msgs/environment/path.sh
-- Installing: /home/dronelab/vikram/slam-project/install/ffmpeg_image_transport_msgs/share/ffmpeg_image_transport_msgs/environment/path.dsv
-- Installing: /home/dronelab/vikram/slam-project/install/ffmpeg_image_transport_msgs/share/ffmpeg_image_transport_msgs/local_setup.bash
-- Installing: /home/dronelab/vikram/slam-project/install/ffmpeg_image_transport_msgs/share/ffmpeg_image_transport_msgs/local_setup.sh
-- Installing: /home/dronelab/vikram/slam-project/install/ffmpeg_image_transport_msgs/share/ffmpeg_image_transport_msgs/local_setup.zsh
-- Installing: /home/dronelab/vikram/slam-project/install/ffmpeg_image_transport_msgs/share/ffmpeg_image_transport_msgs/local_setup.dsv
-- Installing: /home/dronelab/vikram/slam-project/install/ffmpeg_image_transport_msgs/share/ffmpeg_image_transport_msgs/package.dsv
-- Installing: /home/dronelab/vikram/slam-project/install/ffmpeg_image_transport_msgs/share/ament_index/resource_index/packages/ffmpeg_image_transport_msgs
-- Installing: /home/dronelab/vikram/slam-project/install/ffmpeg_image_transport_msgs/share/ffmpeg_image_transport_msgs/cmake/export_ffmpeg_image_transport_msgs__rosidl_generator_cExport.cmake
-- Installing: /home/dronelab/vikram/slam-project/install/ffmpeg_image_transport_msgs/share/ffmpeg_image_transport_msgs/cmake/export_ffmpeg_image_transport_msgs__rosidl_generator_cExport-noconfig.cmake
-- Installing: /home/dronelab/vikram/slam-project/install/ffmpeg_image_transport_msgs/share/ffmpeg_image_transport_msgs/cmake/export_ffmpeg_image_transport_msgs__rosidl_typesupport_fastrtps_cExport.cmake
-- Installing: /home/dronelab/vikram/slam-project/install/ffmpeg_image_transport_msgs/share/ffmpeg_image_transport_msgs/cmake/export_ffmpeg_image_transport_msgs__rosidl_typesupport_fastrtps_cExport-noconfig.cmake
-- Installing: /home/dronelab/vikram/slam-project/install/ffmpeg_image_transport_msgs/share/ffmpeg_image_transport_msgs/cmake/export_ffmpeg_image_transport_msgs__rosidl_generator_cppExport.cmake
-- Installing: /home/dronelab/vikram/slam-project/install/ffmpeg_image_transport_msgs/share/ffmpeg_image_transport_msgs/cmake/export_ffmpeg_image_transport_msgs__rosidl_typesupport_fastrtps_cppExport.cmake
-- Installing: /home/dronelab/vikram/slam-project/install/ffmpeg_image_transport_msgs/share/ffmpeg_image_transport_msgs/cmake/export_ffmpeg_image_transport_msgs__rosidl_typesupport_fastrtps_cppExport-noconfig.cmake
-- Installing: /home/dronelab/vikram/slam-project/install/ffmpeg_image_transport_msgs/share/ffmpeg_image_transport_msgs/cmake/ffmpeg_image_transport_msgs__rosidl_typesupport_introspection_cExport.cmake
-- Installing: /home/dronelab/vikram/slam-project/install/ffmpeg_image_transport_msgs/share/ffmpeg_image_transport_msgs/cmake/ffmpeg_image_transport_msgs__rosidl_typesupport_introspection_cExport-noconfig.cmake
-- Installing: /home/dronelab/vikram/slam-project/install/ffmpeg_image_transport_msgs/share/ffmpeg_image_transport_msgs/cmake/ffmpeg_image_transport_msgs__rosidl_typesupport_cExport.cmake
-- Installing: /home/dronelab/vikram/slam-project/install/ffmpeg_image_transport_msgs/share/ffmpeg_image_transport_msgs/cmake/ffmpeg_image_transport_msgs__rosidl_typesupport_cExport-noconfig.cmake
-- Installing: /home/dronelab/vikram/slam-project/install/ffmpeg_image_transport_msgs/share/ffmpeg_image_transport_msgs/cmake/ffmpeg_image_transport_msgs__rosidl_typesupport_introspection_cppExport.cmake
-- Installing: /home/dronelab/vikram/slam-project/install/ffmpeg_image_transport_msgs/share/ffmpeg_image_transport_msgs/cmake/ffmpeg_image_transport_msgs__rosidl_typesupport_introspection_cppExport-noconfig.cmake
-- Installing: /home/dronelab/vikram/slam-project/install/ffmpeg_image_transport_msgs/share/ffmpeg_image_transport_msgs/cmake/ffmpeg_image_transport_msgs__rosidl_typesupport_cppExport.cmake
-- Installing: /home/dronelab/vikram/slam-project/install/ffmpeg_image_transport_msgs/share/ffmpeg_image_transport_msgs/cmake/ffmpeg_image_transport_msgs__rosidl_typesupport_cppExport-noconfig.cmake
-- Installing: /home/dronelab/vikram/slam-project/install/ffmpeg_image_transport_msgs/share/ffmpeg_image_transport_msgs/cmake/export_ffmpeg_image_transport_msgs__rosidl_generator_pyExport.cmake
-- Installing: /home/dronelab/vikram/slam-project/install/ffmpeg_image_transport_msgs/share/ffmpeg_image_transport_msgs/cmake/export_ffmpeg_image_transport_msgs__rosidl_generator_pyExport-noconfig.cmake
-- Installing: /home/dronelab/vikram/slam-project/install/ffmpeg_image_transport_msgs/share/ffmpeg_image_transport_msgs/cmake/rosidl_cmake-extras.cmake
-- Installing: /home/dronelab/vikram/slam-project/install/ffmpeg_image_transport_msgs/share/ffmpeg_image_transport_msgs/cmake/ament_cmake_export_dependencies-extras.cmake
-- Installing: /home/dronelab/vikram/slam-project/install/ffmpeg_image_transport_msgs/share/ffmpeg_image_transport_msgs/cmake/ament_cmake_export_include_directories-extras.cmake
-- Installing: /home/dronelab/vikram/slam-project/install/ffmpeg_image_transport_msgs/share/ffmpeg_image_transport_msgs/cmake/ament_cmake_export_libraries-extras.cmake
-- Installing: /home/dronelab/vikram/slam-project/install/ffmpeg_image_transport_msgs/share/ffmpeg_image_transport_msgs/cmake/ament_cmake_export_targets-extras.cmake
-- Installing: /home/dronelab/vikram/slam-project/install/ffmpeg_image_transport_msgs/share/ffmpeg_image_transport_msgs/cmake/rosidl_cmake_export_typesupport_targets-extras.cmake
-- Installing: /home/dronelab/vikram/slam-project/install/ffmpeg_image_transport_msgs/share/ffmpeg_image_transport_msgs/cmake/rosidl_cmake_export_typesupport_libraries-extras.cmake
-- Installing: /home/dronelab/vikram/slam-project/install/ffmpeg_image_transport_msgs/share/ffmpeg_image_transport_msgs/cmake/ffmpeg_image_transport_msgsConfig.cmake
-- Installing: /home/dronelab/vikram/slam-project/install/ffmpeg_image_transport_msgs/share/ffmpeg_image_transport_msgs/cmake/ffmpeg_image_transport_msgsConfig-version.cmake
-- Installing: /home/dronelab/vikram/slam-project/install/ffmpeg_image_transport_msgs/share/ffmpeg_image_transport_msgs/package.xml
