-- The C compiler identification is GNU 11.4.0
-- The CXX compiler identification is GNU 11.4.0
-- Detecting C compiler ABI info
-- Detecting C compiler ABI info - done
-- Check for working C compiler: /usr/bin/cc - skipped
-- Detecting C compile features
-- Detecting C compile features - done
-- Detecting CXX compiler ABI info
-- Detecting CXX compiler ABI info - done
-- Check for working CXX compiler: /usr/bin/c++ - skipped
-- Detecting CXX compile features
-- Detecting CXX compile features - done
-- Found ament_cmake: 1.3.9 (/opt/ros/humble/share/ament_cmake/cmake)
-- Found Python3: /usr/bin/python3 (found version "3.10.12") found components: Interpreter 
-- Found libdw: /usr/lib/x86_64-linux-gnu/libdw.so  
-- Could NOT find libbfd (missing: LIBBFD_LIBRARY LIBBFD_INCLUDE_DIR) 
-- BACKWARD_HAS_UNWIND=1
-- BACKWARD_HAS_BACKTRACE=0
-- BACKWARD_HAS_BACKTRACE_SYMBOL=0
-- BACKWARD_HAS_DW=1
-- BACKWARD_HAS_BFD=0
-- Found Backward: /home/dronelab/vikram/slam-project/src/ros2-humble-backward-ros/cmake  
-- Configuring done
-- Generating done
-- Build files have been written to: /home/dronelab/vikram/slam-project/build/backward_ros
[ 33%] [32mBuilding CXX object CMakeFiles/backward.dir/src/backward.cpp.o[0m
[ 66%] [32mBuilding CXX object CMakeFiles/backward_object.dir/src/backward.cpp.o[0m
[ 66%] Built target backward_object
[100%] [32m[1mLinking CXX shared library libbackward.so[0m
[100%] Built target backward
