[0.009s] Invoking command in '/home/dronelab/vikram/slam-project/build/backward_ros': CMAKE_PREFIX_PATH=/opt/ros/humble /usr/bin/cmake /home/dronelab/vikram/slam-project/src/ros2-humble-backward-ros -DCMAKE_INSTALL_PREFIX=/home/dronelab/vikram/slam-project/install/backward_ros
[0.049s] -- The C compiler identification is GNU 11.4.0
[0.094s] -- The CXX compiler identification is GNU 11.4.0
[0.101s] -- Detecting C compiler ABI info
[0.156s] -- Detecting C compiler ABI info - done
[0.164s] -- Check for working C compiler: /usr/bin/cc - skipped
[0.164s] -- Detecting C compile features
[0.164s] -- Detecting C compile features - done
[0.167s] -- Detecting CXX compiler ABI info
[0.226s] -- Detecting CXX compiler ABI info - done
[0.232s] -- Check for working CXX compiler: /usr/bin/c++ - skipped
[0.232s] -- Detecting CXX compile features
[0.233s] -- Detecting CXX compile features - done
[0.234s] -- Found ament_cmake: 1.3.9 (/opt/ros/humble/share/ament_cmake/cmake)
[0.336s] -- Found Python3: /usr/bin/python3 (found version "3.10.12") found components: Interpreter 
[0.402s] -- Found libdw: /usr/lib/x86_64-linux-gnu/libdw.so  
[0.406s] -- Could NOT find libbfd (missing: LIBBFD_LIBRARY LIBBFD_INCLUDE_DIR) 
[0.406s] -- BACKWARD_HAS_UNWIND=1
[0.406s] -- BACKWARD_HAS_BACKTRACE=0
[0.406s] -- BACKWARD_HAS_BACKTRACE_SYMBOL=0
[0.406s] -- BACKWARD_HAS_DW=1
[0.406s] -- BACKWARD_HAS_BFD=0
[0.407s] -- Found Backward: /home/dronelab/vikram/slam-project/src/ros2-humble-backward-ros/cmake  
[0.447s] -- Configuring done
[0.450s] -- Generating done
[0.450s] -- Build files have been written to: /home/dronelab/vikram/slam-project/build/backward_ros
[0.456s] Invoked command in '/home/dronelab/vikram/slam-project/build/backward_ros' returned '0': CMAKE_PREFIX_PATH=/opt/ros/humble /usr/bin/cmake /home/dronelab/vikram/slam-project/src/ros2-humble-backward-ros -DCMAKE_INSTALL_PREFIX=/home/dronelab/vikram/slam-project/install/backward_ros
[0.457s] Invoking command in '/home/dronelab/vikram/slam-project/build/backward_ros': CMAKE_PREFIX_PATH=/opt/ros/humble /usr/bin/cmake --build /home/dronelab/vikram/slam-project/build/backward_ros -- -j32 -l32
[0.486s] [ 33%] [32mBuilding CXX object CMakeFiles/backward.dir/src/backward.cpp.o[0m
[0.487s] [ 66%] [32mBuilding CXX object CMakeFiles/backward_object.dir/src/backward.cpp.o[0m
[1.116s] [ 66%] Built target backward_object
[1.239s] [100%] [32m[1mLinking CXX shared library libbackward.so[0m
[1.334s] [100%] Built target backward
