[0.074s] DEBUG:colcon:Command line arguments: ['/usr/bin/colcon', 'build', '--packages-select', 'ffmpeg_image_transport_msgs']
[0.074s] DEBUG:colcon:Parsed command line arguments: Namespace(log_base=None, log_level=None, verb_name='build', build_base='build', install_base='install', merge_install=False, symlink_install=False, test_result_base=None, continue_on_error=False, executor='parallel', parallel_workers=32, event_handlers=None, ignore_user_meta=False, metas=['./colcon.meta'], base_paths=['.'], packages_ignore=None, packages_ignore_regex=None, paths=None, packages_up_to=None, packages_up_to_regex=None, packages_above=None, packages_above_and_dependencies=None, packages_above_depth=None, packages_select_by_dep=None, packages_skip_by_dep=None, packages_skip_up_to=None, packages_select_build_failed=False, packages_skip_build_finished=False, packages_select_test_failures=False, packages_skip_test_passed=False, packages_select=['ffmpeg_image_transport_msgs'], packages_skip=None, packages_select_regex=None, packages_skip_regex=None, packages_start=None, packages_end=None, allow_overriding=[], cmake_args=None, cmake_target=None, cmake_target_skip_unavailable=False, cmake_clean_cache=False, cmake_clean_first=False, cmake_force_configure=False, ament_cmake_args=None, catkin_cmake_args=None, catkin_skip_building_tests=False, mixin_files=None, mixin=None, verb_parser=<colcon_mixin.mixin.mixin_argument.MixinArgumentDecorator object at 0x7ae18842cfd0>, verb_extension=<colcon_core.verb.build.BuildVerb object at 0x7ae18842ca60>, main=<bound method BuildVerb.main of <colcon_core.verb.build.BuildVerb object at 0x7ae18842ca60>>, mixin_verb=('build',))
[0.164s] Level 1:colcon.colcon_core.package_discovery:discover_packages(colcon_meta) check parameters
[0.164s] Level 1:colcon.colcon_core.package_discovery:discover_packages(recursive) check parameters
[0.164s] Level 1:colcon.colcon_core.package_discovery:discover_packages(ignore) check parameters
[0.164s] Level 1:colcon.colcon_core.package_discovery:discover_packages(path) check parameters
[0.164s] Level 1:colcon.colcon_core.package_discovery:discover_packages(colcon_meta) discover
[0.164s] Level 1:colcon.colcon_core.package_discovery:discover_packages(recursive) discover
[0.164s] INFO:colcon.colcon_core.package_discovery:Crawling recursively for packages in '/home/dronelab/vikram/slam-project'
[0.165s] Level 1:colcon.colcon_core.package_identification:_identify(.) by extensions ['ignore', 'ignore_ament_install']
[0.165s] Level 1:colcon.colcon_core.package_identification:_identify(.) by extension 'ignore'
[0.165s] Level 1:colcon.colcon_core.package_identification:_identify(.) by extension 'ignore_ament_install'
[0.165s] Level 1:colcon.colcon_core.package_identification:_identify(.) by extensions ['colcon_pkg']
[0.165s] Level 1:colcon.colcon_core.package_identification:_identify(.) by extension 'colcon_pkg'
[0.165s] Level 1:colcon.colcon_core.package_identification:_identify(.) by extensions ['colcon_meta']
[0.165s] Level 1:colcon.colcon_core.package_identification:_identify(.) by extension 'colcon_meta'
[0.165s] Level 1:colcon.colcon_core.package_identification:_identify(.) by extensions ['ros']
[0.165s] Level 1:colcon.colcon_core.package_identification:_identify(.) by extension 'ros'
[0.177s] Level 1:colcon.colcon_core.package_identification:_identify(.) by extensions ['cmake', 'python']
[0.177s] Level 1:colcon.colcon_core.package_identification:_identify(.) by extension 'cmake'
[0.177s] Level 1:colcon.colcon_core.package_identification:_identify(.) by extension 'python'
[0.177s] Level 1:colcon.colcon_core.package_identification:_identify(.) by extensions ['python_setup_py']
[0.177s] Level 1:colcon.colcon_core.package_identification:_identify(.) by extension 'python_setup_py'
[0.177s] Level 1:colcon.colcon_core.package_identification:_identify(build) by extensions ['ignore', 'ignore_ament_install']
[0.177s] Level 1:colcon.colcon_core.package_identification:_identify(build) by extension 'ignore'
[0.177s] Level 1:colcon.colcon_core.package_identification:_identify(build) ignored
[0.177s] Level 1:colcon.colcon_core.package_identification:_identify(depthai-ros) by extensions ['ignore', 'ignore_ament_install']
[0.177s] Level 1:colcon.colcon_core.package_identification:_identify(depthai-ros) by extension 'ignore'
[0.177s] Level 1:colcon.colcon_core.package_identification:_identify(depthai-ros) by extension 'ignore_ament_install'
[0.177s] Level 1:colcon.colcon_core.package_identification:_identify(depthai-ros) by extensions ['colcon_pkg']
[0.177s] Level 1:colcon.colcon_core.package_identification:_identify(depthai-ros) by extension 'colcon_pkg'
[0.177s] Level 1:colcon.colcon_core.package_identification:_identify(depthai-ros) by extensions ['colcon_meta']
[0.177s] Level 1:colcon.colcon_core.package_identification:_identify(depthai-ros) by extension 'colcon_meta'
[0.177s] Level 1:colcon.colcon_core.package_identification:_identify(depthai-ros) by extensions ['ros']
[0.177s] Level 1:colcon.colcon_core.package_identification:_identify(depthai-ros) by extension 'ros'
[0.177s] Level 1:colcon.colcon_core.package_identification:_identify(depthai-ros) by extensions ['cmake', 'python']
[0.177s] Level 1:colcon.colcon_core.package_identification:_identify(depthai-ros) by extension 'cmake'
[0.177s] Level 1:colcon.colcon_core.package_identification:_identify(depthai-ros) by extension 'python'
[0.177s] Level 1:colcon.colcon_core.package_identification:_identify(depthai-ros) by extensions ['python_setup_py']
[0.177s] Level 1:colcon.colcon_core.package_identification:_identify(depthai-ros) by extension 'python_setup_py'
[0.178s] Level 1:colcon.colcon_core.package_identification:_identify(install) by extensions ['ignore', 'ignore_ament_install']
[0.178s] Level 1:colcon.colcon_core.package_identification:_identify(install) by extension 'ignore'
[0.178s] Level 1:colcon.colcon_core.package_identification:_identify(install) ignored
[0.178s] Level 1:colcon.colcon_core.package_identification:_identify(log) by extensions ['ignore', 'ignore_ament_install']
[0.178s] Level 1:colcon.colcon_core.package_identification:_identify(log) by extension 'ignore'
[0.178s] Level 1:colcon.colcon_core.package_identification:_identify(log) ignored
[0.178s] Level 1:colcon.colcon_core.package_identification:_identify(src) by extensions ['ignore', 'ignore_ament_install']
[0.178s] Level 1:colcon.colcon_core.package_identification:_identify(src) by extension 'ignore'
[0.178s] Level 1:colcon.colcon_core.package_identification:_identify(src) by extension 'ignore_ament_install'
[0.178s] Level 1:colcon.colcon_core.package_identification:_identify(src) by extensions ['colcon_pkg']
[0.178s] Level 1:colcon.colcon_core.package_identification:_identify(src) by extension 'colcon_pkg'
[0.178s] Level 1:colcon.colcon_core.package_identification:_identify(src) by extensions ['colcon_meta']
[0.178s] Level 1:colcon.colcon_core.package_identification:_identify(src) by extension 'colcon_meta'
[0.178s] Level 1:colcon.colcon_core.package_identification:_identify(src) by extensions ['ros']
[0.178s] Level 1:colcon.colcon_core.package_identification:_identify(src) by extension 'ros'
[0.178s] Level 1:colcon.colcon_core.package_identification:_identify(src) by extensions ['cmake', 'python']
[0.178s] Level 1:colcon.colcon_core.package_identification:_identify(src) by extension 'cmake'
[0.178s] Level 1:colcon.colcon_core.package_identification:_identify(src) by extension 'python'
[0.178s] Level 1:colcon.colcon_core.package_identification:_identify(src) by extensions ['python_setup_py']
[0.178s] Level 1:colcon.colcon_core.package_identification:_identify(src) by extension 'python_setup_py'
[0.178s] Level 1:colcon.colcon_core.package_identification:_identify(src/build) by extensions ['ignore', 'ignore_ament_install']
[0.178s] Level 1:colcon.colcon_core.package_identification:_identify(src/build) by extension 'ignore'
[0.178s] Level 1:colcon.colcon_core.package_identification:_identify(src/build) ignored
[0.178s] Level 1:colcon.colcon_core.package_identification:_identify(src/depthai-ros) by extensions ['ignore', 'ignore_ament_install']
[0.178s] Level 1:colcon.colcon_core.package_identification:_identify(src/depthai-ros) by extension 'ignore'
[0.178s] Level 1:colcon.colcon_core.package_identification:_identify(src/depthai-ros) by extension 'ignore_ament_install'
[0.178s] Level 1:colcon.colcon_core.package_identification:_identify(src/depthai-ros) by extensions ['colcon_pkg']
[0.178s] Level 1:colcon.colcon_core.package_identification:_identify(src/depthai-ros) by extension 'colcon_pkg'
[0.178s] Level 1:colcon.colcon_core.package_identification:_identify(src/depthai-ros) by extensions ['colcon_meta']
[0.178s] Level 1:colcon.colcon_core.package_identification:_identify(src/depthai-ros) by extension 'colcon_meta'
[0.178s] Level 1:colcon.colcon_core.package_identification:_identify(src/depthai-ros) by extensions ['ros']
[0.178s] Level 1:colcon.colcon_core.package_identification:_identify(src/depthai-ros) by extension 'ros'
[0.180s] DEBUG:colcon.colcon_core.package_identification:Package 'src/depthai-ros' with type 'ros.ament_cmake' and name 'depthai-ros'
[0.180s] Level 1:colcon.colcon_core.package_identification:_identify(src/depthai_bridge) by extensions ['ignore', 'ignore_ament_install']
[0.180s] Level 1:colcon.colcon_core.package_identification:_identify(src/depthai_bridge) by extension 'ignore'
[0.180s] Level 1:colcon.colcon_core.package_identification:_identify(src/depthai_bridge) by extension 'ignore_ament_install'
[0.180s] Level 1:colcon.colcon_core.package_identification:_identify(src/depthai_bridge) by extensions ['colcon_pkg']
[0.180s] Level 1:colcon.colcon_core.package_identification:_identify(src/depthai_bridge) by extension 'colcon_pkg'
[0.180s] Level 1:colcon.colcon_core.package_identification:_identify(src/depthai_bridge) by extensions ['colcon_meta']
[0.180s] Level 1:colcon.colcon_core.package_identification:_identify(src/depthai_bridge) by extension 'colcon_meta'
[0.180s] Level 1:colcon.colcon_core.package_identification:_identify(src/depthai_bridge) by extensions ['ros']
[0.180s] Level 1:colcon.colcon_core.package_identification:_identify(src/depthai_bridge) by extension 'ros'
[0.182s] DEBUG:colcon.colcon_core.package_identification:Package 'src/depthai_bridge' with type 'ros.ament_cmake' and name 'depthai_bridge'
[0.182s] Level 1:colcon.colcon_core.package_identification:_identify(src/depthai_descriptions) by extensions ['ignore', 'ignore_ament_install']
[0.182s] Level 1:colcon.colcon_core.package_identification:_identify(src/depthai_descriptions) by extension 'ignore'
[0.182s] Level 1:colcon.colcon_core.package_identification:_identify(src/depthai_descriptions) by extension 'ignore_ament_install'
[0.182s] Level 1:colcon.colcon_core.package_identification:_identify(src/depthai_descriptions) by extensions ['colcon_pkg']
[0.182s] Level 1:colcon.colcon_core.package_identification:_identify(src/depthai_descriptions) by extension 'colcon_pkg'
[0.182s] Level 1:colcon.colcon_core.package_identification:_identify(src/depthai_descriptions) by extensions ['colcon_meta']
[0.182s] Level 1:colcon.colcon_core.package_identification:_identify(src/depthai_descriptions) by extension 'colcon_meta'
[0.182s] Level 1:colcon.colcon_core.package_identification:_identify(src/depthai_descriptions) by extensions ['ros']
[0.182s] Level 1:colcon.colcon_core.package_identification:_identify(src/depthai_descriptions) by extension 'ros'
[0.182s] DEBUG:colcon.colcon_core.package_identification:Package 'src/depthai_descriptions' with type 'ros.ament_cmake' and name 'depthai_descriptions'
[0.182s] Level 1:colcon.colcon_core.package_identification:_identify(src/depthai_examples) by extensions ['ignore', 'ignore_ament_install']
[0.182s] Level 1:colcon.colcon_core.package_identification:_identify(src/depthai_examples) by extension 'ignore'
[0.182s] Level 1:colcon.colcon_core.package_identification:_identify(src/depthai_examples) by extension 'ignore_ament_install'
[0.182s] Level 1:colcon.colcon_core.package_identification:_identify(src/depthai_examples) by extensions ['colcon_pkg']
[0.182s] Level 1:colcon.colcon_core.package_identification:_identify(src/depthai_examples) by extension 'colcon_pkg'
[0.182s] Level 1:colcon.colcon_core.package_identification:_identify(src/depthai_examples) by extensions ['colcon_meta']
[0.182s] Level 1:colcon.colcon_core.package_identification:_identify(src/depthai_examples) by extension 'colcon_meta'
[0.182s] Level 1:colcon.colcon_core.package_identification:_identify(src/depthai_examples) by extensions ['ros']
[0.182s] Level 1:colcon.colcon_core.package_identification:_identify(src/depthai_examples) by extension 'ros'
[0.183s] DEBUG:colcon.colcon_core.package_identification:Package 'src/depthai_examples' with type 'ros.ament_cmake' and name 'depthai_examples'
[0.184s] Level 1:colcon.colcon_core.package_identification:_identify(src/depthai_filters) by extensions ['ignore', 'ignore_ament_install']
[0.184s] Level 1:colcon.colcon_core.package_identification:_identify(src/depthai_filters) by extension 'ignore'
[0.184s] Level 1:colcon.colcon_core.package_identification:_identify(src/depthai_filters) by extension 'ignore_ament_install'
[0.184s] Level 1:colcon.colcon_core.package_identification:_identify(src/depthai_filters) by extensions ['colcon_pkg']
[0.184s] Level 1:colcon.colcon_core.package_identification:_identify(src/depthai_filters) by extension 'colcon_pkg'
[0.184s] Level 1:colcon.colcon_core.package_identification:_identify(src/depthai_filters) by extensions ['colcon_meta']
[0.184s] Level 1:colcon.colcon_core.package_identification:_identify(src/depthai_filters) by extension 'colcon_meta'
[0.184s] Level 1:colcon.colcon_core.package_identification:_identify(src/depthai_filters) by extensions ['ros']
[0.184s] Level 1:colcon.colcon_core.package_identification:_identify(src/depthai_filters) by extension 'ros'
[0.184s] DEBUG:colcon.colcon_core.package_identification:Package 'src/depthai_filters' with type 'ros.ament_cmake' and name 'depthai_filters'
[0.184s] Level 1:colcon.colcon_core.package_identification:_identify(src/depthai_ros_driver) by extensions ['ignore', 'ignore_ament_install']
[0.184s] Level 1:colcon.colcon_core.package_identification:_identify(src/depthai_ros_driver) by extension 'ignore'
[0.184s] Level 1:colcon.colcon_core.package_identification:_identify(src/depthai_ros_driver) by extension 'ignore_ament_install'
[0.184s] Level 1:colcon.colcon_core.package_identification:_identify(src/depthai_ros_driver) by extensions ['colcon_pkg']
[0.185s] Level 1:colcon.colcon_core.package_identification:_identify(src/depthai_ros_driver) by extension 'colcon_pkg'
[0.185s] Level 1:colcon.colcon_core.package_identification:_identify(src/depthai_ros_driver) by extensions ['colcon_meta']
[0.185s] Level 1:colcon.colcon_core.package_identification:_identify(src/depthai_ros_driver) by extension 'colcon_meta'
[0.185s] Level 1:colcon.colcon_core.package_identification:_identify(src/depthai_ros_driver) by extensions ['ros']
[0.185s] Level 1:colcon.colcon_core.package_identification:_identify(src/depthai_ros_driver) by extension 'ros'
[0.186s] DEBUG:colcon.colcon_core.package_identification:Package 'src/depthai_ros_driver' with type 'ros.ament_cmake' and name 'depthai_ros_driver'
[0.186s] Level 1:colcon.colcon_core.package_identification:_identify(src/depthai_ros_msgs) by extensions ['ignore', 'ignore_ament_install']
[0.186s] Level 1:colcon.colcon_core.package_identification:_identify(src/depthai_ros_msgs) by extension 'ignore'
[0.186s] Level 1:colcon.colcon_core.package_identification:_identify(src/depthai_ros_msgs) by extension 'ignore_ament_install'
[0.186s] Level 1:colcon.colcon_core.package_identification:_identify(src/depthai_ros_msgs) by extensions ['colcon_pkg']
[0.186s] Level 1:colcon.colcon_core.package_identification:_identify(src/depthai_ros_msgs) by extension 'colcon_pkg'
[0.186s] Level 1:colcon.colcon_core.package_identification:_identify(src/depthai_ros_msgs) by extensions ['colcon_meta']
[0.186s] Level 1:colcon.colcon_core.package_identification:_identify(src/depthai_ros_msgs) by extension 'colcon_meta'
[0.186s] Level 1:colcon.colcon_core.package_identification:_identify(src/depthai_ros_msgs) by extensions ['ros']
[0.186s] Level 1:colcon.colcon_core.package_identification:_identify(src/depthai_ros_msgs) by extension 'ros'
[0.187s] DEBUG:colcon.colcon_core.package_identification:Package 'src/depthai_ros_msgs' with type 'ros.ament_cmake' and name 'depthai_ros_msgs'
[0.187s] Level 1:colcon.colcon_core.package_identification:_identify(src/ffmpeg_image_transport_msgs) by extensions ['ignore', 'ignore_ament_install']
[0.187s] Level 1:colcon.colcon_core.package_identification:_identify(src/ffmpeg_image_transport_msgs) by extension 'ignore'
[0.187s] Level 1:colcon.colcon_core.package_identification:_identify(src/ffmpeg_image_transport_msgs) by extension 'ignore_ament_install'
[0.187s] Level 1:colcon.colcon_core.package_identification:_identify(src/ffmpeg_image_transport_msgs) by extensions ['colcon_pkg']
[0.187s] Level 1:colcon.colcon_core.package_identification:_identify(src/ffmpeg_image_transport_msgs) by extension 'colcon_pkg'
[0.187s] Level 1:colcon.colcon_core.package_identification:_identify(src/ffmpeg_image_transport_msgs) by extensions ['colcon_meta']
[0.187s] Level 1:colcon.colcon_core.package_identification:_identify(src/ffmpeg_image_transport_msgs) by extension 'colcon_meta'
[0.187s] Level 1:colcon.colcon_core.package_identification:_identify(src/ffmpeg_image_transport_msgs) by extensions ['ros']
[0.187s] Level 1:colcon.colcon_core.package_identification:_identify(src/ffmpeg_image_transport_msgs) by extension 'ros'
[0.187s] DEBUG:colcon.colcon_core.package_identification:Package 'src/ffmpeg_image_transport_msgs' with type 'ros.ament_cmake' and name 'ffmpeg_image_transport_msgs'
[0.187s] Level 1:colcon.colcon_core.package_identification:_identify(src/install) by extensions ['ignore', 'ignore_ament_install']
[0.187s] Level 1:colcon.colcon_core.package_identification:_identify(src/install) by extension 'ignore'
[0.187s] Level 1:colcon.colcon_core.package_identification:_identify(src/install) ignored
[0.187s] Level 1:colcon.colcon_core.package_identification:_identify(src/log) by extensions ['ignore', 'ignore_ament_install']
[0.188s] Level 1:colcon.colcon_core.package_identification:_identify(src/log) by extension 'ignore'
[0.188s] Level 1:colcon.colcon_core.package_identification:_identify(src/log) ignored
[0.188s] Level 1:colcon.colcon_core.package_identification:_identify(src/ros2-humble-backward-ros) by extensions ['ignore', 'ignore_ament_install']
[0.188s] Level 1:colcon.colcon_core.package_identification:_identify(src/ros2-humble-backward-ros) by extension 'ignore'
[0.188s] Level 1:colcon.colcon_core.package_identification:_identify(src/ros2-humble-backward-ros) by extension 'ignore_ament_install'
[0.188s] Level 1:colcon.colcon_core.package_identification:_identify(src/ros2-humble-backward-ros) by extensions ['colcon_pkg']
[0.188s] Level 1:colcon.colcon_core.package_identification:_identify(src/ros2-humble-backward-ros) by extension 'colcon_pkg'
[0.188s] Level 1:colcon.colcon_core.package_identification:_identify(src/ros2-humble-backward-ros) by extensions ['colcon_meta']
[0.188s] Level 1:colcon.colcon_core.package_identification:_identify(src/ros2-humble-backward-ros) by extension 'colcon_meta'
[0.188s] Level 1:colcon.colcon_core.package_identification:_identify(src/ros2-humble-backward-ros) by extensions ['ros']
[0.188s] Level 1:colcon.colcon_core.package_identification:_identify(src/ros2-humble-backward-ros) by extension 'ros'
[0.188s] Level 1:colcon.colcon_core.package_identification:_identify(src/ros2-humble-backward-ros) by extensions ['cmake', 'python']
[0.188s] Level 1:colcon.colcon_core.package_identification:_identify(src/ros2-humble-backward-ros) by extension 'cmake'
[0.188s] Level 1:colcon.colcon_core.package_identification:_identify(src/ros2-humble-backward-ros) by extension 'python'
[0.188s] Level 1:colcon.colcon_core.package_identification:_identify(src/ros2-humble-backward-ros) by extensions ['python_setup_py']
[0.188s] Level 1:colcon.colcon_core.package_identification:_identify(src/ros2-humble-backward-ros) by extension 'python_setup_py'
[0.188s] Level 1:colcon.colcon_core.package_discovery:discover_packages(recursive) using defaults
[0.188s] Level 1:colcon.colcon_core.package_discovery:discover_packages(ignore) discover
[0.188s] Level 1:colcon.colcon_core.package_discovery:discover_packages(ignore) using defaults
[0.188s] Level 1:colcon.colcon_core.package_discovery:discover_packages(path) discover
[0.188s] Level 1:colcon.colcon_core.package_discovery:discover_packages(path) using defaults
[0.202s] INFO:colcon.colcon_core.package_selection:Skipping not selected package 'depthai_descriptions' in 'src/depthai_descriptions'
[0.202s] INFO:colcon.colcon_core.package_selection:Skipping not selected package 'depthai_ros_msgs' in 'src/depthai_ros_msgs'
[0.202s] INFO:colcon.colcon_core.package_selection:Skipping not selected package 'depthai_bridge' in 'src/depthai_bridge'
[0.202s] INFO:colcon.colcon_core.package_selection:Skipping not selected package 'depthai_filters' in 'src/depthai_filters'
[0.202s] INFO:colcon.colcon_core.package_selection:Skipping not selected package 'depthai_examples' in 'src/depthai_examples'
[0.202s] INFO:colcon.colcon_core.package_selection:Skipping not selected package 'depthai_ros_driver' in 'src/depthai_ros_driver'
[0.202s] INFO:colcon.colcon_core.package_selection:Skipping not selected package 'depthai-ros' in 'src/depthai-ros'
[0.202s] Level 1:colcon.colcon_core.package_discovery:discover_packages(prefix_path) check parameters
[0.202s] Level 1:colcon.colcon_core.package_discovery:discover_packages(prefix_path) discover
[0.203s] DEBUG:colcon.colcon_installed_package_information.package_discovery:Found 364 installed packages in /opt/ros/humble
[0.204s] Level 1:colcon.colcon_core.package_discovery:discover_packages(prefix_path) using defaults
[0.227s] Level 5:colcon.colcon_core.verb:set package 'ffmpeg_image_transport_msgs' build argument 'cmake_args' from command line to 'None'
[0.227s] Level 5:colcon.colcon_core.verb:set package 'ffmpeg_image_transport_msgs' build argument 'cmake_target' from command line to 'None'
[0.227s] Level 5:colcon.colcon_core.verb:set package 'ffmpeg_image_transport_msgs' build argument 'cmake_target_skip_unavailable' from command line to 'False'
[0.227s] Level 5:colcon.colcon_core.verb:set package 'ffmpeg_image_transport_msgs' build argument 'cmake_clean_cache' from command line to 'False'
[0.228s] Level 5:colcon.colcon_core.verb:set package 'ffmpeg_image_transport_msgs' build argument 'cmake_clean_first' from command line to 'False'
[0.228s] Level 5:colcon.colcon_core.verb:set package 'ffmpeg_image_transport_msgs' build argument 'cmake_force_configure' from command line to 'False'
[0.228s] Level 5:colcon.colcon_core.verb:set package 'ffmpeg_image_transport_msgs' build argument 'ament_cmake_args' from command line to 'None'
[0.228s] Level 5:colcon.colcon_core.verb:set package 'ffmpeg_image_transport_msgs' build argument 'catkin_cmake_args' from command line to 'None'
[0.228s] Level 5:colcon.colcon_core.verb:set package 'ffmpeg_image_transport_msgs' build argument 'catkin_skip_building_tests' from command line to 'False'
[0.228s] DEBUG:colcon.colcon_core.verb:Building package 'ffmpeg_image_transport_msgs' with the following arguments: {'ament_cmake_args': None, 'build_base': '/home/dronelab/vikram/slam-project/build/ffmpeg_image_transport_msgs', 'catkin_cmake_args': None, 'catkin_skip_building_tests': False, 'cmake_args': None, 'cmake_clean_cache': False, 'cmake_clean_first': False, 'cmake_force_configure': False, 'cmake_target': None, 'cmake_target_skip_unavailable': False, 'install_base': '/home/dronelab/vikram/slam-project/install/ffmpeg_image_transport_msgs', 'merge_install': False, 'path': '/home/dronelab/vikram/slam-project/src/ffmpeg_image_transport_msgs', 'symlink_install': False, 'test_result_base': None}
[0.228s] INFO:colcon.colcon_core.executor:Executing jobs using 'parallel' executor
[0.228s] DEBUG:colcon.colcon_parallel_executor.executor.parallel:run_until_complete
[0.229s] INFO:colcon.colcon_ros.task.ament_cmake.build:Building ROS package in '/home/dronelab/vikram/slam-project/src/ffmpeg_image_transport_msgs' with build type 'ament_cmake'
[0.229s] INFO:colcon.colcon_cmake.task.cmake.build:Building CMake package in '/home/dronelab/vikram/slam-project/src/ffmpeg_image_transport_msgs'
[0.230s] INFO:colcon.colcon_core.plugin_system:Skipping extension 'colcon_core.shell.bat': Not used on non-Windows systems
[0.230s] INFO:colcon.colcon_core.shell:Skip shell extension 'powershell' for command environment: Not usable outside of PowerShell
[0.230s] DEBUG:colcon.colcon_core.shell:Skip shell extension 'dsv' for command environment
[0.235s] DEBUG:colcon.colcon_core.event_handler.log_command:Invoking command in '/home/dronelab/vikram/slam-project/build/ffmpeg_image_transport_msgs': CMAKE_PREFIX_PATH=/opt/ros/humble /usr/bin/cmake --build /home/dronelab/vikram/slam-project/build/ffmpeg_image_transport_msgs -- -j32 -l32
[1.533s] DEBUG:colcon.colcon_core.event_handler.log_command:Invoked command in '/home/dronelab/vikram/slam-project/build/ffmpeg_image_transport_msgs' returned '0': CMAKE_PREFIX_PATH=/opt/ros/humble /usr/bin/cmake --build /home/dronelab/vikram/slam-project/build/ffmpeg_image_transport_msgs -- -j32 -l32
[1.622s] DEBUG:colcon.colcon_core.event_handler.log_command:Invoking command in '/home/dronelab/vikram/slam-project/build/ffmpeg_image_transport_msgs': CMAKE_PREFIX_PATH=/opt/ros/humble /usr/bin/cmake --install /home/dronelab/vikram/slam-project/build/ffmpeg_image_transport_msgs
[1.677s] Level 1:colcon.colcon_core.environment:create_environment_scripts_only(ffmpeg_image_transport_msgs)
[1.677s] DEBUG:colcon.colcon_core.event_handler.log_command:Invoked command in '/home/dronelab/vikram/slam-project/build/ffmpeg_image_transport_msgs' returned '0': CMAKE_PREFIX_PATH=/opt/ros/humble /usr/bin/cmake --install /home/dronelab/vikram/slam-project/build/ffmpeg_image_transport_msgs
[1.679s] Level 1:colcon.colcon_core.environment:checking '/home/dronelab/vikram/slam-project/install/ffmpeg_image_transport_msgs' for CMake module files
[1.680s] Level 1:colcon.colcon_core.environment:checking '/home/dronelab/vikram/slam-project/install/ffmpeg_image_transport_msgs' for CMake config files
[1.680s] Level 1:colcon.colcon_core.shell:create_environment_hook('ffmpeg_image_transport_msgs', 'cmake_prefix_path')
[1.680s] INFO:colcon.colcon_core.shell:Creating environment hook '/home/dronelab/vikram/slam-project/install/ffmpeg_image_transport_msgs/share/ffmpeg_image_transport_msgs/hook/cmake_prefix_path.ps1'
[1.681s] INFO:colcon.colcon_core.shell:Creating environment descriptor '/home/dronelab/vikram/slam-project/install/ffmpeg_image_transport_msgs/share/ffmpeg_image_transport_msgs/hook/cmake_prefix_path.dsv'
[1.681s] INFO:colcon.colcon_core.shell:Creating environment hook '/home/dronelab/vikram/slam-project/install/ffmpeg_image_transport_msgs/share/ffmpeg_image_transport_msgs/hook/cmake_prefix_path.sh'
[1.682s] Level 1:colcon.colcon_core.environment:checking '/home/dronelab/vikram/slam-project/install/ffmpeg_image_transport_msgs/lib'
[1.682s] Level 1:colcon.colcon_core.shell:create_environment_hook('ffmpeg_image_transport_msgs', 'ld_library_path_lib')
[1.682s] INFO:colcon.colcon_core.shell:Creating environment hook '/home/dronelab/vikram/slam-project/install/ffmpeg_image_transport_msgs/share/ffmpeg_image_transport_msgs/hook/ld_library_path_lib.ps1'
[1.682s] INFO:colcon.colcon_core.shell:Creating environment descriptor '/home/dronelab/vikram/slam-project/install/ffmpeg_image_transport_msgs/share/ffmpeg_image_transport_msgs/hook/ld_library_path_lib.dsv'
[1.683s] INFO:colcon.colcon_core.shell:Creating environment hook '/home/dronelab/vikram/slam-project/install/ffmpeg_image_transport_msgs/share/ffmpeg_image_transport_msgs/hook/ld_library_path_lib.sh'
[1.683s] Level 1:colcon.colcon_core.environment:checking '/home/dronelab/vikram/slam-project/install/ffmpeg_image_transport_msgs/bin'
[1.683s] Level 1:colcon.colcon_core.environment:checking '/home/dronelab/vikram/slam-project/install/ffmpeg_image_transport_msgs/lib/pkgconfig/ffmpeg_image_transport_msgs.pc'
[1.683s] Level 1:colcon.colcon_core.environment:checking '/home/dronelab/vikram/slam-project/install/ffmpeg_image_transport_msgs/lib/python3.10/site-packages'
[1.683s] Level 1:colcon.colcon_core.environment:checking '/home/dronelab/vikram/slam-project/install/ffmpeg_image_transport_msgs/bin'
[1.684s] INFO:colcon.colcon_core.shell:Creating package script '/home/dronelab/vikram/slam-project/install/ffmpeg_image_transport_msgs/share/ffmpeg_image_transport_msgs/package.ps1'
[1.684s] INFO:colcon.colcon_core.shell:Creating package descriptor '/home/dronelab/vikram/slam-project/install/ffmpeg_image_transport_msgs/share/ffmpeg_image_transport_msgs/package.dsv'
[1.684s] INFO:colcon.colcon_core.shell:Creating package script '/home/dronelab/vikram/slam-project/install/ffmpeg_image_transport_msgs/share/ffmpeg_image_transport_msgs/package.sh'
[1.685s] INFO:colcon.colcon_core.shell:Creating package script '/home/dronelab/vikram/slam-project/install/ffmpeg_image_transport_msgs/share/ffmpeg_image_transport_msgs/package.bash'
[1.685s] INFO:colcon.colcon_core.shell:Creating package script '/home/dronelab/vikram/slam-project/install/ffmpeg_image_transport_msgs/share/ffmpeg_image_transport_msgs/package.zsh'
[1.685s] Level 1:colcon.colcon_core.environment:create_file_with_runtime_dependencies(/home/dronelab/vikram/slam-project/install/ffmpeg_image_transport_msgs/share/colcon-core/packages/ffmpeg_image_transport_msgs)
[1.765s] Level 1:colcon.colcon_core.environment:create_environment_scripts_only(ffmpeg_image_transport_msgs)
[1.766s] Level 1:colcon.colcon_core.environment:checking '/home/dronelab/vikram/slam-project/install/ffmpeg_image_transport_msgs' for CMake module files
[1.767s] Level 1:colcon.colcon_core.environment:checking '/home/dronelab/vikram/slam-project/install/ffmpeg_image_transport_msgs' for CMake config files
[1.767s] Level 1:colcon.colcon_core.shell:create_environment_hook('ffmpeg_image_transport_msgs', 'cmake_prefix_path')
[1.767s] INFO:colcon.colcon_core.shell:Creating environment hook '/home/dronelab/vikram/slam-project/install/ffmpeg_image_transport_msgs/share/ffmpeg_image_transport_msgs/hook/cmake_prefix_path.ps1'
[1.768s] INFO:colcon.colcon_core.shell:Creating environment descriptor '/home/dronelab/vikram/slam-project/install/ffmpeg_image_transport_msgs/share/ffmpeg_image_transport_msgs/hook/cmake_prefix_path.dsv'
[1.768s] INFO:colcon.colcon_core.shell:Creating environment hook '/home/dronelab/vikram/slam-project/install/ffmpeg_image_transport_msgs/share/ffmpeg_image_transport_msgs/hook/cmake_prefix_path.sh'
[1.769s] Level 1:colcon.colcon_core.environment:checking '/home/dronelab/vikram/slam-project/install/ffmpeg_image_transport_msgs/lib'
[1.769s] Level 1:colcon.colcon_core.shell:create_environment_hook('ffmpeg_image_transport_msgs', 'ld_library_path_lib')
[1.770s] INFO:colcon.colcon_core.shell:Creating environment hook '/home/dronelab/vikram/slam-project/install/ffmpeg_image_transport_msgs/share/ffmpeg_image_transport_msgs/hook/ld_library_path_lib.ps1'
[1.770s] INFO:colcon.colcon_core.shell:Creating environment descriptor '/home/dronelab/vikram/slam-project/install/ffmpeg_image_transport_msgs/share/ffmpeg_image_transport_msgs/hook/ld_library_path_lib.dsv'
[1.770s] INFO:colcon.colcon_core.shell:Creating environment hook '/home/dronelab/vikram/slam-project/install/ffmpeg_image_transport_msgs/share/ffmpeg_image_transport_msgs/hook/ld_library_path_lib.sh'
[1.771s] Level 1:colcon.colcon_core.environment:checking '/home/dronelab/vikram/slam-project/install/ffmpeg_image_transport_msgs/bin'
[1.771s] Level 1:colcon.colcon_core.environment:checking '/home/dronelab/vikram/slam-project/install/ffmpeg_image_transport_msgs/lib/pkgconfig/ffmpeg_image_transport_msgs.pc'
[1.771s] Level 1:colcon.colcon_core.environment:checking '/home/dronelab/vikram/slam-project/install/ffmpeg_image_transport_msgs/lib/python3.10/site-packages'
[1.772s] Level 1:colcon.colcon_core.environment:checking '/home/dronelab/vikram/slam-project/install/ffmpeg_image_transport_msgs/bin'
[1.772s] INFO:colcon.colcon_core.shell:Creating package script '/home/dronelab/vikram/slam-project/install/ffmpeg_image_transport_msgs/share/ffmpeg_image_transport_msgs/package.ps1'
[1.773s] INFO:colcon.colcon_core.shell:Creating package descriptor '/home/dronelab/vikram/slam-project/install/ffmpeg_image_transport_msgs/share/ffmpeg_image_transport_msgs/package.dsv'
[1.773s] INFO:colcon.colcon_core.shell:Creating package script '/home/dronelab/vikram/slam-project/install/ffmpeg_image_transport_msgs/share/ffmpeg_image_transport_msgs/package.sh'
[1.774s] INFO:colcon.colcon_core.shell:Creating package script '/home/dronelab/vikram/slam-project/install/ffmpeg_image_transport_msgs/share/ffmpeg_image_transport_msgs/package.bash'
[1.774s] INFO:colcon.colcon_core.shell:Creating package script '/home/dronelab/vikram/slam-project/install/ffmpeg_image_transport_msgs/share/ffmpeg_image_transport_msgs/package.zsh'
[1.775s] Level 1:colcon.colcon_core.environment:create_file_with_runtime_dependencies(/home/dronelab/vikram/slam-project/install/ffmpeg_image_transport_msgs/share/colcon-core/packages/ffmpeg_image_transport_msgs)
[1.775s] DEBUG:colcon.colcon_parallel_executor.executor.parallel:closing loop
[1.775s] DEBUG:colcon.colcon_parallel_executor.executor.parallel:loop closed
[1.776s] DEBUG:colcon.colcon_parallel_executor.executor.parallel:run_until_complete finished with '0'
[1.776s] DEBUG:colcon.colcon_core.event_reactor:joining thread
[1.783s] INFO:colcon.colcon_core.plugin_system:Skipping extension 'colcon_notification.desktop_notification.terminal_notifier': Not used on non-Darwin systems
[1.783s] INFO:colcon.colcon_core.plugin_system:Skipping extension 'colcon_notification.desktop_notification.win32': Not used on non-Windows systems
[1.783s] INFO:colcon.colcon_notification.desktop_notification:Sending desktop notification using 'notify2'
[1.799s] DEBUG:colcon.colcon_core.event_reactor:joined thread
[1.800s] INFO:colcon.colcon_core.shell:Creating prefix script '/home/dronelab/vikram/slam-project/install/local_setup.ps1'
[1.801s] INFO:colcon.colcon_core.shell:Creating prefix util module '/home/dronelab/vikram/slam-project/install/_local_setup_util_ps1.py'
[1.802s] INFO:colcon.colcon_core.shell:Creating prefix chain script '/home/dronelab/vikram/slam-project/install/setup.ps1'
[1.803s] INFO:colcon.colcon_core.shell:Creating prefix script '/home/dronelab/vikram/slam-project/install/local_setup.sh'
[1.803s] INFO:colcon.colcon_core.shell:Creating prefix util module '/home/dronelab/vikram/slam-project/install/_local_setup_util_sh.py'
[1.803s] INFO:colcon.colcon_core.shell:Creating prefix chain script '/home/dronelab/vikram/slam-project/install/setup.sh'
[1.804s] INFO:colcon.colcon_core.shell:Creating prefix script '/home/dronelab/vikram/slam-project/install/local_setup.bash'
[1.804s] INFO:colcon.colcon_core.shell:Creating prefix chain script '/home/dronelab/vikram/slam-project/install/setup.bash'
[1.805s] INFO:colcon.colcon_core.shell:Creating prefix script '/home/dronelab/vikram/slam-project/install/local_setup.zsh'
[1.805s] INFO:colcon.colcon_core.shell:Creating prefix chain script '/home/dronelab/vikram/slam-project/install/setup.zsh'
