[0.007s] Invoking command in '/home/dronelab/vikram/slam-project/build/depthai_ros_msgs': CMAKE_PREFIX_PATH=/opt/ros/humble /usr/bin/cmake /home/dronelab/vikram/slam-project/src/depthai_ros_msgs -DCMAKE_INSTALL_PREFIX=/home/dronelab/vikram/slam-project/install/depthai_ros_msgs
[0.059s] -- The C compiler identification is GNU 11.4.0
[0.121s] -- The CXX compiler identification is GNU 11.4.0
[0.126s] -- Detecting C compiler ABI info
[0.191s] -- Detecting C compiler ABI info - done
[0.197s] -- Check for working C compiler: /usr/bin/cc - skipped
[0.198s] -- Detecting C compile features
[0.198s] -- Detecting C compile features - done
[0.201s] -- Detecting CXX compiler ABI info
[0.264s] -- Detecting CXX compiler ABI info - done
[0.269s] -- Check for working CXX compiler: /usr/bin/c++ - skipped
[0.269s] -- Detecting CXX compile features
[0.270s] -- Detecting CXX compile features - done
[0.271s] -- Found ament_cmake: 1.3.9 (/opt/ros/humble/share/ament_cmake/cmake)
[0.391s] -- Found Python3: /usr/bin/python3 (found version "3.10.12") found components: Interpreter 
[0.453s] -- ------------------------------------------
[0.453s] -- Depthai ROS MSGS/INTERFACES is being built using AMENT.
[0.453s] -- ------------------------------------------
[0.454s] -- Found geometry_msgs: 4.2.4 (/opt/ros/humble/share/geometry_msgs/cmake)
[0.480s] -- Found rosidl_generator_c: 3.1.5 (/opt/ros/humble/share/rosidl_generator_c/cmake)
[0.483s] -- Found rosidl_adapter: 3.1.5 (/opt/ros/humble/share/rosidl_adapter/cmake)
[0.489s] -- Found rosidl_generator_cpp: 3.1.5 (/opt/ros/humble/share/rosidl_generator_cpp/cmake)
[0.498s] -- Using all available rosidl_typesupport_c: rosidl_typesupport_fastrtps_c;rosidl_typesupport_introspection_c
[0.510s] -- Using all available rosidl_typesupport_cpp: rosidl_typesupport_fastrtps_cpp;rosidl_typesupport_introspection_cpp
[0.591s] -- Found vision_msgs: 4.1.1 (/opt/ros/humble/share/vision_msgs/cmake)
[0.635s] -- Found sensor_msgs: 4.2.4 (/opt/ros/humble/share/sensor_msgs/cmake)
[0.688s] -- Found rosidl_default_generators: 1.2.0 (/opt/ros/humble/share/rosidl_default_generators/cmake)
[0.944s] -- Found ament_cmake_ros: 0.10.0 (/opt/ros/humble/share/ament_cmake_ros/cmake)
[1.272s] -- Using all available rosidl_typesupport_c: rosidl_typesupport_fastrtps_c;rosidl_typesupport_introspection_c
[1.412s] -- Using all available rosidl_typesupport_cpp: rosidl_typesupport_fastrtps_cpp;rosidl_typesupport_introspection_cpp
[1.429s] -- Found PythonInterp: /usr/bin/python3 (found suitable version "3.10.12", minimum required is "3.6") 
[1.430s] -- Found python_cmake_module: 0.10.0 (/opt/ros/humble/share/python_cmake_module/cmake)
[1.457s] -- Found PythonLibs: /usr/lib/x86_64-linux-gnu/libpython3.10.so (found suitable version "3.10.12", minimum required is "3.5") 
[1.457s] -- Using PYTHON_EXECUTABLE: /usr/bin/python3
[1.457s] -- Using PYTHON_INCLUDE_DIRS: /usr/include/python3.10
[1.457s] -- Using PYTHON_LIBRARIES: /usr/lib/x86_64-linux-gnu/libpython3.10.so
[1.479s] -- Found PythonExtra: .so  
[1.532s] -- Configuring done
[1.564s] -- Generating done
[1.566s] -- Build files have been written to: /home/dronelab/vikram/slam-project/build/depthai_ros_msgs
[1.571s] Invoked command in '/home/dronelab/vikram/slam-project/build/depthai_ros_msgs' returned '0': CMAKE_PREFIX_PATH=/opt/ros/humble /usr/bin/cmake /home/dronelab/vikram/slam-project/src/depthai_ros_msgs -DCMAKE_INSTALL_PREFIX=/home/dronelab/vikram/slam-project/install/depthai_ros_msgs
[1.573s] Invoking command in '/home/dronelab/vikram/slam-project/build/depthai_ros_msgs': CMAKE_PREFIX_PATH=/opt/ros/humble /usr/bin/cmake --build /home/dronelab/vikram/slam-project/build/depthai_ros_msgs -- -j32 -l32
[1.609s] [  1%] [34m[1mGenerating C code for ROS interfaces[0m
[1.624s] [  1%] [34m[1mGenerating C++ code for ROS interfaces[0m
[1.629s] [  1%] Built target ament_cmake_python_copy_depthai_ros_msgs
[1.767s] running egg_info
[1.767s] creating depthai_ros_msgs.egg-info
[1.768s] writing depthai_ros_msgs.egg-info/PKG-INFO
[1.768s] writing dependency_links to depthai_ros_msgs.egg-info/dependency_links.txt
[1.768s] writing top-level names to depthai_ros_msgs.egg-info/top_level.txt
[1.768s] writing manifest file 'depthai_ros_msgs.egg-info/SOURCES.txt'
[1.769s] reading manifest file 'depthai_ros_msgs.egg-info/SOURCES.txt'
[1.770s] writing manifest file 'depthai_ros_msgs.egg-info/SOURCES.txt'
[1.787s] [  1%] Built target ament_cmake_python_build_depthai_ros_msgs_egg
[2.202s] [  1%] Built target depthai_ros_msgs__cpp
[2.211s] [  3%] [34m[1mGenerating C++ type support for eProsima Fast-RTPS[0m
[2.211s] [  3%] [34m[1mGenerating C++ type support dispatch for ROS interfaces[0m
[2.215s] [  3%] [34m[1mGenerating C++ introspection for ROS interfaces[0m
[2.240s] [  4%] [32mBuilding C object CMakeFiles/depthai_ros_msgs__rosidl_generator_c.dir/rosidl_generator_c/depthai_ros_msgs/msg/detail/track_detection2_d_array__functions.c.o[0m
[2.240s] [  4%] [32mBuilding C object CMakeFiles/depthai_ros_msgs__rosidl_generator_c.dir/rosidl_generator_c/depthai_ros_msgs/srv/detail/trigger_named__functions.c.o[0m
[2.240s] [  5%] [32mBuilding C object CMakeFiles/depthai_ros_msgs__rosidl_generator_c.dir/rosidl_generator_c/depthai_ros_msgs/srv/detail/normalized_image_crop__functions.c.o[0m
[2.241s] [  8%] [32mBuilding C object CMakeFiles/depthai_ros_msgs__rosidl_generator_c.dir/rosidl_generator_c/depthai_ros_msgs/msg/detail/imu_with_magnetic_field__functions.c.o[0m
[2.241s] [  8%] [32mBuilding C object CMakeFiles/depthai_ros_msgs__rosidl_generator_c.dir/rosidl_generator_c/depthai_ros_msgs/msg/detail/auto_focus_ctrl__functions.c.o[0m
[2.241s] [  8%] [32mBuilding C object CMakeFiles/depthai_ros_msgs__rosidl_generator_c.dir/rosidl_generator_c/depthai_ros_msgs/srv/detail/set_local_transform__functions.c.o[0m
[2.242s] [  9%] [32mBuilding C object CMakeFiles/depthai_ros_msgs__rosidl_generator_c.dir/rosidl_generator_c/depthai_ros_msgs/msg/detail/hand_landmark__functions.c.o[0m
[2.242s] [  9%] [32mBuilding C object CMakeFiles/depthai_ros_msgs__rosidl_generator_c.dir/rosidl_generator_c/depthai_ros_msgs/msg/detail/hand_landmark_array__functions.c.o[0m
[2.242s] [ 10%] [32mBuilding C object CMakeFiles/depthai_ros_msgs__rosidl_generator_c.dir/rosidl_generator_c/depthai_ros_msgs/msg/detail/tracked_feature__functions.c.o[0m
[2.242s] [ 11%] [32mBuilding C object CMakeFiles/depthai_ros_msgs__rosidl_generator_c.dir/rosidl_generator_c/depthai_ros_msgs/msg/detail/tracked_features__functions.c.o[0m
[2.242s] [ 11%] [32mBuilding C object CMakeFiles/depthai_ros_msgs__rosidl_generator_c.dir/rosidl_generator_c/depthai_ros_msgs/msg/detail/spatial_detection__functions.c.o[0m
[2.243s] [ 12%] [32mBuilding C object CMakeFiles/depthai_ros_msgs__rosidl_generator_c.dir/rosidl_generator_c/depthai_ros_msgs/msg/detail/spatial_detection_array__functions.c.o[0m
[2.243s] [ 13%] [32mBuilding C object CMakeFiles/depthai_ros_msgs__rosidl_generator_c.dir/rosidl_generator_c/depthai_ros_msgs/msg/detail/track_detection2_d__functions.c.o[0m
[2.295s] [ 14%] [32m[1mLinking C shared library libdepthai_ros_msgs__rosidl_generator_c.so[0m
[2.325s] [ 14%] Built target depthai_ros_msgs__rosidl_generator_c
[2.333s] [ 15%] [34m[1mGenerating C type support dispatch for ROS interfaces[0m
[2.334s] [ 16%] [34m[1mGenerating C introspection for ROS interfaces[0m
[2.334s] [ 17%] [34m[1mGenerating C type support for eProsima Fast-RTPS[0m
[2.626s] [ 18%] [32mBuilding CXX object CMakeFiles/depthai_ros_msgs__rosidl_typesupport_cpp.dir/rosidl_typesupport_cpp/depthai_ros_msgs/msg/auto_focus_ctrl__type_support.cpp.o[0m
[2.626s] [ 19%] [32mBuilding CXX object CMakeFiles/depthai_ros_msgs__rosidl_typesupport_cpp.dir/rosidl_typesupport_cpp/depthai_ros_msgs/msg/hand_landmark__type_support.cpp.o[0m
[2.626s] [ 20%] [32mBuilding CXX object CMakeFiles/depthai_ros_msgs__rosidl_typesupport_cpp.dir/rosidl_typesupport_cpp/depthai_ros_msgs/msg/tracked_feature__type_support.cpp.o[0m
[2.626s] [ 20%] [32mBuilding CXX object CMakeFiles/depthai_ros_msgs__rosidl_typesupport_cpp.dir/rosidl_typesupport_cpp/depthai_ros_msgs/msg/spatial_detection_array__type_support.cpp.o[0m
[2.626s] [ 20%] [32mBuilding CXX object CMakeFiles/depthai_ros_msgs__rosidl_typesupport_cpp.dir/rosidl_typesupport_cpp/depthai_ros_msgs/msg/hand_landmark_array__type_support.cpp.o[0m
[2.627s] [ 21%] [32mBuilding CXX object CMakeFiles/depthai_ros_msgs__rosidl_typesupport_cpp.dir/rosidl_typesupport_cpp/depthai_ros_msgs/msg/imu_with_magnetic_field__type_support.cpp.o[0m
[2.627s] [ 21%] [32mBuilding CXX object CMakeFiles/depthai_ros_msgs__rosidl_typesupport_cpp.dir/rosidl_typesupport_cpp/depthai_ros_msgs/srv/normalized_image_crop__type_support.cpp.o[0m
[2.628s] [ 22%] [32mBuilding CXX object CMakeFiles/depthai_ros_msgs__rosidl_typesupport_cpp.dir/rosidl_typesupport_cpp/depthai_ros_msgs/msg/tracked_features__type_support.cpp.o[0m
[2.628s] [ 23%] [32mBuilding CXX object CMakeFiles/depthai_ros_msgs__rosidl_typesupport_cpp.dir/rosidl_typesupport_cpp/depthai_ros_msgs/msg/spatial_detection__type_support.cpp.o[0m
[2.629s] [ 24%] [32mBuilding CXX object CMakeFiles/depthai_ros_msgs__rosidl_typesupport_cpp.dir/rosidl_typesupport_cpp/depthai_ros_msgs/msg/track_detection2_d__type_support.cpp.o[0m
[2.629s] [ 25%] [32mBuilding CXX object CMakeFiles/depthai_ros_msgs__rosidl_typesupport_cpp.dir/rosidl_typesupport_cpp/depthai_ros_msgs/msg/track_detection2_d_array__type_support.cpp.o[0m
[2.629s] [ 27%] [32mBuilding CXX object CMakeFiles/depthai_ros_msgs__rosidl_typesupport_cpp.dir/rosidl_typesupport_cpp/depthai_ros_msgs/srv/set_local_transform__type_support.cpp.o[0m
[2.629s] [ 27%] [32mBuilding CXX object CMakeFiles/depthai_ros_msgs__rosidl_typesupport_cpp.dir/rosidl_typesupport_cpp/depthai_ros_msgs/srv/trigger_named__type_support.cpp.o[0m
[2.711s] [ 31%] [32mBuilding CXX object CMakeFiles/depthai_ros_msgs__rosidl_typesupport_introspection_cpp.dir/rosidl_typesupport_introspection_cpp/depthai_ros_msgs/msg/detail/imu_with_magnetic_field__type_support.cpp.o[0m
[2.711s] [ 31%] [32mBuilding CXX object CMakeFiles/depthai_ros_msgs__rosidl_typesupport_introspection_cpp.dir/rosidl_typesupport_introspection_cpp/depthai_ros_msgs/msg/detail/auto_focus_ctrl__type_support.cpp.o[0m
[2.711s] [ 31%] [32mBuilding CXX object CMakeFiles/depthai_ros_msgs__rosidl_typesupport_introspection_cpp.dir/rosidl_typesupport_introspection_cpp/depthai_ros_msgs/msg/detail/hand_landmark__type_support.cpp.o[0m
[2.711s] [ 31%] [32mBuilding CXX object CMakeFiles/depthai_ros_msgs__rosidl_typesupport_introspection_cpp.dir/rosidl_typesupport_introspection_cpp/depthai_ros_msgs/msg/detail/hand_landmark_array__type_support.cpp.o[0m
[2.711s] [ 31%] [32mBuilding CXX object CMakeFiles/depthai_ros_msgs__rosidl_typesupport_introspection_cpp.dir/rosidl_typesupport_introspection_cpp/depthai_ros_msgs/msg/detail/tracked_feature__type_support.cpp.o[0m
[2.711s] [ 33%] [32mBuilding CXX object CMakeFiles/depthai_ros_msgs__rosidl_typesupport_introspection_cpp.dir/rosidl_typesupport_introspection_cpp/depthai_ros_msgs/msg/detail/tracked_features__type_support.cpp.o[0m
[2.711s] [ 33%] [32mBuilding CXX object CMakeFiles/depthai_ros_msgs__rosidl_typesupport_introspection_cpp.dir/rosidl_typesupport_introspection_cpp/depthai_ros_msgs/msg/detail/spatial_detection__type_support.cpp.o[0m
[2.711s] [ 34%] [32mBuilding CXX object CMakeFiles/depthai_ros_msgs__rosidl_typesupport_introspection_cpp.dir/rosidl_typesupport_introspection_cpp/depthai_ros_msgs/msg/detail/spatial_detection_array__type_support.cpp.o[0m
[2.711s] [ 35%] [32mBuilding CXX object CMakeFiles/depthai_ros_msgs__rosidl_typesupport_introspection_cpp.dir/rosidl_typesupport_introspection_cpp/depthai_ros_msgs/msg/detail/track_detection2_d__type_support.cpp.o[0m
[2.712s] [ 35%] [32mBuilding CXX object CMakeFiles/depthai_ros_msgs__rosidl_typesupport_introspection_cpp.dir/rosidl_typesupport_introspection_cpp/depthai_ros_msgs/msg/detail/track_detection2_d_array__type_support.cpp.o[0m
[2.712s] [ 36%] [32mBuilding CXX object CMakeFiles/depthai_ros_msgs__rosidl_typesupport_introspection_cpp.dir/rosidl_typesupport_introspection_cpp/depthai_ros_msgs/srv/detail/trigger_named__type_support.cpp.o[0m
[2.712s] [ 37%] [32mBuilding CXX object CMakeFiles/depthai_ros_msgs__rosidl_typesupport_introspection_cpp.dir/rosidl_typesupport_introspection_cpp/depthai_ros_msgs/srv/detail/set_local_transform__type_support.cpp.o[0m
[2.712s] [ 38%] [32mBuilding CXX object CMakeFiles/depthai_ros_msgs__rosidl_typesupport_introspection_cpp.dir/rosidl_typesupport_introspection_cpp/depthai_ros_msgs/srv/detail/normalized_image_crop__type_support.cpp.o[0m
[2.780s] [ 40%] [32mBuilding CXX object CMakeFiles/depthai_ros_msgs__rosidl_typesupport_c.dir/rosidl_typesupport_c/depthai_ros_msgs/msg/auto_focus_ctrl__type_support.cpp.o[0m
[2.780s] [ 40%] [32mBuilding CXX object CMakeFiles/depthai_ros_msgs__rosidl_typesupport_c.dir/rosidl_typesupport_c/depthai_ros_msgs/msg/hand_landmark_array__type_support.cpp.o[0m
[2.780s] [ 40%] [32mBuilding CXX object CMakeFiles/depthai_ros_msgs__rosidl_typesupport_c.dir/rosidl_typesupport_c/depthai_ros_msgs/msg/hand_landmark__type_support.cpp.o[0m
[2.813s] [ 42%] [32mBuilding CXX object CMakeFiles/depthai_ros_msgs__rosidl_typesupport_c.dir/rosidl_typesupport_c/depthai_ros_msgs/msg/imu_with_magnetic_field__type_support.cpp.o[0m
[2.813s] [ 42%] [32mBuilding CXX object CMakeFiles/depthai_ros_msgs__rosidl_typesupport_c.dir/rosidl_typesupport_c/depthai_ros_msgs/msg/tracked_features__type_support.cpp.o[0m
[2.814s] [ 42%] [32mBuilding CXX object CMakeFiles/depthai_ros_msgs__rosidl_typesupport_c.dir/rosidl_typesupport_c/depthai_ros_msgs/msg/tracked_feature__type_support.cpp.o[0m
[2.824s] [ 43%] [32mBuilding CXX object CMakeFiles/depthai_ros_msgs__rosidl_typesupport_c.dir/rosidl_typesupport_c/depthai_ros_msgs/msg/spatial_detection__type_support.cpp.o[0m
[2.849s] [ 44%] [32mBuilding CXX object CMakeFiles/depthai_ros_msgs__rosidl_typesupport_c.dir/rosidl_typesupport_c/depthai_ros_msgs/msg/spatial_detection_array__type_support.cpp.o[0m
[2.852s] [ 46%] [32mBuilding CXX object CMakeFiles/depthai_ros_msgs__rosidl_typesupport_c.dir/rosidl_typesupport_c/depthai_ros_msgs/msg/track_detection2_d__type_support.cpp.o[0m
[2.852s] [ 46%] [32mBuilding CXX object CMakeFiles/depthai_ros_msgs__rosidl_typesupport_c.dir/rosidl_typesupport_c/depthai_ros_msgs/msg/track_detection2_d_array__type_support.cpp.o[0m
[2.852s] [ 46%] [32mBuilding CXX object CMakeFiles/depthai_ros_msgs__rosidl_typesupport_c.dir/rosidl_typesupport_c/depthai_ros_msgs/srv/set_local_transform__type_support.cpp.o[0m
[2.861s] [ 47%] [32mBuilding CXX object CMakeFiles/depthai_ros_msgs__rosidl_typesupport_c.dir/rosidl_typesupport_c/depthai_ros_msgs/srv/trigger_named__type_support.cpp.o[0m
[2.878s] [ 48%] [32mBuilding CXX object CMakeFiles/depthai_ros_msgs__rosidl_typesupport_c.dir/rosidl_typesupport_c/depthai_ros_msgs/srv/normalized_image_crop__type_support.cpp.o[0m
[2.909s] [ 49%] [32m[1mLinking CXX shared library libdepthai_ros_msgs__rosidl_typesupport_c.so[0m
[2.932s] [ 50%] [32m[1mLinking CXX shared library libdepthai_ros_msgs__rosidl_typesupport_cpp.so[0m
[2.935s] [ 51%] [32mBuilding CXX object CMakeFiles/depthai_ros_msgs__rosidl_typesupport_fastrtps_cpp.dir/rosidl_typesupport_fastrtps_cpp/depthai_ros_msgs/msg/detail/dds_fastrtps/auto_focus_ctrl__type_support.cpp.o[0m
[2.935s] [ 52%] [32mBuilding CXX object CMakeFiles/depthai_ros_msgs__rosidl_typesupport_fastrtps_cpp.dir/rosidl_typesupport_fastrtps_cpp/depthai_ros_msgs/msg/detail/dds_fastrtps/hand_landmark_array__type_support.cpp.o[0m
[2.935s] [ 53%] [32mBuilding CXX object CMakeFiles/depthai_ros_msgs__rosidl_typesupport_fastrtps_cpp.dir/rosidl_typesupport_fastrtps_cpp/depthai_ros_msgs/msg/detail/dds_fastrtps/hand_landmark__type_support.cpp.o[0m
[2.935s] [ 54%] [32mBuilding CXX object CMakeFiles/depthai_ros_msgs__rosidl_typesupport_fastrtps_cpp.dir/rosidl_typesupport_fastrtps_cpp/depthai_ros_msgs/msg/detail/dds_fastrtps/imu_with_magnetic_field__type_support.cpp.o[0m
[2.935s] [ 54%] [32mBuilding CXX object CMakeFiles/depthai_ros_msgs__rosidl_typesupport_fastrtps_cpp.dir/rosidl_typesupport_fastrtps_cpp/depthai_ros_msgs/msg/detail/dds_fastrtps/tracked_feature__type_support.cpp.o[0m
[2.935s] [ 55%] [32mBuilding CXX object CMakeFiles/depthai_ros_msgs__rosidl_typesupport_fastrtps_cpp.dir/rosidl_typesupport_fastrtps_cpp/depthai_ros_msgs/msg/detail/dds_fastrtps/tracked_features__type_support.cpp.o[0m
[2.935s] [ 56%] [32mBuilding CXX object CMakeFiles/depthai_ros_msgs__rosidl_typesupport_fastrtps_cpp.dir/rosidl_typesupport_fastrtps_cpp/depthai_ros_msgs/msg/detail/dds_fastrtps/spatial_detection_array__type_support.cpp.o[0m
[2.935s] [ 56%] [32mBuilding CXX object CMakeFiles/depthai_ros_msgs__rosidl_typesupport_fastrtps_cpp.dir/rosidl_typesupport_fastrtps_cpp/depthai_ros_msgs/msg/detail/dds_fastrtps/track_detection2_d__type_support.cpp.o[0m
[2.935s] [ 57%] [32mBuilding CXX object CMakeFiles/depthai_ros_msgs__rosidl_typesupport_fastrtps_cpp.dir/rosidl_typesupport_fastrtps_cpp/depthai_ros_msgs/msg/detail/dds_fastrtps/track_detection2_d_array__type_support.cpp.o[0m
[2.936s] [ 58%] [32mBuilding CXX object CMakeFiles/depthai_ros_msgs__rosidl_typesupport_fastrtps_cpp.dir/rosidl_typesupport_fastrtps_cpp/depthai_ros_msgs/srv/detail/dds_fastrtps/normalized_image_crop__type_support.cpp.o[0m
[2.936s] [ 59%] [32mBuilding CXX object CMakeFiles/depthai_ros_msgs__rosidl_typesupport_fastrtps_cpp.dir/rosidl_typesupport_fastrtps_cpp/depthai_ros_msgs/srv/detail/dds_fastrtps/trigger_named__type_support.cpp.o[0m
[2.936s] [ 60%] [32mBuilding CXX object CMakeFiles/depthai_ros_msgs__rosidl_typesupport_fastrtps_cpp.dir/rosidl_typesupport_fastrtps_cpp/depthai_ros_msgs/srv/detail/dds_fastrtps/set_local_transform__type_support.cpp.o[0m
[2.939s] [ 61%] [32mBuilding CXX object CMakeFiles/depthai_ros_msgs__rosidl_typesupport_fastrtps_cpp.dir/rosidl_typesupport_fastrtps_cpp/depthai_ros_msgs/msg/detail/dds_fastrtps/spatial_detection__type_support.cpp.o[0m
[2.950s] [ 63%] [32mBuilding C object CMakeFiles/depthai_ros_msgs__rosidl_typesupport_introspection_c.dir/rosidl_typesupport_introspection_c/depthai_ros_msgs/msg/detail/hand_landmark__type_support.c.o[0m
[2.950s] [ 63%] [32mBuilding C object CMakeFiles/depthai_ros_msgs__rosidl_typesupport_introspection_c.dir/rosidl_typesupport_introspection_c/depthai_ros_msgs/msg/detail/auto_focus_ctrl__type_support.c.o[0m
[2.950s] [ 63%] [32mBuilding C object CMakeFiles/depthai_ros_msgs__rosidl_typesupport_introspection_c.dir/rosidl_typesupport_introspection_c/depthai_ros_msgs/msg/detail/hand_landmark_array__type_support.c.o[0m
[2.962s] [ 63%] Built target depthai_ros_msgs__rosidl_typesupport_c
[2.973s] [ 64%] [32mBuilding C object CMakeFiles/depthai_ros_msgs__rosidl_typesupport_introspection_c.dir/rosidl_typesupport_introspection_c/depthai_ros_msgs/msg/detail/imu_with_magnetic_field__type_support.c.o[0m
[2.985s] [ 64%] Built target depthai_ros_msgs__rosidl_typesupport_cpp
[2.987s] [ 65%] [32mBuilding C object CMakeFiles/depthai_ros_msgs__rosidl_typesupport_introspection_c.dir/rosidl_typesupport_introspection_c/depthai_ros_msgs/msg/detail/tracked_feature__type_support.c.o[0m
[2.993s] [ 66%] [32mBuilding C object CMakeFiles/depthai_ros_msgs__rosidl_typesupport_introspection_c.dir/rosidl_typesupport_introspection_c/depthai_ros_msgs/msg/detail/tracked_features__type_support.c.o[0m
[2.993s] [ 67%] [32mBuilding C object CMakeFiles/depthai_ros_msgs__rosidl_typesupport_introspection_c.dir/rosidl_typesupport_introspection_c/depthai_ros_msgs/msg/detail/spatial_detection__type_support.c.o[0m
[2.997s] [ 67%] [32mBuilding C object CMakeFiles/depthai_ros_msgs__rosidl_typesupport_introspection_c.dir/rosidl_typesupport_introspection_c/depthai_ros_msgs/msg/detail/spatial_detection_array__type_support.c.o[0m
[3.018s] [ 68%] [32mBuilding C object CMakeFiles/depthai_ros_msgs__rosidl_typesupport_introspection_c.dir/rosidl_typesupport_introspection_c/depthai_ros_msgs/msg/detail/track_detection2_d__type_support.c.o[0m
[3.032s] [ 69%] [32mBuilding C object CMakeFiles/depthai_ros_msgs__rosidl_typesupport_introspection_c.dir/rosidl_typesupport_introspection_c/depthai_ros_msgs/msg/detail/track_detection2_d_array__type_support.c.o[0m
[3.036s] [ 70%] [32mBuilding C object CMakeFiles/depthai_ros_msgs__rosidl_typesupport_introspection_c.dir/rosidl_typesupport_introspection_c/depthai_ros_msgs/srv/detail/set_local_transform__type_support.c.o[0m
[3.041s] [ 71%] [32mBuilding C object CMakeFiles/depthai_ros_msgs__rosidl_typesupport_introspection_c.dir/rosidl_typesupport_introspection_c/depthai_ros_msgs/srv/detail/trigger_named__type_support.c.o[0m
[3.042s] [ 71%] [32mBuilding C object CMakeFiles/depthai_ros_msgs__rosidl_typesupport_introspection_c.dir/rosidl_typesupport_introspection_c/depthai_ros_msgs/srv/detail/normalized_image_crop__type_support.c.o[0m
[3.088s] [ 72%] [32m[1mLinking C shared library libdepthai_ros_msgs__rosidl_typesupport_introspection_c.so[0m
[3.128s] [ 72%] Built target depthai_ros_msgs__rosidl_typesupport_introspection_c
[3.256s] [ 76%] [32mBuilding CXX object CMakeFiles/depthai_ros_msgs__rosidl_typesupport_fastrtps_c.dir/rosidl_typesupport_fastrtps_c/depthai_ros_msgs/msg/detail/auto_focus_ctrl__type_support_c.cpp.o[0m
[3.256s] [ 76%] [32mBuilding CXX object CMakeFiles/depthai_ros_msgs__rosidl_typesupport_fastrtps_c.dir/rosidl_typesupport_fastrtps_c/depthai_ros_msgs/msg/detail/tracked_feature__type_support_c.cpp.o[0m
[3.256s] [ 76%] [32mBuilding CXX object CMakeFiles/depthai_ros_msgs__rosidl_typesupport_fastrtps_c.dir/rosidl_typesupport_fastrtps_c/depthai_ros_msgs/msg/detail/hand_landmark__type_support_c.cpp.o[0m
[3.256s] [ 76%] [32mBuilding CXX object CMakeFiles/depthai_ros_msgs__rosidl_typesupport_fastrtps_c.dir/rosidl_typesupport_fastrtps_c/depthai_ros_msgs/srv/detail/normalized_image_crop__type_support_c.cpp.o[0m
[3.256s] [ 76%] [32mBuilding CXX object CMakeFiles/depthai_ros_msgs__rosidl_typesupport_fastrtps_c.dir/rosidl_typesupport_fastrtps_c/depthai_ros_msgs/msg/detail/hand_landmark_array__type_support_c.cpp.o[0m
[3.256s] [ 78%] [32mBuilding CXX object CMakeFiles/depthai_ros_msgs__rosidl_typesupport_fastrtps_c.dir/rosidl_typesupport_fastrtps_c/depthai_ros_msgs/msg/detail/track_detection2_d__type_support_c.cpp.o[0m
[3.256s] [ 78%] [32mBuilding CXX object CMakeFiles/depthai_ros_msgs__rosidl_typesupport_fastrtps_c.dir/rosidl_typesupport_fastrtps_c/depthai_ros_msgs/msg/detail/imu_with_magnetic_field__type_support_c.cpp.o[0m
[3.257s] [ 79%] [32mBuilding CXX object CMakeFiles/depthai_ros_msgs__rosidl_typesupport_fastrtps_c.dir/rosidl_typesupport_fastrtps_c/depthai_ros_msgs/msg/detail/tracked_features__type_support_c.cpp.o[0m
[3.257s] [ 80%] [32mBuilding CXX object CMakeFiles/depthai_ros_msgs__rosidl_typesupport_fastrtps_c.dir/rosidl_typesupport_fastrtps_c/depthai_ros_msgs/srv/detail/set_local_transform__type_support_c.cpp.o[0m
[3.257s] [ 82%] [32mBuilding CXX object CMakeFiles/depthai_ros_msgs__rosidl_typesupport_fastrtps_c.dir/rosidl_typesupport_fastrtps_c/depthai_ros_msgs/msg/detail/spatial_detection_array__type_support_c.cpp.o[0m
[3.258s] [ 82%] [32mBuilding CXX object CMakeFiles/depthai_ros_msgs__rosidl_typesupport_fastrtps_c.dir/rosidl_typesupport_fastrtps_c/depthai_ros_msgs/msg/detail/spatial_detection__type_support_c.cpp.o[0m
[3.258s] [ 82%] [32mBuilding CXX object CMakeFiles/depthai_ros_msgs__rosidl_typesupport_fastrtps_c.dir/rosidl_typesupport_fastrtps_c/depthai_ros_msgs/msg/detail/track_detection2_d_array__type_support_c.cpp.o[0m
[3.258s] [ 82%] [32mBuilding CXX object CMakeFiles/depthai_ros_msgs__rosidl_typesupport_fastrtps_c.dir/rosidl_typesupport_fastrtps_c/depthai_ros_msgs/srv/detail/trigger_named__type_support_c.cpp.o[0m
[3.261s] [ 83%] [32m[1mLinking CXX shared library libdepthai_ros_msgs__rosidl_typesupport_introspection_cpp.so[0m
[3.348s] [ 83%] Built target depthai_ros_msgs__rosidl_typesupport_introspection_cpp
[3.492s] [ 83%] [32m[1mLinking CXX shared library libdepthai_ros_msgs__rosidl_typesupport_fastrtps_cpp.so[0m
[3.554s] [ 83%] Built target depthai_ros_msgs__rosidl_typesupport_fastrtps_cpp
[3.585s] [ 84%] [32m[1mLinking CXX shared library libdepthai_ros_msgs__rosidl_typesupport_fastrtps_c.so[0m
[3.639s] [ 84%] Built target depthai_ros_msgs__rosidl_typesupport_fastrtps_c
[3.657s] [ 84%] Built target depthai_ros_msgs
[3.691s] [ 85%] [34m[1mGenerating Python code for ROS interfaces[0m
[4.743s] [ 85%] Built target depthai_ros_msgs__py
[4.757s] [ 86%] [32mBuilding C object CMakeFiles/depthai_ros_msgs__rosidl_generator_py.dir/rosidl_generator_py/depthai_ros_msgs/msg/_auto_focus_ctrl_s.c.o[0m
[4.757s] [ 87%] [32mBuilding C object CMakeFiles/depthai_ros_msgs__rosidl_generator_py.dir/rosidl_generator_py/depthai_ros_msgs/msg/_imu_with_magnetic_field_s.c.o[0m
[4.758s] [ 88%] [32mBuilding C object CMakeFiles/depthai_ros_msgs__rosidl_generator_py.dir/rosidl_generator_py/depthai_ros_msgs/msg/_hand_landmark_array_s.c.o[0m
[4.760s] [ 88%] [32mBuilding C object CMakeFiles/depthai_ros_msgs__rosidl_generator_py.dir/rosidl_generator_py/depthai_ros_msgs/msg/_hand_landmark_s.c.o[0m
[4.761s] [ 89%] [32mBuilding C object CMakeFiles/depthai_ros_msgs__rosidl_generator_py.dir/rosidl_generator_py/depthai_ros_msgs/msg/_track_detection2_d_array_s.c.o[0m
[4.761s] [ 90%] [32mBuilding C object CMakeFiles/depthai_ros_msgs__rosidl_generator_py.dir/rosidl_generator_py/depthai_ros_msgs/srv/_set_local_transform_s.c.o[0m
[4.762s] [ 91%] [32mBuilding C object CMakeFiles/depthai_ros_msgs__rosidl_generator_py.dir/rosidl_generator_py/depthai_ros_msgs/msg/_tracked_feature_s.c.o[0m
[4.763s] [ 91%] [32mBuilding C object CMakeFiles/depthai_ros_msgs__rosidl_generator_py.dir/rosidl_generator_py/depthai_ros_msgs/msg/_spatial_detection_s.c.o[0m
[4.763s] [ 92%] [32mBuilding C object CMakeFiles/depthai_ros_msgs__rosidl_generator_py.dir/rosidl_generator_py/depthai_ros_msgs/msg/_tracked_features_s.c.o[0m
[4.763s] [ 94%] [32mBuilding C object CMakeFiles/depthai_ros_msgs__rosidl_generator_py.dir/rosidl_generator_py/depthai_ros_msgs/msg/_track_detection2_d_s.c.o[0m
[4.763s] [ 94%] [32mBuilding C object CMakeFiles/depthai_ros_msgs__rosidl_generator_py.dir/rosidl_generator_py/depthai_ros_msgs/msg/_spatial_detection_array_s.c.o[0m
[4.764s] [ 94%] [32mBuilding C object CMakeFiles/depthai_ros_msgs__rosidl_generator_py.dir/rosidl_generator_py/depthai_ros_msgs/srv/_trigger_named_s.c.o[0m
[4.765s] [ 95%] [32mBuilding C object CMakeFiles/depthai_ros_msgs__rosidl_generator_py.dir/rosidl_generator_py/depthai_ros_msgs/srv/_normalized_image_crop_s.c.o[0m
[4.866s] [ 96%] [32m[1mLinking C shared library rosidl_generator_py/depthai_ros_msgs/libdepthai_ros_msgs__rosidl_generator_py.so[0m
[4.917s] [ 96%] Built target depthai_ros_msgs__rosidl_generator_py
[4.944s] [ 97%] [32mBuilding C object CMakeFiles/depthai_ros_msgs__rosidl_typesupport_introspection_c__pyext.dir/rosidl_generator_py/depthai_ros_msgs/_depthai_ros_msgs_s.ep.rosidl_typesupport_introspection_c.c.o[0m
[4.944s] [ 98%] [32mBuilding C object CMakeFiles/depthai_ros_msgs__rosidl_typesupport_fastrtps_c__pyext.dir/rosidl_generator_py/depthai_ros_msgs/_depthai_ros_msgs_s.ep.rosidl_typesupport_fastrtps_c.c.o[0m
[4.944s] [ 99%] [32mBuilding C object CMakeFiles/depthai_ros_msgs__rosidl_typesupport_c__pyext.dir/rosidl_generator_py/depthai_ros_msgs/_depthai_ros_msgs_s.ep.rosidl_typesupport_c.c.o[0m
[5.031s] [ 99%] [32m[1mLinking C shared library rosidl_generator_py/depthai_ros_msgs/depthai_ros_msgs_s__rosidl_typesupport_fastrtps_c.cpython-310-x86_64-linux-gnu.so[0m
[5.031s] [ 99%] [32m[1mLinking C shared library rosidl_generator_py/depthai_ros_msgs/depthai_ros_msgs_s__rosidl_typesupport_c.cpython-310-x86_64-linux-gnu.so[0m
[5.045s] [100%] [32m[1mLinking C shared library rosidl_generator_py/depthai_ros_msgs/depthai_ros_msgs_s__rosidl_typesupport_introspection_c.cpython-310-x86_64-linux-gnu.so[0m
[5.061s] [100%] Built target depthai_ros_msgs__rosidl_typesupport_fastrtps_c__pyext
[5.064s] [100%] Built target depthai_ros_msgs__rosidl_typesupport_c__pyext
[5.075s] [100%] Built target depthai_ros_msgs__rosidl_typesupport_introspection_c__pyext
[5.090s] Invoked command in '/home/dronelab/vikram/slam-project/build/depthai_ros_msgs' returned '0': CMAKE_PREFIX_PATH=/opt/ros/humble /usr/bin/cmake --build /home/dronelab/vikram/slam-project/build/depthai_ros_msgs -- -j32 -l32
[5.501s] Invoking command in '/home/dronelab/vikram/slam-project/build/depthai_ros_msgs': CMAKE_PREFIX_PATH=/opt/ros/humble /usr/bin/cmake --install /home/dronelab/vikram/slam-project/build/depthai_ros_msgs
[5.512s] -- Install configuration: ""
[5.512s] -- Installing: /home/dronelab/vikram/slam-project/install/depthai_ros_msgs/share/ament_index/resource_index/rosidl_interfaces/depthai_ros_msgs
[5.512s] -- Installing: /home/dronelab/vikram/slam-project/install/depthai_ros_msgs/include/depthai_ros_msgs/depthai_ros_msgs
[5.513s] -- Installing: /home/dronelab/vikram/slam-project/install/depthai_ros_msgs/include/depthai_ros_msgs/depthai_ros_msgs/srv
[5.513s] -- Installing: /home/dronelab/vikram/slam-project/install/depthai_ros_msgs/include/depthai_ros_msgs/depthai_ros_msgs/srv/normalized_image_crop.h
[5.513s] -- Installing: /home/dronelab/vikram/slam-project/install/depthai_ros_msgs/include/depthai_ros_msgs/depthai_ros_msgs/srv/trigger_named.h
[5.513s] -- Installing: /home/dronelab/vikram/slam-project/install/depthai_ros_msgs/include/depthai_ros_msgs/depthai_ros_msgs/srv/set_local_transform.h
[5.513s] -- Installing: /home/dronelab/vikram/slam-project/install/depthai_ros_msgs/include/depthai_ros_msgs/depthai_ros_msgs/srv/detail
[5.513s] -- Installing: /home/dronelab/vikram/slam-project/install/depthai_ros_msgs/include/depthai_ros_msgs/depthai_ros_msgs/srv/detail/trigger_named__functions.c
[5.513s] -- Installing: /home/dronelab/vikram/slam-project/install/depthai_ros_msgs/include/depthai_ros_msgs/depthai_ros_msgs/srv/detail/normalized_image_crop__functions.h
[5.514s] -- Installing: /home/dronelab/vikram/slam-project/install/depthai_ros_msgs/include/depthai_ros_msgs/depthai_ros_msgs/srv/detail/set_local_transform__functions.c
[5.514s] -- Installing: /home/dronelab/vikram/slam-project/install/depthai_ros_msgs/include/depthai_ros_msgs/depthai_ros_msgs/srv/detail/trigger_named__struct.h
[5.514s] -- Installing: /home/dronelab/vikram/slam-project/install/depthai_ros_msgs/include/depthai_ros_msgs/depthai_ros_msgs/srv/detail/normalized_image_crop__type_support.h
[5.514s] -- Installing: /home/dronelab/vikram/slam-project/install/depthai_ros_msgs/include/depthai_ros_msgs/depthai_ros_msgs/srv/detail/set_local_transform__struct.h
[5.514s] -- Installing: /home/dronelab/vikram/slam-project/install/depthai_ros_msgs/include/depthai_ros_msgs/depthai_ros_msgs/srv/detail/set_local_transform__functions.h
[5.514s] -- Installing: /home/dronelab/vikram/slam-project/install/depthai_ros_msgs/include/depthai_ros_msgs/depthai_ros_msgs/srv/detail/set_local_transform__type_support.h
[5.514s] -- Installing: /home/dronelab/vikram/slam-project/install/depthai_ros_msgs/include/depthai_ros_msgs/depthai_ros_msgs/srv/detail/trigger_named__type_support.h
[5.514s] -- Installing: /home/dronelab/vikram/slam-project/install/depthai_ros_msgs/include/depthai_ros_msgs/depthai_ros_msgs/srv/detail/normalized_image_crop__struct.h
[5.515s] -- Installing: /home/dronelab/vikram/slam-project/install/depthai_ros_msgs/include/depthai_ros_msgs/depthai_ros_msgs/srv/detail/trigger_named__functions.h
[5.515s] -- Installing: /home/dronelab/vikram/slam-project/install/depthai_ros_msgs/include/depthai_ros_msgs/depthai_ros_msgs/srv/detail/normalized_image_crop__functions.c
[5.515s] -- Installing: /home/dronelab/vikram/slam-project/install/depthai_ros_msgs/include/depthai_ros_msgs/depthai_ros_msgs/msg
[5.515s] -- Installing: /home/dronelab/vikram/slam-project/install/depthai_ros_msgs/include/depthai_ros_msgs/depthai_ros_msgs/msg/spatial_detection.h
[5.515s] -- Installing: /home/dronelab/vikram/slam-project/install/depthai_ros_msgs/include/depthai_ros_msgs/depthai_ros_msgs/msg/tracked_feature.h
[5.515s] -- Installing: /home/dronelab/vikram/slam-project/install/depthai_ros_msgs/include/depthai_ros_msgs/depthai_ros_msgs/msg/spatial_detection_array.h
[5.515s] -- Installing: /home/dronelab/vikram/slam-project/install/depthai_ros_msgs/include/depthai_ros_msgs/depthai_ros_msgs/msg/tracked_features.h
[5.515s] -- Installing: /home/dronelab/vikram/slam-project/install/depthai_ros_msgs/include/depthai_ros_msgs/depthai_ros_msgs/msg/imu_with_magnetic_field.h
[5.516s] -- Installing: /home/dronelab/vikram/slam-project/install/depthai_ros_msgs/include/depthai_ros_msgs/depthai_ros_msgs/msg/track_detection2_d_array.h
[5.516s] -- Installing: /home/dronelab/vikram/slam-project/install/depthai_ros_msgs/include/depthai_ros_msgs/depthai_ros_msgs/msg/auto_focus_ctrl.h
[5.516s] -- Installing: /home/dronelab/vikram/slam-project/install/depthai_ros_msgs/include/depthai_ros_msgs/depthai_ros_msgs/msg/track_detection2_d.h
[5.516s] -- Installing: /home/dronelab/vikram/slam-project/install/depthai_ros_msgs/include/depthai_ros_msgs/depthai_ros_msgs/msg/hand_landmark.h
[5.516s] -- Installing: /home/dronelab/vikram/slam-project/install/depthai_ros_msgs/include/depthai_ros_msgs/depthai_ros_msgs/msg/detail
[5.516s] -- Installing: /home/dronelab/vikram/slam-project/install/depthai_ros_msgs/include/depthai_ros_msgs/depthai_ros_msgs/msg/detail/track_detection2_d__struct.h
[5.516s] -- Installing: /home/dronelab/vikram/slam-project/install/depthai_ros_msgs/include/depthai_ros_msgs/depthai_ros_msgs/msg/detail/spatial_detection_array__type_support.h
[5.516s] -- Installing: /home/dronelab/vikram/slam-project/install/depthai_ros_msgs/include/depthai_ros_msgs/depthai_ros_msgs/msg/detail/tracked_features__functions.c
[5.517s] -- Installing: /home/dronelab/vikram/slam-project/install/depthai_ros_msgs/include/depthai_ros_msgs/depthai_ros_msgs/msg/detail/track_detection2_d__type_support.h
[5.517s] -- Installing: /home/dronelab/vikram/slam-project/install/depthai_ros_msgs/include/depthai_ros_msgs/depthai_ros_msgs/msg/detail/tracked_feature__functions.h
[5.517s] -- Installing: /home/dronelab/vikram/slam-project/install/depthai_ros_msgs/include/depthai_ros_msgs/depthai_ros_msgs/msg/detail/tracked_features__functions.h
[5.517s] -- Installing: /home/dronelab/vikram/slam-project/install/depthai_ros_msgs/include/depthai_ros_msgs/depthai_ros_msgs/msg/detail/track_detection2_d_array__struct.h
[5.517s] -- Installing: /home/dronelab/vikram/slam-project/install/depthai_ros_msgs/include/depthai_ros_msgs/depthai_ros_msgs/msg/detail/tracked_features__type_support.h
[5.517s] -- Installing: /home/dronelab/vikram/slam-project/install/depthai_ros_msgs/include/depthai_ros_msgs/depthai_ros_msgs/msg/detail/hand_landmark__functions.c
[5.517s] -- Installing: /home/dronelab/vikram/slam-project/install/depthai_ros_msgs/include/depthai_ros_msgs/depthai_ros_msgs/msg/detail/hand_landmark_array__type_support.h
[5.517s] -- Installing: /home/dronelab/vikram/slam-project/install/depthai_ros_msgs/include/depthai_ros_msgs/depthai_ros_msgs/msg/detail/spatial_detection__functions.c
[5.517s] -- Installing: /home/dronelab/vikram/slam-project/install/depthai_ros_msgs/include/depthai_ros_msgs/depthai_ros_msgs/msg/detail/auto_focus_ctrl__functions.c
[5.518s] -- Installing: /home/dronelab/vikram/slam-project/install/depthai_ros_msgs/include/depthai_ros_msgs/depthai_ros_msgs/msg/detail/hand_landmark__struct.h
[5.518s] -- Installing: /home/dronelab/vikram/slam-project/install/depthai_ros_msgs/include/depthai_ros_msgs/depthai_ros_msgs/msg/detail/auto_focus_ctrl__type_support.h
[5.518s] -- Installing: /home/dronelab/vikram/slam-project/install/depthai_ros_msgs/include/depthai_ros_msgs/depthai_ros_msgs/msg/detail/track_detection2_d_array__functions.h
[5.518s] -- Installing: /home/dronelab/vikram/slam-project/install/depthai_ros_msgs/include/depthai_ros_msgs/depthai_ros_msgs/msg/detail/hand_landmark_array__functions.h
[5.518s] -- Installing: /home/dronelab/vikram/slam-project/install/depthai_ros_msgs/include/depthai_ros_msgs/depthai_ros_msgs/msg/detail/track_detection2_d__functions.h
[5.518s] -- Installing: /home/dronelab/vikram/slam-project/install/depthai_ros_msgs/include/depthai_ros_msgs/depthai_ros_msgs/msg/detail/track_detection2_d_array__functions.c
[5.518s] -- Installing: /home/dronelab/vikram/slam-project/install/depthai_ros_msgs/include/depthai_ros_msgs/depthai_ros_msgs/msg/detail/hand_landmark_array__functions.c
[5.518s] -- Installing: /home/dronelab/vikram/slam-project/install/depthai_ros_msgs/include/depthai_ros_msgs/depthai_ros_msgs/msg/detail/spatial_detection_array__struct.h
[5.519s] -- Installing: /home/dronelab/vikram/slam-project/install/depthai_ros_msgs/include/depthai_ros_msgs/depthai_ros_msgs/msg/detail/imu_with_magnetic_field__type_support.h
[5.519s] -- Installing: /home/dronelab/vikram/slam-project/install/depthai_ros_msgs/include/depthai_ros_msgs/depthai_ros_msgs/msg/detail/hand_landmark__functions.h
[5.519s] -- Installing: /home/dronelab/vikram/slam-project/install/depthai_ros_msgs/include/depthai_ros_msgs/depthai_ros_msgs/msg/detail/hand_landmark__type_support.h
[5.519s] -- Installing: /home/dronelab/vikram/slam-project/install/depthai_ros_msgs/include/depthai_ros_msgs/depthai_ros_msgs/msg/detail/tracked_feature__type_support.h
[5.519s] -- Installing: /home/dronelab/vikram/slam-project/install/depthai_ros_msgs/include/depthai_ros_msgs/depthai_ros_msgs/msg/detail/spatial_detection__type_support.h
[5.519s] -- Installing: /home/dronelab/vikram/slam-project/install/depthai_ros_msgs/include/depthai_ros_msgs/depthai_ros_msgs/msg/detail/imu_with_magnetic_field__functions.h
[5.519s] -- Installing: /home/dronelab/vikram/slam-project/install/depthai_ros_msgs/include/depthai_ros_msgs/depthai_ros_msgs/msg/detail/tracked_feature__struct.h
[5.519s] -- Installing: /home/dronelab/vikram/slam-project/install/depthai_ros_msgs/include/depthai_ros_msgs/depthai_ros_msgs/msg/detail/tracked_features__struct.h
[5.520s] -- Installing: /home/dronelab/vikram/slam-project/install/depthai_ros_msgs/include/depthai_ros_msgs/depthai_ros_msgs/msg/detail/spatial_detection_array__functions.h
[5.520s] -- Installing: /home/dronelab/vikram/slam-project/install/depthai_ros_msgs/include/depthai_ros_msgs/depthai_ros_msgs/msg/detail/imu_with_magnetic_field__functions.c
[5.520s] -- Installing: /home/dronelab/vikram/slam-project/install/depthai_ros_msgs/include/depthai_ros_msgs/depthai_ros_msgs/msg/detail/tracked_feature__functions.c
[5.520s] -- Installing: /home/dronelab/vikram/slam-project/install/depthai_ros_msgs/include/depthai_ros_msgs/depthai_ros_msgs/msg/detail/track_detection2_d_array__type_support.h
[5.520s] -- Installing: /home/dronelab/vikram/slam-project/install/depthai_ros_msgs/include/depthai_ros_msgs/depthai_ros_msgs/msg/detail/track_detection2_d__functions.c
[5.520s] -- Installing: /home/dronelab/vikram/slam-project/install/depthai_ros_msgs/include/depthai_ros_msgs/depthai_ros_msgs/msg/detail/spatial_detection__functions.h
[5.520s] -- Installing: /home/dronelab/vikram/slam-project/install/depthai_ros_msgs/include/depthai_ros_msgs/depthai_ros_msgs/msg/detail/spatial_detection__struct.h
[5.520s] -- Installing: /home/dronelab/vikram/slam-project/install/depthai_ros_msgs/include/depthai_ros_msgs/depthai_ros_msgs/msg/detail/hand_landmark_array__struct.h
[5.521s] -- Installing: /home/dronelab/vikram/slam-project/install/depthai_ros_msgs/include/depthai_ros_msgs/depthai_ros_msgs/msg/detail/auto_focus_ctrl__functions.h
[5.521s] -- Installing: /home/dronelab/vikram/slam-project/install/depthai_ros_msgs/include/depthai_ros_msgs/depthai_ros_msgs/msg/detail/auto_focus_ctrl__struct.h
[5.521s] -- Installing: /home/dronelab/vikram/slam-project/install/depthai_ros_msgs/include/depthai_ros_msgs/depthai_ros_msgs/msg/detail/spatial_detection_array__functions.c
[5.521s] -- Installing: /home/dronelab/vikram/slam-project/install/depthai_ros_msgs/include/depthai_ros_msgs/depthai_ros_msgs/msg/detail/imu_with_magnetic_field__struct.h
[5.521s] -- Installing: /home/dronelab/vikram/slam-project/install/depthai_ros_msgs/include/depthai_ros_msgs/depthai_ros_msgs/msg/hand_landmark_array.h
[5.521s] -- Installing: /home/dronelab/vikram/slam-project/install/depthai_ros_msgs/include/depthai_ros_msgs/depthai_ros_msgs/msg/rosidl_generator_c__visibility_control.h
[5.521s] -- Installing: /home/dronelab/vikram/slam-project/install/depthai_ros_msgs/share/depthai_ros_msgs/environment/library_path.sh
[5.521s] -- Installing: /home/dronelab/vikram/slam-project/install/depthai_ros_msgs/share/depthai_ros_msgs/environment/library_path.dsv
[5.522s] -- Installing: /home/dronelab/vikram/slam-project/install/depthai_ros_msgs/lib/libdepthai_ros_msgs__rosidl_generator_c.so
[5.522s] -- Set runtime path of "/home/dronelab/vikram/slam-project/install/depthai_ros_msgs/lib/libdepthai_ros_msgs__rosidl_generator_c.so" to ""
[5.522s] -- Up-to-date: /home/dronelab/vikram/slam-project/install/depthai_ros_msgs/include/depthai_ros_msgs/depthai_ros_msgs
[5.522s] -- Up-to-date: /home/dronelab/vikram/slam-project/install/depthai_ros_msgs/include/depthai_ros_msgs/depthai_ros_msgs/srv
[5.522s] -- Up-to-date: /home/dronelab/vikram/slam-project/install/depthai_ros_msgs/include/depthai_ros_msgs/depthai_ros_msgs/srv/detail
[5.522s] -- Installing: /home/dronelab/vikram/slam-project/install/depthai_ros_msgs/include/depthai_ros_msgs/depthai_ros_msgs/srv/detail/normalized_image_crop__rosidl_typesupport_fastrtps_c.h
[5.522s] -- Installing: /home/dronelab/vikram/slam-project/install/depthai_ros_msgs/include/depthai_ros_msgs/depthai_ros_msgs/srv/detail/set_local_transform__rosidl_typesupport_fastrtps_c.h
[5.522s] -- Installing: /home/dronelab/vikram/slam-project/install/depthai_ros_msgs/include/depthai_ros_msgs/depthai_ros_msgs/srv/detail/trigger_named__rosidl_typesupport_fastrtps_c.h
[5.523s] -- Up-to-date: /home/dronelab/vikram/slam-project/install/depthai_ros_msgs/include/depthai_ros_msgs/depthai_ros_msgs/msg
[5.523s] -- Installing: /home/dronelab/vikram/slam-project/install/depthai_ros_msgs/include/depthai_ros_msgs/depthai_ros_msgs/msg/rosidl_typesupport_fastrtps_c__visibility_control.h
[5.523s] -- Up-to-date: /home/dronelab/vikram/slam-project/install/depthai_ros_msgs/include/depthai_ros_msgs/depthai_ros_msgs/msg/detail
[5.523s] -- Installing: /home/dronelab/vikram/slam-project/install/depthai_ros_msgs/include/depthai_ros_msgs/depthai_ros_msgs/msg/detail/hand_landmark__rosidl_typesupport_fastrtps_c.h
[5.523s] -- Installing: /home/dronelab/vikram/slam-project/install/depthai_ros_msgs/include/depthai_ros_msgs/depthai_ros_msgs/msg/detail/track_detection2_d__rosidl_typesupport_fastrtps_c.h
[5.523s] -- Installing: /home/dronelab/vikram/slam-project/install/depthai_ros_msgs/include/depthai_ros_msgs/depthai_ros_msgs/msg/detail/imu_with_magnetic_field__rosidl_typesupport_fastrtps_c.h
[5.523s] -- Installing: /home/dronelab/vikram/slam-project/install/depthai_ros_msgs/include/depthai_ros_msgs/depthai_ros_msgs/msg/detail/tracked_feature__rosidl_typesupport_fastrtps_c.h
[5.523s] -- Installing: /home/dronelab/vikram/slam-project/install/depthai_ros_msgs/include/depthai_ros_msgs/depthai_ros_msgs/msg/detail/hand_landmark_array__rosidl_typesupport_fastrtps_c.h
[5.523s] -- Installing: /home/dronelab/vikram/slam-project/install/depthai_ros_msgs/include/depthai_ros_msgs/depthai_ros_msgs/msg/detail/tracked_features__rosidl_typesupport_fastrtps_c.h
[5.523s] -- Installing: /home/dronelab/vikram/slam-project/install/depthai_ros_msgs/include/depthai_ros_msgs/depthai_ros_msgs/msg/detail/track_detection2_d_array__rosidl_typesupport_fastrtps_c.h
[5.523s] -- Installing: /home/dronelab/vikram/slam-project/install/depthai_ros_msgs/include/depthai_ros_msgs/depthai_ros_msgs/msg/detail/auto_focus_ctrl__rosidl_typesupport_fastrtps_c.h
[5.523s] -- Installing: /home/dronelab/vikram/slam-project/install/depthai_ros_msgs/include/depthai_ros_msgs/depthai_ros_msgs/msg/detail/spatial_detection_array__rosidl_typesupport_fastrtps_c.h
[5.523s] -- Installing: /home/dronelab/vikram/slam-project/install/depthai_ros_msgs/include/depthai_ros_msgs/depthai_ros_msgs/msg/detail/spatial_detection__rosidl_typesupport_fastrtps_c.h
[5.524s] -- Installing: /home/dronelab/vikram/slam-project/install/depthai_ros_msgs/lib/libdepthai_ros_msgs__rosidl_typesupport_fastrtps_c.so
[5.524s] -- Set runtime path of "/home/dronelab/vikram/slam-project/install/depthai_ros_msgs/lib/libdepthai_ros_msgs__rosidl_typesupport_fastrtps_c.so" to ""
[5.524s] -- Up-to-date: /home/dronelab/vikram/slam-project/install/depthai_ros_msgs/include/depthai_ros_msgs/depthai_ros_msgs
[5.524s] -- Up-to-date: /home/dronelab/vikram/slam-project/install/depthai_ros_msgs/include/depthai_ros_msgs/depthai_ros_msgs/srv
[5.524s] -- Installing: /home/dronelab/vikram/slam-project/install/depthai_ros_msgs/include/depthai_ros_msgs/depthai_ros_msgs/srv/normalized_image_crop.hpp
[5.524s] -- Installing: /home/dronelab/vikram/slam-project/install/depthai_ros_msgs/include/depthai_ros_msgs/depthai_ros_msgs/srv/trigger_named.hpp
[5.524s] -- Installing: /home/dronelab/vikram/slam-project/install/depthai_ros_msgs/include/depthai_ros_msgs/depthai_ros_msgs/srv/set_local_transform.hpp
[5.524s] -- Up-to-date: /home/dronelab/vikram/slam-project/install/depthai_ros_msgs/include/depthai_ros_msgs/depthai_ros_msgs/srv/detail
[5.524s] -- Installing: /home/dronelab/vikram/slam-project/install/depthai_ros_msgs/include/depthai_ros_msgs/depthai_ros_msgs/srv/detail/set_local_transform__traits.hpp
[5.524s] -- Installing: /home/dronelab/vikram/slam-project/install/depthai_ros_msgs/include/depthai_ros_msgs/depthai_ros_msgs/srv/detail/set_local_transform__struct.hpp
[5.525s] -- Installing: /home/dronelab/vikram/slam-project/install/depthai_ros_msgs/include/depthai_ros_msgs/depthai_ros_msgs/srv/detail/normalized_image_crop__traits.hpp
[5.525s] -- Installing: /home/dronelab/vikram/slam-project/install/depthai_ros_msgs/include/depthai_ros_msgs/depthai_ros_msgs/srv/detail/normalized_image_crop__struct.hpp
[5.525s] -- Installing: /home/dronelab/vikram/slam-project/install/depthai_ros_msgs/include/depthai_ros_msgs/depthai_ros_msgs/srv/detail/trigger_named__struct.hpp
[5.525s] -- Installing: /home/dronelab/vikram/slam-project/install/depthai_ros_msgs/include/depthai_ros_msgs/depthai_ros_msgs/srv/detail/trigger_named__traits.hpp
[5.525s] -- Installing: /home/dronelab/vikram/slam-project/install/depthai_ros_msgs/include/depthai_ros_msgs/depthai_ros_msgs/srv/detail/trigger_named__builder.hpp
[5.525s] -- Installing: /home/dronelab/vikram/slam-project/install/depthai_ros_msgs/include/depthai_ros_msgs/depthai_ros_msgs/srv/detail/set_local_transform__builder.hpp
[5.525s] -- Installing: /home/dronelab/vikram/slam-project/install/depthai_ros_msgs/include/depthai_ros_msgs/depthai_ros_msgs/srv/detail/normalized_image_crop__builder.hpp
[5.525s] -- Up-to-date: /home/dronelab/vikram/slam-project/install/depthai_ros_msgs/include/depthai_ros_msgs/depthai_ros_msgs/msg
[5.525s] -- Installing: /home/dronelab/vikram/slam-project/install/depthai_ros_msgs/include/depthai_ros_msgs/depthai_ros_msgs/msg/auto_focus_ctrl.hpp
[5.525s] -- Installing: /home/dronelab/vikram/slam-project/install/depthai_ros_msgs/include/depthai_ros_msgs/depthai_ros_msgs/msg/spatial_detection.hpp
[5.525s] -- Installing: /home/dronelab/vikram/slam-project/install/depthai_ros_msgs/include/depthai_ros_msgs/depthai_ros_msgs/msg/spatial_detection_array.hpp
[5.525s] -- Installing: /home/dronelab/vikram/slam-project/install/depthai_ros_msgs/include/depthai_ros_msgs/depthai_ros_msgs/msg/track_detection2_d_array.hpp
[5.526s] -- Installing: /home/dronelab/vikram/slam-project/install/depthai_ros_msgs/include/depthai_ros_msgs/depthai_ros_msgs/msg/track_detection2_d.hpp
[5.526s] -- Installing: /home/dronelab/vikram/slam-project/install/depthai_ros_msgs/include/depthai_ros_msgs/depthai_ros_msgs/msg/hand_landmark_array.hpp
[5.526s] -- Installing: /home/dronelab/vikram/slam-project/install/depthai_ros_msgs/include/depthai_ros_msgs/depthai_ros_msgs/msg/hand_landmark.hpp
[5.526s] -- Up-to-date: /home/dronelab/vikram/slam-project/install/depthai_ros_msgs/include/depthai_ros_msgs/depthai_ros_msgs/msg/detail
[5.526s] -- Installing: /home/dronelab/vikram/slam-project/install/depthai_ros_msgs/include/depthai_ros_msgs/depthai_ros_msgs/msg/detail/track_detection2_d_array__traits.hpp
[5.526s] -- Installing: /home/dronelab/vikram/slam-project/install/depthai_ros_msgs/include/depthai_ros_msgs/depthai_ros_msgs/msg/detail/track_detection2_d_array__struct.hpp
[5.526s] -- Installing: /home/dronelab/vikram/slam-project/install/depthai_ros_msgs/include/depthai_ros_msgs/depthai_ros_msgs/msg/detail/tracked_feature__traits.hpp
[5.526s] -- Installing: /home/dronelab/vikram/slam-project/install/depthai_ros_msgs/include/depthai_ros_msgs/depthai_ros_msgs/msg/detail/track_detection2_d__traits.hpp
[5.526s] -- Installing: /home/dronelab/vikram/slam-project/install/depthai_ros_msgs/include/depthai_ros_msgs/depthai_ros_msgs/msg/detail/auto_focus_ctrl__builder.hpp
[5.526s] -- Installing: /home/dronelab/vikram/slam-project/install/depthai_ros_msgs/include/depthai_ros_msgs/depthai_ros_msgs/msg/detail/hand_landmark_array__builder.hpp
[5.526s] -- Installing: /home/dronelab/vikram/slam-project/install/depthai_ros_msgs/include/depthai_ros_msgs/depthai_ros_msgs/msg/detail/hand_landmark__traits.hpp
[5.527s] -- Installing: /home/dronelab/vikram/slam-project/install/depthai_ros_msgs/include/depthai_ros_msgs/depthai_ros_msgs/msg/detail/hand_landmark__builder.hpp
[5.527s] -- Installing: /home/dronelab/vikram/slam-project/install/depthai_ros_msgs/include/depthai_ros_msgs/depthai_ros_msgs/msg/detail/spatial_detection__builder.hpp
[5.527s] -- Installing: /home/dronelab/vikram/slam-project/install/depthai_ros_msgs/include/depthai_ros_msgs/depthai_ros_msgs/msg/detail/spatial_detection_array__builder.hpp
[5.527s] -- Installing: /home/dronelab/vikram/slam-project/install/depthai_ros_msgs/include/depthai_ros_msgs/depthai_ros_msgs/msg/detail/imu_with_magnetic_field__traits.hpp
[5.527s] -- Installing: /home/dronelab/vikram/slam-project/install/depthai_ros_msgs/include/depthai_ros_msgs/depthai_ros_msgs/msg/detail/auto_focus_ctrl__traits.hpp
[5.527s] -- Installing: /home/dronelab/vikram/slam-project/install/depthai_ros_msgs/include/depthai_ros_msgs/depthai_ros_msgs/msg/detail/auto_focus_ctrl__struct.hpp
[5.527s] -- Installing: /home/dronelab/vikram/slam-project/install/depthai_ros_msgs/include/depthai_ros_msgs/depthai_ros_msgs/msg/detail/tracked_features__builder.hpp
[5.527s] -- Installing: /home/dronelab/vikram/slam-project/install/depthai_ros_msgs/include/depthai_ros_msgs/depthai_ros_msgs/msg/detail/spatial_detection__struct.hpp
[5.527s] -- Installing: /home/dronelab/vikram/slam-project/install/depthai_ros_msgs/include/depthai_ros_msgs/depthai_ros_msgs/msg/detail/hand_landmark_array__struct.hpp
[5.527s] -- Installing: /home/dronelab/vikram/slam-project/install/depthai_ros_msgs/include/depthai_ros_msgs/depthai_ros_msgs/msg/detail/track_detection2_d__struct.hpp
[5.527s] -- Installing: /home/dronelab/vikram/slam-project/install/depthai_ros_msgs/include/depthai_ros_msgs/depthai_ros_msgs/msg/detail/tracked_feature__struct.hpp
[5.527s] -- Installing: /home/dronelab/vikram/slam-project/install/depthai_ros_msgs/include/depthai_ros_msgs/depthai_ros_msgs/msg/detail/spatial_detection__traits.hpp
[5.527s] -- Installing: /home/dronelab/vikram/slam-project/install/depthai_ros_msgs/include/depthai_ros_msgs/depthai_ros_msgs/msg/detail/imu_with_magnetic_field__struct.hpp
[5.527s] -- Installing: /home/dronelab/vikram/slam-project/install/depthai_ros_msgs/include/depthai_ros_msgs/depthai_ros_msgs/msg/detail/track_detection2_d__builder.hpp
[5.527s] -- Installing: /home/dronelab/vikram/slam-project/install/depthai_ros_msgs/include/depthai_ros_msgs/depthai_ros_msgs/msg/detail/hand_landmark_array__traits.hpp
[5.527s] -- Installing: /home/dronelab/vikram/slam-project/install/depthai_ros_msgs/include/depthai_ros_msgs/depthai_ros_msgs/msg/detail/spatial_detection_array__traits.hpp
[5.527s] -- Installing: /home/dronelab/vikram/slam-project/install/depthai_ros_msgs/include/depthai_ros_msgs/depthai_ros_msgs/msg/detail/tracked_features__traits.hpp
[5.527s] -- Installing: /home/dronelab/vikram/slam-project/install/depthai_ros_msgs/include/depthai_ros_msgs/depthai_ros_msgs/msg/detail/track_detection2_d_array__builder.hpp
[5.527s] -- Installing: /home/dronelab/vikram/slam-project/install/depthai_ros_msgs/include/depthai_ros_msgs/depthai_ros_msgs/msg/detail/tracked_feature__builder.hpp
[5.527s] -- Installing: /home/dronelab/vikram/slam-project/install/depthai_ros_msgs/include/depthai_ros_msgs/depthai_ros_msgs/msg/detail/imu_with_magnetic_field__builder.hpp
[5.527s] -- Installing: /home/dronelab/vikram/slam-project/install/depthai_ros_msgs/include/depthai_ros_msgs/depthai_ros_msgs/msg/detail/hand_landmark__struct.hpp
[5.527s] -- Installing: /home/dronelab/vikram/slam-project/install/depthai_ros_msgs/include/depthai_ros_msgs/depthai_ros_msgs/msg/detail/spatial_detection_array__struct.hpp
[5.528s] -- Installing: /home/dronelab/vikram/slam-project/install/depthai_ros_msgs/include/depthai_ros_msgs/depthai_ros_msgs/msg/detail/tracked_features__struct.hpp
[5.528s] -- Installing: /home/dronelab/vikram/slam-project/install/depthai_ros_msgs/include/depthai_ros_msgs/depthai_ros_msgs/msg/tracked_feature.hpp
[5.528s] -- Installing: /home/dronelab/vikram/slam-project/install/depthai_ros_msgs/include/depthai_ros_msgs/depthai_ros_msgs/msg/imu_with_magnetic_field.hpp
[5.528s] -- Installing: /home/dronelab/vikram/slam-project/install/depthai_ros_msgs/include/depthai_ros_msgs/depthai_ros_msgs/msg/tracked_features.hpp
[5.528s] -- Up-to-date: /home/dronelab/vikram/slam-project/install/depthai_ros_msgs/include/depthai_ros_msgs/depthai_ros_msgs
[5.528s] -- Up-to-date: /home/dronelab/vikram/slam-project/install/depthai_ros_msgs/include/depthai_ros_msgs/depthai_ros_msgs/srv
[5.528s] -- Up-to-date: /home/dronelab/vikram/slam-project/install/depthai_ros_msgs/include/depthai_ros_msgs/depthai_ros_msgs/srv/detail
[5.528s] -- Installing: /home/dronelab/vikram/slam-project/install/depthai_ros_msgs/include/depthai_ros_msgs/depthai_ros_msgs/srv/detail/set_local_transform__rosidl_typesupport_fastrtps_cpp.hpp
[5.528s] -- Installing: /home/dronelab/vikram/slam-project/install/depthai_ros_msgs/include/depthai_ros_msgs/depthai_ros_msgs/srv/detail/dds_fastrtps
[5.528s] -- Installing: /home/dronelab/vikram/slam-project/install/depthai_ros_msgs/include/depthai_ros_msgs/depthai_ros_msgs/srv/detail/trigger_named__rosidl_typesupport_fastrtps_cpp.hpp
[5.528s] -- Installing: /home/dronelab/vikram/slam-project/install/depthai_ros_msgs/include/depthai_ros_msgs/depthai_ros_msgs/srv/detail/normalized_image_crop__rosidl_typesupport_fastrtps_cpp.hpp
[5.528s] -- Up-to-date: /home/dronelab/vikram/slam-project/install/depthai_ros_msgs/include/depthai_ros_msgs/depthai_ros_msgs/msg
[5.528s] -- Installing: /home/dronelab/vikram/slam-project/install/depthai_ros_msgs/include/depthai_ros_msgs/depthai_ros_msgs/msg/rosidl_typesupport_fastrtps_cpp__visibility_control.h
[5.528s] -- Up-to-date: /home/dronelab/vikram/slam-project/install/depthai_ros_msgs/include/depthai_ros_msgs/depthai_ros_msgs/msg/detail
[5.528s] -- Installing: /home/dronelab/vikram/slam-project/install/depthai_ros_msgs/include/depthai_ros_msgs/depthai_ros_msgs/msg/detail/track_detection2_d_array__rosidl_typesupport_fastrtps_cpp.hpp
[5.528s] -- Installing: /home/dronelab/vikram/slam-project/install/depthai_ros_msgs/include/depthai_ros_msgs/depthai_ros_msgs/msg/detail/dds_fastrtps
[5.528s] -- Installing: /home/dronelab/vikram/slam-project/install/depthai_ros_msgs/include/depthai_ros_msgs/depthai_ros_msgs/msg/detail/tracked_feature__rosidl_typesupport_fastrtps_cpp.hpp
[5.528s] -- Installing: /home/dronelab/vikram/slam-project/install/depthai_ros_msgs/include/depthai_ros_msgs/depthai_ros_msgs/msg/detail/track_detection2_d__rosidl_typesupport_fastrtps_cpp.hpp
[5.528s] -- Installing: /home/dronelab/vikram/slam-project/install/depthai_ros_msgs/include/depthai_ros_msgs/depthai_ros_msgs/msg/detail/hand_landmark__rosidl_typesupport_fastrtps_cpp.hpp
[5.528s] -- Installing: /home/dronelab/vikram/slam-project/install/depthai_ros_msgs/include/depthai_ros_msgs/depthai_ros_msgs/msg/detail/imu_with_magnetic_field__rosidl_typesupport_fastrtps_cpp.hpp
[5.528s] -- Installing: /home/dronelab/vikram/slam-project/install/depthai_ros_msgs/include/depthai_ros_msgs/depthai_ros_msgs/msg/detail/auto_focus_ctrl__rosidl_typesupport_fastrtps_cpp.hpp
[5.528s] -- Installing: /home/dronelab/vikram/slam-project/install/depthai_ros_msgs/include/depthai_ros_msgs/depthai_ros_msgs/msg/detail/tracked_features__rosidl_typesupport_fastrtps_cpp.hpp
[5.529s] -- Installing: /home/dronelab/vikram/slam-project/install/depthai_ros_msgs/include/depthai_ros_msgs/depthai_ros_msgs/msg/detail/spatial_detection__rosidl_typesupport_fastrtps_cpp.hpp
[5.529s] -- Installing: /home/dronelab/vikram/slam-project/install/depthai_ros_msgs/include/depthai_ros_msgs/depthai_ros_msgs/msg/detail/hand_landmark_array__rosidl_typesupport_fastrtps_cpp.hpp
[5.529s] -- Installing: /home/dronelab/vikram/slam-project/install/depthai_ros_msgs/include/depthai_ros_msgs/depthai_ros_msgs/msg/detail/spatial_detection_array__rosidl_typesupport_fastrtps_cpp.hpp
[5.529s] -- Installing: /home/dronelab/vikram/slam-project/install/depthai_ros_msgs/lib/libdepthai_ros_msgs__rosidl_typesupport_fastrtps_cpp.so
[5.529s] -- Set runtime path of "/home/dronelab/vikram/slam-project/install/depthai_ros_msgs/lib/libdepthai_ros_msgs__rosidl_typesupport_fastrtps_cpp.so" to ""
[5.529s] -- Up-to-date: /home/dronelab/vikram/slam-project/install/depthai_ros_msgs/include/depthai_ros_msgs/depthai_ros_msgs
[5.529s] -- Up-to-date: /home/dronelab/vikram/slam-project/install/depthai_ros_msgs/include/depthai_ros_msgs/depthai_ros_msgs/srv
[5.529s] -- Up-to-date: /home/dronelab/vikram/slam-project/install/depthai_ros_msgs/include/depthai_ros_msgs/depthai_ros_msgs/srv/detail
[5.529s] -- Installing: /home/dronelab/vikram/slam-project/install/depthai_ros_msgs/include/depthai_ros_msgs/depthai_ros_msgs/srv/detail/set_local_transform__rosidl_typesupport_introspection_c.h
[5.529s] -- Installing: /home/dronelab/vikram/slam-project/install/depthai_ros_msgs/include/depthai_ros_msgs/depthai_ros_msgs/srv/detail/normalized_image_crop__type_support.c
[5.529s] -- Installing: /home/dronelab/vikram/slam-project/install/depthai_ros_msgs/include/depthai_ros_msgs/depthai_ros_msgs/srv/detail/normalized_image_crop__rosidl_typesupport_introspection_c.h
[5.529s] -- Installing: /home/dronelab/vikram/slam-project/install/depthai_ros_msgs/include/depthai_ros_msgs/depthai_ros_msgs/srv/detail/set_local_transform__type_support.c
[5.529s] -- Installing: /home/dronelab/vikram/slam-project/install/depthai_ros_msgs/include/depthai_ros_msgs/depthai_ros_msgs/srv/detail/trigger_named__type_support.c
[5.529s] -- Installing: /home/dronelab/vikram/slam-project/install/depthai_ros_msgs/include/depthai_ros_msgs/depthai_ros_msgs/srv/detail/trigger_named__rosidl_typesupport_introspection_c.h
[5.529s] -- Up-to-date: /home/dronelab/vikram/slam-project/install/depthai_ros_msgs/include/depthai_ros_msgs/depthai_ros_msgs/msg
[5.529s] -- Installing: /home/dronelab/vikram/slam-project/install/depthai_ros_msgs/include/depthai_ros_msgs/depthai_ros_msgs/msg/rosidl_typesupport_introspection_c__visibility_control.h
[5.529s] -- Up-to-date: /home/dronelab/vikram/slam-project/install/depthai_ros_msgs/include/depthai_ros_msgs/depthai_ros_msgs/msg/detail
[5.529s] -- Installing: /home/dronelab/vikram/slam-project/install/depthai_ros_msgs/include/depthai_ros_msgs/depthai_ros_msgs/msg/detail/tracked_features__type_support.c
[5.529s] -- Installing: /home/dronelab/vikram/slam-project/install/depthai_ros_msgs/include/depthai_ros_msgs/depthai_ros_msgs/msg/detail/imu_with_magnetic_field__type_support.c
[5.529s] -- Installing: /home/dronelab/vikram/slam-project/install/depthai_ros_msgs/include/depthai_ros_msgs/depthai_ros_msgs/msg/detail/hand_landmark_array__type_support.c
[5.529s] -- Installing: /home/dronelab/vikram/slam-project/install/depthai_ros_msgs/include/depthai_ros_msgs/depthai_ros_msgs/msg/detail/track_detection2_d__type_support.c
[5.529s] -- Installing: /home/dronelab/vikram/slam-project/install/depthai_ros_msgs/include/depthai_ros_msgs/depthai_ros_msgs/msg/detail/tracked_feature__rosidl_typesupport_introspection_c.h
[5.530s] -- Installing: /home/dronelab/vikram/slam-project/install/depthai_ros_msgs/include/depthai_ros_msgs/depthai_ros_msgs/msg/detail/tracked_features__rosidl_typesupport_introspection_c.h
[5.530s] -- Installing: /home/dronelab/vikram/slam-project/install/depthai_ros_msgs/include/depthai_ros_msgs/depthai_ros_msgs/msg/detail/hand_landmark__type_support.c
[5.530s] -- Installing: /home/dronelab/vikram/slam-project/install/depthai_ros_msgs/include/depthai_ros_msgs/depthai_ros_msgs/msg/detail/track_detection2_d_array__rosidl_typesupport_introspection_c.h
[5.530s] -- Installing: /home/dronelab/vikram/slam-project/install/depthai_ros_msgs/include/depthai_ros_msgs/depthai_ros_msgs/msg/detail/spatial_detection__rosidl_typesupport_introspection_c.h
[5.530s] -- Installing: /home/dronelab/vikram/slam-project/install/depthai_ros_msgs/include/depthai_ros_msgs/depthai_ros_msgs/msg/detail/auto_focus_ctrl__rosidl_typesupport_introspection_c.h
[5.530s] -- Installing: /home/dronelab/vikram/slam-project/install/depthai_ros_msgs/include/depthai_ros_msgs/depthai_ros_msgs/msg/detail/tracked_feature__type_support.c
[5.530s] -- Installing: /home/dronelab/vikram/slam-project/install/depthai_ros_msgs/include/depthai_ros_msgs/depthai_ros_msgs/msg/detail/spatial_detection__type_support.c
[5.530s] -- Installing: /home/dronelab/vikram/slam-project/install/depthai_ros_msgs/include/depthai_ros_msgs/depthai_ros_msgs/msg/detail/spatial_detection_array__rosidl_typesupport_introspection_c.h
[5.530s] -- Installing: /home/dronelab/vikram/slam-project/install/depthai_ros_msgs/include/depthai_ros_msgs/depthai_ros_msgs/msg/detail/hand_landmark__rosidl_typesupport_introspection_c.h
[5.530s] -- Installing: /home/dronelab/vikram/slam-project/install/depthai_ros_msgs/include/depthai_ros_msgs/depthai_ros_msgs/msg/detail/imu_with_magnetic_field__rosidl_typesupport_introspection_c.h
[5.530s] -- Installing: /home/dronelab/vikram/slam-project/install/depthai_ros_msgs/include/depthai_ros_msgs/depthai_ros_msgs/msg/detail/track_detection2_d__rosidl_typesupport_introspection_c.h
[5.530s] -- Installing: /home/dronelab/vikram/slam-project/install/depthai_ros_msgs/include/depthai_ros_msgs/depthai_ros_msgs/msg/detail/track_detection2_d_array__type_support.c
[5.530s] -- Installing: /home/dronelab/vikram/slam-project/install/depthai_ros_msgs/include/depthai_ros_msgs/depthai_ros_msgs/msg/detail/hand_landmark_array__rosidl_typesupport_introspection_c.h
[5.530s] -- Installing: /home/dronelab/vikram/slam-project/install/depthai_ros_msgs/include/depthai_ros_msgs/depthai_ros_msgs/msg/detail/spatial_detection_array__type_support.c
[5.530s] -- Installing: /home/dronelab/vikram/slam-project/install/depthai_ros_msgs/include/depthai_ros_msgs/depthai_ros_msgs/msg/detail/auto_focus_ctrl__type_support.c
[5.530s] -- Installing: /home/dronelab/vikram/slam-project/install/depthai_ros_msgs/lib/libdepthai_ros_msgs__rosidl_typesupport_introspection_c.so
[5.530s] -- Set runtime path of "/home/dronelab/vikram/slam-project/install/depthai_ros_msgs/lib/libdepthai_ros_msgs__rosidl_typesupport_introspection_c.so" to ""
[5.530s] -- Installing: /home/dronelab/vikram/slam-project/install/depthai_ros_msgs/lib/libdepthai_ros_msgs__rosidl_typesupport_c.so
[5.530s] -- Set runtime path of "/home/dronelab/vikram/slam-project/install/depthai_ros_msgs/lib/libdepthai_ros_msgs__rosidl_typesupport_c.so" to ""
[5.530s] -- Up-to-date: /home/dronelab/vikram/slam-project/install/depthai_ros_msgs/include/depthai_ros_msgs/depthai_ros_msgs
[5.530s] -- Up-to-date: /home/dronelab/vikram/slam-project/install/depthai_ros_msgs/include/depthai_ros_msgs/depthai_ros_msgs/srv
[5.531s] -- Up-to-date: /home/dronelab/vikram/slam-project/install/depthai_ros_msgs/include/depthai_ros_msgs/depthai_ros_msgs/srv/detail
[5.531s] -- Installing: /home/dronelab/vikram/slam-project/install/depthai_ros_msgs/include/depthai_ros_msgs/depthai_ros_msgs/srv/detail/set_local_transform__type_support.cpp
[5.531s] -- Installing: /home/dronelab/vikram/slam-project/install/depthai_ros_msgs/include/depthai_ros_msgs/depthai_ros_msgs/srv/detail/set_local_transform__rosidl_typesupport_introspection_cpp.hpp
[5.531s] -- Installing: /home/dronelab/vikram/slam-project/install/depthai_ros_msgs/include/depthai_ros_msgs/depthai_ros_msgs/srv/detail/trigger_named__rosidl_typesupport_introspection_cpp.hpp
[5.531s] -- Installing: /home/dronelab/vikram/slam-project/install/depthai_ros_msgs/include/depthai_ros_msgs/depthai_ros_msgs/srv/detail/normalized_image_crop__rosidl_typesupport_introspection_cpp.hpp
[5.531s] -- Installing: /home/dronelab/vikram/slam-project/install/depthai_ros_msgs/include/depthai_ros_msgs/depthai_ros_msgs/srv/detail/trigger_named__type_support.cpp
[5.531s] -- Installing: /home/dronelab/vikram/slam-project/install/depthai_ros_msgs/include/depthai_ros_msgs/depthai_ros_msgs/srv/detail/normalized_image_crop__type_support.cpp
[5.531s] -- Up-to-date: /home/dronelab/vikram/slam-project/install/depthai_ros_msgs/include/depthai_ros_msgs/depthai_ros_msgs/msg
[5.531s] -- Up-to-date: /home/dronelab/vikram/slam-project/install/depthai_ros_msgs/include/depthai_ros_msgs/depthai_ros_msgs/msg/detail
[5.531s] -- Installing: /home/dronelab/vikram/slam-project/install/depthai_ros_msgs/include/depthai_ros_msgs/depthai_ros_msgs/msg/detail/tracked_features__type_support.cpp
[5.531s] -- Installing: /home/dronelab/vikram/slam-project/install/depthai_ros_msgs/include/depthai_ros_msgs/depthai_ros_msgs/msg/detail/imu_with_magnetic_field__type_support.cpp
[5.531s] -- Installing: /home/dronelab/vikram/slam-project/install/depthai_ros_msgs/include/depthai_ros_msgs/depthai_ros_msgs/msg/detail/spatial_detection__rosidl_typesupport_introspection_cpp.hpp
[5.531s] -- Installing: /home/dronelab/vikram/slam-project/install/depthai_ros_msgs/include/depthai_ros_msgs/depthai_ros_msgs/msg/detail/tracked_feature__rosidl_typesupport_introspection_cpp.hpp
[5.531s] -- Installing: /home/dronelab/vikram/slam-project/install/depthai_ros_msgs/include/depthai_ros_msgs/depthai_ros_msgs/msg/detail/tracked_features__rosidl_typesupport_introspection_cpp.hpp
[5.531s] -- Installing: /home/dronelab/vikram/slam-project/install/depthai_ros_msgs/include/depthai_ros_msgs/depthai_ros_msgs/msg/detail/track_detection2_d_array__rosidl_typesupport_introspection_cpp.hpp
[5.531s] -- Installing: /home/dronelab/vikram/slam-project/install/depthai_ros_msgs/include/depthai_ros_msgs/depthai_ros_msgs/msg/detail/auto_focus_ctrl__rosidl_typesupport_introspection_cpp.hpp
[5.531s] -- Installing: /home/dronelab/vikram/slam-project/install/depthai_ros_msgs/include/depthai_ros_msgs/depthai_ros_msgs/msg/detail/spatial_detection_array__rosidl_typesupport_introspection_cpp.hpp
[5.531s] -- Installing: /home/dronelab/vikram/slam-project/install/depthai_ros_msgs/include/depthai_ros_msgs/depthai_ros_msgs/msg/detail/track_detection2_d__rosidl_typesupport_introspection_cpp.hpp
[5.531s] -- Installing: /home/dronelab/vikram/slam-project/install/depthai_ros_msgs/include/depthai_ros_msgs/depthai_ros_msgs/msg/detail/hand_landmark__rosidl_typesupport_introspection_cpp.hpp
[5.531s] -- Installing: /home/dronelab/vikram/slam-project/install/depthai_ros_msgs/include/depthai_ros_msgs/depthai_ros_msgs/msg/detail/spatial_detection_array__type_support.cpp
[5.531s] -- Installing: /home/dronelab/vikram/slam-project/install/depthai_ros_msgs/include/depthai_ros_msgs/depthai_ros_msgs/msg/detail/track_detection2_d__type_support.cpp
[5.531s] -- Installing: /home/dronelab/vikram/slam-project/install/depthai_ros_msgs/include/depthai_ros_msgs/depthai_ros_msgs/msg/detail/spatial_detection__type_support.cpp
[5.531s] -- Installing: /home/dronelab/vikram/slam-project/install/depthai_ros_msgs/include/depthai_ros_msgs/depthai_ros_msgs/msg/detail/imu_with_magnetic_field__rosidl_typesupport_introspection_cpp.hpp
[5.531s] -- Installing: /home/dronelab/vikram/slam-project/install/depthai_ros_msgs/include/depthai_ros_msgs/depthai_ros_msgs/msg/detail/hand_landmark__type_support.cpp
[5.531s] -- Installing: /home/dronelab/vikram/slam-project/install/depthai_ros_msgs/include/depthai_ros_msgs/depthai_ros_msgs/msg/detail/hand_landmark_array__type_support.cpp
[5.532s] -- Installing: /home/dronelab/vikram/slam-project/install/depthai_ros_msgs/include/depthai_ros_msgs/depthai_ros_msgs/msg/detail/hand_landmark_array__rosidl_typesupport_introspection_cpp.hpp
[5.532s] -- Installing: /home/dronelab/vikram/slam-project/install/depthai_ros_msgs/include/depthai_ros_msgs/depthai_ros_msgs/msg/detail/auto_focus_ctrl__type_support.cpp
[5.532s] -- Installing: /home/dronelab/vikram/slam-project/install/depthai_ros_msgs/include/depthai_ros_msgs/depthai_ros_msgs/msg/detail/tracked_feature__type_support.cpp
[5.532s] -- Installing: /home/dronelab/vikram/slam-project/install/depthai_ros_msgs/include/depthai_ros_msgs/depthai_ros_msgs/msg/detail/track_detection2_d_array__type_support.cpp
[5.532s] -- Installing: /home/dronelab/vikram/slam-project/install/depthai_ros_msgs/lib/libdepthai_ros_msgs__rosidl_typesupport_introspection_cpp.so
[5.532s] -- Set runtime path of "/home/dronelab/vikram/slam-project/install/depthai_ros_msgs/lib/libdepthai_ros_msgs__rosidl_typesupport_introspection_cpp.so" to ""
[5.532s] -- Installing: /home/dronelab/vikram/slam-project/install/depthai_ros_msgs/lib/libdepthai_ros_msgs__rosidl_typesupport_cpp.so
[5.532s] -- Set runtime path of "/home/dronelab/vikram/slam-project/install/depthai_ros_msgs/lib/libdepthai_ros_msgs__rosidl_typesupport_cpp.so" to ""
[5.532s] -- Installing: /home/dronelab/vikram/slam-project/install/depthai_ros_msgs/share/depthai_ros_msgs/environment/pythonpath.sh
[5.532s] -- Installing: /home/dronelab/vikram/slam-project/install/depthai_ros_msgs/share/depthai_ros_msgs/environment/pythonpath.dsv
[5.532s] -- Installing: /home/dronelab/vikram/slam-project/install/depthai_ros_msgs/local/lib/python3.10/dist-packages/depthai_ros_msgs-3.0.9-py3.10.egg-info
[5.532s] -- Installing: /home/dronelab/vikram/slam-project/install/depthai_ros_msgs/local/lib/python3.10/dist-packages/depthai_ros_msgs-3.0.9-py3.10.egg-info/PKG-INFO
[5.532s] -- Installing: /home/dronelab/vikram/slam-project/install/depthai_ros_msgs/local/lib/python3.10/dist-packages/depthai_ros_msgs-3.0.9-py3.10.egg-info/SOURCES.txt
[5.532s] -- Installing: /home/dronelab/vikram/slam-project/install/depthai_ros_msgs/local/lib/python3.10/dist-packages/depthai_ros_msgs-3.0.9-py3.10.egg-info/top_level.txt
[5.532s] -- Installing: /home/dronelab/vikram/slam-project/install/depthai_ros_msgs/local/lib/python3.10/dist-packages/depthai_ros_msgs-3.0.9-py3.10.egg-info/dependency_links.txt
[5.532s] -- Installing: /home/dronelab/vikram/slam-project/install/depthai_ros_msgs/local/lib/python3.10/dist-packages/depthai_ros_msgs
[5.533s] -- Installing: /home/dronelab/vikram/slam-project/install/depthai_ros_msgs/local/lib/python3.10/dist-packages/depthai_ros_msgs/_depthai_ros_msgs_s.ep.rosidl_typesupport_fastrtps_c.c
[5.533s] -- Installing: /home/dronelab/vikram/slam-project/install/depthai_ros_msgs/local/lib/python3.10/dist-packages/depthai_ros_msgs/srv
[5.533s] -- Installing: /home/dronelab/vikram/slam-project/install/depthai_ros_msgs/local/lib/python3.10/dist-packages/depthai_ros_msgs/srv/_set_local_transform_s.c
[5.533s] -- Installing: /home/dronelab/vikram/slam-project/install/depthai_ros_msgs/local/lib/python3.10/dist-packages/depthai_ros_msgs/srv/_set_local_transform.py
[5.533s] -- Installing: /home/dronelab/vikram/slam-project/install/depthai_ros_msgs/local/lib/python3.10/dist-packages/depthai_ros_msgs/srv/_normalized_image_crop.py
[5.533s] -- Installing: /home/dronelab/vikram/slam-project/install/depthai_ros_msgs/local/lib/python3.10/dist-packages/depthai_ros_msgs/srv/__init__.py
[5.533s] -- Installing: /home/dronelab/vikram/slam-project/install/depthai_ros_msgs/local/lib/python3.10/dist-packages/depthai_ros_msgs/srv/_normalized_image_crop_s.c
[5.533s] -- Installing: /home/dronelab/vikram/slam-project/install/depthai_ros_msgs/local/lib/python3.10/dist-packages/depthai_ros_msgs/srv/_trigger_named.py
[5.533s] -- Installing: /home/dronelab/vikram/slam-project/install/depthai_ros_msgs/local/lib/python3.10/dist-packages/depthai_ros_msgs/srv/_trigger_named_s.c
[5.533s] -- Installing: /home/dronelab/vikram/slam-project/install/depthai_ros_msgs/local/lib/python3.10/dist-packages/depthai_ros_msgs/depthai_ros_msgs_s__rosidl_typesupport_c.cpython-310-x86_64-linux-gnu.so
[5.533s] -- Installing: /home/dronelab/vikram/slam-project/install/depthai_ros_msgs/local/lib/python3.10/dist-packages/depthai_ros_msgs/depthai_ros_msgs_s__rosidl_typesupport_introspection_c.cpython-310-x86_64-linux-gnu.so
[5.533s] -- Installing: /home/dronelab/vikram/slam-project/install/depthai_ros_msgs/local/lib/python3.10/dist-packages/depthai_ros_msgs/depthai_ros_msgs_s__rosidl_typesupport_fastrtps_c.cpython-310-x86_64-linux-gnu.so
[5.533s] -- Installing: /home/dronelab/vikram/slam-project/install/depthai_ros_msgs/local/lib/python3.10/dist-packages/depthai_ros_msgs/_depthai_ros_msgs_s.ep.rosidl_typesupport_introspection_c.c
[5.533s] -- Installing: /home/dronelab/vikram/slam-project/install/depthai_ros_msgs/local/lib/python3.10/dist-packages/depthai_ros_msgs/msg
[5.533s] -- Installing: /home/dronelab/vikram/slam-project/install/depthai_ros_msgs/local/lib/python3.10/dist-packages/depthai_ros_msgs/msg/_auto_focus_ctrl.py
[5.533s] -- Installing: /home/dronelab/vikram/slam-project/install/depthai_ros_msgs/local/lib/python3.10/dist-packages/depthai_ros_msgs/msg/_spatial_detection_array.py
[5.533s] -- Installing: /home/dronelab/vikram/slam-project/install/depthai_ros_msgs/local/lib/python3.10/dist-packages/depthai_ros_msgs/msg/_track_detection2_d_s.c
[5.533s] -- Installing: /home/dronelab/vikram/slam-project/install/depthai_ros_msgs/local/lib/python3.10/dist-packages/depthai_ros_msgs/msg/_track_detection2_d_array.py
[5.533s] -- Installing: /home/dronelab/vikram/slam-project/install/depthai_ros_msgs/local/lib/python3.10/dist-packages/depthai_ros_msgs/msg/_spatial_detection_array_s.c
[5.533s] -- Installing: /home/dronelab/vikram/slam-project/install/depthai_ros_msgs/local/lib/python3.10/dist-packages/depthai_ros_msgs/msg/_track_detection2_d.py
[5.533s] -- Installing: /home/dronelab/vikram/slam-project/install/depthai_ros_msgs/local/lib/python3.10/dist-packages/depthai_ros_msgs/msg/_tracked_feature.py
[5.534s] -- Installing: /home/dronelab/vikram/slam-project/install/depthai_ros_msgs/local/lib/python3.10/dist-packages/depthai_ros_msgs/msg/_auto_focus_ctrl_s.c
[5.534s] -- Installing: /home/dronelab/vikram/slam-project/install/depthai_ros_msgs/local/lib/python3.10/dist-packages/depthai_ros_msgs/msg/_imu_with_magnetic_field.py
[5.534s] -- Installing: /home/dronelab/vikram/slam-project/install/depthai_ros_msgs/local/lib/python3.10/dist-packages/depthai_ros_msgs/msg/_track_detection2_d_array_s.c
[5.534s] -- Installing: /home/dronelab/vikram/slam-project/install/depthai_ros_msgs/local/lib/python3.10/dist-packages/depthai_ros_msgs/msg/_tracked_feature_s.c
[5.534s] -- Installing: /home/dronelab/vikram/slam-project/install/depthai_ros_msgs/local/lib/python3.10/dist-packages/depthai_ros_msgs/msg/_spatial_detection_s.c
[5.534s] -- Installing: /home/dronelab/vikram/slam-project/install/depthai_ros_msgs/local/lib/python3.10/dist-packages/depthai_ros_msgs/msg/_tracked_features.py
[5.534s] -- Installing: /home/dronelab/vikram/slam-project/install/depthai_ros_msgs/local/lib/python3.10/dist-packages/depthai_ros_msgs/msg/_hand_landmark_array_s.c
[5.534s] -- Installing: /home/dronelab/vikram/slam-project/install/depthai_ros_msgs/local/lib/python3.10/dist-packages/depthai_ros_msgs/msg/__init__.py
[5.534s] -- Installing: /home/dronelab/vikram/slam-project/install/depthai_ros_msgs/local/lib/python3.10/dist-packages/depthai_ros_msgs/msg/_spatial_detection.py
[5.534s] -- Installing: /home/dronelab/vikram/slam-project/install/depthai_ros_msgs/local/lib/python3.10/dist-packages/depthai_ros_msgs/msg/_hand_landmark_s.c
[5.534s] -- Installing: /home/dronelab/vikram/slam-project/install/depthai_ros_msgs/local/lib/python3.10/dist-packages/depthai_ros_msgs/msg/_tracked_features_s.c
[5.534s] -- Installing: /home/dronelab/vikram/slam-project/install/depthai_ros_msgs/local/lib/python3.10/dist-packages/depthai_ros_msgs/msg/_hand_landmark.py
[5.534s] -- Installing: /home/dronelab/vikram/slam-project/install/depthai_ros_msgs/local/lib/python3.10/dist-packages/depthai_ros_msgs/msg/_imu_with_magnetic_field_s.c
[5.534s] -- Installing: /home/dronelab/vikram/slam-project/install/depthai_ros_msgs/local/lib/python3.10/dist-packages/depthai_ros_msgs/msg/_hand_landmark_array.py
[5.534s] -- Installing: /home/dronelab/vikram/slam-project/install/depthai_ros_msgs/local/lib/python3.10/dist-packages/depthai_ros_msgs/__init__.py
[5.534s] -- Installing: /home/dronelab/vikram/slam-project/install/depthai_ros_msgs/local/lib/python3.10/dist-packages/depthai_ros_msgs/libdepthai_ros_msgs__rosidl_generator_py.so
[5.534s] -- Installing: /home/dronelab/vikram/slam-project/install/depthai_ros_msgs/local/lib/python3.10/dist-packages/depthai_ros_msgs/_depthai_ros_msgs_s.ep.rosidl_typesupport_c.c
[5.570s] Listing '/home/dronelab/vikram/slam-project/install/depthai_ros_msgs/local/lib/python3.10/dist-packages/depthai_ros_msgs'...
[5.570s] Compiling '/home/dronelab/vikram/slam-project/install/depthai_ros_msgs/local/lib/python3.10/dist-packages/depthai_ros_msgs/__init__.py'...
[5.570s] Listing '/home/dronelab/vikram/slam-project/install/depthai_ros_msgs/local/lib/python3.10/dist-packages/depthai_ros_msgs/msg'...
[5.571s] Compiling '/home/dronelab/vikram/slam-project/install/depthai_ros_msgs/local/lib/python3.10/dist-packages/depthai_ros_msgs/msg/__init__.py'...
[5.571s] Compiling '/home/dronelab/vikram/slam-project/install/depthai_ros_msgs/local/lib/python3.10/dist-packages/depthai_ros_msgs/msg/_auto_focus_ctrl.py'...
[5.571s] Compiling '/home/dronelab/vikram/slam-project/install/depthai_ros_msgs/local/lib/python3.10/dist-packages/depthai_ros_msgs/msg/_hand_landmark.py'...
[5.571s] Compiling '/home/dronelab/vikram/slam-project/install/depthai_ros_msgs/local/lib/python3.10/dist-packages/depthai_ros_msgs/msg/_hand_landmark_array.py'...
[5.571s] Compiling '/home/dronelab/vikram/slam-project/install/depthai_ros_msgs/local/lib/python3.10/dist-packages/depthai_ros_msgs/msg/_imu_with_magnetic_field.py'...
[5.571s] Compiling '/home/dronelab/vikram/slam-project/install/depthai_ros_msgs/local/lib/python3.10/dist-packages/depthai_ros_msgs/msg/_spatial_detection.py'...
[5.571s] Compiling '/home/dronelab/vikram/slam-project/install/depthai_ros_msgs/local/lib/python3.10/dist-packages/depthai_ros_msgs/msg/_spatial_detection_array.py'...
[5.571s] Compiling '/home/dronelab/vikram/slam-project/install/depthai_ros_msgs/local/lib/python3.10/dist-packages/depthai_ros_msgs/msg/_track_detection2_d.py'...
[5.571s] Compiling '/home/dronelab/vikram/slam-project/install/depthai_ros_msgs/local/lib/python3.10/dist-packages/depthai_ros_msgs/msg/_track_detection2_d_array.py'...
[5.571s] Compiling '/home/dronelab/vikram/slam-project/install/depthai_ros_msgs/local/lib/python3.10/dist-packages/depthai_ros_msgs/msg/_tracked_feature.py'...
[5.571s] Compiling '/home/dronelab/vikram/slam-project/install/depthai_ros_msgs/local/lib/python3.10/dist-packages/depthai_ros_msgs/msg/_tracked_features.py'...
[5.571s] Listing '/home/dronelab/vikram/slam-project/install/depthai_ros_msgs/local/lib/python3.10/dist-packages/depthai_ros_msgs/srv'...
[5.571s] Compiling '/home/dronelab/vikram/slam-project/install/depthai_ros_msgs/local/lib/python3.10/dist-packages/depthai_ros_msgs/srv/__init__.py'...
[5.571s] Compiling '/home/dronelab/vikram/slam-project/install/depthai_ros_msgs/local/lib/python3.10/dist-packages/depthai_ros_msgs/srv/_normalized_image_crop.py'...
[5.571s] Compiling '/home/dronelab/vikram/slam-project/install/depthai_ros_msgs/local/lib/python3.10/dist-packages/depthai_ros_msgs/srv/_set_local_transform.py'...
[5.571s] Compiling '/home/dronelab/vikram/slam-project/install/depthai_ros_msgs/local/lib/python3.10/dist-packages/depthai_ros_msgs/srv/_trigger_named.py'...
[5.574s] -- Installing: /home/dronelab/vikram/slam-project/install/depthai_ros_msgs/local/lib/python3.10/dist-packages/depthai_ros_msgs/depthai_ros_msgs_s__rosidl_typesupport_fastrtps_c.cpython-310-x86_64-linux-gnu.so
[5.574s] -- Set runtime path of "/home/dronelab/vikram/slam-project/install/depthai_ros_msgs/local/lib/python3.10/dist-packages/depthai_ros_msgs/depthai_ros_msgs_s__rosidl_typesupport_fastrtps_c.cpython-310-x86_64-linux-gnu.so" to ""
[5.574s] -- Installing: /home/dronelab/vikram/slam-project/install/depthai_ros_msgs/local/lib/python3.10/dist-packages/depthai_ros_msgs/depthai_ros_msgs_s__rosidl_typesupport_introspection_c.cpython-310-x86_64-linux-gnu.so
[5.574s] -- Set runtime path of "/home/dronelab/vikram/slam-project/install/depthai_ros_msgs/local/lib/python3.10/dist-packages/depthai_ros_msgs/depthai_ros_msgs_s__rosidl_typesupport_introspection_c.cpython-310-x86_64-linux-gnu.so" to ""
[5.574s] -- Installing: /home/dronelab/vikram/slam-project/install/depthai_ros_msgs/local/lib/python3.10/dist-packages/depthai_ros_msgs/depthai_ros_msgs_s__rosidl_typesupport_c.cpython-310-x86_64-linux-gnu.so
[5.574s] -- Set runtime path of "/home/dronelab/vikram/slam-project/install/depthai_ros_msgs/local/lib/python3.10/dist-packages/depthai_ros_msgs/depthai_ros_msgs_s__rosidl_typesupport_c.cpython-310-x86_64-linux-gnu.so" to ""
[5.574s] -- Installing: /home/dronelab/vikram/slam-project/install/depthai_ros_msgs/lib/libdepthai_ros_msgs__rosidl_generator_py.so
[5.574s] -- Set runtime path of "/home/dronelab/vikram/slam-project/install/depthai_ros_msgs/lib/libdepthai_ros_msgs__rosidl_generator_py.so" to ""
[5.574s] -- Installing: /home/dronelab/vikram/slam-project/install/depthai_ros_msgs/share/depthai_ros_msgs/msg/AutoFocusCtrl.idl
[5.574s] -- Installing: /home/dronelab/vikram/slam-project/install/depthai_ros_msgs/share/depthai_ros_msgs/msg/HandLandmark.idl
[5.574s] -- Installing: /home/dronelab/vikram/slam-project/install/depthai_ros_msgs/share/depthai_ros_msgs/msg/HandLandmarkArray.idl
[5.574s] -- Installing: /home/dronelab/vikram/slam-project/install/depthai_ros_msgs/share/depthai_ros_msgs/msg/ImuWithMagneticField.idl
[5.575s] -- Installing: /home/dronelab/vikram/slam-project/install/depthai_ros_msgs/share/depthai_ros_msgs/msg/TrackedFeature.idl
[5.575s] -- Installing: /home/dronelab/vikram/slam-project/install/depthai_ros_msgs/share/depthai_ros_msgs/msg/TrackedFeatures.idl
[5.575s] -- Installing: /home/dronelab/vikram/slam-project/install/depthai_ros_msgs/share/depthai_ros_msgs/msg/SpatialDetection.idl
[5.575s] -- Installing: /home/dronelab/vikram/slam-project/install/depthai_ros_msgs/share/depthai_ros_msgs/msg/SpatialDetectionArray.idl
[5.575s] -- Installing: /home/dronelab/vikram/slam-project/install/depthai_ros_msgs/share/depthai_ros_msgs/msg/TrackDetection2D.idl
[5.575s] -- Installing: /home/dronelab/vikram/slam-project/install/depthai_ros_msgs/share/depthai_ros_msgs/msg/TrackDetection2DArray.idl
[5.575s] -- Installing: /home/dronelab/vikram/slam-project/install/depthai_ros_msgs/share/depthai_ros_msgs/srv/SetLocalTransform.idl
[5.575s] -- Installing: /home/dronelab/vikram/slam-project/install/depthai_ros_msgs/share/depthai_ros_msgs/srv/TriggerNamed.idl
[5.575s] -- Installing: /home/dronelab/vikram/slam-project/install/depthai_ros_msgs/share/depthai_ros_msgs/srv/NormalizedImageCrop.idl
[5.575s] -- Installing: /home/dronelab/vikram/slam-project/install/depthai_ros_msgs/share/depthai_ros_msgs/msg/AutoFocusCtrl.msg
[5.575s] -- Installing: /home/dronelab/vikram/slam-project/install/depthai_ros_msgs/share/depthai_ros_msgs/msg/HandLandmark.msg
[5.575s] -- Installing: /home/dronelab/vikram/slam-project/install/depthai_ros_msgs/share/depthai_ros_msgs/msg/HandLandmarkArray.msg
[5.575s] -- Installing: /home/dronelab/vikram/slam-project/install/depthai_ros_msgs/share/depthai_ros_msgs/msg/ImuWithMagneticField.msg
[5.575s] -- Installing: /home/dronelab/vikram/slam-project/install/depthai_ros_msgs/share/depthai_ros_msgs/msg/TrackedFeature.msg
[5.575s] -- Installing: /home/dronelab/vikram/slam-project/install/depthai_ros_msgs/share/depthai_ros_msgs/msg/TrackedFeatures.msg
[5.575s] -- Installing: /home/dronelab/vikram/slam-project/install/depthai_ros_msgs/share/depthai_ros_msgs/msg/SpatialDetection.msg
[5.575s] -- Installing: /home/dronelab/vikram/slam-project/install/depthai_ros_msgs/share/depthai_ros_msgs/msg/SpatialDetectionArray.msg
[5.575s] -- Installing: /home/dronelab/vikram/slam-project/install/depthai_ros_msgs/share/depthai_ros_msgs/msg/TrackDetection2D.msg
[5.575s] -- Installing: /home/dronelab/vikram/slam-project/install/depthai_ros_msgs/share/depthai_ros_msgs/msg/TrackDetection2DArray.msg
[5.575s] -- Installing: /home/dronelab/vikram/slam-project/install/depthai_ros_msgs/share/depthai_ros_msgs/srv/SetLocalTransform.srv
[5.575s] -- Installing: /home/dronelab/vikram/slam-project/install/depthai_ros_msgs/share/depthai_ros_msgs/srv/SetLocalTransform_Request.msg
[5.576s] -- Installing: /home/dronelab/vikram/slam-project/install/depthai_ros_msgs/share/depthai_ros_msgs/srv/SetLocalTransform_Response.msg
[5.576s] -- Installing: /home/dronelab/vikram/slam-project/install/depthai_ros_msgs/share/depthai_ros_msgs/srv/TriggerNamed.srv
[5.576s] -- Installing: /home/dronelab/vikram/slam-project/install/depthai_ros_msgs/share/depthai_ros_msgs/srv/TriggerNamed_Request.msg
[5.576s] -- Installing: /home/dronelab/vikram/slam-project/install/depthai_ros_msgs/share/depthai_ros_msgs/srv/TriggerNamed_Response.msg
[5.576s] -- Installing: /home/dronelab/vikram/slam-project/install/depthai_ros_msgs/share/depthai_ros_msgs/srv/NormalizedImageCrop.srv
[5.576s] -- Installing: /home/dronelab/vikram/slam-project/install/depthai_ros_msgs/share/depthai_ros_msgs/srv/NormalizedImageCrop_Request.msg
[5.576s] -- Installing: /home/dronelab/vikram/slam-project/install/depthai_ros_msgs/share/depthai_ros_msgs/srv/NormalizedImageCrop_Response.msg
[5.576s] -- Installing: /home/dronelab/vikram/slam-project/install/depthai_ros_msgs/share/ament_index/resource_index/package_run_dependencies/depthai_ros_msgs
[5.576s] -- Installing: /home/dronelab/vikram/slam-project/install/depthai_ros_msgs/share/ament_index/resource_index/parent_prefix_path/depthai_ros_msgs
[5.576s] -- Installing: /home/dronelab/vikram/slam-project/install/depthai_ros_msgs/share/depthai_ros_msgs/environment/ament_prefix_path.sh
[5.576s] -- Installing: /home/dronelab/vikram/slam-project/install/depthai_ros_msgs/share/depthai_ros_msgs/environment/ament_prefix_path.dsv
[5.576s] -- Installing: /home/dronelab/vikram/slam-project/install/depthai_ros_msgs/share/depthai_ros_msgs/environment/path.sh
[5.576s] -- Installing: /home/dronelab/vikram/slam-project/install/depthai_ros_msgs/share/depthai_ros_msgs/environment/path.dsv
[5.576s] -- Installing: /home/dronelab/vikram/slam-project/install/depthai_ros_msgs/share/depthai_ros_msgs/local_setup.bash
[5.576s] -- Installing: /home/dronelab/vikram/slam-project/install/depthai_ros_msgs/share/depthai_ros_msgs/local_setup.sh
[5.576s] -- Installing: /home/dronelab/vikram/slam-project/install/depthai_ros_msgs/share/depthai_ros_msgs/local_setup.zsh
[5.576s] -- Installing: /home/dronelab/vikram/slam-project/install/depthai_ros_msgs/share/depthai_ros_msgs/local_setup.dsv
[5.576s] -- Installing: /home/dronelab/vikram/slam-project/install/depthai_ros_msgs/share/depthai_ros_msgs/package.dsv
[5.577s] -- Installing: /home/dronelab/vikram/slam-project/install/depthai_ros_msgs/share/ament_index/resource_index/packages/depthai_ros_msgs
[5.577s] -- Installing: /home/dronelab/vikram/slam-project/install/depthai_ros_msgs/share/depthai_ros_msgs/cmake/export_depthai_ros_msgs__rosidl_generator_cExport.cmake
[5.577s] -- Installing: /home/dronelab/vikram/slam-project/install/depthai_ros_msgs/share/depthai_ros_msgs/cmake/export_depthai_ros_msgs__rosidl_generator_cExport-noconfig.cmake
[5.577s] -- Installing: /home/dronelab/vikram/slam-project/install/depthai_ros_msgs/share/depthai_ros_msgs/cmake/export_depthai_ros_msgs__rosidl_typesupport_fastrtps_cExport.cmake
[5.577s] -- Installing: /home/dronelab/vikram/slam-project/install/depthai_ros_msgs/share/depthai_ros_msgs/cmake/export_depthai_ros_msgs__rosidl_typesupport_fastrtps_cExport-noconfig.cmake
[5.577s] -- Installing: /home/dronelab/vikram/slam-project/install/depthai_ros_msgs/share/depthai_ros_msgs/cmake/export_depthai_ros_msgs__rosidl_generator_cppExport.cmake
[5.577s] -- Installing: /home/dronelab/vikram/slam-project/install/depthai_ros_msgs/share/depthai_ros_msgs/cmake/export_depthai_ros_msgs__rosidl_typesupport_fastrtps_cppExport.cmake
[5.577s] -- Installing: /home/dronelab/vikram/slam-project/install/depthai_ros_msgs/share/depthai_ros_msgs/cmake/export_depthai_ros_msgs__rosidl_typesupport_fastrtps_cppExport-noconfig.cmake
[5.577s] -- Installing: /home/dronelab/vikram/slam-project/install/depthai_ros_msgs/share/depthai_ros_msgs/cmake/depthai_ros_msgs__rosidl_typesupport_introspection_cExport.cmake
[5.577s] -- Installing: /home/dronelab/vikram/slam-project/install/depthai_ros_msgs/share/depthai_ros_msgs/cmake/depthai_ros_msgs__rosidl_typesupport_introspection_cExport-noconfig.cmake
[5.577s] -- Installing: /home/dronelab/vikram/slam-project/install/depthai_ros_msgs/share/depthai_ros_msgs/cmake/depthai_ros_msgs__rosidl_typesupport_cExport.cmake
[5.577s] -- Installing: /home/dronelab/vikram/slam-project/install/depthai_ros_msgs/share/depthai_ros_msgs/cmake/depthai_ros_msgs__rosidl_typesupport_cExport-noconfig.cmake
[5.577s] -- Installing: /home/dronelab/vikram/slam-project/install/depthai_ros_msgs/share/depthai_ros_msgs/cmake/depthai_ros_msgs__rosidl_typesupport_introspection_cppExport.cmake
[5.577s] -- Installing: /home/dronelab/vikram/slam-project/install/depthai_ros_msgs/share/depthai_ros_msgs/cmake/depthai_ros_msgs__rosidl_typesupport_introspection_cppExport-noconfig.cmake
[5.577s] -- Installing: /home/dronelab/vikram/slam-project/install/depthai_ros_msgs/share/depthai_ros_msgs/cmake/depthai_ros_msgs__rosidl_typesupport_cppExport.cmake
[5.577s] -- Installing: /home/dronelab/vikram/slam-project/install/depthai_ros_msgs/share/depthai_ros_msgs/cmake/depthai_ros_msgs__rosidl_typesupport_cppExport-noconfig.cmake
[5.578s] -- Installing: /home/dronelab/vikram/slam-project/install/depthai_ros_msgs/share/depthai_ros_msgs/cmake/export_depthai_ros_msgs__rosidl_generator_pyExport.cmake
[5.578s] -- Installing: /home/dronelab/vikram/slam-project/install/depthai_ros_msgs/share/depthai_ros_msgs/cmake/export_depthai_ros_msgs__rosidl_generator_pyExport-noconfig.cmake
[5.578s] -- Installing: /home/dronelab/vikram/slam-project/install/depthai_ros_msgs/share/depthai_ros_msgs/cmake/rosidl_cmake-extras.cmake
[5.578s] -- Installing: /home/dronelab/vikram/slam-project/install/depthai_ros_msgs/share/depthai_ros_msgs/cmake/ament_cmake_export_dependencies-extras.cmake
[5.578s] -- Installing: /home/dronelab/vikram/slam-project/install/depthai_ros_msgs/share/depthai_ros_msgs/cmake/ament_cmake_export_include_directories-extras.cmake
[5.578s] -- Installing: /home/dronelab/vikram/slam-project/install/depthai_ros_msgs/share/depthai_ros_msgs/cmake/ament_cmake_export_libraries-extras.cmake
[5.578s] -- Installing: /home/dronelab/vikram/slam-project/install/depthai_ros_msgs/share/depthai_ros_msgs/cmake/ament_cmake_export_targets-extras.cmake
[5.578s] -- Installing: /home/dronelab/vikram/slam-project/install/depthai_ros_msgs/share/depthai_ros_msgs/cmake/rosidl_cmake_export_typesupport_targets-extras.cmake
[5.578s] -- Installing: /home/dronelab/vikram/slam-project/install/depthai_ros_msgs/share/depthai_ros_msgs/cmake/rosidl_cmake_export_typesupport_libraries-extras.cmake
[5.578s] -- Installing: /home/dronelab/vikram/slam-project/install/depthai_ros_msgs/share/depthai_ros_msgs/cmake/depthai_ros_msgsConfig.cmake
[5.578s] -- Installing: /home/dronelab/vikram/slam-project/install/depthai_ros_msgs/share/depthai_ros_msgs/cmake/depthai_ros_msgsConfig-version.cmake
[5.578s] -- Installing: /home/dronelab/vikram/slam-project/install/depthai_ros_msgs/share/depthai_ros_msgs/package.xml
[5.580s] Invoked command in '/home/dronelab/vikram/slam-project/build/depthai_ros_msgs' returned '0': CMAKE_PREFIX_PATH=/opt/ros/humble /usr/bin/cmake --install /home/dronelab/vikram/slam-project/build/depthai_ros_msgs
