[0.011s] Invoking command in '/home/dronelab/vikram/slam-project/build/depthai_descriptions': CMAKE_PREFIX_PATH=/opt/ros/humble /usr/bin/cmake --build /home/dronelab/vikram/slam-project/build/depthai_descriptions -- -j32 -l32
[0.039s] Invoked command in '/home/dronelab/vikram/slam-project/build/depthai_descriptions' returned '0': CMAKE_PREFIX_PATH=/opt/ros/humble /usr/bin/cmake --build /home/dronelab/vikram/slam-project/build/depthai_descriptions -- -j32 -l32
[0.064s] Invoking command in '/home/dronelab/vikram/slam-project/build/depthai_descriptions': CMAKE_PREFIX_PATH=/opt/ros/humble /usr/bin/cmake --install /home/dronelab/vikram/slam-project/build/depthai_descriptions
[0.069s] -- Install configuration: ""
[0.069s] -- Up-to-date: /home/dronelab/vikram/slam-project/install/depthai_descriptions/share/depthai_descriptions/launch
[0.069s] -- Up-to-date: /home/dronelab/vikram/slam-project/install/depthai_descriptions/share/depthai_descriptions/launch/urdf_launch.py
[0.070s] -- Up-to-date: /home/dronelab/vikram/slam-project/install/depthai_descriptions/share/depthai_descriptions/urdf
[0.070s] -- Up-to-date: /home/dronelab/vikram/slam-project/install/depthai_descriptions/share/depthai_descriptions/urdf/depthai_descr.urdf.xacro
[0.070s] -- Up-to-date: /home/dronelab/vikram/slam-project/install/depthai_descriptions/share/depthai_descriptions/urdf/include
[0.070s] -- Up-to-date: /home/dronelab/vikram/slam-project/install/depthai_descriptions/share/depthai_descriptions/urdf/include/base_macro.urdf.xacro
[0.070s] -- Up-to-date: /home/dronelab/vikram/slam-project/install/depthai_descriptions/share/depthai_descriptions/urdf/include/depthai_macro.urdf.xacro
[0.070s] -- Up-to-date: /home/dronelab/vikram/slam-project/install/depthai_descriptions/share/depthai_descriptions/urdf/base_descr.urdf.xacro
[0.071s] -- Up-to-date: /home/dronelab/vikram/slam-project/install/depthai_descriptions/share/depthai_descriptions/urdf/models
[0.071s] -- Up-to-date: /home/dronelab/vikram/slam-project/install/depthai_descriptions/share/depthai_descriptions/urdf/models/OAK-T.stl
[0.072s] -- Up-to-date: /home/dronelab/vikram/slam-project/install/depthai_descriptions/share/depthai_descriptions/urdf/models/OAK-D-S2-POE.stl
[0.072s] -- Up-to-date: /home/dronelab/vikram/slam-project/install/depthai_descriptions/share/depthai_descriptions/urdf/models/OAK-D.stl
[0.072s] -- Up-to-date: /home/dronelab/vikram/slam-project/install/depthai_descriptions/share/depthai_descriptions/urdf/models/OAK-D-SR.stl
[0.072s] -- Up-to-date: /home/dronelab/vikram/slam-project/install/depthai_descriptions/share/depthai_descriptions/urdf/models/OAK-D-LITE.stl
[0.073s] -- Up-to-date: /home/dronelab/vikram/slam-project/install/depthai_descriptions/share/depthai_descriptions/urdf/models/OAK-D-POE.stl
[0.073s] -- Up-to-date: /home/dronelab/vikram/slam-project/install/depthai_descriptions/share/depthai_descriptions/urdf/models/OAK-D-CM4-POE.stl
[0.073s] -- Up-to-date: /home/dronelab/vikram/slam-project/install/depthai_descriptions/share/depthai_descriptions/urdf/models/OAK-D-IOT-75.stl
[0.073s] -- Up-to-date: /home/dronelab/vikram/slam-project/install/depthai_descriptions/share/depthai_descriptions/urdf/models/OAK-D-LR.stl
[0.073s] -- Up-to-date: /home/dronelab/vikram/slam-project/install/depthai_descriptions/share/depthai_descriptions/urdf/models/OAK-D-PRO-W.stl
[0.073s] -- Up-to-date: /home/dronelab/vikram/slam-project/install/depthai_descriptions/share/depthai_descriptions/urdf/models/OAK-D-S2.stl
[0.073s] -- Up-to-date: /home/dronelab/vikram/slam-project/install/depthai_descriptions/share/depthai_descriptions/urdf/models/OAK-D-PRO.stl
[0.074s] -- Up-to-date: /home/dronelab/vikram/slam-project/install/depthai_descriptions/share/depthai_descriptions/urdf/models/OAK4-D.stl
[0.074s] -- Up-to-date: /home/dronelab/vikram/slam-project/install/depthai_descriptions/share/depthai_descriptions/urdf/models/OAK-D-SR-POE.stl
[0.074s] -- Up-to-date: /home/dronelab/vikram/slam-project/install/depthai_descriptions/share/depthai_descriptions/urdf/models/OAK4-S.stl
[0.074s] -- Up-to-date: /home/dronelab/vikram/slam-project/install/depthai_descriptions/share/depthai_descriptions/urdf/models/OAK-1.stl
[0.074s] -- Up-to-date: /home/dronelab/vikram/slam-project/install/depthai_descriptions/share/depthai_descriptions/environment/depthai_descriptions.sh
[0.074s] -- Up-to-date: /home/dronelab/vikram/slam-project/install/depthai_descriptions/share/depthai_descriptions/environment/depthai_descriptions.dsv
[0.074s] -- Up-to-date: /home/dronelab/vikram/slam-project/install/depthai_descriptions/share/ament_index/resource_index/package_run_dependencies/depthai_descriptions
[0.075s] -- Up-to-date: /home/dronelab/vikram/slam-project/install/depthai_descriptions/share/ament_index/resource_index/parent_prefix_path/depthai_descriptions
[0.075s] -- Up-to-date: /home/dronelab/vikram/slam-project/install/depthai_descriptions/share/depthai_descriptions/environment/ament_prefix_path.sh
[0.075s] -- Up-to-date: /home/dronelab/vikram/slam-project/install/depthai_descriptions/share/depthai_descriptions/environment/ament_prefix_path.dsv
[0.075s] -- Up-to-date: /home/dronelab/vikram/slam-project/install/depthai_descriptions/share/depthai_descriptions/environment/path.sh
[0.075s] -- Up-to-date: /home/dronelab/vikram/slam-project/install/depthai_descriptions/share/depthai_descriptions/environment/path.dsv
[0.075s] -- Up-to-date: /home/dronelab/vikram/slam-project/install/depthai_descriptions/share/depthai_descriptions/local_setup.bash
[0.075s] -- Up-to-date: /home/dronelab/vikram/slam-project/install/depthai_descriptions/share/depthai_descriptions/local_setup.sh
[0.075s] -- Up-to-date: /home/dronelab/vikram/slam-project/install/depthai_descriptions/share/depthai_descriptions/local_setup.zsh
[0.075s] -- Up-to-date: /home/dronelab/vikram/slam-project/install/depthai_descriptions/share/depthai_descriptions/local_setup.dsv
[0.075s] -- Installing: /home/dronelab/vikram/slam-project/install/depthai_descriptions/share/depthai_descriptions/package.dsv
[0.075s] -- Up-to-date: /home/dronelab/vikram/slam-project/install/depthai_descriptions/share/ament_index/resource_index/packages/depthai_descriptions
[0.075s] -- Up-to-date: /home/dronelab/vikram/slam-project/install/depthai_descriptions/share/depthai_descriptions/cmake/depthai_descriptionsConfig.cmake
[0.075s] -- Up-to-date: /home/dronelab/vikram/slam-project/install/depthai_descriptions/share/depthai_descriptions/cmake/depthai_descriptionsConfig-version.cmake
[0.076s] -- Up-to-date: /home/dronelab/vikram/slam-project/install/depthai_descriptions/share/depthai_descriptions/package.xml
[0.076s] Invoked command in '/home/dronelab/vikram/slam-project/build/depthai_descriptions' returned '0': CMAKE_PREFIX_PATH=/opt/ros/humble /usr/bin/cmake --install /home/dronelab/vikram/slam-project/build/depthai_descriptions
