[0.074s] DEBUG:colcon:Command line arguments: ['/usr/bin/colcon', 'build', '--packages-select', 'backwards_ros']
[0.074s] DEBUG:colcon:Parsed command line arguments: Namespace(log_base=None, log_level=None, verb_name='build', build_base='build', install_base='install', merge_install=False, symlink_install=False, test_result_base=None, continue_on_error=False, executor='parallel', parallel_workers=32, event_handlers=None, ignore_user_meta=False, metas=['./colcon.meta'], base_paths=['.'], packages_ignore=None, packages_ignore_regex=None, paths=None, packages_up_to=None, packages_up_to_regex=None, packages_above=None, packages_above_and_dependencies=None, packages_above_depth=None, packages_select_by_dep=None, packages_skip_by_dep=None, packages_skip_up_to=None, packages_select_build_failed=False, packages_skip_build_finished=False, packages_select_test_failures=False, packages_skip_test_passed=False, packages_select=['backwards_ros'], packages_skip=None, packages_select_regex=None, packages_skip_regex=None, packages_start=None, packages_end=None, allow_overriding=[], cmake_args=None, cmake_target=None, cmake_target_skip_unavailable=False, cmake_clean_cache=False, cmake_clean_first=False, cmake_force_configure=False, ament_cmake_args=None, catkin_cmake_args=None, catkin_skip_building_tests=False, mixin_files=None, mixin=None, verb_parser=<colcon_mixin.mixin.mixin_argument.MixinArgumentDecorator object at 0x788013c59060>, verb_extension=<colcon_core.verb.build.BuildVerb object at 0x788013c58af0>, main=<bound method BuildVerb.main of <colcon_core.verb.build.BuildVerb object at 0x788013c58af0>>, mixin_verb=('build',))
[0.165s] Level 1:colcon.colcon_core.package_discovery:discover_packages(colcon_meta) check parameters
[0.165s] Level 1:colcon.colcon_core.package_discovery:discover_packages(recursive) check parameters
[0.165s] Level 1:colcon.colcon_core.package_discovery:discover_packages(ignore) check parameters
[0.165s] Level 1:colcon.colcon_core.package_discovery:discover_packages(path) check parameters
[0.165s] Level 1:colcon.colcon_core.package_discovery:discover_packages(colcon_meta) discover
[0.165s] Level 1:colcon.colcon_core.package_discovery:discover_packages(recursive) discover
[0.165s] INFO:colcon.colcon_core.package_discovery:Crawling recursively for packages in '/home/dronelab/vikram/slam-project'
[0.165s] Level 1:colcon.colcon_core.package_identification:_identify(.) by extensions ['ignore', 'ignore_ament_install']
[0.165s] Level 1:colcon.colcon_core.package_identification:_identify(.) by extension 'ignore'
[0.165s] Level 1:colcon.colcon_core.package_identification:_identify(.) by extension 'ignore_ament_install'
[0.165s] Level 1:colcon.colcon_core.package_identification:_identify(.) by extensions ['colcon_pkg']
[0.165s] Level 1:colcon.colcon_core.package_identification:_identify(.) by extension 'colcon_pkg'
[0.165s] Level 1:colcon.colcon_core.package_identification:_identify(.) by extensions ['colcon_meta']
[0.165s] Level 1:colcon.colcon_core.package_identification:_identify(.) by extension 'colcon_meta'
[0.165s] Level 1:colcon.colcon_core.package_identification:_identify(.) by extensions ['ros']
[0.165s] Level 1:colcon.colcon_core.package_identification:_identify(.) by extension 'ros'
[0.177s] Level 1:colcon.colcon_core.package_identification:_identify(.) by extensions ['cmake', 'python']
[0.177s] Level 1:colcon.colcon_core.package_identification:_identify(.) by extension 'cmake'
[0.177s] Level 1:colcon.colcon_core.package_identification:_identify(.) by extension 'python'
[0.177s] Level 1:colcon.colcon_core.package_identification:_identify(.) by extensions ['python_setup_py']
[0.177s] Level 1:colcon.colcon_core.package_identification:_identify(.) by extension 'python_setup_py'
[0.177s] Level 1:colcon.colcon_core.package_identification:_identify(build) by extensions ['ignore', 'ignore_ament_install']
[0.177s] Level 1:colcon.colcon_core.package_identification:_identify(build) by extension 'ignore'
[0.177s] Level 1:colcon.colcon_core.package_identification:_identify(build) ignored
[0.177s] Level 1:colcon.colcon_core.package_identification:_identify(depthai-ros) by extensions ['ignore', 'ignore_ament_install']
[0.177s] Level 1:colcon.colcon_core.package_identification:_identify(depthai-ros) by extension 'ignore'
[0.177s] Level 1:colcon.colcon_core.package_identification:_identify(depthai-ros) by extension 'ignore_ament_install'
[0.177s] Level 1:colcon.colcon_core.package_identification:_identify(depthai-ros) by extensions ['colcon_pkg']
[0.177s] Level 1:colcon.colcon_core.package_identification:_identify(depthai-ros) by extension 'colcon_pkg'
[0.177s] Level 1:colcon.colcon_core.package_identification:_identify(depthai-ros) by extensions ['colcon_meta']
[0.177s] Level 1:colcon.colcon_core.package_identification:_identify(depthai-ros) by extension 'colcon_meta'
[0.177s] Level 1:colcon.colcon_core.package_identification:_identify(depthai-ros) by extensions ['ros']
[0.177s] Level 1:colcon.colcon_core.package_identification:_identify(depthai-ros) by extension 'ros'
[0.177s] Level 1:colcon.colcon_core.package_identification:_identify(depthai-ros) by extensions ['cmake', 'python']
[0.177s] Level 1:colcon.colcon_core.package_identification:_identify(depthai-ros) by extension 'cmake'
[0.177s] Level 1:colcon.colcon_core.package_identification:_identify(depthai-ros) by extension 'python'
[0.177s] Level 1:colcon.colcon_core.package_identification:_identify(depthai-ros) by extensions ['python_setup_py']
[0.177s] Level 1:colcon.colcon_core.package_identification:_identify(depthai-ros) by extension 'python_setup_py'
[0.177s] Level 1:colcon.colcon_core.package_identification:_identify(install) by extensions ['ignore', 'ignore_ament_install']
[0.177s] Level 1:colcon.colcon_core.package_identification:_identify(install) by extension 'ignore'
[0.177s] Level 1:colcon.colcon_core.package_identification:_identify(install) ignored
[0.177s] Level 1:colcon.colcon_core.package_identification:_identify(log) by extensions ['ignore', 'ignore_ament_install']
[0.178s] Level 1:colcon.colcon_core.package_identification:_identify(log) by extension 'ignore'
[0.178s] Level 1:colcon.colcon_core.package_identification:_identify(log) ignored
[0.178s] Level 1:colcon.colcon_core.package_identification:_identify(src) by extensions ['ignore', 'ignore_ament_install']
[0.178s] Level 1:colcon.colcon_core.package_identification:_identify(src) by extension 'ignore'
[0.178s] Level 1:colcon.colcon_core.package_identification:_identify(src) by extension 'ignore_ament_install'
[0.178s] Level 1:colcon.colcon_core.package_identification:_identify(src) by extensions ['colcon_pkg']
[0.178s] Level 1:colcon.colcon_core.package_identification:_identify(src) by extension 'colcon_pkg'
[0.178s] Level 1:colcon.colcon_core.package_identification:_identify(src) by extensions ['colcon_meta']
[0.178s] Level 1:colcon.colcon_core.package_identification:_identify(src) by extension 'colcon_meta'
[0.178s] Level 1:colcon.colcon_core.package_identification:_identify(src) by extensions ['ros']
[0.178s] Level 1:colcon.colcon_core.package_identification:_identify(src) by extension 'ros'
[0.178s] Level 1:colcon.colcon_core.package_identification:_identify(src) by extensions ['cmake', 'python']
[0.178s] Level 1:colcon.colcon_core.package_identification:_identify(src) by extension 'cmake'
[0.178s] Level 1:colcon.colcon_core.package_identification:_identify(src) by extension 'python'
[0.178s] Level 1:colcon.colcon_core.package_identification:_identify(src) by extensions ['python_setup_py']
[0.178s] Level 1:colcon.colcon_core.package_identification:_identify(src) by extension 'python_setup_py'
[0.178s] Level 1:colcon.colcon_core.package_identification:_identify(src/build) by extensions ['ignore', 'ignore_ament_install']
[0.178s] Level 1:colcon.colcon_core.package_identification:_identify(src/build) by extension 'ignore'
[0.178s] Level 1:colcon.colcon_core.package_identification:_identify(src/build) ignored
[0.178s] Level 1:colcon.colcon_core.package_identification:_identify(src/depthai-ros) by extensions ['ignore', 'ignore_ament_install']
[0.178s] Level 1:colcon.colcon_core.package_identification:_identify(src/depthai-ros) by extension 'ignore'
[0.178s] Level 1:colcon.colcon_core.package_identification:_identify(src/depthai-ros) by extension 'ignore_ament_install'
[0.178s] Level 1:colcon.colcon_core.package_identification:_identify(src/depthai-ros) by extensions ['colcon_pkg']
[0.178s] Level 1:colcon.colcon_core.package_identification:_identify(src/depthai-ros) by extension 'colcon_pkg'
[0.178s] Level 1:colcon.colcon_core.package_identification:_identify(src/depthai-ros) by extensions ['colcon_meta']
[0.178s] Level 1:colcon.colcon_core.package_identification:_identify(src/depthai-ros) by extension 'colcon_meta'
[0.178s] Level 1:colcon.colcon_core.package_identification:_identify(src/depthai-ros) by extensions ['ros']
[0.178s] Level 1:colcon.colcon_core.package_identification:_identify(src/depthai-ros) by extension 'ros'
[0.180s] DEBUG:colcon.colcon_core.package_identification:Package 'src/depthai-ros' with type 'ros.ament_cmake' and name 'depthai-ros'
[0.180s] Level 1:colcon.colcon_core.package_identification:_identify(src/depthai_bridge) by extensions ['ignore', 'ignore_ament_install']
[0.180s] Level 1:colcon.colcon_core.package_identification:_identify(src/depthai_bridge) by extension 'ignore'
[0.180s] Level 1:colcon.colcon_core.package_identification:_identify(src/depthai_bridge) by extension 'ignore_ament_install'
[0.180s] Level 1:colcon.colcon_core.package_identification:_identify(src/depthai_bridge) by extensions ['colcon_pkg']
[0.180s] Level 1:colcon.colcon_core.package_identification:_identify(src/depthai_bridge) by extension 'colcon_pkg'
[0.180s] Level 1:colcon.colcon_core.package_identification:_identify(src/depthai_bridge) by extensions ['colcon_meta']
[0.180s] Level 1:colcon.colcon_core.package_identification:_identify(src/depthai_bridge) by extension 'colcon_meta'
[0.180s] Level 1:colcon.colcon_core.package_identification:_identify(src/depthai_bridge) by extensions ['ros']
[0.180s] Level 1:colcon.colcon_core.package_identification:_identify(src/depthai_bridge) by extension 'ros'
[0.181s] DEBUG:colcon.colcon_core.package_identification:Package 'src/depthai_bridge' with type 'ros.ament_cmake' and name 'depthai_bridge'
[0.181s] Level 1:colcon.colcon_core.package_identification:_identify(src/depthai_descriptions) by extensions ['ignore', 'ignore_ament_install']
[0.181s] Level 1:colcon.colcon_core.package_identification:_identify(src/depthai_descriptions) by extension 'ignore'
[0.181s] Level 1:colcon.colcon_core.package_identification:_identify(src/depthai_descriptions) by extension 'ignore_ament_install'
[0.181s] Level 1:colcon.colcon_core.package_identification:_identify(src/depthai_descriptions) by extensions ['colcon_pkg']
[0.181s] Level 1:colcon.colcon_core.package_identification:_identify(src/depthai_descriptions) by extension 'colcon_pkg'
[0.181s] Level 1:colcon.colcon_core.package_identification:_identify(src/depthai_descriptions) by extensions ['colcon_meta']
[0.181s] Level 1:colcon.colcon_core.package_identification:_identify(src/depthai_descriptions) by extension 'colcon_meta'
[0.182s] Level 1:colcon.colcon_core.package_identification:_identify(src/depthai_descriptions) by extensions ['ros']
[0.182s] Level 1:colcon.colcon_core.package_identification:_identify(src/depthai_descriptions) by extension 'ros'
[0.182s] DEBUG:colcon.colcon_core.package_identification:Package 'src/depthai_descriptions' with type 'ros.ament_cmake' and name 'depthai_descriptions'
[0.182s] Level 1:colcon.colcon_core.package_identification:_identify(src/depthai_examples) by extensions ['ignore', 'ignore_ament_install']
[0.182s] Level 1:colcon.colcon_core.package_identification:_identify(src/depthai_examples) by extension 'ignore'
[0.182s] Level 1:colcon.colcon_core.package_identification:_identify(src/depthai_examples) by extension 'ignore_ament_install'
[0.182s] Level 1:colcon.colcon_core.package_identification:_identify(src/depthai_examples) by extensions ['colcon_pkg']
[0.182s] Level 1:colcon.colcon_core.package_identification:_identify(src/depthai_examples) by extension 'colcon_pkg'
[0.182s] Level 1:colcon.colcon_core.package_identification:_identify(src/depthai_examples) by extensions ['colcon_meta']
[0.182s] Level 1:colcon.colcon_core.package_identification:_identify(src/depthai_examples) by extension 'colcon_meta'
[0.182s] Level 1:colcon.colcon_core.package_identification:_identify(src/depthai_examples) by extensions ['ros']
[0.182s] Level 1:colcon.colcon_core.package_identification:_identify(src/depthai_examples) by extension 'ros'
[0.183s] DEBUG:colcon.colcon_core.package_identification:Package 'src/depthai_examples' with type 'ros.ament_cmake' and name 'depthai_examples'
[0.183s] Level 1:colcon.colcon_core.package_identification:_identify(src/depthai_filters) by extensions ['ignore', 'ignore_ament_install']
[0.183s] Level 1:colcon.colcon_core.package_identification:_identify(src/depthai_filters) by extension 'ignore'
[0.183s] Level 1:colcon.colcon_core.package_identification:_identify(src/depthai_filters) by extension 'ignore_ament_install'
[0.183s] Level 1:colcon.colcon_core.package_identification:_identify(src/depthai_filters) by extensions ['colcon_pkg']
[0.183s] Level 1:colcon.colcon_core.package_identification:_identify(src/depthai_filters) by extension 'colcon_pkg'
[0.183s] Level 1:colcon.colcon_core.package_identification:_identify(src/depthai_filters) by extensions ['colcon_meta']
[0.183s] Level 1:colcon.colcon_core.package_identification:_identify(src/depthai_filters) by extension 'colcon_meta'
[0.183s] Level 1:colcon.colcon_core.package_identification:_identify(src/depthai_filters) by extensions ['ros']
[0.183s] Level 1:colcon.colcon_core.package_identification:_identify(src/depthai_filters) by extension 'ros'
[0.184s] DEBUG:colcon.colcon_core.package_identification:Package 'src/depthai_filters' with type 'ros.ament_cmake' and name 'depthai_filters'
[0.184s] Level 1:colcon.colcon_core.package_identification:_identify(src/depthai_ros_driver) by extensions ['ignore', 'ignore_ament_install']
[0.184s] Level 1:colcon.colcon_core.package_identification:_identify(src/depthai_ros_driver) by extension 'ignore'
[0.184s] Level 1:colcon.colcon_core.package_identification:_identify(src/depthai_ros_driver) by extension 'ignore_ament_install'
[0.184s] Level 1:colcon.colcon_core.package_identification:_identify(src/depthai_ros_driver) by extensions ['colcon_pkg']
[0.184s] Level 1:colcon.colcon_core.package_identification:_identify(src/depthai_ros_driver) by extension 'colcon_pkg'
[0.184s] Level 1:colcon.colcon_core.package_identification:_identify(src/depthai_ros_driver) by extensions ['colcon_meta']
[0.184s] Level 1:colcon.colcon_core.package_identification:_identify(src/depthai_ros_driver) by extension 'colcon_meta'
[0.184s] Level 1:colcon.colcon_core.package_identification:_identify(src/depthai_ros_driver) by extensions ['ros']
[0.184s] Level 1:colcon.colcon_core.package_identification:_identify(src/depthai_ros_driver) by extension 'ros'
[0.186s] DEBUG:colcon.colcon_core.package_identification:Package 'src/depthai_ros_driver' with type 'ros.ament_cmake' and name 'depthai_ros_driver'
[0.186s] Level 1:colcon.colcon_core.package_identification:_identify(src/depthai_ros_msgs) by extensions ['ignore', 'ignore_ament_install']
[0.186s] Level 1:colcon.colcon_core.package_identification:_identify(src/depthai_ros_msgs) by extension 'ignore'
[0.186s] Level 1:colcon.colcon_core.package_identification:_identify(src/depthai_ros_msgs) by extension 'ignore_ament_install'
[0.186s] Level 1:colcon.colcon_core.package_identification:_identify(src/depthai_ros_msgs) by extensions ['colcon_pkg']
[0.186s] Level 1:colcon.colcon_core.package_identification:_identify(src/depthai_ros_msgs) by extension 'colcon_pkg'
[0.186s] Level 1:colcon.colcon_core.package_identification:_identify(src/depthai_ros_msgs) by extensions ['colcon_meta']
[0.186s] Level 1:colcon.colcon_core.package_identification:_identify(src/depthai_ros_msgs) by extension 'colcon_meta'
[0.186s] Level 1:colcon.colcon_core.package_identification:_identify(src/depthai_ros_msgs) by extensions ['ros']
[0.186s] Level 1:colcon.colcon_core.package_identification:_identify(src/depthai_ros_msgs) by extension 'ros'
[0.186s] DEBUG:colcon.colcon_core.package_identification:Package 'src/depthai_ros_msgs' with type 'ros.ament_cmake' and name 'depthai_ros_msgs'
[0.186s] Level 1:colcon.colcon_core.package_identification:_identify(src/ffmpeg_image_transport_msgs) by extensions ['ignore', 'ignore_ament_install']
[0.186s] Level 1:colcon.colcon_core.package_identification:_identify(src/ffmpeg_image_transport_msgs) by extension 'ignore'
[0.186s] Level 1:colcon.colcon_core.package_identification:_identify(src/ffmpeg_image_transport_msgs) by extension 'ignore_ament_install'
[0.186s] Level 1:colcon.colcon_core.package_identification:_identify(src/ffmpeg_image_transport_msgs) by extensions ['colcon_pkg']
[0.186s] Level 1:colcon.colcon_core.package_identification:_identify(src/ffmpeg_image_transport_msgs) by extension 'colcon_pkg'
[0.186s] Level 1:colcon.colcon_core.package_identification:_identify(src/ffmpeg_image_transport_msgs) by extensions ['colcon_meta']
[0.187s] Level 1:colcon.colcon_core.package_identification:_identify(src/ffmpeg_image_transport_msgs) by extension 'colcon_meta'
[0.187s] Level 1:colcon.colcon_core.package_identification:_identify(src/ffmpeg_image_transport_msgs) by extensions ['ros']
[0.187s] Level 1:colcon.colcon_core.package_identification:_identify(src/ffmpeg_image_transport_msgs) by extension 'ros'
[0.187s] DEBUG:colcon.colcon_core.package_identification:Package 'src/ffmpeg_image_transport_msgs' with type 'ros.ament_cmake' and name 'ffmpeg_image_transport_msgs'
[0.187s] Level 1:colcon.colcon_core.package_identification:_identify(src/install) by extensions ['ignore', 'ignore_ament_install']
[0.187s] Level 1:colcon.colcon_core.package_identification:_identify(src/install) by extension 'ignore'
[0.187s] Level 1:colcon.colcon_core.package_identification:_identify(src/install) ignored
[0.187s] Level 1:colcon.colcon_core.package_identification:_identify(src/log) by extensions ['ignore', 'ignore_ament_install']
[0.187s] Level 1:colcon.colcon_core.package_identification:_identify(src/log) by extension 'ignore'
[0.187s] Level 1:colcon.colcon_core.package_identification:_identify(src/log) ignored
[0.187s] Level 1:colcon.colcon_core.package_identification:_identify(src/ros2-humble-backward-ros) by extensions ['ignore', 'ignore_ament_install']
[0.187s] Level 1:colcon.colcon_core.package_identification:_identify(src/ros2-humble-backward-ros) by extension 'ignore'
[0.187s] Level 1:colcon.colcon_core.package_identification:_identify(src/ros2-humble-backward-ros) by extension 'ignore_ament_install'
[0.187s] Level 1:colcon.colcon_core.package_identification:_identify(src/ros2-humble-backward-ros) by extensions ['colcon_pkg']
[0.187s] Level 1:colcon.colcon_core.package_identification:_identify(src/ros2-humble-backward-ros) by extension 'colcon_pkg'
[0.187s] Level 1:colcon.colcon_core.package_identification:_identify(src/ros2-humble-backward-ros) by extensions ['colcon_meta']
[0.187s] Level 1:colcon.colcon_core.package_identification:_identify(src/ros2-humble-backward-ros) by extension 'colcon_meta'
[0.187s] Level 1:colcon.colcon_core.package_identification:_identify(src/ros2-humble-backward-ros) by extensions ['ros']
[0.187s] Level 1:colcon.colcon_core.package_identification:_identify(src/ros2-humble-backward-ros) by extension 'ros'
[0.187s] Level 1:colcon.colcon_core.package_identification:_identify(src/ros2-humble-backward-ros) by extensions ['cmake', 'python']
[0.187s] Level 1:colcon.colcon_core.package_identification:_identify(src/ros2-humble-backward-ros) by extension 'cmake'
[0.187s] Level 1:colcon.colcon_core.package_identification:_identify(src/ros2-humble-backward-ros) by extension 'python'
[0.187s] Level 1:colcon.colcon_core.package_identification:_identify(src/ros2-humble-backward-ros) by extensions ['python_setup_py']
[0.187s] Level 1:colcon.colcon_core.package_identification:_identify(src/ros2-humble-backward-ros) by extension 'python_setup_py'
[0.187s] Level 1:colcon.colcon_core.package_discovery:discover_packages(recursive) using defaults
[0.188s] Level 1:colcon.colcon_core.package_discovery:discover_packages(ignore) discover
[0.188s] Level 1:colcon.colcon_core.package_discovery:discover_packages(ignore) using defaults
[0.188s] Level 1:colcon.colcon_core.package_discovery:discover_packages(path) discover
[0.188s] Level 1:colcon.colcon_core.package_discovery:discover_packages(path) using defaults
[0.188s] WARNING:colcon.colcon_core.package_selection:ignoring unknown package 'backwards_ros' in --packages-select
[0.201s] INFO:colcon.colcon_core.package_selection:Skipping not selected package 'depthai_descriptions' in 'src/depthai_descriptions'
[0.201s] INFO:colcon.colcon_core.package_selection:Skipping not selected package 'depthai_ros_msgs' in 'src/depthai_ros_msgs'
[0.201s] INFO:colcon.colcon_core.package_selection:Skipping not selected package 'ffmpeg_image_transport_msgs' in 'src/ffmpeg_image_transport_msgs'
[0.201s] INFO:colcon.colcon_core.package_selection:Skipping not selected package 'depthai_bridge' in 'src/depthai_bridge'
[0.201s] INFO:colcon.colcon_core.package_selection:Skipping not selected package 'depthai_filters' in 'src/depthai_filters'
[0.201s] INFO:colcon.colcon_core.package_selection:Skipping not selected package 'depthai_examples' in 'src/depthai_examples'
[0.201s] INFO:colcon.colcon_core.package_selection:Skipping not selected package 'depthai_ros_driver' in 'src/depthai_ros_driver'
[0.201s] INFO:colcon.colcon_core.package_selection:Skipping not selected package 'depthai-ros' in 'src/depthai-ros'
[0.201s] Level 1:colcon.colcon_core.package_discovery:discover_packages(prefix_path) check parameters
[0.201s] Level 1:colcon.colcon_core.package_discovery:discover_packages(prefix_path) discover
[0.202s] DEBUG:colcon.colcon_installed_package_information.package_discovery:Found 364 installed packages in /opt/ros/humble
[0.203s] Level 1:colcon.colcon_core.package_discovery:discover_packages(prefix_path) using defaults
[0.226s] INFO:colcon.colcon_core.executor:Executing jobs using 'parallel' executor
[0.227s] DEBUG:colcon.colcon_parallel_executor.executor.parallel:run_until_complete
[0.227s] DEBUG:colcon.colcon_parallel_executor.executor.parallel:closing loop
[0.227s] DEBUG:colcon.colcon_parallel_executor.executor.parallel:loop closed
[0.227s] DEBUG:colcon.colcon_parallel_executor.executor.parallel:run_until_complete finished with '0'
[0.227s] DEBUG:colcon.colcon_core.event_reactor:joining thread
[0.230s] INFO:colcon.colcon_core.plugin_system:Skipping extension 'colcon_notification.desktop_notification.terminal_notifier': Not used on non-Darwin systems
[0.230s] INFO:colcon.colcon_core.plugin_system:Skipping extension 'colcon_notification.desktop_notification.win32': Not used on non-Windows systems
[0.230s] INFO:colcon.colcon_notification.desktop_notification:Sending desktop notification using 'notify2'
[0.237s] DEBUG:colcon.colcon_core.event_reactor:joined thread
[0.238s] INFO:colcon.colcon_core.plugin_system:Skipping extension 'colcon_core.shell.bat': Not used on non-Windows systems
[0.239s] INFO:colcon.colcon_core.shell:Creating prefix script '/home/dronelab/vikram/slam-project/install/local_setup.ps1'
[0.239s] INFO:colcon.colcon_core.shell:Creating prefix util module '/home/dronelab/vikram/slam-project/install/_local_setup_util_ps1.py'
[0.240s] INFO:colcon.colcon_core.shell:Creating prefix chain script '/home/dronelab/vikram/slam-project/install/setup.ps1'
[0.240s] INFO:colcon.colcon_core.shell:Creating prefix script '/home/dronelab/vikram/slam-project/install/local_setup.sh'
[0.240s] INFO:colcon.colcon_core.shell:Creating prefix util module '/home/dronelab/vikram/slam-project/install/_local_setup_util_sh.py'
[0.241s] INFO:colcon.colcon_core.shell:Creating prefix chain script '/home/dronelab/vikram/slam-project/install/setup.sh'
[0.241s] INFO:colcon.colcon_core.shell:Creating prefix script '/home/dronelab/vikram/slam-project/install/local_setup.bash'
[0.241s] INFO:colcon.colcon_core.shell:Creating prefix chain script '/home/dronelab/vikram/slam-project/install/setup.bash'
[0.242s] INFO:colcon.colcon_core.shell:Creating prefix script '/home/dronelab/vikram/slam-project/install/local_setup.zsh'
[0.242s] INFO:colcon.colcon_core.shell:Creating prefix chain script '/home/dronelab/vikram/slam-project/install/setup.zsh'
