-- Found ament_cmake_auto: 1.3.9 (/opt/ros/humble/share/ament_cmake_auto/cmake)
-- Found rosidl_generator_c: 3.1.5 (/opt/ros/humble/share/rosidl_generator_c/cmake)
-- Found rosidl_adapter: 3.1.5 (/opt/ros/humble/share/rosidl_adapter/cmake)
-- Found rosidl_generator_cpp: 3.1.5 (/opt/ros/humble/share/rosidl_generator_cpp/cmake)
-- Using all available rosidl_typesupport_c: rosidl_typesupport_fastrtps_c;rosidl_typesupport_introspection_c
-- Using all available rosidl_typesupport_cpp: rosidl_typesupport_fastrtps_cpp;rosidl_typesupport_introspection_cpp
-- Found rmw_implementation_cmake: 6.1.2 (/opt/ros/humble/share/rmw_implementation_cmake/cmake)
-- Found rmw_fastrtps_cpp: 6.2.6 (/opt/ros/humble/share/rmw_fastrtps_cpp/cmake)
-- Using RMW implementation 'rmw_fastrtps_cpp' as default
-- Configuring done
-- Generating done
-- Build files have been written to: /home/dronelab/vikram/slam-project/build/depthai_filters
[ 11%] [32mBuilding CXX object CMakeFiles/depthai_filters.dir/src/spatial_bb.cpp.o[0m
[ 22%] [32mBuilding CXX object CMakeFiles/depthai_filters.dir/src/detection2d_overlay.cpp.o[0m
[ 33%] [32mBuilding CXX object CMakeFiles/depthai_filters.dir/src/segmentation_overlay.cpp.o[0m
[ 44%] [32mBuilding CXX object CMakeFiles/depthai_filters.dir/src/wls_filter.cpp.o[0m
[ 55%] [32mBuilding CXX object CMakeFiles/depthai_filters.dir/src/feature_tracker_overlay.cpp.o[0m
[ 66%] [32mBuilding CXX object CMakeFiles/depthai_filters.dir/src/features_3d.cpp.o[0m
[ 77%] [32mBuilding CXX object CMakeFiles/depthai_filters.dir/src/thermal_temp.cpp.o[0m
[ 88%] [32mBuilding CXX object CMakeFiles/depthai_filters.dir/src/utils.cpp.o[0m
