[0.011s] Invoking command in '/home/dronelab/vikram/slam-project/build/depthai_filters': AMENT_PREFIX_PATH=/home/dronelab/vikram/slam-project/install/depthai_ros_msgs:${AMENT_PREFIX_PATH} CMAKE_PREFIX_PATH=/home/dronelab/vikram/slam-project/install/depthai_ros_msgs:/opt/ros/humble LD_LIBRARY_PATH=/home/dronelab/vikram/slam-project/install/depthai_ros_msgs/lib:${LD_LIBRARY_PATH} PYTHONPATH=/home/dronelab/vikram/slam-project/install/depthai_ros_msgs/local/lib/python3.10/dist-packages:${PYTHONPATH} /usr/bin/cmake --build /home/dronelab/vikram/slam-project/build/depthai_filters -- -j32 -l32
[0.038s] -- Found ament_cmake_auto: 1.3.9 (/opt/ros/humble/share/ament_cmake_auto/cmake)
[0.179s] -- Found rosidl_generator_c: 3.1.5 (/opt/ros/humble/share/rosidl_generator_c/cmake)
[0.180s] -- Found rosidl_adapter: 3.1.5 (/opt/ros/humble/share/rosidl_adapter/cmake)
[0.184s] -- Found rosidl_generator_cpp: 3.1.5 (/opt/ros/humble/share/rosidl_generator_cpp/cmake)
[0.191s] -- Using all available rosidl_typesupport_c: rosidl_typesupport_fastrtps_c;rosidl_typesupport_introspection_c
[0.200s] -- Using all available rosidl_typesupport_cpp: rosidl_typesupport_fastrtps_cpp;rosidl_typesupport_introspection_cpp
[0.359s] -- Found rmw_implementation_cmake: 6.1.2 (/opt/ros/humble/share/rmw_implementation_cmake/cmake)
[0.360s] -- Found rmw_fastrtps_cpp: 6.2.6 (/opt/ros/humble/share/rmw_fastrtps_cpp/cmake)
[0.446s] -- Using RMW implementation 'rmw_fastrtps_cpp' as default
[0.813s] -- Configuring done
[0.823s] -- Generating done
[0.823s] -- Build files have been written to: /home/dronelab/vikram/slam-project/build/depthai_filters
[0.852s] [ 11%] [32mBuilding CXX object CMakeFiles/depthai_filters.dir/src/spatial_bb.cpp.o[0m
[0.852s] [ 22%] [32mBuilding CXX object CMakeFiles/depthai_filters.dir/src/detection2d_overlay.cpp.o[0m
[0.853s] [ 33%] [32mBuilding CXX object CMakeFiles/depthai_filters.dir/src/segmentation_overlay.cpp.o[0m
[0.853s] [ 44%] [32mBuilding CXX object CMakeFiles/depthai_filters.dir/src/wls_filter.cpp.o[0m
[0.853s] [ 55%] [32mBuilding CXX object CMakeFiles/depthai_filters.dir/src/feature_tracker_overlay.cpp.o[0m
[0.854s] [ 66%] [32mBuilding CXX object CMakeFiles/depthai_filters.dir/src/features_3d.cpp.o[0m
[0.854s] [ 77%] [32mBuilding CXX object CMakeFiles/depthai_filters.dir/src/thermal_temp.cpp.o[0m
[0.854s] [ 88%] [32mBuilding CXX object CMakeFiles/depthai_filters.dir/src/utils.cpp.o[0m
[0.862s] In file included from [01m[K/home/dronelab/vikram/slam-project/src/depthai_filters/src/feature_tracker_overlay.cpp:1[m[K:
[0.862s] [01m[K/home/dronelab/vikram/slam-project/src/depthai_filters/include/depthai_filters/feature_tracker_overlay.hpp:3:10:[m[K [01;31m[Kfatal error: [m[Kcv_bridge/cv_bridge.hpp: No such file or directory
[0.862s]     3 | #include [01;31m[K"cv_bridge/cv_bridge.hpp"[m[K
[0.862s]       |          [01;31m[K^~~~~~~~~~~~~~~~~~~~~~~~~[m[K
[0.863s] compilation terminated.
[0.863s] gmake[2]: *** [CMakeFiles/depthai_filters.dir/build.make:132: CMakeFiles/depthai_filters.dir/src/feature_tracker_overlay.cpp.o] Error 1
[0.863s] gmake[2]: *** Waiting for unfinished jobs....
[0.952s] [01m[K/home/dronelab/vikram/slam-project/src/depthai_filters/src/utils.cpp:3:10:[m[K [01;31m[Kfatal error: [m[Kcv_bridge/cv_bridge.hpp: No such file or directory
[0.952s]     3 | #include [01;31m[K"cv_bridge/cv_bridge.hpp"[m[K
[0.953s]       |          [01;31m[K^~~~~~~~~~~~~~~~~~~~~~~~~[m[K
[0.953s] compilation terminated.
[0.954s] gmake[2]: *** [CMakeFiles/depthai_filters.dir/build.make:174: CMakeFiles/depthai_filters.dir/src/utils.cpp.o] Error 1
[0.990s] [01m[K/home/dronelab/vikram/slam-project/src/depthai_filters/src/thermal_temp.cpp:3:10:[m[K [01;31m[Kfatal error: [m[Kcv_bridge/cv_bridge.hpp: No such file or directory
[0.990s]     3 | #include [01;31m[K"cv_bridge/cv_bridge.hpp"[m[K
[0.990s]       |          [01;31m[K^~~~~~~~~~~~~~~~~~~~~~~~~[m[K
[0.990s] compilation terminated.
[0.991s] gmake[2]: *** [CMakeFiles/depthai_filters.dir/build.make:160: CMakeFiles/depthai_filters.dir/src/thermal_temp.cpp.o] Error 1
[0.997s] [01m[K/home/dronelab/vikram/slam-project/src/depthai_filters/src/detection2d_overlay.cpp:3:10:[m[K [01;31m[Kfatal error: [m[Kcv_bridge/cv_bridge.hpp: No such file or directory
[0.997s]     3 | #include [01;31m[K"cv_bridge/cv_bridge.hpp"[m[K
[0.997s]       |          [01;31m[K^~~~~~~~~~~~~~~~~~~~~~~~~[m[K
[0.997s] compilation terminated.
[0.997s] [01m[K/home/dronelab/vikram/slam-project/src/depthai_filters/src/features_3d.cpp:3:10:[m[K [01;31m[Kfatal error: [m[Kcv_bridge/cv_bridge.hpp: No such file or directory
[0.997s]     3 | #include [01;31m[K"cv_bridge/cv_bridge.hpp"[m[K
[0.998s]       |          [01;31m[K^~~~~~~~~~~~~~~~~~~~~~~~~[m[K
[0.998s] compilation terminated.
[0.998s] [01m[K/home/dronelab/vikram/slam-project/src/depthai_filters/src/segmentation_overlay.cpp:3:10:[m[K [01;31m[Kfatal error: [m[Kcv_bridge/cv_bridge.hpp: No such file or directory
[0.998s]     3 | #include [01;31m[K"cv_bridge/cv_bridge.hpp"[m[K
[0.998s]       |          [01;31m[K^~~~~~~~~~~~~~~~~~~~~~~~~[m[K
[0.998s] compilation terminated.
[0.998s] gmake[2]: *** [CMakeFiles/depthai_filters.dir/build.make:76: CMakeFiles/depthai_filters.dir/src/detection2d_overlay.cpp.o] Error 1
[0.998s] gmake[2]: *** [CMakeFiles/depthai_filters.dir/build.make:146: CMakeFiles/depthai_filters.dir/src/features_3d.cpp.o] Error 1
[0.999s] gmake[2]: *** [CMakeFiles/depthai_filters.dir/build.make:90: CMakeFiles/depthai_filters.dir/src/segmentation_overlay.cpp.o] Error 1
[1.042s] In file included from [01m[K/home/dronelab/vikram/slam-project/src/depthai_filters/src/spatial_bb.cpp:1[m[K:
[1.042s] [01m[K/home/dronelab/vikram/slam-project/src/depthai_filters/include/depthai_filters/spatial_bb.hpp:5:10:[m[K [01;31m[Kfatal error: [m[Kmessage_filters/sync_policies/latest_time.hpp: No such file or directory
[1.042s]     5 | #include [01;31m[K"message_filters/sync_policies/latest_time.hpp"[m[K
[1.042s]       |          [01;31m[K^~~~~~~~~~~~~~~~~~~~~~~~~~~~~~~~~~~~~~~~~~~~~~~[m[K
[1.042s] compilation terminated.
[1.044s] gmake[2]: *** [CMakeFiles/depthai_filters.dir/build.make:104: CMakeFiles/depthai_filters.dir/src/spatial_bb.cpp.o] Error 1
[1.061s] [01m[K/home/dronelab/vikram/slam-project/src/depthai_filters/src/wls_filter.cpp:5:10:[m[K [01;31m[Kfatal error: [m[Kcv_bridge/cv_bridge.hpp: No such file or directory
[1.061s]     5 | #include [01;31m[K"cv_bridge/cv_bridge.hpp"[m[K
[1.061s]       |          [01;31m[K^~~~~~~~~~~~~~~~~~~~~~~~~[m[K
[1.061s] compilation terminated.
[1.063s] gmake[2]: *** [CMakeFiles/depthai_filters.dir/build.make:118: CMakeFiles/depthai_filters.dir/src/wls_filter.cpp.o] Error 1
[1.063s] gmake[1]: *** [CMakeFiles/Makefile2:137: CMakeFiles/depthai_filters.dir/all] Error 2
[1.063s] gmake: *** [Makefile:146: all] Error 2
[1.066s] Invoked command in '/home/dronelab/vikram/slam-project/build/depthai_filters' returned '2': AMENT_PREFIX_PATH=/home/dronelab/vikram/slam-project/install/depthai_ros_msgs:${AMENT_PREFIX_PATH} CMAKE_PREFIX_PATH=/home/dronelab/vikram/slam-project/install/depthai_ros_msgs:/opt/ros/humble LD_LIBRARY_PATH=/home/dronelab/vikram/slam-project/install/depthai_ros_msgs/lib:${LD_LIBRARY_PATH} PYTHONPATH=/home/dronelab/vikram/slam-project/install/depthai_ros_msgs/local/lib/python3.10/dist-packages:${PYTHONPATH} /usr/bin/cmake --build /home/dronelab/vikram/slam-project/build/depthai_filters -- -j32 -l32
