[0.007s] Invoking command in '/home/dronelab/vikram/slam-project/build/ffmpeg_image_transport_msgs': CMAKE_PREFIX_PATH=/opt/ros/humble /usr/bin/cmake /home/dronelab/vikram/slam-project/src/ffmpeg_image_transport_msgs -DCMAKE_INSTALL_PREFIX=/home/dronelab/vikram/slam-project/install/ffmpeg_image_transport_msgs
[0.047s] -- The C compiler identification is GNU 11.4.0
[0.102s] -- The CXX compiler identification is GNU 11.4.0
[0.106s] -- Detecting C compiler ABI info
[0.162s] -- Detecting C compiler ABI info - done
[0.169s] -- Check for working C compiler: /usr/bin/cc - skipped
[0.169s] -- Detecting C compile features
[0.170s] -- Detecting C compile features - done
[0.172s] -- Detecting CXX compiler ABI info
[0.235s] -- Detecting CXX compiler ABI info - done
[0.241s] -- Check for working CXX compiler: /usr/bin/c++ - skipped
[0.242s] -- Detecting CXX compile features
[0.242s] -- Detecting CXX compile features - done
[0.243s] -- Found ament_cmake: 1.3.9 (/opt/ros/humble/share/ament_cmake/cmake)
[0.346s] -- Found Python3: /usr/bin/python3 (found version "3.10.12") found components: Interpreter 
[0.398s] -- Found builtin_interfaces: 1.2.1 (/opt/ros/humble/share/builtin_interfaces/cmake)
[0.419s] -- Found rosidl_generator_c: 3.1.5 (/opt/ros/humble/share/rosidl_generator_c/cmake)
[0.421s] -- Found rosidl_adapter: 3.1.5 (/opt/ros/humble/share/rosidl_adapter/cmake)
[0.426s] -- Found rosidl_generator_cpp: 3.1.5 (/opt/ros/humble/share/rosidl_generator_cpp/cmake)
[0.435s] -- Using all available rosidl_typesupport_c: rosidl_typesupport_fastrtps_c;rosidl_typesupport_introspection_c
[0.446s] -- Using all available rosidl_typesupport_cpp: rosidl_typesupport_fastrtps_cpp;rosidl_typesupport_introspection_cpp
[0.457s] -- Found rosidl_default_generators: 1.2.0 (/opt/ros/humble/share/rosidl_default_generators/cmake)
[0.462s] -- Found std_msgs: 4.2.4 (/opt/ros/humble/share/std_msgs/cmake)
[0.647s] -- Found ament_cmake_ros: 0.10.0 (/opt/ros/humble/share/ament_cmake_ros/cmake)
[0.882s] -- Using all available rosidl_typesupport_c: rosidl_typesupport_fastrtps_c;rosidl_typesupport_introspection_c
[0.976s] -- Using all available rosidl_typesupport_cpp: rosidl_typesupport_fastrtps_cpp;rosidl_typesupport_introspection_cpp
[0.993s] -- Found PythonInterp: /usr/bin/python3 (found suitable version "3.10.12", minimum required is "3.6") 
[0.994s] -- Found python_cmake_module: 0.10.0 (/opt/ros/humble/share/python_cmake_module/cmake)
[1.013s] -- Found PythonLibs: /usr/lib/x86_64-linux-gnu/libpython3.10.so (found suitable version "3.10.12", minimum required is "3.5") 
[1.013s] -- Using PYTHON_EXECUTABLE: /usr/bin/python3
[1.013s] -- Using PYTHON_INCLUDE_DIRS: /usr/include/python3.10
[1.013s] -- Using PYTHON_LIBRARIES: /usr/lib/x86_64-linux-gnu/libpython3.10.so
[1.027s] -- Found PythonExtra: .so  
[1.057s] -- Found ament_lint_auto: 0.12.11 (/opt/ros/humble/share/ament_lint_auto/cmake)
[1.069s] -- Added test 'copyright' to check source files copyright and LICENSE
[1.072s] -- Added test 'lint_cmake' to check CMake code style
[1.074s] -- Added test 'xmllint' to check XML markup files
[1.075s] -- Configuring done
[1.091s] -- Generating done
[1.093s] -- Build files have been written to: /home/dronelab/vikram/slam-project/build/ffmpeg_image_transport_msgs
[1.097s] Invoked command in '/home/dronelab/vikram/slam-project/build/ffmpeg_image_transport_msgs' returned '0': CMAKE_PREFIX_PATH=/opt/ros/humble /usr/bin/cmake /home/dronelab/vikram/slam-project/src/ffmpeg_image_transport_msgs -DCMAKE_INSTALL_PREFIX=/home/dronelab/vikram/slam-project/install/ffmpeg_image_transport_msgs
[1.097s] Invoking command in '/home/dronelab/vikram/slam-project/build/ffmpeg_image_transport_msgs': CMAKE_PREFIX_PATH=/opt/ros/humble /usr/bin/cmake --build /home/dronelab/vikram/slam-project/build/ffmpeg_image_transport_msgs -- -j32 -l32
[1.127s] [  3%] [34m[1mGenerating C code for ROS interfaces[0m
[1.134s] [  6%] [34m[1mGenerating C++ code for ROS interfaces[0m
[1.141s] [  6%] Built target ament_cmake_python_copy_ffmpeg_image_transport_msgs
[1.279s] running egg_info
[1.279s] creating ffmpeg_image_transport_msgs.egg-info
[1.279s] writing ffmpeg_image_transport_msgs.egg-info/PKG-INFO
[1.279s] writing dependency_links to ffmpeg_image_transport_msgs.egg-info/dependency_links.txt
[1.279s] writing top-level names to ffmpeg_image_transport_msgs.egg-info/top_level.txt
[1.280s] writing manifest file 'ffmpeg_image_transport_msgs.egg-info/SOURCES.txt'
[1.281s] reading manifest file 'ffmpeg_image_transport_msgs.egg-info/SOURCES.txt'
[1.282s] writing manifest file 'ffmpeg_image_transport_msgs.egg-info/SOURCES.txt'
[1.299s] [  6%] Built target ament_cmake_python_build_ffmpeg_image_transport_msgs_egg
[1.323s] [  6%] Built target ffmpeg_image_transport_msgs__cpp
[1.326s] [  9%] [32mBuilding C object CMakeFiles/ffmpeg_image_transport_msgs__rosidl_generator_c.dir/rosidl_generator_c/ffmpeg_image_transport_msgs/msg/detail/ffmpeg_packet__functions.c.o[0m
[1.330s] [ 12%] [34m[1mGenerating C++ type support for eProsima Fast-RTPS[0m
[1.331s] [ 16%] [34m[1mGenerating C++ type support dispatch for ROS interfaces[0m
[1.331s] [ 19%] [34m[1mGenerating C++ introspection for ROS interfaces[0m
[1.361s] [ 22%] [32m[1mLinking C shared library libffmpeg_image_transport_msgs__rosidl_generator_c.so[0m
[1.388s] [ 22%] Built target ffmpeg_image_transport_msgs__rosidl_generator_c
[1.396s] [ 25%] [34m[1mGenerating C type support for eProsima Fast-RTPS[0m
[1.396s] [ 29%] [34m[1mGenerating C introspection for ROS interfaces[0m
[1.396s] [ 32%] [34m[1mGenerating C type support dispatch for ROS interfaces[0m
[1.516s] [ 35%] [32mBuilding CXX object CMakeFiles/ffmpeg_image_transport_msgs__rosidl_typesupport_cpp.dir/rosidl_typesupport_cpp/ffmpeg_image_transport_msgs/msg/ffmpeg_packet__type_support.cpp.o[0m
[1.525s] [ 38%] [32mBuilding CXX object CMakeFiles/ffmpeg_image_transport_msgs__rosidl_typesupport_fastrtps_cpp.dir/rosidl_typesupport_fastrtps_cpp/ffmpeg_image_transport_msgs/msg/detail/dds_fastrtps/ffmpeg_packet__type_support.cpp.o[0m
[1.527s] [ 41%] [32mBuilding CXX object CMakeFiles/ffmpeg_image_transport_msgs__rosidl_typesupport_introspection_cpp.dir/rosidl_typesupport_introspection_cpp/ffmpeg_image_transport_msgs/msg/detail/ffmpeg_packet__type_support.cpp.o[0m
[1.582s] [ 45%] [32mBuilding CXX object CMakeFiles/ffmpeg_image_transport_msgs__rosidl_typesupport_c.dir/rosidl_typesupport_c/ffmpeg_image_transport_msgs/msg/ffmpeg_packet__type_support.cpp.o[0m
[1.595s] [ 48%] [32mBuilding C object CMakeFiles/ffmpeg_image_transport_msgs__rosidl_typesupport_introspection_c.dir/rosidl_typesupport_introspection_c/ffmpeg_image_transport_msgs/msg/detail/ffmpeg_packet__type_support.c.o[0m
[1.596s] [ 51%] [32mBuilding CXX object CMakeFiles/ffmpeg_image_transport_msgs__rosidl_typesupport_fastrtps_c.dir/rosidl_typesupport_fastrtps_c/ffmpeg_image_transport_msgs/msg/detail/ffmpeg_packet__type_support_c.cpp.o[0m
[1.605s] [ 54%] [32m[1mLinking CXX shared library libffmpeg_image_transport_msgs__rosidl_typesupport_c.so[0m
[1.626s] [ 58%] [32m[1mLinking C shared library libffmpeg_image_transport_msgs__rosidl_typesupport_introspection_c.so[0m
[1.640s] [ 58%] Built target ffmpeg_image_transport_msgs__rosidl_typesupport_c
[1.650s] [ 58%] Built target ffmpeg_image_transport_msgs__rosidl_typesupport_introspection_c
[1.700s] [ 61%] [32m[1mLinking CXX shared library libffmpeg_image_transport_msgs__rosidl_typesupport_cpp.so[0m
[1.729s] [ 61%] Built target ffmpeg_image_transport_msgs__rosidl_typesupport_cpp
[1.773s] [ 64%] [32m[1mLinking CXX shared library libffmpeg_image_transport_msgs__rosidl_typesupport_fastrtps_cpp.so[0m
[1.786s] [ 67%] [32m[1mLinking CXX shared library libffmpeg_image_transport_msgs__rosidl_typesupport_fastrtps_c.so[0m
[1.786s] [ 70%] [32m[1mLinking CXX shared library libffmpeg_image_transport_msgs__rosidl_typesupport_introspection_cpp.so[0m
[1.828s] [ 70%] Built target ffmpeg_image_transport_msgs__rosidl_typesupport_fastrtps_cpp
[1.834s] [ 70%] Built target ffmpeg_image_transport_msgs__rosidl_typesupport_fastrtps_c
[1.835s] [ 70%] Built target ffmpeg_image_transport_msgs__rosidl_typesupport_introspection_cpp
[1.848s] [ 70%] Built target ffmpeg_image_transport_msgs
[1.862s] [ 74%] [34m[1mGenerating Python code for ROS interfaces[0m
[2.141s] [ 74%] Built target ffmpeg_image_transport_msgs__py
[2.155s] [ 77%] [32mBuilding C object CMakeFiles/ffmpeg_image_transport_msgs__rosidl_generator_py.dir/rosidl_generator_py/ffmpeg_image_transport_msgs/msg/_ffmpeg_packet_s.c.o[0m
[2.252s] [ 80%] [32m[1mLinking C shared library rosidl_generator_py/ffmpeg_image_transport_msgs/libffmpeg_image_transport_msgs__rosidl_generator_py.so[0m
[2.285s] [ 80%] Built target ffmpeg_image_transport_msgs__rosidl_generator_py
[2.302s] [ 87%] [32mBuilding C object CMakeFiles/ffmpeg_image_transport_msgs__rosidl_typesupport_fastrtps_c__pyext.dir/rosidl_generator_py/ffmpeg_image_transport_msgs/_ffmpeg_image_transport_msgs_s.ep.rosidl_typesupport_fastrtps_c.c.o[0m
[2.302s] [ 87%] [32mBuilding C object CMakeFiles/ffmpeg_image_transport_msgs__rosidl_typesupport_c__pyext.dir/rosidl_generator_py/ffmpeg_image_transport_msgs/_ffmpeg_image_transport_msgs_s.ep.rosidl_typesupport_c.c.o[0m
[2.303s] [ 90%] [32mBuilding C object CMakeFiles/ffmpeg_image_transport_msgs__rosidl_typesupport_introspection_c__pyext.dir/rosidl_generator_py/ffmpeg_image_transport_msgs/_ffmpeg_image_transport_msgs_s.ep.rosidl_typesupport_introspection_c.c.o[0m
[2.373s] [ 93%] [32m[1mLinking C shared library rosidl_generator_py/ffmpeg_image_transport_msgs/ffmpeg_image_transport_msgs_s__rosidl_typesupport_fastrtps_c.cpython-310-x86_64-linux-gnu.so[0m
[2.388s] [ 96%] [32m[1mLinking C shared library rosidl_generator_py/ffmpeg_image_transport_msgs/ffmpeg_image_transport_msgs_s__rosidl_typesupport_c.cpython-310-x86_64-linux-gnu.so[0m
[2.389s] [100%] [32m[1mLinking C shared library rosidl_generator_py/ffmpeg_image_transport_msgs/ffmpeg_image_transport_msgs_s__rosidl_typesupport_introspection_c.cpython-310-x86_64-linux-gnu.so[0m
[2.407s] [100%] Built target ffmpeg_image_transport_msgs__rosidl_typesupport_fastrtps_c__pyext
[2.414s] [100%] Built target ffmpeg_image_transport_msgs__rosidl_typesupport_c__pyext
[2.423s] [100%] Built target ffmpeg_image_transport_msgs__rosidl_typesupport_introspection_c__pyext
[2.431s] Invoked command in '/home/dronelab/vikram/slam-project/build/ffmpeg_image_transport_msgs' returned '0': CMAKE_PREFIX_PATH=/opt/ros/humble /usr/bin/cmake --build /home/dronelab/vikram/slam-project/build/ffmpeg_image_transport_msgs -- -j32 -l32
[2.478s] Invoking command in '/home/dronelab/vikram/slam-project/build/ffmpeg_image_transport_msgs': CMAKE_PREFIX_PATH=/opt/ros/humble /usr/bin/cmake --install /home/dronelab/vikram/slam-project/build/ffmpeg_image_transport_msgs
[2.485s] -- Install configuration: ""
[2.485s] -- Installing: /home/dronelab/vikram/slam-project/install/ffmpeg_image_transport_msgs/share/ament_index/resource_index/rosidl_interfaces/ffmpeg_image_transport_msgs
[2.486s] -- Installing: /home/dronelab/vikram/slam-project/install/ffmpeg_image_transport_msgs/include/ffmpeg_image_transport_msgs/ffmpeg_image_transport_msgs
[2.486s] -- Installing: /home/dronelab/vikram/slam-project/install/ffmpeg_image_transport_msgs/include/ffmpeg_image_transport_msgs/ffmpeg_image_transport_msgs/msg
[2.486s] -- Installing: /home/dronelab/vikram/slam-project/install/ffmpeg_image_transport_msgs/include/ffmpeg_image_transport_msgs/ffmpeg_image_transport_msgs/msg/ffmpeg_packet.h
[2.486s] -- Installing: /home/dronelab/vikram/slam-project/install/ffmpeg_image_transport_msgs/include/ffmpeg_image_transport_msgs/ffmpeg_image_transport_msgs/msg/detail
[2.486s] -- Installing: /home/dronelab/vikram/slam-project/install/ffmpeg_image_transport_msgs/include/ffmpeg_image_transport_msgs/ffmpeg_image_transport_msgs/msg/detail/ffmpeg_packet__type_support.h
[2.486s] -- Installing: /home/dronelab/vikram/slam-project/install/ffmpeg_image_transport_msgs/include/ffmpeg_image_transport_msgs/ffmpeg_image_transport_msgs/msg/detail/ffmpeg_packet__functions.h
[2.486s] -- Installing: /home/dronelab/vikram/slam-project/install/ffmpeg_image_transport_msgs/include/ffmpeg_image_transport_msgs/ffmpeg_image_transport_msgs/msg/detail/ffmpeg_packet__struct.h
[2.486s] -- Installing: /home/dronelab/vikram/slam-project/install/ffmpeg_image_transport_msgs/include/ffmpeg_image_transport_msgs/ffmpeg_image_transport_msgs/msg/detail/ffmpeg_packet__functions.c
[2.486s] -- Installing: /home/dronelab/vikram/slam-project/install/ffmpeg_image_transport_msgs/include/ffmpeg_image_transport_msgs/ffmpeg_image_transport_msgs/msg/rosidl_generator_c__visibility_control.h
[2.486s] -- Installing: /home/dronelab/vikram/slam-project/install/ffmpeg_image_transport_msgs/share/ffmpeg_image_transport_msgs/environment/library_path.sh
[2.486s] -- Installing: /home/dronelab/vikram/slam-project/install/ffmpeg_image_transport_msgs/share/ffmpeg_image_transport_msgs/environment/library_path.dsv
[2.486s] -- Installing: /home/dronelab/vikram/slam-project/install/ffmpeg_image_transport_msgs/lib/libffmpeg_image_transport_msgs__rosidl_generator_c.so
[2.487s] -- Set runtime path of "/home/dronelab/vikram/slam-project/install/ffmpeg_image_transport_msgs/lib/libffmpeg_image_transport_msgs__rosidl_generator_c.so" to ""
[2.487s] -- Up-to-date: /home/dronelab/vikram/slam-project/install/ffmpeg_image_transport_msgs/include/ffmpeg_image_transport_msgs/ffmpeg_image_transport_msgs
[2.487s] -- Up-to-date: /home/dronelab/vikram/slam-project/install/ffmpeg_image_transport_msgs/include/ffmpeg_image_transport_msgs/ffmpeg_image_transport_msgs/msg
[2.487s] -- Installing: /home/dronelab/vikram/slam-project/install/ffmpeg_image_transport_msgs/include/ffmpeg_image_transport_msgs/ffmpeg_image_transport_msgs/msg/rosidl_typesupport_fastrtps_c__visibility_control.h
[2.487s] -- Up-to-date: /home/dronelab/vikram/slam-project/install/ffmpeg_image_transport_msgs/include/ffmpeg_image_transport_msgs/ffmpeg_image_transport_msgs/msg/detail
[2.487s] -- Installing: /home/dronelab/vikram/slam-project/install/ffmpeg_image_transport_msgs/include/ffmpeg_image_transport_msgs/ffmpeg_image_transport_msgs/msg/detail/ffmpeg_packet__rosidl_typesupport_fastrtps_c.h
[2.487s] -- Installing: /home/dronelab/vikram/slam-project/install/ffmpeg_image_transport_msgs/lib/libffmpeg_image_transport_msgs__rosidl_typesupport_fastrtps_c.so
[2.487s] -- Set runtime path of "/home/dronelab/vikram/slam-project/install/ffmpeg_image_transport_msgs/lib/libffmpeg_image_transport_msgs__rosidl_typesupport_fastrtps_c.so" to ""
[2.487s] -- Up-to-date: /home/dronelab/vikram/slam-project/install/ffmpeg_image_transport_msgs/include/ffmpeg_image_transport_msgs/ffmpeg_image_transport_msgs
[2.487s] -- Up-to-date: /home/dronelab/vikram/slam-project/install/ffmpeg_image_transport_msgs/include/ffmpeg_image_transport_msgs/ffmpeg_image_transport_msgs/msg
[2.487s] -- Installing: /home/dronelab/vikram/slam-project/install/ffmpeg_image_transport_msgs/include/ffmpeg_image_transport_msgs/ffmpeg_image_transport_msgs/msg/ffmpeg_packet.hpp
[2.487s] -- Up-to-date: /home/dronelab/vikram/slam-project/install/ffmpeg_image_transport_msgs/include/ffmpeg_image_transport_msgs/ffmpeg_image_transport_msgs/msg/detail
[2.488s] -- Installing: /home/dronelab/vikram/slam-project/install/ffmpeg_image_transport_msgs/include/ffmpeg_image_transport_msgs/ffmpeg_image_transport_msgs/msg/detail/ffmpeg_packet__traits.hpp
[2.488s] -- Installing: /home/dronelab/vikram/slam-project/install/ffmpeg_image_transport_msgs/include/ffmpeg_image_transport_msgs/ffmpeg_image_transport_msgs/msg/detail/ffmpeg_packet__struct.hpp
[2.488s] -- Installing: /home/dronelab/vikram/slam-project/install/ffmpeg_image_transport_msgs/include/ffmpeg_image_transport_msgs/ffmpeg_image_transport_msgs/msg/detail/ffmpeg_packet__builder.hpp
[2.488s] -- Up-to-date: /home/dronelab/vikram/slam-project/install/ffmpeg_image_transport_msgs/include/ffmpeg_image_transport_msgs/ffmpeg_image_transport_msgs
[2.488s] -- Up-to-date: /home/dronelab/vikram/slam-project/install/ffmpeg_image_transport_msgs/include/ffmpeg_image_transport_msgs/ffmpeg_image_transport_msgs/msg
[2.488s] -- Installing: /home/dronelab/vikram/slam-project/install/ffmpeg_image_transport_msgs/include/ffmpeg_image_transport_msgs/ffmpeg_image_transport_msgs/msg/rosidl_typesupport_fastrtps_cpp__visibility_control.h
[2.488s] -- Up-to-date: /home/dronelab/vikram/slam-project/install/ffmpeg_image_transport_msgs/include/ffmpeg_image_transport_msgs/ffmpeg_image_transport_msgs/msg/detail
[2.488s] -- Installing: /home/dronelab/vikram/slam-project/install/ffmpeg_image_transport_msgs/include/ffmpeg_image_transport_msgs/ffmpeg_image_transport_msgs/msg/detail/dds_fastrtps
[2.488s] -- Installing: /home/dronelab/vikram/slam-project/install/ffmpeg_image_transport_msgs/include/ffmpeg_image_transport_msgs/ffmpeg_image_transport_msgs/msg/detail/ffmpeg_packet__rosidl_typesupport_fastrtps_cpp.hpp
[2.488s] -- Installing: /home/dronelab/vikram/slam-project/install/ffmpeg_image_transport_msgs/lib/libffmpeg_image_transport_msgs__rosidl_typesupport_fastrtps_cpp.so
[2.488s] -- Set runtime path of "/home/dronelab/vikram/slam-project/install/ffmpeg_image_transport_msgs/lib/libffmpeg_image_transport_msgs__rosidl_typesupport_fastrtps_cpp.so" to ""
[2.488s] -- Up-to-date: /home/dronelab/vikram/slam-project/install/ffmpeg_image_transport_msgs/include/ffmpeg_image_transport_msgs/ffmpeg_image_transport_msgs
[2.488s] -- Up-to-date: /home/dronelab/vikram/slam-project/install/ffmpeg_image_transport_msgs/include/ffmpeg_image_transport_msgs/ffmpeg_image_transport_msgs/msg
[2.488s] -- Installing: /home/dronelab/vikram/slam-project/install/ffmpeg_image_transport_msgs/include/ffmpeg_image_transport_msgs/ffmpeg_image_transport_msgs/msg/rosidl_typesupport_introspection_c__visibility_control.h
[2.489s] -- Up-to-date: /home/dronelab/vikram/slam-project/install/ffmpeg_image_transport_msgs/include/ffmpeg_image_transport_msgs/ffmpeg_image_transport_msgs/msg/detail
[2.489s] -- Installing: /home/dronelab/vikram/slam-project/install/ffmpeg_image_transport_msgs/include/ffmpeg_image_transport_msgs/ffmpeg_image_transport_msgs/msg/detail/ffmpeg_packet__type_support.c
[2.489s] -- Installing: /home/dronelab/vikram/slam-project/install/ffmpeg_image_transport_msgs/include/ffmpeg_image_transport_msgs/ffmpeg_image_transport_msgs/msg/detail/ffmpeg_packet__rosidl_typesupport_introspection_c.h
[2.489s] -- Installing: /home/dronelab/vikram/slam-project/install/ffmpeg_image_transport_msgs/lib/libffmpeg_image_transport_msgs__rosidl_typesupport_introspection_c.so
[2.489s] -- Set runtime path of "/home/dronelab/vikram/slam-project/install/ffmpeg_image_transport_msgs/lib/libffmpeg_image_transport_msgs__rosidl_typesupport_introspection_c.so" to ""
[2.489s] -- Installing: /home/dronelab/vikram/slam-project/install/ffmpeg_image_transport_msgs/lib/libffmpeg_image_transport_msgs__rosidl_typesupport_c.so
[2.489s] -- Set runtime path of "/home/dronelab/vikram/slam-project/install/ffmpeg_image_transport_msgs/lib/libffmpeg_image_transport_msgs__rosidl_typesupport_c.so" to ""
[2.489s] -- Up-to-date: /home/dronelab/vikram/slam-project/install/ffmpeg_image_transport_msgs/include/ffmpeg_image_transport_msgs/ffmpeg_image_transport_msgs
[2.489s] -- Up-to-date: /home/dronelab/vikram/slam-project/install/ffmpeg_image_transport_msgs/include/ffmpeg_image_transport_msgs/ffmpeg_image_transport_msgs/msg
[2.489s] -- Up-to-date: /home/dronelab/vikram/slam-project/install/ffmpeg_image_transport_msgs/include/ffmpeg_image_transport_msgs/ffmpeg_image_transport_msgs/msg/detail
[2.489s] -- Installing: /home/dronelab/vikram/slam-project/install/ffmpeg_image_transport_msgs/include/ffmpeg_image_transport_msgs/ffmpeg_image_transport_msgs/msg/detail/ffmpeg_packet__rosidl_typesupport_introspection_cpp.hpp
[2.489s] -- Installing: /home/dronelab/vikram/slam-project/install/ffmpeg_image_transport_msgs/include/ffmpeg_image_transport_msgs/ffmpeg_image_transport_msgs/msg/detail/ffmpeg_packet__type_support.cpp
[2.490s] -- Installing: /home/dronelab/vikram/slam-project/install/ffmpeg_image_transport_msgs/lib/libffmpeg_image_transport_msgs__rosidl_typesupport_introspection_cpp.so
[2.490s] -- Set runtime path of "/home/dronelab/vikram/slam-project/install/ffmpeg_image_transport_msgs/lib/libffmpeg_image_transport_msgs__rosidl_typesupport_introspection_cpp.so" to ""
[2.490s] -- Installing: /home/dronelab/vikram/slam-project/install/ffmpeg_image_transport_msgs/lib/libffmpeg_image_transport_msgs__rosidl_typesupport_cpp.so
[2.490s] -- Set runtime path of "/home/dronelab/vikram/slam-project/install/ffmpeg_image_transport_msgs/lib/libffmpeg_image_transport_msgs__rosidl_typesupport_cpp.so" to ""
[2.490s] -- Installing: /home/dronelab/vikram/slam-project/install/ffmpeg_image_transport_msgs/share/ffmpeg_image_transport_msgs/environment/pythonpath.sh
[2.490s] -- Installing: /home/dronelab/vikram/slam-project/install/ffmpeg_image_transport_msgs/share/ffmpeg_image_transport_msgs/environment/pythonpath.dsv
[2.490s] -- Installing: /home/dronelab/vikram/slam-project/install/ffmpeg_image_transport_msgs/local/lib/python3.10/dist-packages/ffmpeg_image_transport_msgs-1.0.1-py3.10.egg-info
[2.490s] -- Installing: /home/dronelab/vikram/slam-project/install/ffmpeg_image_transport_msgs/local/lib/python3.10/dist-packages/ffmpeg_image_transport_msgs-1.0.1-py3.10.egg-info/PKG-INFO
[2.491s] -- Installing: /home/dronelab/vikram/slam-project/install/ffmpeg_image_transport_msgs/local/lib/python3.10/dist-packages/ffmpeg_image_transport_msgs-1.0.1-py3.10.egg-info/SOURCES.txt
[2.491s] -- Installing: /home/dronelab/vikram/slam-project/install/ffmpeg_image_transport_msgs/local/lib/python3.10/dist-packages/ffmpeg_image_transport_msgs-1.0.1-py3.10.egg-info/top_level.txt
[2.491s] -- Installing: /home/dronelab/vikram/slam-project/install/ffmpeg_image_transport_msgs/local/lib/python3.10/dist-packages/ffmpeg_image_transport_msgs-1.0.1-py3.10.egg-info/dependency_links.txt
[2.491s] -- Installing: /home/dronelab/vikram/slam-project/install/ffmpeg_image_transport_msgs/local/lib/python3.10/dist-packages/ffmpeg_image_transport_msgs
[2.491s] -- Installing: /home/dronelab/vikram/slam-project/install/ffmpeg_image_transport_msgs/local/lib/python3.10/dist-packages/ffmpeg_image_transport_msgs/libffmpeg_image_transport_msgs__rosidl_generator_py.so
[2.491s] -- Installing: /home/dronelab/vikram/slam-project/install/ffmpeg_image_transport_msgs/local/lib/python3.10/dist-packages/ffmpeg_image_transport_msgs/ffmpeg_image_transport_msgs_s__rosidl_typesupport_fastrtps_c.cpython-310-x86_64-linux-gnu.so
[2.491s] -- Installing: /home/dronelab/vikram/slam-project/install/ffmpeg_image_transport_msgs/local/lib/python3.10/dist-packages/ffmpeg_image_transport_msgs/_ffmpeg_image_transport_msgs_s.ep.rosidl_typesupport_introspection_c.c
[2.491s] -- Installing: /home/dronelab/vikram/slam-project/install/ffmpeg_image_transport_msgs/local/lib/python3.10/dist-packages/ffmpeg_image_transport_msgs/_ffmpeg_image_transport_msgs_s.ep.rosidl_typesupport_fastrtps_c.c
[2.491s] -- Installing: /home/dronelab/vikram/slam-project/install/ffmpeg_image_transport_msgs/local/lib/python3.10/dist-packages/ffmpeg_image_transport_msgs/ffmpeg_image_transport_msgs_s__rosidl_typesupport_c.cpython-310-x86_64-linux-gnu.so
[2.491s] -- Installing: /home/dronelab/vikram/slam-project/install/ffmpeg_image_transport_msgs/local/lib/python3.10/dist-packages/ffmpeg_image_transport_msgs/msg
[2.491s] -- Installing: /home/dronelab/vikram/slam-project/install/ffmpeg_image_transport_msgs/local/lib/python3.10/dist-packages/ffmpeg_image_transport_msgs/msg/_ffmpeg_packet.py
[2.491s] -- Installing: /home/dronelab/vikram/slam-project/install/ffmpeg_image_transport_msgs/local/lib/python3.10/dist-packages/ffmpeg_image_transport_msgs/msg/_ffmpeg_packet_s.c
[2.491s] -- Installing: /home/dronelab/vikram/slam-project/install/ffmpeg_image_transport_msgs/local/lib/python3.10/dist-packages/ffmpeg_image_transport_msgs/msg/__init__.py
[2.492s] -- Installing: /home/dronelab/vikram/slam-project/install/ffmpeg_image_transport_msgs/local/lib/python3.10/dist-packages/ffmpeg_image_transport_msgs/__init__.py
[2.492s] -- Installing: /home/dronelab/vikram/slam-project/install/ffmpeg_image_transport_msgs/local/lib/python3.10/dist-packages/ffmpeg_image_transport_msgs/ffmpeg_image_transport_msgs_s__rosidl_typesupport_introspection_c.cpython-310-x86_64-linux-gnu.so
[2.492s] -- Installing: /home/dronelab/vikram/slam-project/install/ffmpeg_image_transport_msgs/local/lib/python3.10/dist-packages/ffmpeg_image_transport_msgs/_ffmpeg_image_transport_msgs_s.ep.rosidl_typesupport_c.c
[2.514s] Listing '/home/dronelab/vikram/slam-project/install/ffmpeg_image_transport_msgs/local/lib/python3.10/dist-packages/ffmpeg_image_transport_msgs'...
[2.514s] Compiling '/home/dronelab/vikram/slam-project/install/ffmpeg_image_transport_msgs/local/lib/python3.10/dist-packages/ffmpeg_image_transport_msgs/__init__.py'...
[2.514s] Listing '/home/dronelab/vikram/slam-project/install/ffmpeg_image_transport_msgs/local/lib/python3.10/dist-packages/ffmpeg_image_transport_msgs/msg'...
[2.514s] Compiling '/home/dronelab/vikram/slam-project/install/ffmpeg_image_transport_msgs/local/lib/python3.10/dist-packages/ffmpeg_image_transport_msgs/msg/__init__.py'...
[2.514s] Compiling '/home/dronelab/vikram/slam-project/install/ffmpeg_image_transport_msgs/local/lib/python3.10/dist-packages/ffmpeg_image_transport_msgs/msg/_ffmpeg_packet.py'...
[2.517s] -- Installing: /home/dronelab/vikram/slam-project/install/ffmpeg_image_transport_msgs/local/lib/python3.10/dist-packages/ffmpeg_image_transport_msgs/ffmpeg_image_transport_msgs_s__rosidl_typesupport_fastrtps_c.cpython-310-x86_64-linux-gnu.so
[2.517s] -- Set runtime path of "/home/dronelab/vikram/slam-project/install/ffmpeg_image_transport_msgs/local/lib/python3.10/dist-packages/ffmpeg_image_transport_msgs/ffmpeg_image_transport_msgs_s__rosidl_typesupport_fastrtps_c.cpython-310-x86_64-linux-gnu.so" to ""
[2.517s] -- Installing: /home/dronelab/vikram/slam-project/install/ffmpeg_image_transport_msgs/local/lib/python3.10/dist-packages/ffmpeg_image_transport_msgs/ffmpeg_image_transport_msgs_s__rosidl_typesupport_introspection_c.cpython-310-x86_64-linux-gnu.so
[2.517s] -- Set runtime path of "/home/dronelab/vikram/slam-project/install/ffmpeg_image_transport_msgs/local/lib/python3.10/dist-packages/ffmpeg_image_transport_msgs/ffmpeg_image_transport_msgs_s__rosidl_typesupport_introspection_c.cpython-310-x86_64-linux-gnu.so" to ""
[2.517s] -- Installing: /home/dronelab/vikram/slam-project/install/ffmpeg_image_transport_msgs/local/lib/python3.10/dist-packages/ffmpeg_image_transport_msgs/ffmpeg_image_transport_msgs_s__rosidl_typesupport_c.cpython-310-x86_64-linux-gnu.so
[2.517s] -- Set runtime path of "/home/dronelab/vikram/slam-project/install/ffmpeg_image_transport_msgs/local/lib/python3.10/dist-packages/ffmpeg_image_transport_msgs/ffmpeg_image_transport_msgs_s__rosidl_typesupport_c.cpython-310-x86_64-linux-gnu.so" to ""
[2.517s] -- Installing: /home/dronelab/vikram/slam-project/install/ffmpeg_image_transport_msgs/lib/libffmpeg_image_transport_msgs__rosidl_generator_py.so
[2.518s] -- Set runtime path of "/home/dronelab/vikram/slam-project/install/ffmpeg_image_transport_msgs/lib/libffmpeg_image_transport_msgs__rosidl_generator_py.so" to ""
[2.518s] -- Installing: /home/dronelab/vikram/slam-project/install/ffmpeg_image_transport_msgs/share/ffmpeg_image_transport_msgs/msg/FFMPEGPacket.idl
[2.518s] -- Installing: /home/dronelab/vikram/slam-project/install/ffmpeg_image_transport_msgs/share/ffmpeg_image_transport_msgs/msg/FFMPEGPacket.msg
[2.518s] -- Installing: /home/dronelab/vikram/slam-project/install/ffmpeg_image_transport_msgs/share/ament_index/resource_index/package_run_dependencies/ffmpeg_image_transport_msgs
[2.518s] -- Installing: /home/dronelab/vikram/slam-project/install/ffmpeg_image_transport_msgs/share/ament_index/resource_index/parent_prefix_path/ffmpeg_image_transport_msgs
[2.518s] -- Installing: /home/dronelab/vikram/slam-project/install/ffmpeg_image_transport_msgs/share/ffmpeg_image_transport_msgs/environment/ament_prefix_path.sh
[2.518s] -- Installing: /home/dronelab/vikram/slam-project/install/ffmpeg_image_transport_msgs/share/ffmpeg_image_transport_msgs/environment/ament_prefix_path.dsv
[2.518s] -- Installing: /home/dronelab/vikram/slam-project/install/ffmpeg_image_transport_msgs/share/ffmpeg_image_transport_msgs/environment/path.sh
[2.518s] -- Installing: /home/dronelab/vikram/slam-project/install/ffmpeg_image_transport_msgs/share/ffmpeg_image_transport_msgs/environment/path.dsv
[2.518s] -- Installing: /home/dronelab/vikram/slam-project/install/ffmpeg_image_transport_msgs/share/ffmpeg_image_transport_msgs/local_setup.bash
[2.518s] -- Installing: /home/dronelab/vikram/slam-project/install/ffmpeg_image_transport_msgs/share/ffmpeg_image_transport_msgs/local_setup.sh
[2.518s] -- Installing: /home/dronelab/vikram/slam-project/install/ffmpeg_image_transport_msgs/share/ffmpeg_image_transport_msgs/local_setup.zsh
[2.518s] -- Installing: /home/dronelab/vikram/slam-project/install/ffmpeg_image_transport_msgs/share/ffmpeg_image_transport_msgs/local_setup.dsv
[2.518s] -- Installing: /home/dronelab/vikram/slam-project/install/ffmpeg_image_transport_msgs/share/ffmpeg_image_transport_msgs/package.dsv
[2.518s] -- Installing: /home/dronelab/vikram/slam-project/install/ffmpeg_image_transport_msgs/share/ament_index/resource_index/packages/ffmpeg_image_transport_msgs
[2.518s] -- Installing: /home/dronelab/vikram/slam-project/install/ffmpeg_image_transport_msgs/share/ffmpeg_image_transport_msgs/cmake/export_ffmpeg_image_transport_msgs__rosidl_generator_cExport.cmake
[2.519s] -- Installing: /home/dronelab/vikram/slam-project/install/ffmpeg_image_transport_msgs/share/ffmpeg_image_transport_msgs/cmake/export_ffmpeg_image_transport_msgs__rosidl_generator_cExport-noconfig.cmake
[2.519s] -- Installing: /home/dronelab/vikram/slam-project/install/ffmpeg_image_transport_msgs/share/ffmpeg_image_transport_msgs/cmake/export_ffmpeg_image_transport_msgs__rosidl_typesupport_fastrtps_cExport.cmake
[2.519s] -- Installing: /home/dronelab/vikram/slam-project/install/ffmpeg_image_transport_msgs/share/ffmpeg_image_transport_msgs/cmake/export_ffmpeg_image_transport_msgs__rosidl_typesupport_fastrtps_cExport-noconfig.cmake
[2.519s] -- Installing: /home/dronelab/vikram/slam-project/install/ffmpeg_image_transport_msgs/share/ffmpeg_image_transport_msgs/cmake/export_ffmpeg_image_transport_msgs__rosidl_generator_cppExport.cmake
[2.519s] -- Installing: /home/dronelab/vikram/slam-project/install/ffmpeg_image_transport_msgs/share/ffmpeg_image_transport_msgs/cmake/export_ffmpeg_image_transport_msgs__rosidl_typesupport_fastrtps_cppExport.cmake
[2.519s] -- Installing: /home/dronelab/vikram/slam-project/install/ffmpeg_image_transport_msgs/share/ffmpeg_image_transport_msgs/cmake/export_ffmpeg_image_transport_msgs__rosidl_typesupport_fastrtps_cppExport-noconfig.cmake
[2.519s] -- Installing: /home/dronelab/vikram/slam-project/install/ffmpeg_image_transport_msgs/share/ffmpeg_image_transport_msgs/cmake/ffmpeg_image_transport_msgs__rosidl_typesupport_introspection_cExport.cmake
[2.519s] -- Installing: /home/dronelab/vikram/slam-project/install/ffmpeg_image_transport_msgs/share/ffmpeg_image_transport_msgs/cmake/ffmpeg_image_transport_msgs__rosidl_typesupport_introspection_cExport-noconfig.cmake
[2.519s] -- Installing: /home/dronelab/vikram/slam-project/install/ffmpeg_image_transport_msgs/share/ffmpeg_image_transport_msgs/cmake/ffmpeg_image_transport_msgs__rosidl_typesupport_cExport.cmake
[2.519s] -- Installing: /home/dronelab/vikram/slam-project/install/ffmpeg_image_transport_msgs/share/ffmpeg_image_transport_msgs/cmake/ffmpeg_image_transport_msgs__rosidl_typesupport_cExport-noconfig.cmake
[2.519s] -- Installing: /home/dronelab/vikram/slam-project/install/ffmpeg_image_transport_msgs/share/ffmpeg_image_transport_msgs/cmake/ffmpeg_image_transport_msgs__rosidl_typesupport_introspection_cppExport.cmake
[2.519s] -- Installing: /home/dronelab/vikram/slam-project/install/ffmpeg_image_transport_msgs/share/ffmpeg_image_transport_msgs/cmake/ffmpeg_image_transport_msgs__rosidl_typesupport_introspection_cppExport-noconfig.cmake
[2.519s] -- Installing: /home/dronelab/vikram/slam-project/install/ffmpeg_image_transport_msgs/share/ffmpeg_image_transport_msgs/cmake/ffmpeg_image_transport_msgs__rosidl_typesupport_cppExport.cmake
[2.519s] -- Installing: /home/dronelab/vikram/slam-project/install/ffmpeg_image_transport_msgs/share/ffmpeg_image_transport_msgs/cmake/ffmpeg_image_transport_msgs__rosidl_typesupport_cppExport-noconfig.cmake
[2.519s] -- Installing: /home/dronelab/vikram/slam-project/install/ffmpeg_image_transport_msgs/share/ffmpeg_image_transport_msgs/cmake/export_ffmpeg_image_transport_msgs__rosidl_generator_pyExport.cmake
[2.520s] -- Installing: /home/dronelab/vikram/slam-project/install/ffmpeg_image_transport_msgs/share/ffmpeg_image_transport_msgs/cmake/export_ffmpeg_image_transport_msgs__rosidl_generator_pyExport-noconfig.cmake
[2.520s] -- Installing: /home/dronelab/vikram/slam-project/install/ffmpeg_image_transport_msgs/share/ffmpeg_image_transport_msgs/cmake/rosidl_cmake-extras.cmake
[2.520s] -- Installing: /home/dronelab/vikram/slam-project/install/ffmpeg_image_transport_msgs/share/ffmpeg_image_transport_msgs/cmake/ament_cmake_export_dependencies-extras.cmake
[2.520s] -- Installing: /home/dronelab/vikram/slam-project/install/ffmpeg_image_transport_msgs/share/ffmpeg_image_transport_msgs/cmake/ament_cmake_export_include_directories-extras.cmake
[2.520s] -- Installing: /home/dronelab/vikram/slam-project/install/ffmpeg_image_transport_msgs/share/ffmpeg_image_transport_msgs/cmake/ament_cmake_export_libraries-extras.cmake
[2.520s] -- Installing: /home/dronelab/vikram/slam-project/install/ffmpeg_image_transport_msgs/share/ffmpeg_image_transport_msgs/cmake/ament_cmake_export_targets-extras.cmake
[2.520s] -- Installing: /home/dronelab/vikram/slam-project/install/ffmpeg_image_transport_msgs/share/ffmpeg_image_transport_msgs/cmake/rosidl_cmake_export_typesupport_targets-extras.cmake
[2.520s] -- Installing: /home/dronelab/vikram/slam-project/install/ffmpeg_image_transport_msgs/share/ffmpeg_image_transport_msgs/cmake/rosidl_cmake_export_typesupport_libraries-extras.cmake
[2.520s] -- Installing: /home/dronelab/vikram/slam-project/install/ffmpeg_image_transport_msgs/share/ffmpeg_image_transport_msgs/cmake/ffmpeg_image_transport_msgsConfig.cmake
[2.520s] -- Installing: /home/dronelab/vikram/slam-project/install/ffmpeg_image_transport_msgs/share/ffmpeg_image_transport_msgs/cmake/ffmpeg_image_transport_msgsConfig-version.cmake
[2.520s] -- Installing: /home/dronelab/vikram/slam-project/install/ffmpeg_image_transport_msgs/share/ffmpeg_image_transport_msgs/package.xml
[2.522s] Invoked command in '/home/dronelab/vikram/slam-project/build/ffmpeg_image_transport_msgs' returned '0': CMAKE_PREFIX_PATH=/opt/ros/humble /usr/bin/cmake --install /home/dronelab/vikram/slam-project/build/ffmpeg_image_transport_msgs
