[0.009s] Invoking command in '/home/dronelab/vikram/slam-project/build/depthai_bridge': AMENT_PREFIX_PATH=/home/dronelab/vikram/slam-project/install/ffmpeg_image_transport_msgs:/home/dronelab/vikram/slam-project/install/depthai_ros_msgs:${AMENT_PREFIX_PATH} CMAKE_PREFIX_PATH=/home/dronelab/vikram/slam-project/install/ffmpeg_image_transport_msgs:/home/dronelab/vikram/slam-project/install/depthai_ros_msgs:/opt/ros/humble LD_LIBRARY_PATH=/home/dronelab/vikram/slam-project/install/ffmpeg_image_transport_msgs/lib:/home/dronelab/vikram/slam-project/install/depthai_ros_msgs/lib:${LD_LIBRARY_PATH} PYTHONPATH=/home/dronelab/vikram/slam-project/install/ffmpeg_image_transport_msgs/local/lib/python3.10/dist-packages:/home/dronelab/vikram/slam-project/install/depthai_ros_msgs/local/lib/python3.10/dist-packages:${PYTHONPATH} /usr/bin/cmake --build /home/dronelab/vikram/slam-project/build/depthai_bridge -- -j32 -l32
[0.046s] [  2%] [32mBuilding CXX object gtest/CMakeFiles/gtest.dir/src/gtest-all.cc.o[0m
[0.047s] [  5%] [32mBuilding CXX object gtest/CMakeFiles/gtest_main.dir/src/gtest_main.cc.o[0m
[0.048s] [ 10%] [32mBuilding CXX object CMakeFiles/depthai_bridge.dir/src/TFPublisher.cpp.o[0m
[0.048s] [ 10%] [32mBuilding CXX object CMakeFiles/depthai_bridge.dir/src/BaseConverter.cpp.o[0m
[0.048s] [ 12%] [32mBuilding CXX object CMakeFiles/depthai_bridge.dir/src/ImuConverter.cpp.o[0m
[0.049s] [ 17%] [32mBuilding CXX object CMakeFiles/depthai_bridge.dir/src/DisparityConverter.cpp.o[0m
[0.049s] [ 17%] [32mBuilding CXX object CMakeFiles/depthai_bridge.dir/src/GridMapConverter.cpp.o[0m
[0.049s] [ 20%] [32mBuilding CXX object CMakeFiles/depthai_bridge.dir/src/ImageConverter.cpp.o[0m
[0.049s] [ 25%] [32mBuilding CXX object CMakeFiles/depthai_bridge.dir/src/TrackDetectionConverter.cpp.o[0m
[0.049s] [ 25%] [32mBuilding CXX object CMakeFiles/depthai_bridge.dir/src/ImgDetectionConverter.cpp.o[0m
[0.050s] [ 27%] [32mBuilding CXX object CMakeFiles/depthai_bridge.dir/src/SpatialDetectionConverter.cpp.o[0m
[0.050s] [ 30%] [32mBuilding CXX object CMakeFiles/depthai_bridge.dir/src/PointCloudConverter.cpp.o[0m
[0.050s] [ 32%] [32mBuilding CXX object CMakeFiles/depthai_bridge.dir/src/TransformDataConverter.cpp.o[0m
[0.051s] [ 35%] [32mBuilding CXX object CMakeFiles/depthai_bridge.dir/src/TrackSpatialDetectionConverter.cpp.o[0m
[0.052s] [ 37%] [32mBuilding CXX object CMakeFiles/depthai_bridge.dir/src/TrackedFeaturesConverter.cpp.o[0m
[0.059s] In file included from [01m[K/home/dronelab/vikram/slam-project/src/depthai_bridge/src/TransformDataConverter.cpp:1[m[K:
[0.059s] [01m[K/home/dronelab/vikram/slam-project/src/depthai_bridge/include/depthai_bridge/TransformDataConverter.hpp:3:10:[m[K [01;31m[Kfatal error: [m[Kdepthai/common/Quaterniond.hpp: No such file or directory
[0.059s]     3 | #include [01;31m[K<depthai/common/Quaterniond.hpp>[m[K
[0.059s]       |          [01;31m[K^~~~~~~~~~~~~~~~~~~~~~~~~~~~~~~~[m[K
[0.059s] compilation terminated.
[0.060s] gmake[2]: *** [CMakeFiles/depthai_bridge.dir/build.make:244: CMakeFiles/depthai_bridge.dir/src/TransformDataConverter.cpp.o] Error 1
[0.060s] gmake[2]: *** Waiting for unfinished jobs....
[0.149s] In file included from [01m[K/home/dronelab/vikram/slam-project/src/depthai_bridge/src/GridMapConverter.cpp:1[m[K:
[0.149s] [01m[K/home/dronelab/vikram/slam-project/src/depthai_bridge/include/depthai_bridge/GridMapConverter.hpp:7:10:[m[K [01;31m[Kfatal error: [m[Kdepthai/pipeline/datatype/MapData.hpp: No such file or directory
[0.150s]     7 | #include [01;31m[K"depthai/pipeline/datatype/MapData.hpp"[m[K
[0.150s]       |          [01;31m[K^~~~~~~~~~~~~~~~~~~~~~~~~~~~~~~~~~~~~~~[m[K
[0.150s] compilation terminated.
[0.150s] gmake[2]: *** [CMakeFiles/depthai_bridge.dir/build.make:104: CMakeFiles/depthai_bridge.dir/src/GridMapConverter.cpp.o] Error 1
[0.166s] In file included from [01m[K/home/dronelab/vikram/slam-project/src/depthai_bridge/src/ImageConverter.cpp:1[m[K:
[0.166s] [01m[K/home/dronelab/vikram/slam-project/src/depthai_bridge/include/depthai_bridge/ImageConverter.hpp:9:10:[m[K [01;31m[Kfatal error: [m[Kdepthai/common/Point2f.hpp: No such file or directory
[0.166s]     9 | #include [01;31m[K"depthai/common/Point2f.hpp"[m[K
[0.167s]       |          [01;31m[K^~~~~~~~~~~~~~~~~~~~~~~~~~~~[m[K
[0.167s] compilation terminated.
[0.167s] gmake[2]: *** [CMakeFiles/depthai_bridge.dir/build.make:118: CMakeFiles/depthai_bridge.dir/src/ImageConverter.cpp.o] Error 1
[0.736s] [01m[K/home/dronelab/vikram/slam-project/src/depthai_bridge/src/ImgDetectionConverter.cpp:[m[K In member function ‘[01m[Kvoid depthai_bridge::ImgDetectionConverter::toRosMsg(std::shared_ptr<dai::ImgDetections>, std::deque<vision_msgs::msg::Detection2DArray_<std::allocator<void> > >&)[m[K’:
[0.736s] [01m[K/home/dronelab/vikram/slam-project/src/depthai_bridge/src/ImgDetectionConverter.cpp:17:36:[m[K [01;31m[Kerror: [m[K‘[01m[Kusing element_type = class dai::ImgDetections[m[K’ {aka ‘[01m[Kclass dai::ImgDetections[m[K’} has no member named ‘[01m[Ktransformation[m[K’
[0.736s]    17 |     auto [width, height] = inData->[01;31m[Ktransformation[m[K->getSize();
[0.736s]       |                                    [01;31m[K^~~~~~~~~~~~~~[m[K
[0.736s] [01m[K/home/dronelab/vikram/slam-project/src/depthai_bridge/src/ImgDetectionConverter.cpp:40:93:[m[K [01;31m[Kerror: [m[K‘[01m[K__gnu_cxx::__alloc_traits<std::allocator<dai::ImgDetection>, dai::ImgDetection>::value_type[m[K’ {aka ‘[01m[Kstruct dai::ImgDetection[m[K’} has no member named ‘[01m[KlabelName[m[K’
[0.736s]    40 |         opDetectionMsg.detections[i].results[0].hypothesis.class_id = inData->detections[i].[01;31m[KlabelName[m[K;
[0.736s]       |                                                                                             [01;31m[K^~~~~~~~~[m[K
[0.862s] [ 40%] [32m[1mLinking CXX static library libgtest_main.a[0m
[0.894s] [ 40%] Built target gtest_main
[0.986s] [01m[K/home/dronelab/vikram/slam-project/src/depthai_bridge/src/SpatialDetectionConverter.cpp:[m[K In member function ‘[01m[Kvoid depthai_bridge::SpatialDetectionConverter::toRosMsg(std::shared_ptr<dai::SpatialImgDetections>, std::deque<depthai_ros_msgs::msg::SpatialDetectionArray_<std::allocator<void> > >&)[m[K’:
[0.986s] [01m[K/home/dronelab/vikram/slam-project/src/depthai_bridge/src/SpatialDetectionConverter.cpp:19:39:[m[K [01;31m[Kerror: [m[K‘[01m[Kusing element_type = class dai::SpatialImgDetections[m[K’ {aka ‘[01m[Kclass dai::SpatialImgDetections[m[K’} has no member named ‘[01m[Ktransformation[m[K’
[0.986s]    19 |     auto [width, height] = inNetData->[01;31m[Ktransformation[m[K->getSize();
[0.986s]       |                                       [01;31m[K^~~~~~~~~~~~~~[m[K
[0.986s] [01m[K/home/dronelab/vikram/slam-project/src/depthai_bridge/src/SpatialDetectionConverter.cpp:40:85:[m[K [01;31m[Kerror: [m[K‘[01m[K__gnu_cxx::__alloc_traits<std::allocator<dai::SpatialImgDetection>, dai::SpatialImgDetection>::value_type[m[K’ {aka ‘[01m[Kstruct dai::SpatialImgDetection[m[K’} has no member named ‘[01m[KlabelName[m[K’
[0.987s]    40 |         opDetectionMsg.detections[i].results[0].class_id = inNetData->detections[i].[01;31m[KlabelName[m[K;
[0.987s]       |                                                                                     [01;31m[K^~~~~~~~~[m[K
[0.990s] [01m[K/home/dronelab/vikram/slam-project/src/depthai_bridge/src/SpatialDetectionConverter.cpp:[m[K In member function ‘[01m[Kvoid depthai_bridge::SpatialDetectionConverter::toRosVisionMsg(std::shared_ptr<dai::SpatialImgDetections>, std::deque<vision_msgs::msg::Detection3DArray_<std::allocator<void> > >&)[m[K’:
[0.991s] [01m[K/home/dronelab/vikram/slam-project/src/depthai_bridge/src/SpatialDetectionConverter.cpp:72:39:[m[K [01;31m[Kerror: [m[K‘[01m[Kusing element_type = class dai::SpatialImgDetections[m[K’ {aka ‘[01m[Kclass dai::SpatialImgDetections[m[K’} has no member named ‘[01m[Ktransformation[m[K’
[0.991s]    72 |     auto [width, height] = inNetData->[01;31m[Ktransformation[m[K->getSize();
[0.991s]       |                                       [01;31m[K^~~~~~~~~~~~~~[m[K
[0.991s] [01m[K/home/dronelab/vikram/slam-project/src/depthai_bridge/src/SpatialDetectionConverter.cpp:94:96:[m[K [01;31m[Kerror: [m[K‘[01m[K__gnu_cxx::__alloc_traits<std::allocator<dai::SpatialImgDetection>, dai::SpatialImgDetection>::value_type[m[K’ {aka ‘[01m[Kstruct dai::SpatialImgDetection[m[K’} has no member named ‘[01m[KlabelName[m[K’
[0.991s]    94 |         opDetectionMsg.detections[i].results[0].hypothesis.class_id = inNetData->detections[i].[01;31m[KlabelName[m[K;
[0.991s]       |                                                                                                [01;31m[K^~~~~~~~~[m[K
[1.051s] gmake[2]: *** [CMakeFiles/depthai_bridge.dir/build.make:132: CMakeFiles/depthai_bridge.dir/src/ImgDetectionConverter.cpp.o] Error 1
[1.278s] [01m[K/home/dronelab/vikram/slam-project/src/depthai_bridge/src/PointCloudConverter.cpp:[m[K In member function ‘[01m[Kvoid depthai_bridge::PointCloudConverter::toRosMsg(std::shared_ptr<dai::PointCloudData>, std::deque<sensor_msgs::msg::PointCloud2_<std::allocator<void> > >&)[m[K’:
[1.278s] [01m[K/home/dronelab/vikram/slam-project/src/depthai_bridge/src/PointCloudConverter.cpp:40:29:[m[K [01;31m[Kerror: [m[K‘[01m[Kusing element_type = class dai::PointCloudData[m[K’ {aka ‘[01m[Kclass dai::PointCloudData[m[K’} has no member named ‘[01m[KisColor[m[K’
[1.278s]    40 |     bool isColored = inPcl->[01;31m[KisColor[m[K();
[1.278s]       |                             [01;31m[K^~~~~~~[m[K
[1.281s] [01m[K/home/dronelab/vikram/slam-project/src/depthai_bridge/src/PointCloudConverter.cpp:85:30:[m[K [01;31m[Kerror: [m[K‘[01m[Kusing element_type = class dai::PointCloudData[m[K’ {aka ‘[01m[Kclass dai::PointCloudData[m[K’} has no member named ‘[01m[KgetPointsRGB[m[K’; did you mean ‘[01m[KgetPoints[m[K’?
[1.281s]    85 |         auto points = inPcl->[01;31m[KgetPointsRGB[m[K();
[1.281s]       |                              [01;31m[K^~~~~~~~~~~~[m[K
[1.281s]       |                              [32m[KgetPoints[m[K
[1.498s] gmake[2]: *** [CMakeFiles/depthai_bridge.dir/build.make:174: CMakeFiles/depthai_bridge.dir/src/SpatialDetectionConverter.cpp.o] Error 1
[1.719s] gmake[2]: *** [CMakeFiles/depthai_bridge.dir/build.make:160: CMakeFiles/depthai_bridge.dir/src/PointCloudConverter.cpp.o] Error 1
[1.985s] [ 42%] [32m[1mLinking CXX static library libgtest.a[0m
[2.025s] [ 42%] Built target gtest
[4.200s] gmake[1]: *** [CMakeFiles/Makefile2:177: CMakeFiles/depthai_bridge.dir/all] Error 2
[4.201s] gmake: *** [Makefile:146: all] Error 2
